  console.log
    [ParameterSpace constructor] Created with parameters: [ 'param' ]

      at new ParameterSpace (packages/malloy/src/lang/ast/field-space/parameter-space.ts:29:13)

  console.log
    [StaticSpace.map] Building map for 'duckdb:malloytest.state_facts', is StaticSourceSpace: false, has parameterSpaceRef: N/A

      at RefinedSpace.get map [as map] (packages/malloy/src/lang/ast/field-space/static-space.ts:102:15)

  console.log
    [StaticSpace.map] Adding field 'state', isJoined: false

      at RefinedSpace.get map [as map] (packages/malloy/src/lang/ast/field-space/static-space.ts:113:17)

  console.log
    [StaticSpace.map] Adding field 'aircraft_count', isJoined: false

      at RefinedSpace.get map [as map] (packages/malloy/src/lang/ast/field-space/static-space.ts:113:17)

  console.log
    [StaticSpace.map] Adding field 'airport_count', isJoined: false

      at RefinedSpace.get map [as map] (packages/malloy/src/lang/ast/field-space/static-space.ts:113:17)

  console.log
    [StaticSpace.map] Adding field 'births', isJoined: false

      at RefinedSpace.get map [as map] (packages/malloy/src/lang/ast/field-space/static-space.ts:113:17)

  console.log
    [StaticSpace.map] Adding field 'popular_name', isJoined: false

      at RefinedSpace.get map [as map] (packages/malloy/src/lang/ast/field-space/static-space.ts:113:17)

  console.log
    [ParameterSpace constructor] Created with parameters: [ 'param' ]

      at new ParameterSpace (packages/malloy/src/lang/ast/field-space/parameter-space.ts:29:13)

  console.log
    [StaticSpace.lookup] Looking up 'param'

      at RefinedSpace.lookup (packages/malloy/src/lang/ast/field-space/static-space.ts:176:13)

  console.log
    [StaticSpace.lookup] Found 'param'

      at RefinedSpace.lookup (packages/malloy/src/lang/ast/field-space/static-space.ts:188:13)

  console.log
    [StaticSpace.lookup] Looking up 'param'

      at RefinedSpace.lookup (packages/malloy/src/lang/ast/field-space/static-space.ts:176:13)

  console.log
    [StaticSpace.lookup] Found 'param'

      at RefinedSpace.lookup (packages/malloy/src/lang/ast/field-space/static-space.ts:188:13)

  console.log
    [SQArrow.getQuery] Called

      at SQArrow.getQuery (packages/malloy/src/lang/ast/source-query-elements/sq-arrow.ts:53:13)

  console.log
    [SQArrow.getQuery] LHS is: namedSource, instanceof Source: true

      at SQArrow.getQuery (packages/malloy/src/lang/ast/source-query-elements/sq-arrow.ts:72:13)

  console.log
    [ParameterSpace constructor] Created with parameters: []

      at new ParameterSpace (packages/malloy/src/lang/ast/field-space/parameter-space.ts:29:13)

  console.log
    [SQArrow.getQuery] sourceDef.parameters: []

      at SQArrow.getQuery (packages/malloy/src/lang/ast/source-query-elements/sq-arrow.ts:80:15)

  console.log
    [SQArrow.getQuery] sourceDef.arguments: [ 'param' ]

      at SQArrow.getQuery (packages/malloy/src/lang/ast/source-query-elements/sq-arrow.ts:84:15)

  console.log
    [ParameterSpace constructor] Created with parameters: [ 'param' ]

      at new ParameterSpace (packages/malloy/src/lang/ast/field-space/parameter-space.ts:29:13)

  console.log
    [SQArrow.getQuery] Created parameterSpace from source arguments: [ 'param' ]

      at SQArrow.getQuery (packages/malloy/src/lang/ast/source-query-elements/sq-arrow.ts:103:17)

  console.log
    [QueryArrow constructor] Created with source: namedSource, parameterSpace: [ 'param' ]

      at new QueryArrow (packages/malloy/src/lang/ast/query-elements/query-arrow.ts:60:15)

  console.log
    [StaticSourceSpace constructor] Created with parameterSpaceRef: true source name: duckdb:malloytest.state_facts

      at new StaticSourceSpace (packages/malloy/src/lang/ast/field-space/static-space.ts:312:13)

  console.log
    [QueryArrow.queryComp] Source: namedSource, fieldSpace WITH parameterSpace: [ 'param' ]

      at QueryArrow.queryComp (packages/malloy/src/lang/ast/query-elements/query-arrow.ts:120:17)

  console.log
    [QueryArrow.queryComp] Calling view.pipelineComp with fieldSpace

      at QueryArrow.queryComp (packages/malloy/src/lang/ast/query-elements/query-arrow.ts:161:13)

  console.log
    [StaticSpace.map] Building map for 'duckdb:malloytest.state_facts', is StaticSourceSpace: false, has parameterSpaceRef: N/A

      at ReduceFieldSpace.get map [as map] (packages/malloy/src/lang/ast/field-space/static-space.ts:102:15)

  console.log
    [StaticSpace.lookup] Looking up 'param_plus_one'

      at QueryInputSpace.lookup (packages/malloy/src/lang/ast/field-space/static-space.ts:176:13)

  console.log
    [QueryInputSpace.entry] Looking up 'param_plus_one'

      at QueryInputSpace.entry (packages/malloy/src/lang/ast/field-space/query-input-space.ts:108:13)

  console.log
    [StaticSpace.map] Building map for 'duckdb:malloytest.state_facts', is StaticSourceSpace: false, has parameterSpaceRef: N/A

      at QueryInputSpace.get map [as map] (packages/malloy/src/lang/ast/field-space/static-space.ts:102:15)

  console.log
    [StaticSpace.map] Adding field 'state', isJoined: false

      at QueryInputSpace.get map [as map] (packages/malloy/src/lang/ast/field-space/static-space.ts:113:17)

  console.log
    [StaticSpace.map] Adding field 'aircraft_count', isJoined: false

      at QueryInputSpace.get map [as map] (packages/malloy/src/lang/ast/field-space/static-space.ts:113:17)

  console.log
    [StaticSpace.map] Adding field 'airport_count', isJoined: false

      at QueryInputSpace.get map [as map] (packages/malloy/src/lang/ast/field-space/static-space.ts:113:17)

  console.log
    [StaticSpace.map] Adding field 'births', isJoined: false

      at QueryInputSpace.get map [as map] (packages/malloy/src/lang/ast/field-space/static-space.ts:113:17)

  console.log
    [StaticSpace.map] Adding field 'popular_name', isJoined: false

      at QueryInputSpace.get map [as map] (packages/malloy/src/lang/ast/field-space/static-space.ts:113:17)

  console.log
    [StaticSpace.map] Adding field 'param_plus_one', isJoined: false

      at QueryInputSpace.get map [as map] (packages/malloy/src/lang/ast/field-space/static-space.ts:113:17)

  console.log
    [QueryInputSpace.entry] Found 'param_plus_one' in fields

      at QueryInputSpace.entry (packages/malloy/src/lang/ast/field-space/query-input-space.ts:112:15)

  console.log
    [StaticSpace.lookup] Found 'param_plus_one'

      at QueryInputSpace.lookup (packages/malloy/src/lang/ast/field-space/static-space.ts:188:13)

  console.log
    [StaticSpace.lookup] Looking up 'param_plus_one'

      at QueryInputSpace.lookup (packages/malloy/src/lang/ast/field-space/static-space.ts:176:13)

  console.log
    [QueryInputSpace.entry] Looking up 'param_plus_one'

      at QueryInputSpace.entry (packages/malloy/src/lang/ast/field-space/query-input-space.ts:108:13)

  console.log
    [QueryInputSpace.entry] Found 'param_plus_one' in fields

      at QueryInputSpace.entry (packages/malloy/src/lang/ast/field-space/query-input-space.ts:112:15)

  console.log
    [StaticSpace.lookup] Found 'param_plus_one'

      at QueryInputSpace.lookup (packages/malloy/src/lang/ast/field-space/static-space.ts:188:13)

  console.log
    [QueryInputSpace.parameterSpace] Called

      at QueryInputSpace.parameterSpace (packages/malloy/src/lang/ast/field-space/query-input-space.ts:84:13)

  console.log
    [QueryInputSpace.parameterSpace] Got from queryOutput: [ 'param' ]

      at QueryInputSpace.parameterSpace (packages/malloy/src/lang/ast/field-space/query-input-space.ts:88:15)

  console.log
    [StaticSpace.lookup] Looking up 'param_plus_one'

      at QueryInputSpace.lookup (packages/malloy/src/lang/ast/field-space/static-space.ts:176:13)

  console.log
    [QueryInputSpace.entry] Looking up 'param_plus_one'

      at QueryInputSpace.entry (packages/malloy/src/lang/ast/field-space/query-input-space.ts:108:13)

  console.log
    [QueryInputSpace.entry] Found 'param_plus_one' in fields

      at QueryInputSpace.entry (packages/malloy/src/lang/ast/field-space/query-input-space.ts:112:15)

  console.log
    [StaticSpace.lookup] Found 'param_plus_one'

      at QueryInputSpace.lookup (packages/malloy/src/lang/ast/field-space/static-space.ts:188:13)

  console.log
    [QueryArrow.queryComp] Creating comp.query: {
      inputStructName: 'duckdb:malloytest.state_facts',
      inputStructType: 'table',
      inputStructArguments: [ 'param' ],
      sourceArgumentsKeys: [ 'param' ],
      sourceArgumentsHasValues: [ [ 'param', true ] ],
      pipelineLength: 1
    }

      at QueryArrow.queryComp (packages/malloy/src/lang/ast/query-elements/query-arrow.ts:244:13)


>>> QueryModelImpl constructor called <<<
  console.log
    [QueryStruct constructor] Creating: {
      structType: 'table',
      structName: 'duckdb:malloytest.state_facts',
      parentHasStruct: false,
      parentHasModel: true,
      parentStructType: undefined,
      sourceArgKeys: []
    }

      at new QueryStruct (packages/malloy/src/model/query_node.ts:417:13)

  console.log
    [QueryStruct.setParent] Called for: {
      thisStructType: 'table',
      thisStructName: 'duckdb:malloytest.state_facts',
      parentHasStruct: false,
      parentHasModel: true,
      parentStructType: undefined,
      parentStructName: undefined
    }

      at QueryStruct.setParent (packages/malloy/src/model/query_node.ts:1054:13)


>>> [compileQuery] CALLED! hasSourceArguments=true, keys=param <<<
  console.log
    [compileQuery] Called with query: {
      hasSourceArguments: true,
      sourceArgumentsKeys: [ 'param' ],
      sourceArgumentsStringified: '{"param":{"type":"number","value":{"node":"numberLiteral","literal":"1"},"name":"param"}}'
    }

      at QueryModelImpl.compileQuery (packages/malloy/src/model/query_model_impl.ts:283:13)

  console.log
    [QueryModelImpl.loadQuery] CALLED FROM: QUERY_COMPILATION { isJoinedSubquery: false, hasArgs: true }

      at QueryModelImpl.loadQuery (packages/malloy/src/model/query_model_impl.ts:148:13)

  console.log
    [QueryModelImpl.loadQuery] query object: {
      hasStructRef: true,
      structRefType: 'string',
      structRefName: 'state_facts',
      hasSourceArguments: true,
      sourceArgumentsType: 'object',
      sourceArgumentsKeys: [ 'param' ],
      sourceArgumentsStringified: '{"param":{"type":"number","value":{"node":"numberLiteral","literal":"1"},"name":"param"}}',
      structRefIsObject: false,
      structRefHasArguments: false,
      structRefArgumentsKeys: [],
      structRefArgumentsStringified: 'none'
    }

      at QueryModelImpl.loadQuery (packages/malloy/src/model/query_model_impl.ts:155:13)

  console.log
    [QueryStruct constructor] Creating: {
      structType: 'table',
      structName: 'duckdb:malloytest.state_facts',
      parentHasStruct: false,
      parentHasModel: true,
      parentStructType: undefined,
      sourceArgKeys: [ 'param' ]
    }

      at new QueryStruct (packages/malloy/src/model/query_node.ts:417:13)

  console.log
    [QueryStruct.setParent] Called for: {
      thisStructType: 'table',
      thisStructName: 'duckdb:malloytest.state_facts',
      parentHasStruct: false,
      parentHasModel: true,
      parentStructType: undefined,
      parentStructName: undefined
    }

      at QueryStruct.setParent (packages/malloy/src/model/query_node.ts:1054:13)

  console.log
    [QueryQuery.makeQuery] Called with parentStruct: {
      parentDefType: 'table',
      parentDefName: 'duckdb:malloytest.state_facts',
      parentHasParent: false,
      parentParentName: undefined,
      parentSourceArgs: [ 'param' ],
      isJoinedSubquery: false,
      callStack: 'at Function.makeQuery (/Users/catalinadler/dev/malloy-cata02/packages/malloy/src/model/query_query.ts:173:7)\n' +
        '  at QueryModelImpl.loadQuery (/Users/catalinadler/dev/malloy-cata02/packages/malloy/src/model/query_model_impl.ts:208:26)\n' +
        '  at QueryModelImpl.compileQuery (/Users/catalinadler/dev/malloy-cata02/packages/malloy/src/model/query_model_impl.ts:299:19)\n' +
        '  at PreparedQuery.getPreparedResult (/Users/catalinadler/dev/malloy-cata02/packages/malloy/src/malloy.ts:988:40)\n' +
        '  at PreparedResultMaterializer._materialize (/Users/catalinadler/dev/malloy-cata02/packages/malloy/src/malloy.ts:3146:41)\n' +
        '  at async QueryMaterializer.run (/Users/catalinadler/dev/malloy-cata02/packages/malloy/src/malloy.ts:3115:28)\n' +
        '  at async runQuery (/Users/catalinadler/dev/malloy-cata02/test/src/util/db-matcher-support.ts:82:14)'
    }

      at Function.makeQuery (packages/malloy/src/model/query_query.ts:178:13)

  console.log
    [QueryQuery.prepare] About to addStructToJoin with this.parent: {
      parentDefType: 'table',
      parentDefName: 'duckdb:malloytest.state_facts',
      parentHasParent: false,
      parentSourceArgs: [ 'param' ]
    }

      at QueryQueryReduce.prepare (packages/malloy/src/model/query_query.ts:565:15)

  console.log
    [addStructToJoin] Called with QueryStruct: {
      name: 'base',
      qsDefType: 'table',
      qsHasParent: false,
      qsParentName: undefined,
      qsSourceArgs: [ 'param' ]
    }

      at FieldInstanceResultRoot.addStructToJoin (packages/malloy/src/model/field_instance.ts:465:13)

  console.log
    [addStructToJoin] Parent check: {
      hasQsParent: false,
      hasParentStruct: false,
      parentStructName: undefined
    }

      at FieldInstanceResultRoot.addStructToJoin (packages/malloy/src/model/field_instance.ts:488:13)

  console.log
    [addStructToJoin] Creating new JoinInstance

      at FieldInstanceResultRoot.addStructToJoin (packages/malloy/src/model/field_instance.ts:501:15)

  console.log
    [JoinInstance constructor] Creating join instance: {
      alias: 'base',
      qsDefType: 'table',
      qsDefName: 'duckdb:malloytest.state_facts',
      qsHasParent: false,
      qsParentName: undefined,
      qsParentType: undefined
    }

      at new JoinInstance (packages/malloy/src/model/join_instance.ts:25:13)

  console.log
    [generateParameterFragment] Looking for parameter: {
      paramName: 'param',
      contextStructName: 'duckdb:malloytest.state_facts',
      contextArgs: [ 'param' ],
      hasParent: false
    }

      at generateParameterFragment (packages/malloy/src/model/expression_compiler.ts:761:11)

  console.log
    [generateParameterFragment] Parent chain [0]: {
      structName: 'duckdb:malloytest.state_facts',
      structType: 'table',
      hasSourceArgs: true,
      sourceArgKeys: [ 'param' ],
      argKeys: [ 'param' ],
      paramValue: { hasValue: true, valueNode: 'numberLiteral' }
    }

      at generateParameterFragment (packages/malloy/src/model/expression_compiler.ts:772:13)

  console.log
    [getStructSourceSQL] Called with struct type: {
      type: 'table',
      name: 'duckdb:malloytest.state_facts',
      callStackSize: 0
    }

      at QueryQueryReduce.getStructSourceSQL (packages/malloy/src/model/query_query.ts:895:13)

  console.log
    [ParameterSpace constructor] Created with parameters: [ 'param' ]

      at new ParameterSpace (packages/malloy/src/lang/ast/field-space/parameter-space.ts:29:13)

  console.log
    [StaticSpace.map] Building map for 'duckdb:malloytest.state_facts', is StaticSourceSpace: false, has parameterSpaceRef: N/A

      at RefinedSpace.get map [as map] (packages/malloy/src/lang/ast/field-space/static-space.ts:102:15)

  console.log
    [StaticSpace.map] Adding field 'state', isJoined: false

      at RefinedSpace.get map [as map] (packages/malloy/src/lang/ast/field-space/static-space.ts:113:17)

  console.log
    [StaticSpace.map] Adding field 'aircraft_count', isJoined: false

      at RefinedSpace.get map [as map] (packages/malloy/src/lang/ast/field-space/static-space.ts:113:17)

  console.log
    [StaticSpace.map] Adding field 'airport_count', isJoined: false

      at RefinedSpace.get map [as map] (packages/malloy/src/lang/ast/field-space/static-space.ts:113:17)

  console.log
    [StaticSpace.map] Adding field 'births', isJoined: false

      at RefinedSpace.get map [as map] (packages/malloy/src/lang/ast/field-space/static-space.ts:113:17)

  console.log
    [StaticSpace.map] Adding field 'popular_name', isJoined: false

      at RefinedSpace.get map [as map] (packages/malloy/src/lang/ast/field-space/static-space.ts:113:17)

  console.log
    [ParameterSpace constructor] Created with parameters: [ 'param' ]

      at new ParameterSpace (packages/malloy/src/lang/ast/field-space/parameter-space.ts:29:13)

  console.log
    [StaticSpace.lookup] Looking up 'param'

      at RefinedSpace.lookup (packages/malloy/src/lang/ast/field-space/static-space.ts:176:13)

  console.log
    [StaticSpace.lookup] Found 'param'

      at RefinedSpace.lookup (packages/malloy/src/lang/ast/field-space/static-space.ts:188:13)

  console.log
    [SQArrow.getQuery] Called

      at SQArrow.getQuery (packages/malloy/src/lang/ast/source-query-elements/sq-arrow.ts:53:13)

  console.log
    [SQArrow.getQuery] LHS is: namedSource, instanceof Source: true

      at SQArrow.getQuery (packages/malloy/src/lang/ast/source-query-elements/sq-arrow.ts:72:13)

  console.log
    [ParameterSpace constructor] Created with parameters: []

      at new ParameterSpace (packages/malloy/src/lang/ast/field-space/parameter-space.ts:29:13)

  console.log
    [SQArrow.getQuery] sourceDef.parameters: []

      at SQArrow.getQuery (packages/malloy/src/lang/ast/source-query-elements/sq-arrow.ts:80:15)

  console.log
    [SQArrow.getQuery] sourceDef.arguments: [ 'param' ]

      at SQArrow.getQuery (packages/malloy/src/lang/ast/source-query-elements/sq-arrow.ts:84:15)

  console.log
    [ParameterSpace constructor] Created with parameters: [ 'param' ]

      at new ParameterSpace (packages/malloy/src/lang/ast/field-space/parameter-space.ts:29:13)

  console.log
    [SQArrow.getQuery] Created parameterSpace from source arguments: [ 'param' ]

      at SQArrow.getQuery (packages/malloy/src/lang/ast/source-query-elements/sq-arrow.ts:103:17)

  console.log
    [QueryArrow constructor] Created with source: namedSource, parameterSpace: [ 'param' ]

      at new QueryArrow (packages/malloy/src/lang/ast/query-elements/query-arrow.ts:60:15)

  console.log
    [StaticSourceSpace constructor] Created with parameterSpaceRef: true source name: duckdb:malloytest.state_facts

      at new StaticSourceSpace (packages/malloy/src/lang/ast/field-space/static-space.ts:312:13)

  console.log
    [QueryArrow.queryComp] Source: namedSource, fieldSpace WITH parameterSpace: [ 'param' ]

      at QueryArrow.queryComp (packages/malloy/src/lang/ast/query-elements/query-arrow.ts:120:17)

  console.log
    [QueryArrow.queryComp] Calling view.pipelineComp with fieldSpace

      at QueryArrow.queryComp (packages/malloy/src/lang/ast/query-elements/query-arrow.ts:161:13)

  console.log
    [StaticSpace.map] Building map for 'duckdb:malloytest.state_facts', is StaticSourceSpace: false, has parameterSpaceRef: N/A

      at ReduceFieldSpace.get map [as map] (packages/malloy/src/lang/ast/field-space/static-space.ts:102:15)

  console.log
    [StaticSpace.lookup] Looking up 'param_plus_one'

      at QueryInputSpace.lookup (packages/malloy/src/lang/ast/field-space/static-space.ts:176:13)

  console.log
    [QueryInputSpace.entry] Looking up 'param_plus_one'

      at QueryInputSpace.entry (packages/malloy/src/lang/ast/field-space/query-input-space.ts:108:13)

  console.log
    [StaticSpace.map] Building map for 'duckdb:malloytest.state_facts', is StaticSourceSpace: false, has parameterSpaceRef: N/A

      at QueryInputSpace.get map [as map] (packages/malloy/src/lang/ast/field-space/static-space.ts:102:15)

  console.log
    [StaticSpace.map] Adding field 'state', isJoined: false

      at QueryInputSpace.get map [as map] (packages/malloy/src/lang/ast/field-space/static-space.ts:113:17)

  console.log
    [StaticSpace.map] Adding field 'aircraft_count', isJoined: false

      at QueryInputSpace.get map [as map] (packages/malloy/src/lang/ast/field-space/static-space.ts:113:17)

  console.log
    [StaticSpace.map] Adding field 'airport_count', isJoined: false

      at QueryInputSpace.get map [as map] (packages/malloy/src/lang/ast/field-space/static-space.ts:113:17)

  console.log
    [StaticSpace.map] Adding field 'births', isJoined: false

      at QueryInputSpace.get map [as map] (packages/malloy/src/lang/ast/field-space/static-space.ts:113:17)

  console.log
    [StaticSpace.map] Adding field 'popular_name', isJoined: false

      at QueryInputSpace.get map [as map] (packages/malloy/src/lang/ast/field-space/static-space.ts:113:17)

  console.log
    [StaticSpace.map] Adding field 'param_plus_one', isJoined: false

      at QueryInputSpace.get map [as map] (packages/malloy/src/lang/ast/field-space/static-space.ts:113:17)

  console.log
    [QueryInputSpace.entry] Found 'param_plus_one' in fields

      at QueryInputSpace.entry (packages/malloy/src/lang/ast/field-space/query-input-space.ts:112:15)

  console.log
    [StaticSpace.lookup] Found 'param_plus_one'

      at QueryInputSpace.lookup (packages/malloy/src/lang/ast/field-space/static-space.ts:188:13)

  console.log
    [StaticSpace.lookup] Looking up 'param_plus_one'

      at QueryInputSpace.lookup (packages/malloy/src/lang/ast/field-space/static-space.ts:176:13)

  console.log
    [QueryInputSpace.entry] Looking up 'param_plus_one'

      at QueryInputSpace.entry (packages/malloy/src/lang/ast/field-space/query-input-space.ts:108:13)

  console.log
    [QueryInputSpace.entry] Found 'param_plus_one' in fields

      at QueryInputSpace.entry (packages/malloy/src/lang/ast/field-space/query-input-space.ts:112:15)

  console.log
    [StaticSpace.lookup] Found 'param_plus_one'

      at QueryInputSpace.lookup (packages/malloy/src/lang/ast/field-space/static-space.ts:188:13)

  console.log
    [QueryInputSpace.parameterSpace] Called

      at QueryInputSpace.parameterSpace (packages/malloy/src/lang/ast/field-space/query-input-space.ts:84:13)

  console.log
    [QueryInputSpace.parameterSpace] Got from queryOutput: [ 'param' ]

      at QueryInputSpace.parameterSpace (packages/malloy/src/lang/ast/field-space/query-input-space.ts:88:15)

  console.log
    [StaticSpace.lookup] Looking up 'param_plus_one'

      at QueryInputSpace.lookup (packages/malloy/src/lang/ast/field-space/static-space.ts:176:13)

  console.log
    [QueryInputSpace.entry] Looking up 'param_plus_one'

      at QueryInputSpace.entry (packages/malloy/src/lang/ast/field-space/query-input-space.ts:108:13)

  console.log
    [QueryInputSpace.entry] Found 'param_plus_one' in fields

      at QueryInputSpace.entry (packages/malloy/src/lang/ast/field-space/query-input-space.ts:112:15)

  console.log
    [StaticSpace.lookup] Found 'param_plus_one'

      at QueryInputSpace.lookup (packages/malloy/src/lang/ast/field-space/static-space.ts:188:13)

  console.log
    [QueryArrow.queryComp] Creating comp.query: {
      inputStructName: 'duckdb:malloytest.state_facts',
      inputStructType: 'table',
      inputStructArguments: [ 'param' ],
      sourceArgumentsKeys: [ 'param' ],
      sourceArgumentsHasValues: [ [ 'param', true ] ],
      pipelineLength: 1
    }

      at QueryArrow.queryComp (packages/malloy/src/lang/ast/query-elements/query-arrow.ts:244:13)


>>> QueryModelImpl constructor called <<<
  console.log
    [QueryStruct constructor] Creating: {
      structType: 'table',
      structName: 'duckdb:malloytest.state_facts',
      parentHasStruct: false,
      parentHasModel: true,
      parentStructType: undefined,
      sourceArgKeys: []
    }

      at new QueryStruct (packages/malloy/src/model/query_node.ts:417:13)

  console.log
    [QueryStruct.setParent] Called for: {
      thisStructType: 'table',
      thisStructName: 'duckdb:malloytest.state_facts',
      parentHasStruct: false,
      parentHasModel: true,
      parentStructType: undefined,
      parentStructName: undefined
    }

      at QueryStruct.setParent (packages/malloy/src/model/query_node.ts:1054:13)


>>> [compileQuery] CALLED! hasSourceArguments=true, keys=param <<<
  console.log
    [compileQuery] Called with query: {
      hasSourceArguments: true,
      sourceArgumentsKeys: [ 'param' ],
      sourceArgumentsStringified: '{"param":{"type":"number","value":{"node":"numberLiteral","literal":"1"},"name":"param"}}'
    }

      at QueryModelImpl.compileQuery (packages/malloy/src/model/query_model_impl.ts:283:13)

  console.log
    [QueryModelImpl.loadQuery] CALLED FROM: QUERY_COMPILATION { isJoinedSubquery: false, hasArgs: true }

      at QueryModelImpl.loadQuery (packages/malloy/src/model/query_model_impl.ts:148:13)

  console.log
    [QueryModelImpl.loadQuery] query object: {
      hasStructRef: true,
      structRefType: 'string',
      structRefName: 'state_facts',
      hasSourceArguments: true,
      sourceArgumentsType: 'object',
      sourceArgumentsKeys: [ 'param' ],
      sourceArgumentsStringified: '{"param":{"type":"number","value":{"node":"numberLiteral","literal":"1"},"name":"param"}}',
      structRefIsObject: false,
      structRefHasArguments: false,
      structRefArgumentsKeys: [],
      structRefArgumentsStringified: 'none'
    }

      at QueryModelImpl.loadQuery (packages/malloy/src/model/query_model_impl.ts:155:13)

  console.log
    [QueryStruct constructor] Creating: {
      structType: 'table',
      structName: 'duckdb:malloytest.state_facts',
      parentHasStruct: false,
      parentHasModel: true,
      parentStructType: undefined,
      sourceArgKeys: [ 'param' ]
    }

      at new QueryStruct (packages/malloy/src/model/query_node.ts:417:13)

  console.log
    [QueryStruct.setParent] Called for: {
      thisStructType: 'table',
      thisStructName: 'duckdb:malloytest.state_facts',
      parentHasStruct: false,
      parentHasModel: true,
      parentStructType: undefined,
      parentStructName: undefined
    }

      at QueryStruct.setParent (packages/malloy/src/model/query_node.ts:1054:13)

  console.log
    [QueryQuery.makeQuery] Called with parentStruct: {
      parentDefType: 'table',
      parentDefName: 'duckdb:malloytest.state_facts',
      parentHasParent: false,
      parentParentName: undefined,
      parentSourceArgs: [ 'param' ],
      isJoinedSubquery: false,
      callStack: 'at Function.makeQuery (/Users/catalinadler/dev/malloy-cata02/packages/malloy/src/model/query_query.ts:173:7)\n' +
        '  at QueryModelImpl.loadQuery (/Users/catalinadler/dev/malloy-cata02/packages/malloy/src/model/query_model_impl.ts:208:26)\n' +
        '  at QueryModelImpl.compileQuery (/Users/catalinadler/dev/malloy-cata02/packages/malloy/src/model/query_model_impl.ts:299:19)\n' +
        '  at PreparedQuery.getPreparedResult (/Users/catalinadler/dev/malloy-cata02/packages/malloy/src/malloy.ts:988:40)\n' +
        '  at PreparedResultMaterializer._materialize (/Users/catalinadler/dev/malloy-cata02/packages/malloy/src/malloy.ts:3146:41)\n' +
        '  at async QueryMaterializer.run (/Users/catalinadler/dev/malloy-cata02/packages/malloy/src/malloy.ts:3115:28)\n' +
        '  at async runQuery (/Users/catalinadler/dev/malloy-cata02/test/src/util/db-matcher-support.ts:82:14)'
    }

      at Function.makeQuery (packages/malloy/src/model/query_query.ts:178:13)

  console.log
    [QueryQuery.prepare] About to addStructToJoin with this.parent: {
      parentDefType: 'table',
      parentDefName: 'duckdb:malloytest.state_facts',
      parentHasParent: false,
      parentSourceArgs: [ 'param' ]
    }

      at QueryQueryReduce.prepare (packages/malloy/src/model/query_query.ts:565:15)

  console.log
    [addStructToJoin] Called with QueryStruct: {
      name: 'base',
      qsDefType: 'table',
      qsHasParent: false,
      qsParentName: undefined,
      qsSourceArgs: [ 'param' ]
    }

      at FieldInstanceResultRoot.addStructToJoin (packages/malloy/src/model/field_instance.ts:465:13)

  console.log
    [addStructToJoin] Parent check: {
      hasQsParent: false,
      hasParentStruct: false,
      parentStructName: undefined
    }

      at FieldInstanceResultRoot.addStructToJoin (packages/malloy/src/model/field_instance.ts:488:13)

  console.log
    [addStructToJoin] Creating new JoinInstance

      at FieldInstanceResultRoot.addStructToJoin (packages/malloy/src/model/field_instance.ts:501:15)

  console.log
    [JoinInstance constructor] Creating join instance: {
      alias: 'base',
      qsDefType: 'table',
      qsDefName: 'duckdb:malloytest.state_facts',
      qsHasParent: false,
      qsParentName: undefined,
      qsParentType: undefined
    }

      at new JoinInstance (packages/malloy/src/model/join_instance.ts:25:13)

  console.log
    [addStructToJoin] Called with QueryStruct: {
      name: 'base',
      qsDefType: 'table',
      qsHasParent: false,
      qsParentName: undefined,
      qsSourceArgs: [ 'param' ]
    }

      at FieldInstanceResultRoot.addStructToJoin (packages/malloy/src/model/field_instance.ts:465:13)

  console.log
    [addStructToJoin] Join already exists, updating uniqueKeyRequirement

      at FieldInstanceResultRoot.addStructToJoin (packages/malloy/src/model/field_instance.ts:475:15)

  console.log
    [generateParameterFragment] Looking for parameter: {
      paramName: 'param',
      contextStructName: 'duckdb:malloytest.state_facts',
      contextArgs: [ 'param' ],
      hasParent: false
    }

      at generateParameterFragment (packages/malloy/src/model/expression_compiler.ts:761:11)
          at Array.map (<anonymous>)

  console.log
    [generateParameterFragment] Parent chain [0]: {
      structName: 'duckdb:malloytest.state_facts',
      structType: 'table',
      hasSourceArgs: true,
      sourceArgKeys: [ 'param' ],
      argKeys: [ 'param' ],
      paramValue: { hasValue: true, valueNode: 'numberLiteral' }
    }

      at generateParameterFragment (packages/malloy/src/model/expression_compiler.ts:772:13)
          at Array.map (<anonymous>)

  console.log
    [generateParameterFragment] Looking for parameter: {
      paramName: 'param',
      contextStructName: 'duckdb:malloytest.state_facts',
      contextArgs: [ 'param' ],
      hasParent: false
    }

      at generateParameterFragment (packages/malloy/src/model/expression_compiler.ts:761:11)
          at stringsFromSQLExpression.next (<anonymous>)
          at Function.from (<anonymous>)

  console.log
    [generateParameterFragment] Parent chain [0]: {
      structName: 'duckdb:malloytest.state_facts',
      structType: 'table',
      hasSourceArgs: true,
      sourceArgKeys: [ 'param' ],
      argKeys: [ 'param' ],
      paramValue: { hasValue: true, valueNode: 'numberLiteral' }
    }

      at generateParameterFragment (packages/malloy/src/model/expression_compiler.ts:772:13)
          at stringsFromSQLExpression.next (<anonymous>)
          at Function.from (<anonymous>)

  console.log
    [getStructSourceSQL] Called with struct type: {
      type: 'table',
      name: 'duckdb:malloytest.state_facts',
      callStackSize: 0
    }

      at QueryQueryReduce.getStructSourceSQL (packages/malloy/src/model/query_query.ts:895:13)

  console.log
    [ParameterSpace constructor] Created with parameters: [ 'param' ]

      at new ParameterSpace (packages/malloy/src/lang/ast/field-space/parameter-space.ts:29:13)

  console.log
    [StaticSpace.map] Building map for 'duckdb:malloytest.state_facts', is StaticSourceSpace: false, has parameterSpaceRef: N/A

      at RefinedSpace.get map [as map] (packages/malloy/src/lang/ast/field-space/static-space.ts:102:15)

  console.log
    [StaticSpace.map] Adding field 'state', isJoined: false

      at RefinedSpace.get map [as map] (packages/malloy/src/lang/ast/field-space/static-space.ts:113:17)

  console.log
    [StaticSpace.map] Adding field 'aircraft_count', isJoined: false

      at RefinedSpace.get map [as map] (packages/malloy/src/lang/ast/field-space/static-space.ts:113:17)

  console.log
    [StaticSpace.map] Adding field 'airport_count', isJoined: false

      at RefinedSpace.get map [as map] (packages/malloy/src/lang/ast/field-space/static-space.ts:113:17)

  console.log
    [StaticSpace.map] Adding field 'births', isJoined: false

      at RefinedSpace.get map [as map] (packages/malloy/src/lang/ast/field-space/static-space.ts:113:17)

  console.log
    [StaticSpace.map] Adding field 'popular_name', isJoined: false

      at RefinedSpace.get map [as map] (packages/malloy/src/lang/ast/field-space/static-space.ts:113:17)

  console.log
    [ParameterSpace constructor] Created with parameters: [ 'param' ]

      at new ParameterSpace (packages/malloy/src/lang/ast/field-space/parameter-space.ts:29:13)

  console.log
    [StaticSpace.lookup] Looking up 'state'

      at RefinedSpace.lookup (packages/malloy/src/lang/ast/field-space/static-space.ts:176:13)

  console.log
    [StaticSpace.lookup] Found 'state'

      at RefinedSpace.lookup (packages/malloy/src/lang/ast/field-space/static-space.ts:188:13)

  console.log
    [StaticSpace.lookup] Looking up 'param'

      at RefinedSpace.lookup (packages/malloy/src/lang/ast/field-space/static-space.ts:176:13)

  console.log
    [StaticSpace.lookup] Found 'param'

      at RefinedSpace.lookup (packages/malloy/src/lang/ast/field-space/static-space.ts:188:13)

  console.log
    [SQArrow.getQuery] Called

      at SQArrow.getQuery (packages/malloy/src/lang/ast/source-query-elements/sq-arrow.ts:53:13)

  console.log
    [SQArrow.getQuery] LHS is: namedSource, instanceof Source: true

      at SQArrow.getQuery (packages/malloy/src/lang/ast/source-query-elements/sq-arrow.ts:72:13)

  console.log
    [ParameterSpace constructor] Created with parameters: []

      at new ParameterSpace (packages/malloy/src/lang/ast/field-space/parameter-space.ts:29:13)

  console.log
    [SQArrow.getQuery] sourceDef.parameters: []

      at SQArrow.getQuery (packages/malloy/src/lang/ast/source-query-elements/sq-arrow.ts:80:15)

  console.log
    [SQArrow.getQuery] sourceDef.arguments: [ 'param' ]

      at SQArrow.getQuery (packages/malloy/src/lang/ast/source-query-elements/sq-arrow.ts:84:15)

  console.log
    [ParameterSpace constructor] Created with parameters: [ 'param' ]

      at new ParameterSpace (packages/malloy/src/lang/ast/field-space/parameter-space.ts:29:13)

  console.log
    [SQArrow.getQuery] Created parameterSpace from source arguments: [ 'param' ]

      at SQArrow.getQuery (packages/malloy/src/lang/ast/source-query-elements/sq-arrow.ts:103:17)

  console.log
    [QueryArrow constructor] Created with source: namedSource, parameterSpace: [ 'param' ]

      at new QueryArrow (packages/malloy/src/lang/ast/query-elements/query-arrow.ts:60:15)

  console.log
    [StaticSourceSpace constructor] Created with parameterSpaceRef: true source name: duckdb:malloytest.state_facts

      at new StaticSourceSpace (packages/malloy/src/lang/ast/field-space/static-space.ts:312:13)

  console.log
    [QueryArrow.queryComp] Source: namedSource, fieldSpace WITH parameterSpace: [ 'param' ]

      at QueryArrow.queryComp (packages/malloy/src/lang/ast/query-elements/query-arrow.ts:120:17)

  console.log
    [QueryArrow.queryComp] Calling view.pipelineComp with fieldSpace

      at QueryArrow.queryComp (packages/malloy/src/lang/ast/query-elements/query-arrow.ts:161:13)

  console.log
    [StaticSpace.map] Building map for 'duckdb:malloytest.state_facts', is StaticSourceSpace: false, has parameterSpaceRef: N/A

      at ProjectFieldSpace.get map [as map] (packages/malloy/src/lang/ast/field-space/static-space.ts:102:15)

  console.log
    [StaticSpace.lookup] Looking up 'state'

      at QueryInputSpace.lookup (packages/malloy/src/lang/ast/field-space/static-space.ts:176:13)

  console.log
    [QueryInputSpace.entry] Looking up 'state'

      at QueryInputSpace.entry (packages/malloy/src/lang/ast/field-space/query-input-space.ts:108:13)

  console.log
    [StaticSpace.map] Building map for 'duckdb:malloytest.state_facts', is StaticSourceSpace: false, has parameterSpaceRef: N/A

      at QueryInputSpace.get map [as map] (packages/malloy/src/lang/ast/field-space/static-space.ts:102:15)

  console.log
    [StaticSpace.map] Adding field 'state', isJoined: false

      at QueryInputSpace.get map [as map] (packages/malloy/src/lang/ast/field-space/static-space.ts:113:17)

  console.log
    [StaticSpace.map] Adding field 'aircraft_count', isJoined: false

      at QueryInputSpace.get map [as map] (packages/malloy/src/lang/ast/field-space/static-space.ts:113:17)

  console.log
    [StaticSpace.map] Adding field 'airport_count', isJoined: false

      at QueryInputSpace.get map [as map] (packages/malloy/src/lang/ast/field-space/static-space.ts:113:17)

  console.log
    [StaticSpace.map] Adding field 'births', isJoined: false

      at QueryInputSpace.get map [as map] (packages/malloy/src/lang/ast/field-space/static-space.ts:113:17)

  console.log
    [StaticSpace.map] Adding field 'popular_name', isJoined: false

      at QueryInputSpace.get map [as map] (packages/malloy/src/lang/ast/field-space/static-space.ts:113:17)

  console.log
    [QueryInputSpace.entry] Found 'state' in fields

      at QueryInputSpace.entry (packages/malloy/src/lang/ast/field-space/query-input-space.ts:112:15)

  console.log
    [StaticSpace.lookup] Found 'state'

      at QueryInputSpace.lookup (packages/malloy/src/lang/ast/field-space/static-space.ts:188:13)

  console.log
    [StaticSpace.lookup] Looking up 'state'

      at QueryInputSpace.lookup (packages/malloy/src/lang/ast/field-space/static-space.ts:176:13)

  console.log
    [QueryInputSpace.entry] Looking up 'state'

      at QueryInputSpace.entry (packages/malloy/src/lang/ast/field-space/query-input-space.ts:108:13)

  console.log
    [QueryInputSpace.entry] Found 'state' in fields

      at QueryInputSpace.entry (packages/malloy/src/lang/ast/field-space/query-input-space.ts:112:15)

  console.log
    [StaticSpace.lookup] Found 'state'

      at QueryInputSpace.lookup (packages/malloy/src/lang/ast/field-space/static-space.ts:188:13)

  console.log
    [QueryInputSpace.parameterSpace] Called

      at QueryInputSpace.parameterSpace (packages/malloy/src/lang/ast/field-space/query-input-space.ts:84:13)

  console.log
    [QueryInputSpace.parameterSpace] Got from queryOutput: [ 'param' ]

      at QueryInputSpace.parameterSpace (packages/malloy/src/lang/ast/field-space/query-input-space.ts:88:15)

  console.log
    [QueryArrow.queryComp] Creating comp.query: {
      inputStructName: 'duckdb:malloytest.state_facts',
      inputStructType: 'table',
      inputStructArguments: [ 'param' ],
      sourceArgumentsKeys: [ 'param' ],
      sourceArgumentsHasValues: [ [ 'param', true ] ],
      pipelineLength: 1
    }

      at QueryArrow.queryComp (packages/malloy/src/lang/ast/query-elements/query-arrow.ts:244:13)


>>> QueryModelImpl constructor called <<<
  console.log
    [QueryStruct constructor] Creating: {
      structType: 'table',
      structName: 'duckdb:malloytest.state_facts',
      parentHasStruct: false,
      parentHasModel: true,
      parentStructType: undefined,
      sourceArgKeys: []
    }

      at new QueryStruct (packages/malloy/src/model/query_node.ts:417:13)

  console.log
    [QueryStruct.setParent] Called for: {
      thisStructType: 'table',
      thisStructName: 'duckdb:malloytest.state_facts',
      parentHasStruct: false,
      parentHasModel: true,
      parentStructType: undefined,
      parentStructName: undefined
    }

      at QueryStruct.setParent (packages/malloy/src/model/query_node.ts:1054:13)


>>> [compileQuery] CALLED! hasSourceArguments=true, keys=param <<<
  console.log
    [compileQuery] Called with query: {
      hasSourceArguments: true,
      sourceArgumentsKeys: [ 'param' ],
      sourceArgumentsStringified: '{"param":{"type":"filter expression","filterType":"string","value":{"node":"filterLiteral","filterSrc":"CA"},"name":"param"}}'
    }

      at QueryModelImpl.compileQuery (packages/malloy/src/model/query_model_impl.ts:283:13)

  console.log
    [QueryModelImpl.loadQuery] CALLED FROM: QUERY_COMPILATION { isJoinedSubquery: false, hasArgs: true }

      at QueryModelImpl.loadQuery (packages/malloy/src/model/query_model_impl.ts:148:13)

  console.log
    [QueryModelImpl.loadQuery] query object: {
      hasStructRef: true,
      structRefType: 'string',
      structRefName: 'state_facts',
      hasSourceArguments: true,
      sourceArgumentsType: 'object',
      sourceArgumentsKeys: [ 'param' ],
      sourceArgumentsStringified: '{"param":{"type":"filter expression","filterType":"string","value":{"node":"filterLiteral","filterSrc":"CA"},"name":"param"}}',
      structRefIsObject: false,
      structRefHasArguments: false,
      structRefArgumentsKeys: [],
      structRefArgumentsStringified: 'none'
    }

      at QueryModelImpl.loadQuery (packages/malloy/src/model/query_model_impl.ts:155:13)

  console.log
    [QueryStruct constructor] Creating: {
      structType: 'table',
      structName: 'duckdb:malloytest.state_facts',
      parentHasStruct: false,
      parentHasModel: true,
      parentStructType: undefined,
      sourceArgKeys: [ 'param' ]
    }

      at new QueryStruct (packages/malloy/src/model/query_node.ts:417:13)

  console.log
    [QueryStruct.setParent] Called for: {
      thisStructType: 'table',
      thisStructName: 'duckdb:malloytest.state_facts',
      parentHasStruct: false,
      parentHasModel: true,
      parentStructType: undefined,
      parentStructName: undefined
    }

      at QueryStruct.setParent (packages/malloy/src/model/query_node.ts:1054:13)

  console.log
    [QueryQuery.makeQuery] Called with parentStruct: {
      parentDefType: 'table',
      parentDefName: 'duckdb:malloytest.state_facts',
      parentHasParent: false,
      parentParentName: undefined,
      parentSourceArgs: [ 'param' ],
      isJoinedSubquery: false,
      callStack: 'at Function.makeQuery (/Users/catalinadler/dev/malloy-cata02/packages/malloy/src/model/query_query.ts:173:7)\n' +
        '  at QueryModelImpl.loadQuery (/Users/catalinadler/dev/malloy-cata02/packages/malloy/src/model/query_model_impl.ts:208:26)\n' +
        '  at QueryModelImpl.compileQuery (/Users/catalinadler/dev/malloy-cata02/packages/malloy/src/model/query_model_impl.ts:299:19)\n' +
        '  at PreparedQuery.getPreparedResult (/Users/catalinadler/dev/malloy-cata02/packages/malloy/src/malloy.ts:988:40)\n' +
        '  at PreparedResultMaterializer._materialize (/Users/catalinadler/dev/malloy-cata02/packages/malloy/src/malloy.ts:3146:41)\n' +
        '  at async QueryMaterializer.run (/Users/catalinadler/dev/malloy-cata02/packages/malloy/src/malloy.ts:3115:28)\n' +
        '  at async runQuery (/Users/catalinadler/dev/malloy-cata02/test/src/util/db-matcher-support.ts:82:14)'
    }

      at Function.makeQuery (packages/malloy/src/model/query_query.ts:178:13)

  console.log
    [QueryQuery.prepare] About to addStructToJoin with this.parent: {
      parentDefType: 'table',
      parentDefName: 'duckdb:malloytest.state_facts',
      parentHasParent: false,
      parentSourceArgs: [ 'param' ]
    }

      at QueryQueryProject.prepare (packages/malloy/src/model/query_query.ts:565:15)

  console.log
    [addStructToJoin] Called with QueryStruct: {
      name: 'base',
      qsDefType: 'table',
      qsHasParent: false,
      qsParentName: undefined,
      qsSourceArgs: [ 'param' ]
    }

      at FieldInstanceResultRoot.addStructToJoin (packages/malloy/src/model/field_instance.ts:465:13)

  console.log
    [addStructToJoin] Parent check: {
      hasQsParent: false,
      hasParentStruct: false,
      parentStructName: undefined
    }

      at FieldInstanceResultRoot.addStructToJoin (packages/malloy/src/model/field_instance.ts:488:13)

  console.log
    [addStructToJoin] Creating new JoinInstance

      at FieldInstanceResultRoot.addStructToJoin (packages/malloy/src/model/field_instance.ts:501:15)

  console.log
    [JoinInstance constructor] Creating join instance: {
      alias: 'base',
      qsDefType: 'table',
      qsDefName: 'duckdb:malloytest.state_facts',
      qsHasParent: false,
      qsParentName: undefined,
      qsParentType: undefined
    }

      at new JoinInstance (packages/malloy/src/model/join_instance.ts:25:13)

  console.log
    [getStructSourceSQL] Called with struct type: {
      type: 'table',
      name: 'duckdb:malloytest.state_facts',
      callStackSize: 0
    }

      at QueryQueryProject.getStructSourceSQL (packages/malloy/src/model/query_query.ts:895:13)

  console.log
    [generateParameterFragment] Looking for parameter: {
      paramName: 'param',
      contextStructName: 'duckdb:malloytest.state_facts',
      contextArgs: [ 'param' ],
      hasParent: false
    }

      at generateParameterFragment (packages/malloy/src/model/expression_compiler.ts:761:11)

  console.log
    [generateParameterFragment] Parent chain [0]: {
      structName: 'duckdb:malloytest.state_facts',
      structType: 'table',
      hasSourceArgs: true,
      sourceArgKeys: [ 'param' ],
      argKeys: [ 'param' ],
      paramValue: { hasValue: true, valueNode: 'filterLiteral' }
    }

      at generateParameterFragment (packages/malloy/src/model/expression_compiler.ts:772:13)

  console.log
    [ParameterSpace constructor] Created with parameters: [ 'state_filter' ]

      at new ParameterSpace (packages/malloy/src/lang/ast/field-space/parameter-space.ts:29:13)

  console.log
    [StaticSpace.map] Building map for 'duckdb:malloytest.state_facts', is StaticSourceSpace: false, has parameterSpaceRef: N/A

      at RefinedSpace.get map [as map] (packages/malloy/src/lang/ast/field-space/static-space.ts:102:15)

  console.log
    [StaticSpace.map] Adding field 'state', isJoined: false

      at RefinedSpace.get map [as map] (packages/malloy/src/lang/ast/field-space/static-space.ts:113:17)

  console.log
    [StaticSpace.map] Adding field 'aircraft_count', isJoined: false

      at RefinedSpace.get map [as map] (packages/malloy/src/lang/ast/field-space/static-space.ts:113:17)

  console.log
    [StaticSpace.map] Adding field 'airport_count', isJoined: false

      at RefinedSpace.get map [as map] (packages/malloy/src/lang/ast/field-space/static-space.ts:113:17)

  console.log
    [StaticSpace.map] Adding field 'births', isJoined: false

      at RefinedSpace.get map [as map] (packages/malloy/src/lang/ast/field-space/static-space.ts:113:17)

  console.log
    [StaticSpace.map] Adding field 'popular_name', isJoined: false

      at RefinedSpace.get map [as map] (packages/malloy/src/lang/ast/field-space/static-space.ts:113:17)

  console.log
    [ParameterSpace constructor] Created with parameters: [ 'state_filter' ]

      at new ParameterSpace (packages/malloy/src/lang/ast/field-space/parameter-space.ts:29:13)

  console.log
    [StaticSpace.lookup] Looking up 'state'

      at RefinedSpace.lookup (packages/malloy/src/lang/ast/field-space/static-space.ts:176:13)

  console.log
    [StaticSpace.lookup] Found 'state'

      at RefinedSpace.lookup (packages/malloy/src/lang/ast/field-space/static-space.ts:188:13)

  console.log
    [StaticSpace.lookup] Looking up 'state_filter'

      at RefinedSpace.lookup (packages/malloy/src/lang/ast/field-space/static-space.ts:176:13)

  console.log
    [StaticSpace.lookup] Found 'state_filter'

      at RefinedSpace.lookup (packages/malloy/src/lang/ast/field-space/static-space.ts:188:13)

  console.log
    [ParameterSpace constructor] Created with parameters: [ 'state_filter' ]

      at new ParameterSpace (packages/malloy/src/lang/ast/field-space/parameter-space.ts:29:13)

  console.log
    [StaticSpace.map] Building map for 'duckdb:malloytest.state_facts', is StaticSourceSpace: false, has parameterSpaceRef: N/A

      at RefinedSpace.get map [as map] (packages/malloy/src/lang/ast/field-space/static-space.ts:102:15)

  console.log
    [StaticSpace.map] Adding field 'state', isJoined: false

      at RefinedSpace.get map [as map] (packages/malloy/src/lang/ast/field-space/static-space.ts:113:17)

  console.log
    [StaticSpace.map] Adding field 'aircraft_count', isJoined: false

      at RefinedSpace.get map [as map] (packages/malloy/src/lang/ast/field-space/static-space.ts:113:17)

  console.log
    [StaticSpace.map] Adding field 'airport_count', isJoined: false

      at RefinedSpace.get map [as map] (packages/malloy/src/lang/ast/field-space/static-space.ts:113:17)

  console.log
    [StaticSpace.map] Adding field 'births', isJoined: false

      at RefinedSpace.get map [as map] (packages/malloy/src/lang/ast/field-space/static-space.ts:113:17)

  console.log
    [StaticSpace.map] Adding field 'popular_name', isJoined: false

      at RefinedSpace.get map [as map] (packages/malloy/src/lang/ast/field-space/static-space.ts:113:17)

  console.log
    [ParameterSpace constructor] Created with parameters: [ 'state_filter' ]

      at new ParameterSpace (packages/malloy/src/lang/ast/field-space/parameter-space.ts:29:13)

  console.log
    [ParameterSpace constructor] Created with parameters: [ 'state_filter' ]

      at new ParameterSpace (packages/malloy/src/lang/ast/field-space/parameter-space.ts:29:13)

  console.log
    [ExpressionJoin.getStructDef] Passing parameterSpace to namedSource with params: [ 'state_filter' ]

      at ExpressionJoin.getStructDef (packages/malloy/src/lang/ast/source-properties/join.ts:266:15)

  console.log
    [ParameterSpace.entry] Looking up 'state_filter', available: [ 'state_filter' ] found: true

      at ParameterSpace.entry (packages/malloy/src/lang/ast/field-space/parameter-space.ts:44:13)

  console.log
    [ParameterSpace.entry] Looking up 'state_filter', available: [ 'state_filter' ] found: true

      at ParameterSpace.entry (packages/malloy/src/lang/ast/field-space/parameter-space.ts:44:13)

  console.log
    [ExpressionJoin.getStructDef] hasExistingArguments: <Argument>
      value: <ExpressionIdReference>
        fieldPath: <expressionFieldReference> isNoteableObj
          listOf: [
            <fieldName> name=state_filter
          ], sourceDef.arguments: [ 'state_filter' ]

      at ExpressionJoin.getStructDef (packages/malloy/src/lang/ast/source-properties/join.ts:284:13)

  console.log
    [JoinSpaceField constructor] Created for join with parameterSpace: true

      at new JoinSpaceField (packages/malloy/src/lang/ast/field-space/join-space-field.ts:36:13)

  console.log
    [ParameterSpace constructor] Created with parameters: [ 'state_filter' ]

      at new ParameterSpace (packages/malloy/src/lang/ast/field-space/parameter-space.ts:29:13)

  console.log
    [ParameterSpace constructor] Created with parameters: [ 'state_filter' ]

      at new ParameterSpace (packages/malloy/src/lang/ast/field-space/parameter-space.ts:29:13)

  console.log
    [ExpressionJoin.getStructDef] Passing parameterSpace to namedSource with params: [ 'state_filter' ]

      at ExpressionJoin.getStructDef (packages/malloy/src/lang/ast/source-properties/join.ts:266:15)

  console.log
    [ParameterSpace.entry] Looking up 'state_filter', available: [ 'state_filter' ] found: true

      at ParameterSpace.entry (packages/malloy/src/lang/ast/field-space/parameter-space.ts:44:13)

  console.log
    [ParameterSpace.entry] Looking up 'state_filter', available: [ 'state_filter' ] found: true

      at ParameterSpace.entry (packages/malloy/src/lang/ast/field-space/parameter-space.ts:44:13)

  console.log
    [ExpressionJoin.getStructDef] hasExistingArguments: <Argument>
      value: <ExpressionIdReference>
        fieldPath: <expressionFieldReference> isNoteableObj
          listOf: [
            <fieldName> name=state_filter
          ], sourceDef.arguments: [ 'state_filter' ]

      at ExpressionJoin.getStructDef (packages/malloy/src/lang/ast/source-properties/join.ts:284:13)

  console.log
    [StaticSpace.lookup] Looking up 'state'

      at RefinedSpace.lookup (packages/malloy/src/lang/ast/field-space/static-space.ts:176:13)

  console.log
    [StaticSpace.lookup] Found 'state'

      at RefinedSpace.lookup (packages/malloy/src/lang/ast/field-space/static-space.ts:188:13)

  console.log
    [StaticSpace.lookup] Looking up 'state_filter'

      at RefinedSpace.lookup (packages/malloy/src/lang/ast/field-space/static-space.ts:176:13)

  console.log
    [StaticSpace.lookup] Found 'state_filter'

      at RefinedSpace.lookup (packages/malloy/src/lang/ast/field-space/static-space.ts:188:13)

  console.log
    [SQArrow.getQuery] Called

      at SQArrow.getQuery (packages/malloy/src/lang/ast/source-query-elements/sq-arrow.ts:53:13)

  console.log
    [SQArrow.getQuery] LHS is: namedSource, instanceof Source: true

      at SQArrow.getQuery (packages/malloy/src/lang/ast/source-query-elements/sq-arrow.ts:72:13)

  console.log
    [ParameterSpace constructor] Created with parameters: []

      at new ParameterSpace (packages/malloy/src/lang/ast/field-space/parameter-space.ts:29:13)

  console.log
    [SQArrow.getQuery] sourceDef.parameters: []

      at SQArrow.getQuery (packages/malloy/src/lang/ast/source-query-elements/sq-arrow.ts:80:15)

  console.log
    [SQArrow.getQuery] sourceDef.arguments: [ 'state_filter' ]

      at SQArrow.getQuery (packages/malloy/src/lang/ast/source-query-elements/sq-arrow.ts:84:15)

  console.log
    [ParameterSpace constructor] Created with parameters: [ 'state_filter' ]

      at new ParameterSpace (packages/malloy/src/lang/ast/field-space/parameter-space.ts:29:13)

  console.log
    [SQArrow.getQuery] Created parameterSpace from source arguments: [ 'state_filter' ]

      at SQArrow.getQuery (packages/malloy/src/lang/ast/source-query-elements/sq-arrow.ts:103:17)

  console.log
    [QueryArrow constructor] Created with source: namedSource, parameterSpace: [ 'state_filter' ]

      at new QueryArrow (packages/malloy/src/lang/ast/query-elements/query-arrow.ts:60:15)

  console.log
    [StaticSourceSpace constructor] Created with parameterSpaceRef: true source name: duckdb:malloytest.state_facts

      at new StaticSourceSpace (packages/malloy/src/lang/ast/field-space/static-space.ts:312:13)

  console.log
    [QueryArrow.queryComp] Source: namedSource, fieldSpace WITH parameterSpace: [ 'state_filter' ]

      at QueryArrow.queryComp (packages/malloy/src/lang/ast/query-elements/query-arrow.ts:120:17)

  console.log
    [QueryArrow.queryComp] Calling view.pipelineComp with fieldSpace

      at QueryArrow.queryComp (packages/malloy/src/lang/ast/query-elements/query-arrow.ts:161:13)

  console.log
    [StaticSpace.map] Building map for 'duckdb:malloytest.state_facts', is StaticSourceSpace: false, has parameterSpaceRef: N/A

      at ReduceFieldSpace.get map [as map] (packages/malloy/src/lang/ast/field-space/static-space.ts:102:15)

  console.log
    [StaticSpace.lookup] Looking up 'state'

      at QueryInputSpace.lookup (packages/malloy/src/lang/ast/field-space/static-space.ts:176:13)

  console.log
    [QueryInputSpace.entry] Looking up 'state'

      at QueryInputSpace.entry (packages/malloy/src/lang/ast/field-space/query-input-space.ts:108:13)

  console.log
    [StaticSpace.map] Building map for 'duckdb:malloytest.state_facts', is StaticSourceSpace: false, has parameterSpaceRef: N/A

      at QueryInputSpace.get map [as map] (packages/malloy/src/lang/ast/field-space/static-space.ts:102:15)

  console.log
    [StaticSpace.map] Adding field 'state', isJoined: false

      at QueryInputSpace.get map [as map] (packages/malloy/src/lang/ast/field-space/static-space.ts:113:17)

  console.log
    [StaticSpace.map] Adding field 'aircraft_count', isJoined: false

      at QueryInputSpace.get map [as map] (packages/malloy/src/lang/ast/field-space/static-space.ts:113:17)

  console.log
    [StaticSpace.map] Adding field 'airport_count', isJoined: false

      at QueryInputSpace.get map [as map] (packages/malloy/src/lang/ast/field-space/static-space.ts:113:17)

  console.log
    [StaticSpace.map] Adding field 'births', isJoined: false

      at QueryInputSpace.get map [as map] (packages/malloy/src/lang/ast/field-space/static-space.ts:113:17)

  console.log
    [StaticSpace.map] Adding field 'popular_name', isJoined: false

      at QueryInputSpace.get map [as map] (packages/malloy/src/lang/ast/field-space/static-space.ts:113:17)

  console.log
    [StaticSpace.map] Adding field 'state_facts', isJoined: true

      at QueryInputSpace.get map [as map] (packages/malloy/src/lang/ast/field-space/static-space.ts:113:17)

  console.log
    [QueryInputSpace.entry] Found 'state' in fields

      at QueryInputSpace.entry (packages/malloy/src/lang/ast/field-space/query-input-space.ts:112:15)

  console.log
    [StaticSpace.lookup] Found 'state'

      at QueryInputSpace.lookup (packages/malloy/src/lang/ast/field-space/static-space.ts:188:13)

  console.log
    [StaticSpace.lookup] Looking up 'state_facts'

      at QueryInputSpace.lookup (packages/malloy/src/lang/ast/field-space/static-space.ts:176:13)

  console.log
    [QueryInputSpace.entry] Looking up 'state_facts'

      at QueryInputSpace.entry (packages/malloy/src/lang/ast/field-space/query-input-space.ts:108:13)

  console.log
    [QueryInputSpace.entry] Found 'state_facts' in fields

      at QueryInputSpace.entry (packages/malloy/src/lang/ast/field-space/query-input-space.ts:112:15)

  console.log
    [StaticSpace.lookup] Found 'state_facts'

      at QueryInputSpace.lookup (packages/malloy/src/lang/ast/field-space/static-space.ts:188:13)

  console.log
    [StructSpaceField.fieldSpace] Join 'state_facts', isSourceDef: true, type: table, has parameterSpaceRef: false

      at StructSpaceField.get fieldSpace [as fieldSpace] (packages/malloy/src/lang/ast/field-space/static-space.ts:279:13)

  console.log
    [StaticSourceSpace constructor] Created with parameterSpaceRef: false source name: state_facts

      at new StaticSourceSpace (packages/malloy/src/lang/ast/field-space/static-space.ts:312:13)

  console.log
    [StructSpaceField.fieldSpace] Join 'state_facts', isSourceDef: true, type: table, has parameterSpaceRef: false

      at StructSpaceField.get fieldSpace [as fieldSpace] (packages/malloy/src/lang/ast/field-space/static-space.ts:279:13)

  console.log
    [StaticSourceSpace constructor] Created with parameterSpaceRef: false source name: state_facts

      at new StaticSourceSpace (packages/malloy/src/lang/ast/field-space/static-space.ts:312:13)

  console.log
    [StaticSourceSpace.lookup] Looking up 'state'

      at StaticSourceSpace.lookup (packages/malloy/src/lang/ast/field-space/static-space.ts:403:13)

  console.log
    [StaticSourceSpace.entry] Looking up 'state', has parameterSpaceRef: false

      at StaticSourceSpace.entry (packages/malloy/src/lang/ast/field-space/static-space.ts:369:13)

  console.log
    [StaticSpace.map] Building map for 'state_facts', is StaticSourceSpace: true, has parameterSpaceRef: false

      at StaticSourceSpace.get map [as map] (packages/malloy/src/lang/ast/field-space/static-space.ts:102:15)

  console.log
    [StaticSpace.map] Adding field 'state', isJoined: false

      at StaticSourceSpace.get map [as map] (packages/malloy/src/lang/ast/field-space/static-space.ts:113:17)

  console.log
    [StaticSourceSpace.defToSpaceField] Field 'state', isJoined: false, has parameterSpaceRef: false, creation #1

      at StaticSourceSpace.defToSpaceField (packages/malloy/src/lang/ast/field-space/static-space.ts:339:13)

  console.log
    [StaticSpace.map] Adding field 'aircraft_count', isJoined: false

      at StaticSourceSpace.get map [as map] (packages/malloy/src/lang/ast/field-space/static-space.ts:113:17)

  console.log
    [StaticSourceSpace.defToSpaceField] Field 'aircraft_count', isJoined: false, has parameterSpaceRef: false, creation #1

      at StaticSourceSpace.defToSpaceField (packages/malloy/src/lang/ast/field-space/static-space.ts:339:13)

  console.log
    [StaticSpace.map] Adding field 'airport_count', isJoined: false

      at StaticSourceSpace.get map [as map] (packages/malloy/src/lang/ast/field-space/static-space.ts:113:17)

  console.log
    [StaticSourceSpace.defToSpaceField] Field 'airport_count', isJoined: false, has parameterSpaceRef: false, creation #1

      at StaticSourceSpace.defToSpaceField (packages/malloy/src/lang/ast/field-space/static-space.ts:339:13)

  console.log
    [StaticSpace.map] Adding field 'births', isJoined: false

      at StaticSourceSpace.get map [as map] (packages/malloy/src/lang/ast/field-space/static-space.ts:113:17)

  console.log
    [StaticSourceSpace.defToSpaceField] Field 'births', isJoined: false, has parameterSpaceRef: false, creation #1

      at StaticSourceSpace.defToSpaceField (packages/malloy/src/lang/ast/field-space/static-space.ts:339:13)

  console.log
    [StaticSpace.map] Adding field 'popular_name', isJoined: false

      at StaticSourceSpace.get map [as map] (packages/malloy/src/lang/ast/field-space/static-space.ts:113:17)

  console.log
    [StaticSourceSpace.defToSpaceField] Field 'popular_name', isJoined: false, has parameterSpaceRef: false, creation #1

      at StaticSourceSpace.defToSpaceField (packages/malloy/src/lang/ast/field-space/static-space.ts:339:13)

  console.log
    [StaticSourceSpace.entry] Found 'state' in fields

      at StaticSourceSpace.entry (packages/malloy/src/lang/ast/field-space/static-space.ts:376:15)

  console.log
    [StaticSourceSpace.lookup] Found 'state'

      at StaticSourceSpace.lookup (packages/malloy/src/lang/ast/field-space/static-space.ts:415:13)

  console.log
    [QueryInputSpace.parameterSpace] Called

      at QueryInputSpace.parameterSpace (packages/malloy/src/lang/ast/field-space/query-input-space.ts:84:13)

  console.log
    [QueryInputSpace.parameterSpace] Got from queryOutput: [ 'state_filter' ]

      at QueryInputSpace.parameterSpace (packages/malloy/src/lang/ast/field-space/query-input-space.ts:88:15)

  console.log
    [QueryArrow.queryComp] Creating comp.query: {
      inputStructName: 'duckdb:malloytest.state_facts',
      inputStructType: 'table',
      inputStructArguments: [ 'state_filter' ],
      sourceArgumentsKeys: [ 'state_filter' ],
      sourceArgumentsHasValues: [ [ 'state_filter', true ] ],
      pipelineLength: 1
    }

      at QueryArrow.queryComp (packages/malloy/src/lang/ast/query-elements/query-arrow.ts:244:13)


>>> QueryModelImpl constructor called <<<
  console.log
    [QueryStruct constructor] Creating: {
      structType: 'table',
      structName: 'duckdb:malloytest.state_facts',
      parentHasStruct: false,
      parentHasModel: true,
      parentStructType: undefined,
      sourceArgKeys: []
    }

      at new QueryStruct (packages/malloy/src/model/query_node.ts:417:13)

  console.log
    [QueryStruct.setParent] Called for: {
      thisStructType: 'table',
      thisStructName: 'duckdb:malloytest.state_facts',
      parentHasStruct: false,
      parentHasModel: true,
      parentStructType: undefined,
      parentStructName: undefined
    }

      at QueryStruct.setParent (packages/malloy/src/model/query_node.ts:1054:13)

  console.log
    [QueryStruct constructor] Creating: {
      structType: 'table',
      structName: 'duckdb:malloytest.state_facts',
      parentHasStruct: false,
      parentHasModel: true,
      parentStructType: undefined,
      sourceArgKeys: []
    }

      at new QueryStruct (packages/malloy/src/model/query_node.ts:417:13)

  console.log
    [QueryStruct.setParent] Called for: {
      thisStructType: 'table',
      thisStructName: 'duckdb:malloytest.state_facts',
      parentHasStruct: false,
      parentHasModel: true,
      parentStructType: undefined,
      parentStructName: undefined
    }

      at QueryStruct.setParent (packages/malloy/src/model/query_node.ts:1054:13)

  console.log
    [QueryFieldStruct constructor] Join field arguments check: {
      fieldName: 'state_facts',
      fieldType: 'table',
      jfdHasArguments: true,
      jfdArguments: [ 'state_filter' ],
      jfdArgumentValues: {
        state_filter: { hasValue: true, valueNode: 'parameter', valueType: 'object' }
      },
      sourceArguments: [ 'state_filter' ],
      sourceArgumentValues: {
        state_filter: { hasValue: false, valueNode: undefined, valueType: 'object' }
      },
      parentSourceArguments: []
    }

      at new QueryFieldStruct (packages/malloy/src/model/query_node.ts:196:13)

  console.log
    [QueryFieldStruct constructor] Using arguments: {
      source: 'sourceArguments',
      keys: [ 'state_filter' ],
      values: { state_filter: { hasValue: false, valueNode: undefined } },
      parentHasArguments: false,
      parentArgKeys: []
    }

      at new QueryFieldStruct (packages/malloy/src/model/query_node.ts:247:13)

  console.log
    [QueryFieldStruct constructor] Creating QueryStruct for join: {
      jfdName: 'state_facts',
      jfdType: 'table',
      hasQuery: false,
      parentName: 'duckdb:malloytest.state_facts',
      parentType: 'table'
    }

      at new QueryFieldStruct (packages/malloy/src/model/query_node.ts:266:13)

  console.log
    [QueryStruct constructor] Creating: {
      structType: 'table',
      structName: 'state_facts',
      parentHasStruct: true,
      parentHasModel: false,
      parentStructType: 'table',
      sourceArgKeys: [ 'state_filter' ]
    }

      at new QueryStruct (packages/malloy/src/model/query_node.ts:417:13)

  console.log
    [QueryStruct.setParent] Called for: {
      thisStructType: 'table',
      thisStructName: 'state_facts',
      parentHasStruct: true,
      parentHasModel: false,
      parentStructType: 'table',
      parentStructName: 'duckdb:malloytest.state_facts'
    }

      at QueryStruct.setParent (packages/malloy/src/model/query_node.ts:1054:13)

  console.log
    [QueryStruct.setParent] Set this.parent to: { parentType: 'table', parentName: 'duckdb:malloytest.state_facts' }

      at QueryStruct.setParent (packages/malloy/src/model/query_node.ts:1067:15)

  console.log
    [QueryFieldStruct constructor] Created QueryStruct: {
      queryStructDefType: 'table',
      queryStructHasParent: true,
      queryStructParentName: 'duckdb:malloytest.state_facts'
    }

      at new QueryFieldStruct (packages/malloy/src/model/query_node.ts:284:13)


>>> [compileQuery] CALLED! hasSourceArguments=true, keys=state_filter <<<
  console.log
    [compileQuery] Called with query: {
      hasSourceArguments: true,
      sourceArgumentsKeys: [ 'state_filter' ],
      sourceArgumentsStringified: '{"state_filter":{"type":"string","value":{"node":"stringLiteral","literal":"CA"},"name":"state_filter"}}'
    }

      at QueryModelImpl.compileQuery (packages/malloy/src/model/query_model_impl.ts:283:13)

  console.log
    [QueryModelImpl.loadQuery] CALLED FROM: QUERY_COMPILATION { isJoinedSubquery: false, hasArgs: true }

      at QueryModelImpl.loadQuery (packages/malloy/src/model/query_model_impl.ts:148:13)

  console.log
    [QueryModelImpl.loadQuery] query object: {
      hasStructRef: true,
      structRefType: 'string',
      structRefName: 'state_facts2',
      hasSourceArguments: true,
      sourceArgumentsType: 'object',
      sourceArgumentsKeys: [ 'state_filter' ],
      sourceArgumentsStringified: '{"state_filter":{"type":"string","value":{"node":"stringLiteral","literal":"CA"},"name":"state_filter"}}',
      structRefIsObject: false,
      structRefHasArguments: false,
      structRefArgumentsKeys: [],
      structRefArgumentsStringified: 'none'
    }

      at QueryModelImpl.loadQuery (packages/malloy/src/model/query_model_impl.ts:155:13)

  console.log
    [QueryStruct constructor] Creating: {
      structType: 'table',
      structName: 'duckdb:malloytest.state_facts',
      parentHasStruct: false,
      parentHasModel: true,
      parentStructType: undefined,
      sourceArgKeys: [ 'state_filter' ]
    }

      at new QueryStruct (packages/malloy/src/model/query_node.ts:417:13)

  console.log
    [QueryStruct.setParent] Called for: {
      thisStructType: 'table',
      thisStructName: 'duckdb:malloytest.state_facts',
      parentHasStruct: false,
      parentHasModel: true,
      parentStructType: undefined,
      parentStructName: undefined
    }

      at QueryStruct.setParent (packages/malloy/src/model/query_node.ts:1054:13)

  console.log
    [QueryFieldStruct constructor] Join field arguments check: {
      fieldName: 'state_facts',
      fieldType: 'table',
      jfdHasArguments: true,
      jfdArguments: [ 'state_filter' ],
      jfdArgumentValues: {
        state_filter: { hasValue: true, valueNode: 'parameter', valueType: 'object' }
      },
      sourceArguments: [ 'state_filter' ],
      sourceArgumentValues: {
        state_filter: { hasValue: true, valueNode: 'stringLiteral', valueType: 'object' }
      },
      parentSourceArguments: [ 'state_filter' ]
    }

      at new QueryFieldStruct (packages/malloy/src/model/query_node.ts:196:13)

  console.log
    [QueryFieldStruct constructor] Using arguments: {
      source: 'sourceArguments',
      keys: [ 'state_filter' ],
      values: { state_filter: { hasValue: true, valueNode: 'stringLiteral' } },
      parentHasArguments: true,
      parentArgKeys: [ 'state_filter' ]
    }

      at new QueryFieldStruct (packages/malloy/src/model/query_node.ts:247:13)

  console.log
    [QueryFieldStruct constructor] Creating QueryStruct for join: {
      jfdName: 'state_facts',
      jfdType: 'table',
      hasQuery: false,
      parentName: 'duckdb:malloytest.state_facts',
      parentType: 'table'
    }

      at new QueryFieldStruct (packages/malloy/src/model/query_node.ts:266:13)

  console.log
    [QueryStruct constructor] Creating: {
      structType: 'table',
      structName: 'state_facts',
      parentHasStruct: true,
      parentHasModel: false,
      parentStructType: 'table',
      sourceArgKeys: [ 'state_filter' ]
    }

      at new QueryStruct (packages/malloy/src/model/query_node.ts:417:13)

  console.log
    [QueryStruct.setParent] Called for: {
      thisStructType: 'table',
      thisStructName: 'state_facts',
      parentHasStruct: true,
      parentHasModel: false,
      parentStructType: 'table',
      parentStructName: 'duckdb:malloytest.state_facts'
    }

      at QueryStruct.setParent (packages/malloy/src/model/query_node.ts:1054:13)

  console.log
    [QueryStruct.setParent] Set this.parent to: { parentType: 'table', parentName: 'duckdb:malloytest.state_facts' }

      at QueryStruct.setParent (packages/malloy/src/model/query_node.ts:1067:15)

  console.log
    [QueryFieldStruct constructor] Created QueryStruct: {
      queryStructDefType: 'table',
      queryStructHasParent: true,
      queryStructParentName: 'duckdb:malloytest.state_facts'
    }

      at new QueryFieldStruct (packages/malloy/src/model/query_node.ts:284:13)

  console.log
    [QueryQuery.makeQuery] Called with parentStruct: {
      parentDefType: 'table',
      parentDefName: 'duckdb:malloytest.state_facts',
      parentHasParent: false,
      parentParentName: undefined,
      parentSourceArgs: [ 'state_filter' ],
      isJoinedSubquery: false,
      callStack: 'at Function.makeQuery (/Users/catalinadler/dev/malloy-cata02/packages/malloy/src/model/query_query.ts:173:7)\n' +
        '  at QueryModelImpl.loadQuery (/Users/catalinadler/dev/malloy-cata02/packages/malloy/src/model/query_model_impl.ts:208:26)\n' +
        '  at QueryModelImpl.compileQuery (/Users/catalinadler/dev/malloy-cata02/packages/malloy/src/model/query_model_impl.ts:299:19)\n' +
        '  at PreparedQuery.getPreparedResult (/Users/catalinadler/dev/malloy-cata02/packages/malloy/src/malloy.ts:988:40)\n' +
        '  at PreparedResultMaterializer._materialize (/Users/catalinadler/dev/malloy-cata02/packages/malloy/src/malloy.ts:3146:41)\n' +
        '  at async QueryMaterializer.run (/Users/catalinadler/dev/malloy-cata02/packages/malloy/src/malloy.ts:3115:28)\n' +
        '  at async runQuery (/Users/catalinadler/dev/malloy-cata02/test/src/util/db-matcher-support.ts:82:14)'
    }

      at Function.makeQuery (packages/malloy/src/model/query_query.ts:178:13)

  console.log
    [QueryQuery.prepare] About to addStructToJoin with this.parent: {
      parentDefType: 'table',
      parentDefName: 'duckdb:malloytest.state_facts',
      parentHasParent: false,
      parentSourceArgs: [ 'state_filter' ]
    }

      at QueryQueryReduce.prepare (packages/malloy/src/model/query_query.ts:565:15)

  console.log
    [addStructToJoin] Called with QueryStruct: {
      name: 'base',
      qsDefType: 'table',
      qsHasParent: false,
      qsParentName: undefined,
      qsSourceArgs: [ 'state_filter' ]
    }

      at FieldInstanceResultRoot.addStructToJoin (packages/malloy/src/model/field_instance.ts:465:13)

  console.log
    [addStructToJoin] Parent check: {
      hasQsParent: false,
      hasParentStruct: false,
      parentStructName: undefined
    }

      at FieldInstanceResultRoot.addStructToJoin (packages/malloy/src/model/field_instance.ts:488:13)

  console.log
    [addStructToJoin] Creating new JoinInstance

      at FieldInstanceResultRoot.addStructToJoin (packages/malloy/src/model/field_instance.ts:501:15)

  console.log
    [JoinInstance constructor] Creating join instance: {
      alias: 'base',
      qsDefType: 'table',
      qsDefName: 'duckdb:malloytest.state_facts',
      qsHasParent: false,
      qsParentName: undefined,
      qsParentType: undefined
    }

      at new JoinInstance (packages/malloy/src/model/join_instance.ts:25:13)

  console.log
    [QueryStruct.getChildByName] Returning QueryFieldStruct: {
      name: 'state_facts',
      thisStructDefType: 'table',
      thisStructDefName: 'duckdb:malloytest.state_facts',
      resultFieldDefType: 'table',
      resultQueryStructDefType: 'table',
      resultQueryStructHasParent: true
    }

      at QueryStruct.getChildByName (packages/malloy/src/model/query_node.ts:1156:15)

  console.log
    [addStructToJoin] Called with QueryStruct: {
      name: 'state_facts_0',
      qsDefType: 'table',
      qsHasParent: true,
      qsParentName: 'duckdb:malloytest.state_facts',
      qsSourceArgs: [ 'state_filter' ]
    }

      at FieldInstanceResultRoot.addStructToJoin (packages/malloy/src/model/field_instance.ts:465:13)

  console.log
    [addStructToJoin] Parent check: {
      hasQsParent: true,
      hasParentStruct: true,
      parentStructName: 'duckdb:malloytest.state_facts'
    }

      at FieldInstanceResultRoot.addStructToJoin (packages/malloy/src/model/field_instance.ts:488:13)

  console.log
    [addStructToJoin] Called with QueryStruct: {
      name: 'base',
      qsDefType: 'table',
      qsHasParent: false,
      qsParentName: undefined,
      qsSourceArgs: [ 'state_filter' ]
    }

      at FieldInstanceResultRoot.addStructToJoin (packages/malloy/src/model/field_instance.ts:465:13)

  console.log
    [addStructToJoin] Join already exists, updating uniqueKeyRequirement

      at FieldInstanceResultRoot.addStructToJoin (packages/malloy/src/model/field_instance.ts:475:15)

  console.log
    [addStructToJoin] Creating new JoinInstance

      at FieldInstanceResultRoot.addStructToJoin (packages/malloy/src/model/field_instance.ts:501:15)

  console.log
    [JoinInstance constructor] Creating join instance: {
      alias: 'state_facts_0',
      qsDefType: 'table',
      qsDefName: 'state_facts',
      qsHasParent: true,
      qsParentName: 'duckdb:malloytest.state_facts',
      qsParentType: 'table'
    }

      at new JoinInstance (packages/malloy/src/model/join_instance.ts:25:13)

  console.log
    [addStructToJoin] Called with QueryStruct: {
      name: 'base',
      qsDefType: 'table',
      qsHasParent: false,
      qsParentName: undefined,
      qsSourceArgs: [ 'state_filter' ]
    }

      at FieldInstanceResultRoot.addStructToJoin (packages/malloy/src/model/field_instance.ts:465:13)

  console.log
    [addStructToJoin] Join already exists, updating uniqueKeyRequirement

      at FieldInstanceResultRoot.addStructToJoin (packages/malloy/src/model/field_instance.ts:475:15)

  console.log
    [QueryStruct.getChildByName] Returning QueryFieldStruct: {
      name: 'state_facts',
      thisStructDefType: 'table',
      thisStructDefName: 'duckdb:malloytest.state_facts',
      resultFieldDefType: 'table',
      resultQueryStructDefType: 'table',
      resultQueryStructHasParent: true
    }

      at QueryStruct.getChildByName (packages/malloy/src/model/query_node.ts:1156:15)

  console.log
    [getStructSourceSQL] Called with struct type: {
      type: 'table',
      name: 'duckdb:malloytest.state_facts',
      callStackSize: 0
    }

      at QueryQueryReduce.getStructSourceSQL (packages/malloy/src/model/query_query.ts:895:13)

  console.log
    [generateSQLJoinBlock] Processing join: {
      qsDefType: 'table',
      qsDefName: 'state_facts',
      qsHasParent: true,
      qsParentName: 'duckdb:malloytest.state_facts'
    }

      at QueryQueryReduce.generateSQLJoinBlock (packages/malloy/src/model/query_query.ts:1229:13)

  console.log
    [getStructSourceSQL] Called with struct type: { type: 'table', name: 'state_facts', callStackSize: 0 }

      at QueryQueryReduce.getStructSourceSQL (packages/malloy/src/model/query_query.ts:895:13)

  console.log
    [generateParameterFragment] Looking for parameter: {
      paramName: 'state_filter',
      contextStructName: 'state_facts',
      contextArgs: [ 'state_filter' ],
      hasParent: true
    }

      at generateParameterFragment (packages/malloy/src/model/expression_compiler.ts:761:11)
          at Array.map (<anonymous>)

  console.log
    [generateParameterFragment] Parent chain [0]: {
      structName: 'state_facts',
      structType: 'table',
      hasSourceArgs: true,
      sourceArgKeys: [ 'state_filter' ],
      argKeys: [ 'state_filter' ],
      paramValue: { hasValue: true, valueNode: 'stringLiteral' }
    }

      at generateParameterFragment (packages/malloy/src/model/expression_compiler.ts:772:13)
          at Array.map (<anonymous>)

  console.log
    [generateParameterFragment] Parent chain [1]: {
      structName: 'duckdb:malloytest.state_facts',
      structType: 'table',
      hasSourceArgs: true,
      sourceArgKeys: [ 'state_filter' ],
      argKeys: [ 'state_filter' ],
      paramValue: { hasValue: true, valueNode: 'stringLiteral' }
    }

      at generateParameterFragment (packages/malloy/src/model/expression_compiler.ts:772:13)
          at Array.map (<anonymous>)

  console.log
    [generateParameterFragment] Looking for parameter: {
      paramName: 'state_filter',
      contextStructName: 'duckdb:malloytest.state_facts',
      contextArgs: [ 'state_filter' ],
      hasParent: false
    }

      at generateParameterFragment (packages/malloy/src/model/expression_compiler.ts:761:11)

  console.log
    [generateParameterFragment] Parent chain [0]: {
      structName: 'duckdb:malloytest.state_facts',
      structType: 'table',
      hasSourceArgs: true,
      sourceArgKeys: [ 'state_filter' ],
      argKeys: [ 'state_filter' ],
      paramValue: { hasValue: true, valueNode: 'stringLiteral' }
    }

      at generateParameterFragment (packages/malloy/src/model/expression_compiler.ts:772:13)

  console.log
    [ParameterSpace constructor] Created with parameters: [ 'param' ]

      at new ParameterSpace (packages/malloy/src/lang/ast/field-space/parameter-space.ts:29:13)

  console.log
    [StaticSpace.map] Building map for 'duckdb:malloytest.state_facts', is StaticSourceSpace: false, has parameterSpaceRef: N/A

      at RefinedSpace.get map [as map] (packages/malloy/src/lang/ast/field-space/static-space.ts:102:15)

  console.log
    [StaticSpace.map] Adding field 'state', isJoined: false

      at RefinedSpace.get map [as map] (packages/malloy/src/lang/ast/field-space/static-space.ts:113:17)

  console.log
    [StaticSpace.map] Adding field 'aircraft_count', isJoined: false

      at RefinedSpace.get map [as map] (packages/malloy/src/lang/ast/field-space/static-space.ts:113:17)

  console.log
    [StaticSpace.map] Adding field 'airport_count', isJoined: false

      at RefinedSpace.get map [as map] (packages/malloy/src/lang/ast/field-space/static-space.ts:113:17)

  console.log
    [StaticSpace.map] Adding field 'births', isJoined: false

      at RefinedSpace.get map [as map] (packages/malloy/src/lang/ast/field-space/static-space.ts:113:17)

  console.log
    [StaticSpace.map] Adding field 'popular_name', isJoined: false

      at RefinedSpace.get map [as map] (packages/malloy/src/lang/ast/field-space/static-space.ts:113:17)

  console.log
    [ParameterSpace constructor] Created with parameters: [ 'param' ]

      at new ParameterSpace (packages/malloy/src/lang/ast/field-space/parameter-space.ts:29:13)

  console.log
    [StaticSpace.lookup] Looking up 'param'

      at RefinedSpace.lookup (packages/malloy/src/lang/ast/field-space/static-space.ts:176:13)

  console.log
    [StaticSpace.lookup] Found 'param'

      at RefinedSpace.lookup (packages/malloy/src/lang/ast/field-space/static-space.ts:188:13)

  console.log
    [ParameterSpace constructor] Created with parameters: [ 'param' ]

      at new ParameterSpace (packages/malloy/src/lang/ast/field-space/parameter-space.ts:29:13)

  console.log
    [ParameterSpace.entry] Looking up 'param', available: [ 'param' ] found: true

      at ParameterSpace.entry (packages/malloy/src/lang/ast/field-space/parameter-space.ts:44:13)

  console.log
    [ParameterSpace.entry] Looking up 'param', available: [ 'param' ] found: true

      at ParameterSpace.entry (packages/malloy/src/lang/ast/field-space/parameter-space.ts:44:13)

  console.log
    [SQArrow.getQuery] Called

      at SQArrow.getQuery (packages/malloy/src/lang/ast/source-query-elements/sq-arrow.ts:53:13)

  console.log
    [SQArrow.getQuery] LHS is: namedSource, instanceof Source: true

      at SQArrow.getQuery (packages/malloy/src/lang/ast/source-query-elements/sq-arrow.ts:72:13)

  console.log
    [ParameterSpace constructor] Created with parameters: []

      at new ParameterSpace (packages/malloy/src/lang/ast/field-space/parameter-space.ts:29:13)

  console.log
    [SQArrow.getQuery] sourceDef.parameters: []

      at SQArrow.getQuery (packages/malloy/src/lang/ast/source-query-elements/sq-arrow.ts:80:15)

  console.log
    [SQArrow.getQuery] sourceDef.arguments: [ 'param' ]

      at SQArrow.getQuery (packages/malloy/src/lang/ast/source-query-elements/sq-arrow.ts:84:15)

  console.log
    [ParameterSpace constructor] Created with parameters: [ 'param' ]

      at new ParameterSpace (packages/malloy/src/lang/ast/field-space/parameter-space.ts:29:13)

  console.log
    [SQArrow.getQuery] Created parameterSpace from source arguments: [ 'param' ]

      at SQArrow.getQuery (packages/malloy/src/lang/ast/source-query-elements/sq-arrow.ts:103:17)

  console.log
    [QueryArrow constructor] Created with source: namedSource, parameterSpace: [ 'param' ]

      at new QueryArrow (packages/malloy/src/lang/ast/query-elements/query-arrow.ts:60:15)

  console.log
    [StaticSourceSpace constructor] Created with parameterSpaceRef: true source name: duckdb:malloytest.state_facts

      at new StaticSourceSpace (packages/malloy/src/lang/ast/field-space/static-space.ts:312:13)

  console.log
    [QueryArrow.queryComp] Source: namedSource, fieldSpace WITH parameterSpace: [ 'param' ]

      at QueryArrow.queryComp (packages/malloy/src/lang/ast/query-elements/query-arrow.ts:120:17)

  console.log
    [QueryArrow.queryComp] Calling view.pipelineComp with fieldSpace

      at QueryArrow.queryComp (packages/malloy/src/lang/ast/query-elements/query-arrow.ts:161:13)

  console.log
    [StaticSourceSpace.lookup] Looking up 'p'

      at StaticSourceSpace.lookup (packages/malloy/src/lang/ast/field-space/static-space.ts:403:13)

  console.log
    [StaticSourceSpace.entry] Looking up 'p', has parameterSpaceRef: true

      at StaticSourceSpace.entry (packages/malloy/src/lang/ast/field-space/static-space.ts:369:13)

  console.log
    [StaticSpace.map] Building map for 'duckdb:malloytest.state_facts', is StaticSourceSpace: true, has parameterSpaceRef: true

      at StaticSourceSpace.get map [as map] (packages/malloy/src/lang/ast/field-space/static-space.ts:102:15)

  console.log
    [StaticSpace.map] Adding field 'state', isJoined: false

      at StaticSourceSpace.get map [as map] (packages/malloy/src/lang/ast/field-space/static-space.ts:113:17)

  console.log
    [StaticSourceSpace.defToSpaceField] Field 'state', isJoined: false, has parameterSpaceRef: true, creation #1

      at StaticSourceSpace.defToSpaceField (packages/malloy/src/lang/ast/field-space/static-space.ts:339:13)

  console.log
    [StaticSpace.map] Adding field 'aircraft_count', isJoined: false

      at StaticSourceSpace.get map [as map] (packages/malloy/src/lang/ast/field-space/static-space.ts:113:17)

  console.log
    [StaticSourceSpace.defToSpaceField] Field 'aircraft_count', isJoined: false, has parameterSpaceRef: true, creation #1

      at StaticSourceSpace.defToSpaceField (packages/malloy/src/lang/ast/field-space/static-space.ts:339:13)

  console.log
    [StaticSpace.map] Adding field 'airport_count', isJoined: false

      at StaticSourceSpace.get map [as map] (packages/malloy/src/lang/ast/field-space/static-space.ts:113:17)

  console.log
    [StaticSourceSpace.defToSpaceField] Field 'airport_count', isJoined: false, has parameterSpaceRef: true, creation #1

      at StaticSourceSpace.defToSpaceField (packages/malloy/src/lang/ast/field-space/static-space.ts:339:13)

  console.log
    [StaticSpace.map] Adding field 'births', isJoined: false

      at StaticSourceSpace.get map [as map] (packages/malloy/src/lang/ast/field-space/static-space.ts:113:17)

  console.log
    [StaticSourceSpace.defToSpaceField] Field 'births', isJoined: false, has parameterSpaceRef: true, creation #1

      at StaticSourceSpace.defToSpaceField (packages/malloy/src/lang/ast/field-space/static-space.ts:339:13)

  console.log
    [StaticSpace.map] Adding field 'popular_name', isJoined: false

      at StaticSourceSpace.get map [as map] (packages/malloy/src/lang/ast/field-space/static-space.ts:113:17)

  console.log
    [StaticSourceSpace.defToSpaceField] Field 'popular_name', isJoined: false, has parameterSpaceRef: true, creation #1

      at StaticSourceSpace.defToSpaceField (packages/malloy/src/lang/ast/field-space/static-space.ts:339:13)

  console.log
    [StaticSpace.map] Adding field 'p', isJoined: false

      at StaticSourceSpace.get map [as map] (packages/malloy/src/lang/ast/field-space/static-space.ts:113:17)

  console.log
    [StaticSourceSpace.defToSpaceField] Field 'p', isJoined: false, has parameterSpaceRef: true, creation #1

      at StaticSourceSpace.defToSpaceField (packages/malloy/src/lang/ast/field-space/static-space.ts:339:13)

  console.log
    [StaticSourceSpace.entry] Found 'p' in fields

      at StaticSourceSpace.entry (packages/malloy/src/lang/ast/field-space/static-space.ts:376:15)

  console.log
    [StaticSourceSpace.lookup] Found 'p'

      at StaticSourceSpace.lookup (packages/malloy/src/lang/ast/field-space/static-space.ts:415:13)

  console.log
    [QueryArrow.queryComp] Creating comp.query: {
      inputStructName: 'duckdb:malloytest.state_facts',
      inputStructType: 'table',
      inputStructArguments: [ 'param' ],
      sourceArgumentsKeys: [ 'param' ],
      sourceArgumentsHasValues: [ [ 'param', true ] ],
      pipelineLength: 1
    }

      at QueryArrow.queryComp (packages/malloy/src/lang/ast/query-elements/query-arrow.ts:244:13)


>>> QueryModelImpl constructor called <<<
  console.log
    [QueryStruct constructor] Creating: {
      structType: 'table',
      structName: 'duckdb:malloytest.state_facts',
      parentHasStruct: false,
      parentHasModel: true,
      parentStructType: undefined,
      sourceArgKeys: []
    }

      at new QueryStruct (packages/malloy/src/model/query_node.ts:417:13)

  console.log
    [QueryStruct.setParent] Called for: {
      thisStructType: 'table',
      thisStructName: 'duckdb:malloytest.state_facts',
      parentHasStruct: false,
      parentHasModel: true,
      parentStructType: undefined,
      parentStructName: undefined
    }

      at QueryStruct.setParent (packages/malloy/src/model/query_node.ts:1054:13)

  console.log
    [QueryStruct constructor] Creating: {
      structType: 'table',
      structName: 'duckdb:malloytest.state_facts',
      parentHasStruct: false,
      parentHasModel: true,
      parentStructType: undefined,
      sourceArgKeys: []
    }

      at new QueryStruct (packages/malloy/src/model/query_node.ts:417:13)

  console.log
    [QueryStruct.setParent] Called for: {
      thisStructType: 'table',
      thisStructName: 'duckdb:malloytest.state_facts',
      parentHasStruct: false,
      parentHasModel: true,
      parentStructType: undefined,
      parentStructName: undefined
    }

      at QueryStruct.setParent (packages/malloy/src/model/query_node.ts:1054:13)


>>> [compileQuery] CALLED! hasSourceArguments=true, keys=param <<<
  console.log
    [compileQuery] Called with query: {
      hasSourceArguments: true,
      sourceArgumentsKeys: [ 'param' ],
      sourceArgumentsStringified: '{"param":{"type":"number","value":{"node":"numberLiteral","literal":"1"},"name":"param"}}'
    }

      at QueryModelImpl.compileQuery (packages/malloy/src/model/query_model_impl.ts:283:13)

  console.log
    [QueryModelImpl.loadQuery] CALLED FROM: QUERY_COMPILATION { isJoinedSubquery: false, hasArgs: true }

      at QueryModelImpl.loadQuery (packages/malloy/src/model/query_model_impl.ts:148:13)

  console.log
    [QueryModelImpl.loadQuery] query object: {
      hasStructRef: true,
      structRefType: 'string',
      structRefName: 'state_facts_ext',
      hasSourceArguments: true,
      sourceArgumentsType: 'object',
      sourceArgumentsKeys: [ 'param' ],
      sourceArgumentsStringified: '{"param":{"type":"number","value":{"node":"numberLiteral","literal":"1"},"name":"param"}}',
      structRefIsObject: false,
      structRefHasArguments: false,
      structRefArgumentsKeys: [],
      structRefArgumentsStringified: 'none'
    }

      at QueryModelImpl.loadQuery (packages/malloy/src/model/query_model_impl.ts:155:13)

  console.log
    [QueryStruct constructor] Creating: {
      structType: 'table',
      structName: 'duckdb:malloytest.state_facts',
      parentHasStruct: false,
      parentHasModel: true,
      parentStructType: undefined,
      sourceArgKeys: [ 'param' ]
    }

      at new QueryStruct (packages/malloy/src/model/query_node.ts:417:13)

  console.log
    [QueryStruct.setParent] Called for: {
      thisStructType: 'table',
      thisStructName: 'duckdb:malloytest.state_facts',
      parentHasStruct: false,
      parentHasModel: true,
      parentStructType: undefined,
      parentStructName: undefined
    }

      at QueryStruct.setParent (packages/malloy/src/model/query_node.ts:1054:13)

  console.log
    [QueryQuery.makeQuery] Called with parentStruct: {
      parentDefType: 'table',
      parentDefName: 'duckdb:malloytest.state_facts',
      parentHasParent: false,
      parentParentName: undefined,
      parentSourceArgs: [ 'param' ],
      isJoinedSubquery: false,
      callStack: 'at Function.makeQuery (/Users/catalinadler/dev/malloy-cata02/packages/malloy/src/model/query_query.ts:173:7)\n' +
        '  at QueryModelImpl.loadQuery (/Users/catalinadler/dev/malloy-cata02/packages/malloy/src/model/query_model_impl.ts:208:26)\n' +
        '  at QueryModelImpl.compileQuery (/Users/catalinadler/dev/malloy-cata02/packages/malloy/src/model/query_model_impl.ts:299:19)\n' +
        '  at PreparedQuery.getPreparedResult (/Users/catalinadler/dev/malloy-cata02/packages/malloy/src/malloy.ts:988:40)\n' +
        '  at PreparedResultMaterializer._materialize (/Users/catalinadler/dev/malloy-cata02/packages/malloy/src/malloy.ts:3146:41)\n' +
        '  at async QueryMaterializer.run (/Users/catalinadler/dev/malloy-cata02/packages/malloy/src/malloy.ts:3115:28)\n' +
        '  at async runQuery (/Users/catalinadler/dev/malloy-cata02/test/src/util/db-matcher-support.ts:82:14)'
    }

      at Function.makeQuery (packages/malloy/src/model/query_query.ts:178:13)

  console.log
    [QueryQuery.prepare] About to addStructToJoin with this.parent: {
      parentDefType: 'table',
      parentDefName: 'duckdb:malloytest.state_facts',
      parentHasParent: false,
      parentSourceArgs: [ 'param' ]
    }

      at QueryQueryReduce.prepare (packages/malloy/src/model/query_query.ts:565:15)

  console.log
    [addStructToJoin] Called with QueryStruct: {
      name: 'base',
      qsDefType: 'table',
      qsHasParent: false,
      qsParentName: undefined,
      qsSourceArgs: [ 'param' ]
    }

      at FieldInstanceResultRoot.addStructToJoin (packages/malloy/src/model/field_instance.ts:465:13)

  console.log
    [addStructToJoin] Parent check: {
      hasQsParent: false,
      hasParentStruct: false,
      parentStructName: undefined
    }

      at FieldInstanceResultRoot.addStructToJoin (packages/malloy/src/model/field_instance.ts:488:13)

  console.log
    [addStructToJoin] Creating new JoinInstance

      at FieldInstanceResultRoot.addStructToJoin (packages/malloy/src/model/field_instance.ts:501:15)

  console.log
    [JoinInstance constructor] Creating join instance: {
      alias: 'base',
      qsDefType: 'table',
      qsDefName: 'duckdb:malloytest.state_facts',
      qsHasParent: false,
      qsParentName: undefined,
      qsParentType: undefined
    }

      at new JoinInstance (packages/malloy/src/model/join_instance.ts:25:13)

  console.log
    [generateParameterFragment] Looking for parameter: {
      paramName: 'param',
      contextStructName: 'duckdb:malloytest.state_facts',
      contextArgs: [ 'param' ],
      hasParent: false
    }

      at generateParameterFragment (packages/malloy/src/model/expression_compiler.ts:761:11)

  console.log
    [generateParameterFragment] Parent chain [0]: {
      structName: 'duckdb:malloytest.state_facts',
      structType: 'table',
      hasSourceArgs: true,
      sourceArgKeys: [ 'param' ],
      argKeys: [ 'param' ],
      paramValue: { hasValue: true, valueNode: 'numberLiteral' }
    }

      at generateParameterFragment (packages/malloy/src/model/expression_compiler.ts:772:13)

  console.log
    [getStructSourceSQL] Called with struct type: {
      type: 'table',
      name: 'duckdb:malloytest.state_facts',
      callStackSize: 0
    }

      at QueryQueryReduce.getStructSourceSQL (packages/malloy/src/model/query_query.ts:895:13)

  console.log
    [ParameterSpace constructor] Created with parameters: [ 'state' ]

      at new ParameterSpace (packages/malloy/src/lang/ast/field-space/parameter-space.ts:29:13)

  console.log
    [StaticSpace.map] Building map for 'duckdb:malloytest.state_facts', is StaticSourceSpace: false, has parameterSpaceRef: N/A

      at RefinedSpace.get map [as map] (packages/malloy/src/lang/ast/field-space/static-space.ts:102:15)

  console.log
    [StaticSpace.map] Adding field 'state', isJoined: false

      at RefinedSpace.get map [as map] (packages/malloy/src/lang/ast/field-space/static-space.ts:113:17)

  console.log
    [StaticSpace.map] Adding field 'aircraft_count', isJoined: false

      at RefinedSpace.get map [as map] (packages/malloy/src/lang/ast/field-space/static-space.ts:113:17)

  console.log
    [StaticSpace.map] Adding field 'airport_count', isJoined: false

      at RefinedSpace.get map [as map] (packages/malloy/src/lang/ast/field-space/static-space.ts:113:17)

  console.log
    [StaticSpace.map] Adding field 'births', isJoined: false

      at RefinedSpace.get map [as map] (packages/malloy/src/lang/ast/field-space/static-space.ts:113:17)

  console.log
    [StaticSpace.map] Adding field 'popular_name', isJoined: false

      at RefinedSpace.get map [as map] (packages/malloy/src/lang/ast/field-space/static-space.ts:113:17)

  console.log
    [ParameterSpace constructor] Created with parameters: [ 'state' ]

      at new ParameterSpace (packages/malloy/src/lang/ast/field-space/parameter-space.ts:29:13)

  console.log
    [StaticSpace.lookup] Looking up 'state'

      at RefinedSpace.lookup (packages/malloy/src/lang/ast/field-space/static-space.ts:176:13)

  console.log
    [StaticSpace.lookup] Found 'state'

      at RefinedSpace.lookup (packages/malloy/src/lang/ast/field-space/static-space.ts:188:13)

  console.log
    [SQArrow.getQuery] Called

      at SQArrow.getQuery (packages/malloy/src/lang/ast/source-query-elements/sq-arrow.ts:53:13)

  console.log
    [SQArrow.getQuery] LHS is: namedSource, instanceof Source: true

      at SQArrow.getQuery (packages/malloy/src/lang/ast/source-query-elements/sq-arrow.ts:72:13)

  console.log
    [ParameterSpace constructor] Created with parameters: []

      at new ParameterSpace (packages/malloy/src/lang/ast/field-space/parameter-space.ts:29:13)

  console.log
    [SQArrow.getQuery] sourceDef.parameters: []

      at SQArrow.getQuery (packages/malloy/src/lang/ast/source-query-elements/sq-arrow.ts:80:15)

  console.log
    [SQArrow.getQuery] sourceDef.arguments: [ 'state' ]

      at SQArrow.getQuery (packages/malloy/src/lang/ast/source-query-elements/sq-arrow.ts:84:15)

  console.log
    [ParameterSpace constructor] Created with parameters: [ 'state' ]

      at new ParameterSpace (packages/malloy/src/lang/ast/field-space/parameter-space.ts:29:13)

  console.log
    [SQArrow.getQuery] Created parameterSpace from source arguments: [ 'state' ]

      at SQArrow.getQuery (packages/malloy/src/lang/ast/source-query-elements/sq-arrow.ts:103:17)

  console.log
    [QueryArrow constructor] Created with source: namedSource, parameterSpace: [ 'state' ]

      at new QueryArrow (packages/malloy/src/lang/ast/query-elements/query-arrow.ts:60:15)

  console.log
    [StaticSourceSpace constructor] Created with parameterSpaceRef: true source name: duckdb:malloytest.state_facts

      at new StaticSourceSpace (packages/malloy/src/lang/ast/field-space/static-space.ts:312:13)

  console.log
    [QueryArrow.queryComp] Source: namedSource, fieldSpace WITH parameterSpace: [ 'state' ]

      at QueryArrow.queryComp (packages/malloy/src/lang/ast/query-elements/query-arrow.ts:120:17)

  console.log
    [QueryArrow.queryComp] Calling view.pipelineComp with fieldSpace

      at QueryArrow.queryComp (packages/malloy/src/lang/ast/query-elements/query-arrow.ts:161:13)

  console.log
    [StaticSpace.map] Building map for 'duckdb:malloytest.state_facts', is StaticSourceSpace: false, has parameterSpaceRef: N/A

      at ReduceFieldSpace.get map [as map] (packages/malloy/src/lang/ast/field-space/static-space.ts:102:15)

  console.log
    [StaticSpace.lookup] Looking up 'hardcoded_state'

      at QueryInputSpace.lookup (packages/malloy/src/lang/ast/field-space/static-space.ts:176:13)

  console.log
    [QueryInputSpace.entry] Looking up 'hardcoded_state'

      at QueryInputSpace.entry (packages/malloy/src/lang/ast/field-space/query-input-space.ts:108:13)

  console.log
    [StaticSpace.map] Building map for 'duckdb:malloytest.state_facts', is StaticSourceSpace: false, has parameterSpaceRef: N/A

      at QueryInputSpace.get map [as map] (packages/malloy/src/lang/ast/field-space/static-space.ts:102:15)

  console.log
    [StaticSpace.map] Adding field 'aircraft_count', isJoined: false

      at QueryInputSpace.get map [as map] (packages/malloy/src/lang/ast/field-space/static-space.ts:113:17)

  console.log
    [StaticSpace.map] Adding field 'airport_count', isJoined: false

      at QueryInputSpace.get map [as map] (packages/malloy/src/lang/ast/field-space/static-space.ts:113:17)

  console.log
    [StaticSpace.map] Adding field 'births', isJoined: false

      at QueryInputSpace.get map [as map] (packages/malloy/src/lang/ast/field-space/static-space.ts:113:17)

  console.log
    [StaticSpace.map] Adding field 'popular_name', isJoined: false

      at QueryInputSpace.get map [as map] (packages/malloy/src/lang/ast/field-space/static-space.ts:113:17)

  console.log
    [StaticSpace.map] Adding field 'hardcoded_state', isJoined: false

      at QueryInputSpace.get map [as map] (packages/malloy/src/lang/ast/field-space/static-space.ts:113:17)

  console.log
    [QueryInputSpace.entry] Found 'hardcoded_state' in fields

      at QueryInputSpace.entry (packages/malloy/src/lang/ast/field-space/query-input-space.ts:112:15)

  console.log
    [StaticSpace.lookup] Found 'hardcoded_state'

      at QueryInputSpace.lookup (packages/malloy/src/lang/ast/field-space/static-space.ts:188:13)

  console.log
    [StaticSpace.lookup] Looking up 'hardcoded_state'

      at QueryInputSpace.lookup (packages/malloy/src/lang/ast/field-space/static-space.ts:176:13)

  console.log
    [QueryInputSpace.entry] Looking up 'hardcoded_state'

      at QueryInputSpace.entry (packages/malloy/src/lang/ast/field-space/query-input-space.ts:108:13)

  console.log
    [QueryInputSpace.entry] Found 'hardcoded_state' in fields

      at QueryInputSpace.entry (packages/malloy/src/lang/ast/field-space/query-input-space.ts:112:15)

  console.log
    [StaticSpace.lookup] Found 'hardcoded_state'

      at QueryInputSpace.lookup (packages/malloy/src/lang/ast/field-space/static-space.ts:188:13)

  console.log
    [QueryInputSpace.parameterSpace] Called

      at QueryInputSpace.parameterSpace (packages/malloy/src/lang/ast/field-space/query-input-space.ts:84:13)

  console.log
    [QueryInputSpace.parameterSpace] Got from queryOutput: [ 'state' ]

      at QueryInputSpace.parameterSpace (packages/malloy/src/lang/ast/field-space/query-input-space.ts:88:15)

  console.log
    [StaticSpace.lookup] Looking up 'hardcoded_state'

      at QueryInputSpace.lookup (packages/malloy/src/lang/ast/field-space/static-space.ts:176:13)

  console.log
    [QueryInputSpace.entry] Looking up 'hardcoded_state'

      at QueryInputSpace.entry (packages/malloy/src/lang/ast/field-space/query-input-space.ts:108:13)

  console.log
    [QueryInputSpace.entry] Found 'hardcoded_state' in fields

      at QueryInputSpace.entry (packages/malloy/src/lang/ast/field-space/query-input-space.ts:112:15)

  console.log
    [StaticSpace.lookup] Found 'hardcoded_state'

      at QueryInputSpace.lookup (packages/malloy/src/lang/ast/field-space/static-space.ts:188:13)

  console.log
    [QueryArrow.queryComp] Creating comp.query: {
      inputStructName: 'duckdb:malloytest.state_facts',
      inputStructType: 'table',
      inputStructArguments: [ 'state' ],
      sourceArgumentsKeys: [ 'state' ],
      sourceArgumentsHasValues: [ [ 'state', true ] ],
      pipelineLength: 1
    }

      at QueryArrow.queryComp (packages/malloy/src/lang/ast/query-elements/query-arrow.ts:244:13)


>>> QueryModelImpl constructor called <<<
  console.log
    [QueryStruct constructor] Creating: {
      structType: 'table',
      structName: 'duckdb:malloytest.state_facts',
      parentHasStruct: false,
      parentHasModel: true,
      parentStructType: undefined,
      sourceArgKeys: []
    }

      at new QueryStruct (packages/malloy/src/model/query_node.ts:417:13)

  console.log
    [QueryStruct.setParent] Called for: {
      thisStructType: 'table',
      thisStructName: 'duckdb:malloytest.state_facts',
      parentHasStruct: false,
      parentHasModel: true,
      parentStructType: undefined,
      parentStructName: undefined
    }

      at QueryStruct.setParent (packages/malloy/src/model/query_node.ts:1054:13)

  console.log
    [QueryStruct constructor] Creating: {
      structType: 'table',
      structName: 'duckdb:malloytest.state_facts',
      parentHasStruct: false,
      parentHasModel: true,
      parentStructType: undefined,
      sourceArgKeys: []
    }

      at new QueryStruct (packages/malloy/src/model/query_node.ts:417:13)

  console.log
    [QueryStruct.setParent] Called for: {
      thisStructType: 'table',
      thisStructName: 'duckdb:malloytest.state_facts',
      parentHasStruct: false,
      parentHasModel: true,
      parentStructType: undefined,
      parentStructName: undefined
    }

      at QueryStruct.setParent (packages/malloy/src/model/query_node.ts:1054:13)


>>> [compileQuery] CALLED! hasSourceArguments=true, keys=state <<<
  console.log
    [compileQuery] Called with query: {
      hasSourceArguments: true,
      sourceArgumentsKeys: [ 'state' ],
      sourceArgumentsStringified: '{"state":{"type":"string","value":{"node":"stringLiteral","literal":"NOT A STATE"},"name":"state"}}'
    }

      at QueryModelImpl.compileQuery (packages/malloy/src/model/query_model_impl.ts:283:13)

  console.log
    [QueryModelImpl.loadQuery] CALLED FROM: QUERY_COMPILATION { isJoinedSubquery: false, hasArgs: true }

      at QueryModelImpl.loadQuery (packages/malloy/src/model/query_model_impl.ts:148:13)

  console.log
    [QueryModelImpl.loadQuery] query object: {
      hasStructRef: true,
      structRefType: 'string',
      structRefName: 'state_facts_hardcode_state',
      hasSourceArguments: true,
      sourceArgumentsType: 'object',
      sourceArgumentsKeys: [ 'state' ],
      sourceArgumentsStringified: '{"state":{"type":"string","value":{"node":"stringLiteral","literal":"NOT A STATE"},"name":"state"}}',
      structRefIsObject: false,
      structRefHasArguments: false,
      structRefArgumentsKeys: [],
      structRefArgumentsStringified: 'none'
    }

      at QueryModelImpl.loadQuery (packages/malloy/src/model/query_model_impl.ts:155:13)

  console.log
    [QueryStruct constructor] Creating: {
      structType: 'table',
      structName: 'duckdb:malloytest.state_facts',
      parentHasStruct: false,
      parentHasModel: true,
      parentStructType: undefined,
      sourceArgKeys: [ 'state' ]
    }

      at new QueryStruct (packages/malloy/src/model/query_node.ts:417:13)

  console.log
    [QueryStruct.setParent] Called for: {
      thisStructType: 'table',
      thisStructName: 'duckdb:malloytest.state_facts',
      parentHasStruct: false,
      parentHasModel: true,
      parentStructType: undefined,
      parentStructName: undefined
    }

      at QueryStruct.setParent (packages/malloy/src/model/query_node.ts:1054:13)

  console.log
    [QueryQuery.makeQuery] Called with parentStruct: {
      parentDefType: 'table',
      parentDefName: 'duckdb:malloytest.state_facts',
      parentHasParent: false,
      parentParentName: undefined,
      parentSourceArgs: [ 'state' ],
      isJoinedSubquery: false,
      callStack: 'at Function.makeQuery (/Users/catalinadler/dev/malloy-cata02/packages/malloy/src/model/query_query.ts:173:7)\n' +
        '  at QueryModelImpl.loadQuery (/Users/catalinadler/dev/malloy-cata02/packages/malloy/src/model/query_model_impl.ts:208:26)\n' +
        '  at QueryModelImpl.compileQuery (/Users/catalinadler/dev/malloy-cata02/packages/malloy/src/model/query_model_impl.ts:299:19)\n' +
        '  at PreparedQuery.getPreparedResult (/Users/catalinadler/dev/malloy-cata02/packages/malloy/src/malloy.ts:988:40)\n' +
        '  at PreparedResultMaterializer._materialize (/Users/catalinadler/dev/malloy-cata02/packages/malloy/src/malloy.ts:3146:41)\n' +
        '  at async QueryMaterializer.run (/Users/catalinadler/dev/malloy-cata02/packages/malloy/src/malloy.ts:3115:28)\n' +
        '  at async runQuery (/Users/catalinadler/dev/malloy-cata02/test/src/util/db-matcher-support.ts:82:14)'
    }

      at Function.makeQuery (packages/malloy/src/model/query_query.ts:178:13)

  console.log
    [QueryQuery.prepare] About to addStructToJoin with this.parent: {
      parentDefType: 'table',
      parentDefName: 'duckdb:malloytest.state_facts',
      parentHasParent: false,
      parentSourceArgs: [ 'state' ]
    }

      at QueryQueryReduce.prepare (packages/malloy/src/model/query_query.ts:565:15)

  console.log
    [addStructToJoin] Called with QueryStruct: {
      name: 'base',
      qsDefType: 'table',
      qsHasParent: false,
      qsParentName: undefined,
      qsSourceArgs: [ 'state' ]
    }

      at FieldInstanceResultRoot.addStructToJoin (packages/malloy/src/model/field_instance.ts:465:13)

  console.log
    [addStructToJoin] Parent check: {
      hasQsParent: false,
      hasParentStruct: false,
      parentStructName: undefined
    }

      at FieldInstanceResultRoot.addStructToJoin (packages/malloy/src/model/field_instance.ts:488:13)

  console.log
    [addStructToJoin] Creating new JoinInstance

      at FieldInstanceResultRoot.addStructToJoin (packages/malloy/src/model/field_instance.ts:501:15)

  console.log
    [JoinInstance constructor] Creating join instance: {
      alias: 'base',
      qsDefType: 'table',
      qsDefName: 'duckdb:malloytest.state_facts',
      qsHasParent: false,
      qsParentName: undefined,
      qsParentType: undefined
    }

      at new JoinInstance (packages/malloy/src/model/join_instance.ts:25:13)

  console.log
    [generateParameterFragment] Looking for parameter: {
      paramName: 'state',
      contextStructName: 'duckdb:malloytest.state_facts',
      contextArgs: [ 'state' ],
      hasParent: false
    }

      at generateParameterFragment (packages/malloy/src/model/expression_compiler.ts:761:11)

  console.log
    [generateParameterFragment] Parent chain [0]: {
      structName: 'duckdb:malloytest.state_facts',
      structType: 'table',
      hasSourceArgs: true,
      sourceArgKeys: [ 'state' ],
      argKeys: [ 'state' ],
      paramValue: { hasValue: true, valueNode: 'stringLiteral' }
    }

      at generateParameterFragment (packages/malloy/src/model/expression_compiler.ts:772:13)

  console.log
    [getStructSourceSQL] Called with struct type: {
      type: 'table',
      name: 'duckdb:malloytest.state_facts',
      callStackSize: 0
    }

      at QueryQueryReduce.getStructSourceSQL (packages/malloy/src/model/query_query.ts:895:13)

  console.log
    [ParameterSpace constructor] Created with parameters: [ 'param' ]

      at new ParameterSpace (packages/malloy/src/lang/ast/field-space/parameter-space.ts:29:13)

  console.log
    [StaticSpace.map] Building map for 'duckdb:malloytest.state_facts', is StaticSourceSpace: false, has parameterSpaceRef: N/A

      at RefinedSpace.get map [as map] (packages/malloy/src/lang/ast/field-space/static-space.ts:102:15)

  console.log
    [StaticSpace.map] Adding field 'state', isJoined: false

      at RefinedSpace.get map [as map] (packages/malloy/src/lang/ast/field-space/static-space.ts:113:17)

  console.log
    [StaticSpace.map] Adding field 'aircraft_count', isJoined: false

      at RefinedSpace.get map [as map] (packages/malloy/src/lang/ast/field-space/static-space.ts:113:17)

  console.log
    [StaticSpace.map] Adding field 'airport_count', isJoined: false

      at RefinedSpace.get map [as map] (packages/malloy/src/lang/ast/field-space/static-space.ts:113:17)

  console.log
    [StaticSpace.map] Adding field 'births', isJoined: false

      at RefinedSpace.get map [as map] (packages/malloy/src/lang/ast/field-space/static-space.ts:113:17)

  console.log
    [StaticSpace.map] Adding field 'popular_name', isJoined: false

      at RefinedSpace.get map [as map] (packages/malloy/src/lang/ast/field-space/static-space.ts:113:17)

  console.log
    [ParameterSpace constructor] Created with parameters: [ 'param' ]

      at new ParameterSpace (packages/malloy/src/lang/ast/field-space/parameter-space.ts:29:13)

  console.log
    [StaticSpace.lookup] Looking up 'param'

      at RefinedSpace.lookup (packages/malloy/src/lang/ast/field-space/static-space.ts:176:13)

  console.log
    [StaticSpace.lookup] Found 'param'

      at RefinedSpace.lookup (packages/malloy/src/lang/ast/field-space/static-space.ts:188:13)

  console.log
    [SQArrow.getQuery] Called

      at SQArrow.getQuery (packages/malloy/src/lang/ast/source-query-elements/sq-arrow.ts:53:13)

  console.log
    [SQArrow.getQuery] LHS is: namedSource, instanceof Source: true

      at SQArrow.getQuery (packages/malloy/src/lang/ast/source-query-elements/sq-arrow.ts:72:13)

  console.log
    [SQArrow.getQuery] sourceDef.parameters: []

      at SQArrow.getQuery (packages/malloy/src/lang/ast/source-query-elements/sq-arrow.ts:80:15)

  console.log
    [SQArrow.getQuery] sourceDef.arguments: [ 'param' ]

      at SQArrow.getQuery (packages/malloy/src/lang/ast/source-query-elements/sq-arrow.ts:84:15)

  console.log
    [ParameterSpace constructor] Created with parameters: [ 'param' ]

      at new ParameterSpace (packages/malloy/src/lang/ast/field-space/parameter-space.ts:29:13)

  console.log
    [SQArrow.getQuery] Created parameterSpace from source arguments: [ 'param' ]

      at SQArrow.getQuery (packages/malloy/src/lang/ast/source-query-elements/sq-arrow.ts:103:17)

  console.log
    [QueryArrow constructor] Created with source: namedSource, parameterSpace: [ 'param' ]

      at new QueryArrow (packages/malloy/src/lang/ast/query-elements/query-arrow.ts:60:15)

  console.log
    [StaticSourceSpace constructor] Created with parameterSpaceRef: true source name: duckdb:malloytest.state_facts

      at new StaticSourceSpace (packages/malloy/src/lang/ast/field-space/static-space.ts:312:13)

  console.log
    [QueryArrow.queryComp] Source: namedSource, fieldSpace WITH parameterSpace: [ 'param' ]

      at QueryArrow.queryComp (packages/malloy/src/lang/ast/query-elements/query-arrow.ts:120:17)

  console.log
    [QueryArrow.queryComp] Calling view.pipelineComp with fieldSpace

      at QueryArrow.queryComp (packages/malloy/src/lang/ast/query-elements/query-arrow.ts:161:13)

  console.log
    [StaticSpace.map] Building map for 'duckdb:malloytest.state_facts', is StaticSourceSpace: false, has parameterSpaceRef: N/A

      at ReduceFieldSpace.get map [as map] (packages/malloy/src/lang/ast/field-space/static-space.ts:102:15)

  console.log
    [StaticSpace.lookup] Looking up 'param_value'

      at QueryInputSpace.lookup (packages/malloy/src/lang/ast/field-space/static-space.ts:176:13)

  console.log
    [QueryInputSpace.entry] Looking up 'param_value'

      at QueryInputSpace.entry (packages/malloy/src/lang/ast/field-space/query-input-space.ts:108:13)

  console.log
    [StaticSpace.map] Building map for 'duckdb:malloytest.state_facts', is StaticSourceSpace: false, has parameterSpaceRef: N/A

      at QueryInputSpace.get map [as map] (packages/malloy/src/lang/ast/field-space/static-space.ts:102:15)

  console.log
    [StaticSpace.map] Adding field 'state', isJoined: false

      at QueryInputSpace.get map [as map] (packages/malloy/src/lang/ast/field-space/static-space.ts:113:17)

  console.log
    [StaticSpace.map] Adding field 'aircraft_count', isJoined: false

      at QueryInputSpace.get map [as map] (packages/malloy/src/lang/ast/field-space/static-space.ts:113:17)

  console.log
    [StaticSpace.map] Adding field 'airport_count', isJoined: false

      at QueryInputSpace.get map [as map] (packages/malloy/src/lang/ast/field-space/static-space.ts:113:17)

  console.log
    [StaticSpace.map] Adding field 'births', isJoined: false

      at QueryInputSpace.get map [as map] (packages/malloy/src/lang/ast/field-space/static-space.ts:113:17)

  console.log
    [StaticSpace.map] Adding field 'popular_name', isJoined: false

      at QueryInputSpace.get map [as map] (packages/malloy/src/lang/ast/field-space/static-space.ts:113:17)

  console.log
    [StaticSpace.map] Adding field 'param_value', isJoined: false

      at QueryInputSpace.get map [as map] (packages/malloy/src/lang/ast/field-space/static-space.ts:113:17)

  console.log
    [QueryInputSpace.entry] Found 'param_value' in fields

      at QueryInputSpace.entry (packages/malloy/src/lang/ast/field-space/query-input-space.ts:112:15)

  console.log
    [StaticSpace.lookup] Found 'param_value'

      at QueryInputSpace.lookup (packages/malloy/src/lang/ast/field-space/static-space.ts:188:13)

  console.log
    [StaticSpace.lookup] Looking up 'param_value'

      at QueryInputSpace.lookup (packages/malloy/src/lang/ast/field-space/static-space.ts:176:13)

  console.log
    [QueryInputSpace.entry] Looking up 'param_value'

      at QueryInputSpace.entry (packages/malloy/src/lang/ast/field-space/query-input-space.ts:108:13)

  console.log
    [QueryInputSpace.entry] Found 'param_value' in fields

      at QueryInputSpace.entry (packages/malloy/src/lang/ast/field-space/query-input-space.ts:112:15)

  console.log
    [StaticSpace.lookup] Found 'param_value'

      at QueryInputSpace.lookup (packages/malloy/src/lang/ast/field-space/static-space.ts:188:13)

  console.log
    [QueryInputSpace.parameterSpace] Called

      at QueryInputSpace.parameterSpace (packages/malloy/src/lang/ast/field-space/query-input-space.ts:84:13)

  console.log
    [QueryInputSpace.parameterSpace] Got from queryOutput: [ 'param' ]

      at QueryInputSpace.parameterSpace (packages/malloy/src/lang/ast/field-space/query-input-space.ts:88:15)

  console.log
    [StaticSpace.lookup] Looking up 'param_value'

      at QueryInputSpace.lookup (packages/malloy/src/lang/ast/field-space/static-space.ts:176:13)

  console.log
    [QueryInputSpace.entry] Looking up 'param_value'

      at QueryInputSpace.entry (packages/malloy/src/lang/ast/field-space/query-input-space.ts:108:13)

  console.log
    [QueryInputSpace.entry] Found 'param_value' in fields

      at QueryInputSpace.entry (packages/malloy/src/lang/ast/field-space/query-input-space.ts:112:15)

  console.log
    [StaticSpace.lookup] Found 'param_value'

      at QueryInputSpace.lookup (packages/malloy/src/lang/ast/field-space/static-space.ts:188:13)

  console.log
    [QueryArrow.queryComp] Creating comp.query: {
      inputStructName: 'duckdb:malloytest.state_facts',
      inputStructType: 'table',
      inputStructArguments: [ 'param' ],
      sourceArgumentsKeys: [ 'param' ],
      sourceArgumentsHasValues: [ [ 'param', true ] ],
      pipelineLength: 1
    }

      at QueryArrow.queryComp (packages/malloy/src/lang/ast/query-elements/query-arrow.ts:244:13)


>>> QueryModelImpl constructor called <<<
  console.log
    [QueryStruct constructor] Creating: {
      structType: 'table',
      structName: 'duckdb:malloytest.state_facts',
      parentHasStruct: false,
      parentHasModel: true,
      parentStructType: undefined,
      sourceArgKeys: []
    }

      at new QueryStruct (packages/malloy/src/model/query_node.ts:417:13)

  console.log
    [QueryStruct.setParent] Called for: {
      thisStructType: 'table',
      thisStructName: 'duckdb:malloytest.state_facts',
      parentHasStruct: false,
      parentHasModel: true,
      parentStructType: undefined,
      parentStructName: undefined
    }

      at QueryStruct.setParent (packages/malloy/src/model/query_node.ts:1054:13)


>>> [compileQuery] CALLED! hasSourceArguments=true, keys=param <<<
  console.log
    [compileQuery] Called with query: {
      hasSourceArguments: true,
      sourceArgumentsKeys: [ 'param' ],
      sourceArgumentsStringified: '{"param":{"type":"number","value":{"node":"numberLiteral","literal":"10"},"name":"param"}}'
    }

      at QueryModelImpl.compileQuery (packages/malloy/src/model/query_model_impl.ts:283:13)

  console.log
    [QueryModelImpl.loadQuery] CALLED FROM: QUERY_COMPILATION { isJoinedSubquery: false, hasArgs: true }

      at QueryModelImpl.loadQuery (packages/malloy/src/model/query_model_impl.ts:148:13)

  console.log
    [QueryModelImpl.loadQuery] query object: {
      hasStructRef: true,
      structRefType: 'string',
      structRefName: 'ab_new',
      hasSourceArguments: true,
      sourceArgumentsType: 'object',
      sourceArgumentsKeys: [ 'param' ],
      sourceArgumentsStringified: '{"param":{"type":"number","value":{"node":"numberLiteral","literal":"10"},"name":"param"}}',
      structRefIsObject: false,
      structRefHasArguments: false,
      structRefArgumentsKeys: [],
      structRefArgumentsStringified: 'none'
    }

      at QueryModelImpl.loadQuery (packages/malloy/src/model/query_model_impl.ts:155:13)

  console.log
    [QueryStruct constructor] Creating: {
      structType: 'table',
      structName: 'duckdb:malloytest.state_facts',
      parentHasStruct: false,
      parentHasModel: true,
      parentStructType: undefined,
      sourceArgKeys: [ 'param' ]
    }

      at new QueryStruct (packages/malloy/src/model/query_node.ts:417:13)

  console.log
    [QueryStruct.setParent] Called for: {
      thisStructType: 'table',
      thisStructName: 'duckdb:malloytest.state_facts',
      parentHasStruct: false,
      parentHasModel: true,
      parentStructType: undefined,
      parentStructName: undefined
    }

      at QueryStruct.setParent (packages/malloy/src/model/query_node.ts:1054:13)

  console.log
    [QueryQuery.makeQuery] Called with parentStruct: {
      parentDefType: 'table',
      parentDefName: 'duckdb:malloytest.state_facts',
      parentHasParent: false,
      parentParentName: undefined,
      parentSourceArgs: [ 'param' ],
      isJoinedSubquery: false,
      callStack: 'at Function.makeQuery (/Users/catalinadler/dev/malloy-cata02/packages/malloy/src/model/query_query.ts:173:7)\n' +
        '  at QueryModelImpl.loadQuery (/Users/catalinadler/dev/malloy-cata02/packages/malloy/src/model/query_model_impl.ts:208:26)\n' +
        '  at QueryModelImpl.compileQuery (/Users/catalinadler/dev/malloy-cata02/packages/malloy/src/model/query_model_impl.ts:299:19)\n' +
        '  at PreparedQuery.getPreparedResult (/Users/catalinadler/dev/malloy-cata02/packages/malloy/src/malloy.ts:988:40)\n' +
        '  at PreparedResultMaterializer._materialize (/Users/catalinadler/dev/malloy-cata02/packages/malloy/src/malloy.ts:3146:41)\n' +
        '  at async QueryMaterializer.run (/Users/catalinadler/dev/malloy-cata02/packages/malloy/src/malloy.ts:3115:28)\n' +
        '  at async runQuery (/Users/catalinadler/dev/malloy-cata02/test/src/util/db-matcher-support.ts:82:14)'
    }

      at Function.makeQuery (packages/malloy/src/model/query_query.ts:178:13)

  console.log
    [QueryQuery.prepare] About to addStructToJoin with this.parent: {
      parentDefType: 'table',
      parentDefName: 'duckdb:malloytest.state_facts',
      parentHasParent: false,
      parentSourceArgs: [ 'param' ]
    }

      at QueryQueryReduce.prepare (packages/malloy/src/model/query_query.ts:565:15)

  console.log
    [addStructToJoin] Called with QueryStruct: {
      name: 'base',
      qsDefType: 'table',
      qsHasParent: false,
      qsParentName: undefined,
      qsSourceArgs: [ 'param' ]
    }

      at FieldInstanceResultRoot.addStructToJoin (packages/malloy/src/model/field_instance.ts:465:13)

  console.log
    [addStructToJoin] Parent check: {
      hasQsParent: false,
      hasParentStruct: false,
      parentStructName: undefined
    }

      at FieldInstanceResultRoot.addStructToJoin (packages/malloy/src/model/field_instance.ts:488:13)

  console.log
    [addStructToJoin] Creating new JoinInstance

      at FieldInstanceResultRoot.addStructToJoin (packages/malloy/src/model/field_instance.ts:501:15)

  console.log
    [JoinInstance constructor] Creating join instance: {
      alias: 'base',
      qsDefType: 'table',
      qsDefName: 'duckdb:malloytest.state_facts',
      qsHasParent: false,
      qsParentName: undefined,
      qsParentType: undefined
    }

      at new JoinInstance (packages/malloy/src/model/join_instance.ts:25:13)

  console.log
    [generateParameterFragment] Looking for parameter: {
      paramName: 'param',
      contextStructName: 'duckdb:malloytest.state_facts',
      contextArgs: [ 'param' ],
      hasParent: false
    }

      at generateParameterFragment (packages/malloy/src/model/expression_compiler.ts:761:11)

  console.log
    [generateParameterFragment] Parent chain [0]: {
      structName: 'duckdb:malloytest.state_facts',
      structType: 'table',
      hasSourceArgs: true,
      sourceArgKeys: [ 'param' ],
      argKeys: [ 'param' ],
      paramValue: { hasValue: true, valueNode: 'numberLiteral' }
    }

      at generateParameterFragment (packages/malloy/src/model/expression_compiler.ts:772:13)

  console.log
    [getStructSourceSQL] Called with struct type: {
      type: 'table',
      name: 'duckdb:malloytest.state_facts',
      callStackSize: 0
    }

      at QueryQueryReduce.getStructSourceSQL (packages/malloy/src/model/query_query.ts:895:13)

  console.log
    [ParameterSpace constructor] Created with parameters: [ 'param' ]

      at new ParameterSpace (packages/malloy/src/lang/ast/field-space/parameter-space.ts:29:13)

  console.log
    [StaticSpace.map] Building map for 'duckdb:malloytest.state_facts', is StaticSourceSpace: false, has parameterSpaceRef: N/A

      at RefinedSpace.get map [as map] (packages/malloy/src/lang/ast/field-space/static-space.ts:102:15)

  console.log
    [StaticSpace.map] Adding field 'state', isJoined: false

      at RefinedSpace.get map [as map] (packages/malloy/src/lang/ast/field-space/static-space.ts:113:17)

  console.log
    [StaticSpace.map] Adding field 'aircraft_count', isJoined: false

      at RefinedSpace.get map [as map] (packages/malloy/src/lang/ast/field-space/static-space.ts:113:17)

  console.log
    [StaticSpace.map] Adding field 'airport_count', isJoined: false

      at RefinedSpace.get map [as map] (packages/malloy/src/lang/ast/field-space/static-space.ts:113:17)

  console.log
    [StaticSpace.map] Adding field 'births', isJoined: false

      at RefinedSpace.get map [as map] (packages/malloy/src/lang/ast/field-space/static-space.ts:113:17)

  console.log
    [StaticSpace.map] Adding field 'popular_name', isJoined: false

      at RefinedSpace.get map [as map] (packages/malloy/src/lang/ast/field-space/static-space.ts:113:17)

  console.log
    [ParameterSpace constructor] Created with parameters: [ 'param' ]

      at new ParameterSpace (packages/malloy/src/lang/ast/field-space/parameter-space.ts:29:13)

  console.log
    [StaticSpace.lookup] Looking up 'param'

      at RefinedSpace.lookup (packages/malloy/src/lang/ast/field-space/static-space.ts:176:13)

  console.log
    [StaticSpace.lookup] Found 'param'

      at RefinedSpace.lookup (packages/malloy/src/lang/ast/field-space/static-space.ts:188:13)

  console.log
    [SQArrow.getQuery] Called

      at SQArrow.getQuery (packages/malloy/src/lang/ast/source-query-elements/sq-arrow.ts:53:13)

  console.log
    [SQArrow.getQuery] LHS is: namedSource, instanceof Source: true

      at SQArrow.getQuery (packages/malloy/src/lang/ast/source-query-elements/sq-arrow.ts:72:13)

  console.log
    [ParameterSpace constructor] Created with parameters: []

      at new ParameterSpace (packages/malloy/src/lang/ast/field-space/parameter-space.ts:29:13)

  console.log
    [SQArrow.getQuery] sourceDef.parameters: []

      at SQArrow.getQuery (packages/malloy/src/lang/ast/source-query-elements/sq-arrow.ts:80:15)

  console.log
    [SQArrow.getQuery] sourceDef.arguments: [ 'param' ]

      at SQArrow.getQuery (packages/malloy/src/lang/ast/source-query-elements/sq-arrow.ts:84:15)

  console.log
    [ParameterSpace constructor] Created with parameters: [ 'param' ]

      at new ParameterSpace (packages/malloy/src/lang/ast/field-space/parameter-space.ts:29:13)

  console.log
    [SQArrow.getQuery] Created parameterSpace from source arguments: [ 'param' ]

      at SQArrow.getQuery (packages/malloy/src/lang/ast/source-query-elements/sq-arrow.ts:103:17)

  console.log
    [QueryArrow constructor] Created with source: namedSource, parameterSpace: [ 'param' ]

      at new QueryArrow (packages/malloy/src/lang/ast/query-elements/query-arrow.ts:60:15)

  console.log
    [StaticSourceSpace constructor] Created with parameterSpaceRef: true source name: duckdb:malloytest.state_facts

      at new StaticSourceSpace (packages/malloy/src/lang/ast/field-space/static-space.ts:312:13)

  console.log
    [QueryArrow.queryComp] Source: namedSource, fieldSpace WITH parameterSpace: [ 'param' ]

      at QueryArrow.queryComp (packages/malloy/src/lang/ast/query-elements/query-arrow.ts:120:17)

  console.log
    [QueryArrow.queryComp] Calling view.pipelineComp with fieldSpace

      at QueryArrow.queryComp (packages/malloy/src/lang/ast/query-elements/query-arrow.ts:161:13)

  console.log
    [StaticSpace.map] Building map for 'duckdb:malloytest.state_facts', is StaticSourceSpace: false, has parameterSpaceRef: N/A

      at ReduceFieldSpace.get map [as map] (packages/malloy/src/lang/ast/field-space/static-space.ts:102:15)

  console.log
    [StaticSpace.lookup] Looking up 'param_value'

      at QueryInputSpace.lookup (packages/malloy/src/lang/ast/field-space/static-space.ts:176:13)

  console.log
    [QueryInputSpace.entry] Looking up 'param_value'

      at QueryInputSpace.entry (packages/malloy/src/lang/ast/field-space/query-input-space.ts:108:13)

  console.log
    [StaticSpace.map] Building map for 'duckdb:malloytest.state_facts', is StaticSourceSpace: false, has parameterSpaceRef: N/A

      at QueryInputSpace.get map [as map] (packages/malloy/src/lang/ast/field-space/static-space.ts:102:15)

  console.log
    [StaticSpace.map] Adding field 'state', isJoined: false

      at QueryInputSpace.get map [as map] (packages/malloy/src/lang/ast/field-space/static-space.ts:113:17)

  console.log
    [StaticSpace.map] Adding field 'aircraft_count', isJoined: false

      at QueryInputSpace.get map [as map] (packages/malloy/src/lang/ast/field-space/static-space.ts:113:17)

  console.log
    [StaticSpace.map] Adding field 'airport_count', isJoined: false

      at QueryInputSpace.get map [as map] (packages/malloy/src/lang/ast/field-space/static-space.ts:113:17)

  console.log
    [StaticSpace.map] Adding field 'births', isJoined: false

      at QueryInputSpace.get map [as map] (packages/malloy/src/lang/ast/field-space/static-space.ts:113:17)

  console.log
    [StaticSpace.map] Adding field 'popular_name', isJoined: false

      at QueryInputSpace.get map [as map] (packages/malloy/src/lang/ast/field-space/static-space.ts:113:17)

  console.log
    [StaticSpace.map] Adding field 'param_value', isJoined: false

      at QueryInputSpace.get map [as map] (packages/malloy/src/lang/ast/field-space/static-space.ts:113:17)

  console.log
    [QueryInputSpace.entry] Found 'param_value' in fields

      at QueryInputSpace.entry (packages/malloy/src/lang/ast/field-space/query-input-space.ts:112:15)

  console.log
    [StaticSpace.lookup] Found 'param_value'

      at QueryInputSpace.lookup (packages/malloy/src/lang/ast/field-space/static-space.ts:188:13)

  console.log
    [StaticSpace.lookup] Looking up 'param_value'

      at QueryInputSpace.lookup (packages/malloy/src/lang/ast/field-space/static-space.ts:176:13)

  console.log
    [QueryInputSpace.entry] Looking up 'param_value'

      at QueryInputSpace.entry (packages/malloy/src/lang/ast/field-space/query-input-space.ts:108:13)

  console.log
    [QueryInputSpace.entry] Found 'param_value' in fields

      at QueryInputSpace.entry (packages/malloy/src/lang/ast/field-space/query-input-space.ts:112:15)

  console.log
    [StaticSpace.lookup] Found 'param_value'

      at QueryInputSpace.lookup (packages/malloy/src/lang/ast/field-space/static-space.ts:188:13)

  console.log
    [QueryInputSpace.parameterSpace] Called

      at QueryInputSpace.parameterSpace (packages/malloy/src/lang/ast/field-space/query-input-space.ts:84:13)

  console.log
    [QueryInputSpace.parameterSpace] Got from queryOutput: [ 'param' ]

      at QueryInputSpace.parameterSpace (packages/malloy/src/lang/ast/field-space/query-input-space.ts:88:15)

  console.log
    [StaticSpace.lookup] Looking up 'param_value'

      at QueryInputSpace.lookup (packages/malloy/src/lang/ast/field-space/static-space.ts:176:13)

  console.log
    [QueryInputSpace.entry] Looking up 'param_value'

      at QueryInputSpace.entry (packages/malloy/src/lang/ast/field-space/query-input-space.ts:108:13)

  console.log
    [QueryInputSpace.entry] Found 'param_value' in fields

      at QueryInputSpace.entry (packages/malloy/src/lang/ast/field-space/query-input-space.ts:112:15)

  console.log
    [StaticSpace.lookup] Found 'param_value'

      at QueryInputSpace.lookup (packages/malloy/src/lang/ast/field-space/static-space.ts:188:13)

  console.log
    [QueryArrow.queryComp] Creating comp.query: {
      inputStructName: 'duckdb:malloytest.state_facts',
      inputStructType: 'table',
      inputStructArguments: [ 'param' ],
      sourceArgumentsKeys: [ 'param' ],
      sourceArgumentsHasValues: [ [ 'param', true ] ],
      pipelineLength: 1
    }

      at QueryArrow.queryComp (packages/malloy/src/lang/ast/query-elements/query-arrow.ts:244:13)


>>> QueryModelImpl constructor called <<<
  console.log
    [QueryStruct constructor] Creating: {
      structType: 'table',
      structName: 'duckdb:malloytest.state_facts',
      parentHasStruct: false,
      parentHasModel: true,
      parentStructType: undefined,
      sourceArgKeys: []
    }

      at new QueryStruct (packages/malloy/src/model/query_node.ts:417:13)

  console.log
    [QueryStruct.setParent] Called for: {
      thisStructType: 'table',
      thisStructName: 'duckdb:malloytest.state_facts',
      parentHasStruct: false,
      parentHasModel: true,
      parentStructType: undefined,
      parentStructName: undefined
    }

      at QueryStruct.setParent (packages/malloy/src/model/query_node.ts:1054:13)


>>> [compileQuery] CALLED! hasSourceArguments=true, keys=param <<<
  console.log
    [compileQuery] Called with query: {
      hasSourceArguments: true,
      sourceArgumentsKeys: [ 'param' ],
      sourceArgumentsStringified: '{"param":{"type":"number","value":{"node":"numberLiteral","literal":"11"},"name":"param"}}'
    }

      at QueryModelImpl.compileQuery (packages/malloy/src/model/query_model_impl.ts:283:13)

  console.log
    [QueryModelImpl.loadQuery] CALLED FROM: QUERY_COMPILATION { isJoinedSubquery: false, hasArgs: true }

      at QueryModelImpl.loadQuery (packages/malloy/src/model/query_model_impl.ts:148:13)

  console.log
    [QueryModelImpl.loadQuery] query object: {
      hasStructRef: true,
      structRefType: 'string',
      structRefName: 'ab_new',
      hasSourceArguments: true,
      sourceArgumentsType: 'object',
      sourceArgumentsKeys: [ 'param' ],
      sourceArgumentsStringified: '{"param":{"type":"number","value":{"node":"numberLiteral","literal":"11"},"name":"param"}}',
      structRefIsObject: false,
      structRefHasArguments: false,
      structRefArgumentsKeys: [],
      structRefArgumentsStringified: 'none'
    }

      at QueryModelImpl.loadQuery (packages/malloy/src/model/query_model_impl.ts:155:13)

  console.log
    [QueryStruct constructor] Creating: {
      structType: 'table',
      structName: 'duckdb:malloytest.state_facts',
      parentHasStruct: false,
      parentHasModel: true,
      parentStructType: undefined,
      sourceArgKeys: [ 'param' ]
    }

      at new QueryStruct (packages/malloy/src/model/query_node.ts:417:13)

  console.log
    [QueryStruct.setParent] Called for: {
      thisStructType: 'table',
      thisStructName: 'duckdb:malloytest.state_facts',
      parentHasStruct: false,
      parentHasModel: true,
      parentStructType: undefined,
      parentStructName: undefined
    }

      at QueryStruct.setParent (packages/malloy/src/model/query_node.ts:1054:13)

  console.log
    [QueryQuery.makeQuery] Called with parentStruct: {
      parentDefType: 'table',
      parentDefName: 'duckdb:malloytest.state_facts',
      parentHasParent: false,
      parentParentName: undefined,
      parentSourceArgs: [ 'param' ],
      isJoinedSubquery: false,
      callStack: 'at Function.makeQuery (/Users/catalinadler/dev/malloy-cata02/packages/malloy/src/model/query_query.ts:173:7)\n' +
        '  at QueryModelImpl.loadQuery (/Users/catalinadler/dev/malloy-cata02/packages/malloy/src/model/query_model_impl.ts:208:26)\n' +
        '  at QueryModelImpl.compileQuery (/Users/catalinadler/dev/malloy-cata02/packages/malloy/src/model/query_model_impl.ts:299:19)\n' +
        '  at PreparedQuery.getPreparedResult (/Users/catalinadler/dev/malloy-cata02/packages/malloy/src/malloy.ts:988:40)\n' +
        '  at PreparedResultMaterializer._materialize (/Users/catalinadler/dev/malloy-cata02/packages/malloy/src/malloy.ts:3146:41)\n' +
        '  at async QueryMaterializer.run (/Users/catalinadler/dev/malloy-cata02/packages/malloy/src/malloy.ts:3115:28)\n' +
        '  at async runQuery (/Users/catalinadler/dev/malloy-cata02/test/src/util/db-matcher-support.ts:82:14)'
    }

      at Function.makeQuery (packages/malloy/src/model/query_query.ts:178:13)

  console.log
    [QueryQuery.prepare] About to addStructToJoin with this.parent: {
      parentDefType: 'table',
      parentDefName: 'duckdb:malloytest.state_facts',
      parentHasParent: false,
      parentSourceArgs: [ 'param' ]
    }

      at QueryQueryReduce.prepare (packages/malloy/src/model/query_query.ts:565:15)

  console.log
    [addStructToJoin] Called with QueryStruct: {
      name: 'base',
      qsDefType: 'table',
      qsHasParent: false,
      qsParentName: undefined,
      qsSourceArgs: [ 'param' ]
    }

      at FieldInstanceResultRoot.addStructToJoin (packages/malloy/src/model/field_instance.ts:465:13)

  console.log
    [addStructToJoin] Parent check: {
      hasQsParent: false,
      hasParentStruct: false,
      parentStructName: undefined
    }

      at FieldInstanceResultRoot.addStructToJoin (packages/malloy/src/model/field_instance.ts:488:13)

  console.log
    [addStructToJoin] Creating new JoinInstance

      at FieldInstanceResultRoot.addStructToJoin (packages/malloy/src/model/field_instance.ts:501:15)

  console.log
    [JoinInstance constructor] Creating join instance: {
      alias: 'base',
      qsDefType: 'table',
      qsDefName: 'duckdb:malloytest.state_facts',
      qsHasParent: false,
      qsParentName: undefined,
      qsParentType: undefined
    }

      at new JoinInstance (packages/malloy/src/model/join_instance.ts:25:13)

  console.log
    [generateParameterFragment] Looking for parameter: {
      paramName: 'param',
      contextStructName: 'duckdb:malloytest.state_facts',
      contextArgs: [ 'param' ],
      hasParent: false
    }

      at generateParameterFragment (packages/malloy/src/model/expression_compiler.ts:761:11)

  console.log
    [generateParameterFragment] Parent chain [0]: {
      structName: 'duckdb:malloytest.state_facts',
      structType: 'table',
      hasSourceArgs: true,
      sourceArgKeys: [ 'param' ],
      argKeys: [ 'param' ],
      paramValue: { hasValue: true, valueNode: 'numberLiteral' }
    }

      at generateParameterFragment (packages/malloy/src/model/expression_compiler.ts:772:13)

  console.log
    [getStructSourceSQL] Called with struct type: {
      type: 'table',
      name: 'duckdb:malloytest.state_facts',
      callStackSize: 0
    }

      at QueryQueryReduce.getStructSourceSQL (packages/malloy/src/model/query_query.ts:895:13)

  console.log
    [ParameterSpace constructor] Created with parameters: [ 'param' ]

      at new ParameterSpace (packages/malloy/src/lang/ast/field-space/parameter-space.ts:29:13)

  console.log
    [StaticSpace.map] Building map for 'duckdb:malloytest.state_facts', is StaticSourceSpace: false, has parameterSpaceRef: N/A

      at RefinedSpace.get map [as map] (packages/malloy/src/lang/ast/field-space/static-space.ts:102:15)

  console.log
    [StaticSpace.map] Adding field 'state', isJoined: false

      at RefinedSpace.get map [as map] (packages/malloy/src/lang/ast/field-space/static-space.ts:113:17)

  console.log
    [StaticSpace.map] Adding field 'aircraft_count', isJoined: false

      at RefinedSpace.get map [as map] (packages/malloy/src/lang/ast/field-space/static-space.ts:113:17)

  console.log
    [StaticSpace.map] Adding field 'airport_count', isJoined: false

      at RefinedSpace.get map [as map] (packages/malloy/src/lang/ast/field-space/static-space.ts:113:17)

  console.log
    [StaticSpace.map] Adding field 'births', isJoined: false

      at RefinedSpace.get map [as map] (packages/malloy/src/lang/ast/field-space/static-space.ts:113:17)

  console.log
    [StaticSpace.map] Adding field 'popular_name', isJoined: false

      at RefinedSpace.get map [as map] (packages/malloy/src/lang/ast/field-space/static-space.ts:113:17)

  console.log
    [ParameterSpace constructor] Created with parameters: [ 'param' ]

      at new ParameterSpace (packages/malloy/src/lang/ast/field-space/parameter-space.ts:29:13)

  console.log
    [StaticSpace.lookup] Looking up 'param'

      at RefinedSpace.lookup (packages/malloy/src/lang/ast/field-space/static-space.ts:176:13)

  console.log
    [StaticSpace.lookup] Found 'param'

      at RefinedSpace.lookup (packages/malloy/src/lang/ast/field-space/static-space.ts:188:13)

  console.log
    [ParameterSpace constructor] Created with parameters: [ 'param' ]

      at new ParameterSpace (packages/malloy/src/lang/ast/field-space/parameter-space.ts:29:13)

  console.log
    [ParameterSpace.entry] Looking up 'param', available: [ 'param' ] found: true

      at ParameterSpace.entry (packages/malloy/src/lang/ast/field-space/parameter-space.ts:44:13)

  console.log
    [ParameterSpace.entry] Looking up 'param', available: [ 'param' ] found: true

      at ParameterSpace.entry (packages/malloy/src/lang/ast/field-space/parameter-space.ts:44:13)

  console.log
    [StaticSpace.map] Building map for 'duckdb:malloytest.state_facts', is StaticSourceSpace: false, has parameterSpaceRef: N/A

      at RefinedSpace.get map [as map] (packages/malloy/src/lang/ast/field-space/static-space.ts:102:15)

  console.log
    [StaticSpace.map] Adding field 'state', isJoined: false

      at RefinedSpace.get map [as map] (packages/malloy/src/lang/ast/field-space/static-space.ts:113:17)

  console.log
    [StaticSpace.map] Adding field 'aircraft_count', isJoined: false

      at RefinedSpace.get map [as map] (packages/malloy/src/lang/ast/field-space/static-space.ts:113:17)

  console.log
    [StaticSpace.map] Adding field 'airport_count', isJoined: false

      at RefinedSpace.get map [as map] (packages/malloy/src/lang/ast/field-space/static-space.ts:113:17)

  console.log
    [StaticSpace.map] Adding field 'births', isJoined: false

      at RefinedSpace.get map [as map] (packages/malloy/src/lang/ast/field-space/static-space.ts:113:17)

  console.log
    [StaticSpace.map] Adding field 'popular_name', isJoined: false

      at RefinedSpace.get map [as map] (packages/malloy/src/lang/ast/field-space/static-space.ts:113:17)

  console.log
    [StaticSpace.map] Adding field 'param_value', isJoined: false

      at RefinedSpace.get map [as map] (packages/malloy/src/lang/ast/field-space/static-space.ts:113:17)

  console.log
    [ParameterSpace constructor] Created with parameters: [ 'param' ]

      at new ParameterSpace (packages/malloy/src/lang/ast/field-space/parameter-space.ts:29:13)

  console.log
    [SQArrow.getQuery] Called

      at SQArrow.getQuery (packages/malloy/src/lang/ast/source-query-elements/sq-arrow.ts:53:13)

  console.log
    [SQArrow.getQuery] LHS is: namedSource, instanceof Source: true

      at SQArrow.getQuery (packages/malloy/src/lang/ast/source-query-elements/sq-arrow.ts:72:13)

  console.log
    [SQArrow.getQuery] sourceDef.parameters: []

      at SQArrow.getQuery (packages/malloy/src/lang/ast/source-query-elements/sq-arrow.ts:80:15)

  console.log
    [SQArrow.getQuery] sourceDef.arguments: [ 'param' ]

      at SQArrow.getQuery (packages/malloy/src/lang/ast/source-query-elements/sq-arrow.ts:84:15)

  console.log
    [ParameterSpace constructor] Created with parameters: [ 'param' ]

      at new ParameterSpace (packages/malloy/src/lang/ast/field-space/parameter-space.ts:29:13)

  console.log
    [SQArrow.getQuery] Created parameterSpace from source arguments: [ 'param' ]

      at SQArrow.getQuery (packages/malloy/src/lang/ast/source-query-elements/sq-arrow.ts:103:17)

  console.log
    [QueryArrow constructor] Created with source: namedSource, parameterSpace: [ 'param' ]

      at new QueryArrow (packages/malloy/src/lang/ast/query-elements/query-arrow.ts:60:15)

  console.log
    [StaticSourceSpace constructor] Created with parameterSpaceRef: true source name: duckdb:malloytest.state_facts

      at new StaticSourceSpace (packages/malloy/src/lang/ast/field-space/static-space.ts:312:13)

  console.log
    [QueryArrow.queryComp] Source: namedSource, fieldSpace WITH parameterSpace: [ 'param' ]

      at QueryArrow.queryComp (packages/malloy/src/lang/ast/query-elements/query-arrow.ts:120:17)

  console.log
    [QueryArrow.queryComp] Calling view.pipelineComp with fieldSpace

      at QueryArrow.queryComp (packages/malloy/src/lang/ast/query-elements/query-arrow.ts:161:13)

  console.log
    [StaticSpace.map] Building map for 'duckdb:malloytest.state_facts', is StaticSourceSpace: false, has parameterSpaceRef: N/A

      at ReduceFieldSpace.get map [as map] (packages/malloy/src/lang/ast/field-space/static-space.ts:102:15)

  console.log
    [StaticSpace.lookup] Looking up 'param_value'

      at QueryInputSpace.lookup (packages/malloy/src/lang/ast/field-space/static-space.ts:176:13)

  console.log
    [QueryInputSpace.entry] Looking up 'param_value'

      at QueryInputSpace.entry (packages/malloy/src/lang/ast/field-space/query-input-space.ts:108:13)

  console.log
    [StaticSpace.map] Building map for 'duckdb:malloytest.state_facts', is StaticSourceSpace: false, has parameterSpaceRef: N/A

      at QueryInputSpace.get map [as map] (packages/malloy/src/lang/ast/field-space/static-space.ts:102:15)

  console.log
    [StaticSpace.map] Adding field 'state', isJoined: false

      at QueryInputSpace.get map [as map] (packages/malloy/src/lang/ast/field-space/static-space.ts:113:17)

  console.log
    [StaticSpace.map] Adding field 'aircraft_count', isJoined: false

      at QueryInputSpace.get map [as map] (packages/malloy/src/lang/ast/field-space/static-space.ts:113:17)

  console.log
    [StaticSpace.map] Adding field 'airport_count', isJoined: false

      at QueryInputSpace.get map [as map] (packages/malloy/src/lang/ast/field-space/static-space.ts:113:17)

  console.log
    [StaticSpace.map] Adding field 'births', isJoined: false

      at QueryInputSpace.get map [as map] (packages/malloy/src/lang/ast/field-space/static-space.ts:113:17)

  console.log
    [StaticSpace.map] Adding field 'popular_name', isJoined: false

      at QueryInputSpace.get map [as map] (packages/malloy/src/lang/ast/field-space/static-space.ts:113:17)

  console.log
    [StaticSpace.map] Adding field 'param_value', isJoined: false

      at QueryInputSpace.get map [as map] (packages/malloy/src/lang/ast/field-space/static-space.ts:113:17)

  console.log
    [QueryInputSpace.entry] Found 'param_value' in fields

      at QueryInputSpace.entry (packages/malloy/src/lang/ast/field-space/query-input-space.ts:112:15)

  console.log
    [StaticSpace.lookup] Found 'param_value'

      at QueryInputSpace.lookup (packages/malloy/src/lang/ast/field-space/static-space.ts:188:13)

  console.log
    [StaticSpace.lookup] Looking up 'param_value'

      at QueryInputSpace.lookup (packages/malloy/src/lang/ast/field-space/static-space.ts:176:13)

  console.log
    [QueryInputSpace.entry] Looking up 'param_value'

      at QueryInputSpace.entry (packages/malloy/src/lang/ast/field-space/query-input-space.ts:108:13)

  console.log
    [QueryInputSpace.entry] Found 'param_value' in fields

      at QueryInputSpace.entry (packages/malloy/src/lang/ast/field-space/query-input-space.ts:112:15)

  console.log
    [StaticSpace.lookup] Found 'param_value'

      at QueryInputSpace.lookup (packages/malloy/src/lang/ast/field-space/static-space.ts:188:13)

  console.log
    [QueryInputSpace.parameterSpace] Called

      at QueryInputSpace.parameterSpace (packages/malloy/src/lang/ast/field-space/query-input-space.ts:84:13)

  console.log
    [QueryInputSpace.parameterSpace] Got from queryOutput: [ 'param' ]

      at QueryInputSpace.parameterSpace (packages/malloy/src/lang/ast/field-space/query-input-space.ts:88:15)

  console.log
    [StaticSpace.lookup] Looking up 'param_value'

      at QueryInputSpace.lookup (packages/malloy/src/lang/ast/field-space/static-space.ts:176:13)

  console.log
    [QueryInputSpace.entry] Looking up 'param_value'

      at QueryInputSpace.entry (packages/malloy/src/lang/ast/field-space/query-input-space.ts:108:13)

  console.log
    [QueryInputSpace.entry] Found 'param_value' in fields

      at QueryInputSpace.entry (packages/malloy/src/lang/ast/field-space/query-input-space.ts:112:15)

  console.log
    [StaticSpace.lookup] Found 'param_value'

      at QueryInputSpace.lookup (packages/malloy/src/lang/ast/field-space/static-space.ts:188:13)

  console.log
    [QueryArrow.queryComp] Creating comp.query: {
      inputStructName: 'duckdb:malloytest.state_facts',
      inputStructType: 'table',
      inputStructArguments: [ 'param' ],
      sourceArgumentsKeys: [ 'param' ],
      sourceArgumentsHasValues: [ [ 'param', true ] ],
      pipelineLength: 1
    }

      at QueryArrow.queryComp (packages/malloy/src/lang/ast/query-elements/query-arrow.ts:244:13)


>>> QueryModelImpl constructor called <<<
  console.log
    [QueryStruct constructor] Creating: {
      structType: 'table',
      structName: 'duckdb:malloytest.state_facts',
      parentHasStruct: false,
      parentHasModel: true,
      parentStructType: undefined,
      sourceArgKeys: []
    }

      at new QueryStruct (packages/malloy/src/model/query_node.ts:417:13)

  console.log
    [QueryStruct.setParent] Called for: {
      thisStructType: 'table',
      thisStructName: 'duckdb:malloytest.state_facts',
      parentHasStruct: false,
      parentHasModel: true,
      parentStructType: undefined,
      parentStructName: undefined
    }

      at QueryStruct.setParent (packages/malloy/src/model/query_node.ts:1054:13)

  console.log
    [QueryStruct constructor] Creating: {
      structType: 'table',
      structName: 'duckdb:malloytest.state_facts',
      parentHasStruct: false,
      parentHasModel: true,
      parentStructType: undefined,
      sourceArgKeys: []
    }

      at new QueryStruct (packages/malloy/src/model/query_node.ts:417:13)

  console.log
    [QueryStruct.setParent] Called for: {
      thisStructType: 'table',
      thisStructName: 'duckdb:malloytest.state_facts',
      parentHasStruct: false,
      parentHasModel: true,
      parentStructType: undefined,
      parentStructName: undefined
    }

      at QueryStruct.setParent (packages/malloy/src/model/query_node.ts:1054:13)


>>> [compileQuery] CALLED! hasSourceArguments=true, keys=param <<<
  console.log
    [compileQuery] Called with query: {
      hasSourceArguments: true,
      sourceArgumentsKeys: [ 'param' ],
      sourceArgumentsStringified: '{"param":{"type":"number","value":{"node":"numberLiteral","literal":"11"},"name":"param"}}'
    }

      at QueryModelImpl.compileQuery (packages/malloy/src/model/query_model_impl.ts:283:13)

  console.log
    [QueryModelImpl.loadQuery] CALLED FROM: QUERY_COMPILATION { isJoinedSubquery: false, hasArgs: true }

      at QueryModelImpl.loadQuery (packages/malloy/src/model/query_model_impl.ts:148:13)

  console.log
    [QueryModelImpl.loadQuery] query object: {
      hasStructRef: true,
      structRefType: 'string',
      structRefName: 'ab_new_new',
      hasSourceArguments: true,
      sourceArgumentsType: 'object',
      sourceArgumentsKeys: [ 'param' ],
      sourceArgumentsStringified: '{"param":{"type":"number","value":{"node":"numberLiteral","literal":"11"},"name":"param"}}',
      structRefIsObject: false,
      structRefHasArguments: false,
      structRefArgumentsKeys: [],
      structRefArgumentsStringified: 'none'
    }

      at QueryModelImpl.loadQuery (packages/malloy/src/model/query_model_impl.ts:155:13)

  console.log
    [QueryStruct constructor] Creating: {
      structType: 'table',
      structName: 'duckdb:malloytest.state_facts',
      parentHasStruct: false,
      parentHasModel: true,
      parentStructType: undefined,
      sourceArgKeys: [ 'param' ]
    }

      at new QueryStruct (packages/malloy/src/model/query_node.ts:417:13)

  console.log
    [QueryStruct.setParent] Called for: {
      thisStructType: 'table',
      thisStructName: 'duckdb:malloytest.state_facts',
      parentHasStruct: false,
      parentHasModel: true,
      parentStructType: undefined,
      parentStructName: undefined
    }

      at QueryStruct.setParent (packages/malloy/src/model/query_node.ts:1054:13)

  console.log
    [QueryQuery.makeQuery] Called with parentStruct: {
      parentDefType: 'table',
      parentDefName: 'duckdb:malloytest.state_facts',
      parentHasParent: false,
      parentParentName: undefined,
      parentSourceArgs: [ 'param' ],
      isJoinedSubquery: false,
      callStack: 'at Function.makeQuery (/Users/catalinadler/dev/malloy-cata02/packages/malloy/src/model/query_query.ts:173:7)\n' +
        '  at QueryModelImpl.loadQuery (/Users/catalinadler/dev/malloy-cata02/packages/malloy/src/model/query_model_impl.ts:208:26)\n' +
        '  at QueryModelImpl.compileQuery (/Users/catalinadler/dev/malloy-cata02/packages/malloy/src/model/query_model_impl.ts:299:19)\n' +
        '  at PreparedQuery.getPreparedResult (/Users/catalinadler/dev/malloy-cata02/packages/malloy/src/malloy.ts:988:40)\n' +
        '  at PreparedResultMaterializer._materialize (/Users/catalinadler/dev/malloy-cata02/packages/malloy/src/malloy.ts:3146:41)\n' +
        '  at async QueryMaterializer.run (/Users/catalinadler/dev/malloy-cata02/packages/malloy/src/malloy.ts:3115:28)\n' +
        '  at async runQuery (/Users/catalinadler/dev/malloy-cata02/test/src/util/db-matcher-support.ts:82:14)'
    }

      at Function.makeQuery (packages/malloy/src/model/query_query.ts:178:13)

  console.log
    [QueryQuery.prepare] About to addStructToJoin with this.parent: {
      parentDefType: 'table',
      parentDefName: 'duckdb:malloytest.state_facts',
      parentHasParent: false,
      parentSourceArgs: [ 'param' ]
    }

      at QueryQueryReduce.prepare (packages/malloy/src/model/query_query.ts:565:15)

  console.log
    [addStructToJoin] Called with QueryStruct: {
      name: 'base',
      qsDefType: 'table',
      qsHasParent: false,
      qsParentName: undefined,
      qsSourceArgs: [ 'param' ]
    }

      at FieldInstanceResultRoot.addStructToJoin (packages/malloy/src/model/field_instance.ts:465:13)

  console.log
    [addStructToJoin] Parent check: {
      hasQsParent: false,
      hasParentStruct: false,
      parentStructName: undefined
    }

      at FieldInstanceResultRoot.addStructToJoin (packages/malloy/src/model/field_instance.ts:488:13)

  console.log
    [addStructToJoin] Creating new JoinInstance

      at FieldInstanceResultRoot.addStructToJoin (packages/malloy/src/model/field_instance.ts:501:15)

  console.log
    [JoinInstance constructor] Creating join instance: {
      alias: 'base',
      qsDefType: 'table',
      qsDefName: 'duckdb:malloytest.state_facts',
      qsHasParent: false,
      qsParentName: undefined,
      qsParentType: undefined
    }

      at new JoinInstance (packages/malloy/src/model/join_instance.ts:25:13)

  console.log
    [generateParameterFragment] Looking for parameter: {
      paramName: 'param',
      contextStructName: 'duckdb:malloytest.state_facts',
      contextArgs: [ 'param' ],
      hasParent: false
    }

      at generateParameterFragment (packages/malloy/src/model/expression_compiler.ts:761:11)

  console.log
    [generateParameterFragment] Parent chain [0]: {
      structName: 'duckdb:malloytest.state_facts',
      structType: 'table',
      hasSourceArgs: true,
      sourceArgKeys: [ 'param' ],
      argKeys: [ 'param' ],
      paramValue: { hasValue: true, valueNode: 'numberLiteral' }
    }

      at generateParameterFragment (packages/malloy/src/model/expression_compiler.ts:772:13)

  console.log
    [getStructSourceSQL] Called with struct type: {
      type: 'table',
      name: 'duckdb:malloytest.state_facts',
      callStackSize: 0
    }

      at QueryQueryReduce.getStructSourceSQL (packages/malloy/src/model/query_query.ts:895:13)

  console.log
    [ParameterSpace constructor] Created with parameters: [ 'param' ]

      at new ParameterSpace (packages/malloy/src/lang/ast/field-space/parameter-space.ts:29:13)

  console.log
    [StaticSpace.map] Building map for 'duckdb:malloytest.state_facts', is StaticSourceSpace: false, has parameterSpaceRef: N/A

      at RefinedSpace.get map [as map] (packages/malloy/src/lang/ast/field-space/static-space.ts:102:15)

  console.log
    [StaticSpace.map] Adding field 'state', isJoined: false

      at RefinedSpace.get map [as map] (packages/malloy/src/lang/ast/field-space/static-space.ts:113:17)

  console.log
    [StaticSpace.map] Adding field 'aircraft_count', isJoined: false

      at RefinedSpace.get map [as map] (packages/malloy/src/lang/ast/field-space/static-space.ts:113:17)

  console.log
    [StaticSpace.map] Adding field 'airport_count', isJoined: false

      at RefinedSpace.get map [as map] (packages/malloy/src/lang/ast/field-space/static-space.ts:113:17)

  console.log
    [StaticSpace.map] Adding field 'births', isJoined: false

      at RefinedSpace.get map [as map] (packages/malloy/src/lang/ast/field-space/static-space.ts:113:17)

  console.log
    [StaticSpace.map] Adding field 'popular_name', isJoined: false

      at RefinedSpace.get map [as map] (packages/malloy/src/lang/ast/field-space/static-space.ts:113:17)

  console.log
    [ParameterSpace constructor] Created with parameters: [ 'param' ]

      at new ParameterSpace (packages/malloy/src/lang/ast/field-space/parameter-space.ts:29:13)

  console.log
    [StaticSpace.lookup] Looking up 'param'

      at RefinedSpace.lookup (packages/malloy/src/lang/ast/field-space/static-space.ts:176:13)

  console.log
    [StaticSpace.lookup] Found 'param'

      at RefinedSpace.lookup (packages/malloy/src/lang/ast/field-space/static-space.ts:188:13)

  console.log
    [ParameterSpace constructor] Created with parameters: [ 'param' ]

      at new ParameterSpace (packages/malloy/src/lang/ast/field-space/parameter-space.ts:29:13)

  console.log
    [ParameterSpace.entry] Looking up 'param', available: [ 'param' ] found: true

      at ParameterSpace.entry (packages/malloy/src/lang/ast/field-space/parameter-space.ts:44:13)

  console.log
    [ParameterSpace.entry] Looking up 'param', available: [ 'param' ] found: true

      at ParameterSpace.entry (packages/malloy/src/lang/ast/field-space/parameter-space.ts:44:13)

  console.log
    [StaticSpace.map] Building map for 'duckdb:malloytest.state_facts', is StaticSourceSpace: false, has parameterSpaceRef: N/A

      at RefinedSpace.get map [as map] (packages/malloy/src/lang/ast/field-space/static-space.ts:102:15)

  console.log
    [StaticSpace.map] Adding field 'state', isJoined: false

      at RefinedSpace.get map [as map] (packages/malloy/src/lang/ast/field-space/static-space.ts:113:17)

  console.log
    [StaticSpace.map] Adding field 'aircraft_count', isJoined: false

      at RefinedSpace.get map [as map] (packages/malloy/src/lang/ast/field-space/static-space.ts:113:17)

  console.log
    [StaticSpace.map] Adding field 'airport_count', isJoined: false

      at RefinedSpace.get map [as map] (packages/malloy/src/lang/ast/field-space/static-space.ts:113:17)

  console.log
    [StaticSpace.map] Adding field 'births', isJoined: false

      at RefinedSpace.get map [as map] (packages/malloy/src/lang/ast/field-space/static-space.ts:113:17)

  console.log
    [StaticSpace.map] Adding field 'popular_name', isJoined: false

      at RefinedSpace.get map [as map] (packages/malloy/src/lang/ast/field-space/static-space.ts:113:17)

  console.log
    [StaticSpace.map] Adding field 'param_value', isJoined: false

      at RefinedSpace.get map [as map] (packages/malloy/src/lang/ast/field-space/static-space.ts:113:17)

  console.log
    [ParameterSpace constructor] Created with parameters: [ 'param' ]

      at new ParameterSpace (packages/malloy/src/lang/ast/field-space/parameter-space.ts:29:13)

  console.log
    [SQArrow.getQuery] Called

      at SQArrow.getQuery (packages/malloy/src/lang/ast/source-query-elements/sq-arrow.ts:53:13)

  console.log
    [SQArrow.getQuery] LHS is: namedSource, instanceof Source: true

      at SQArrow.getQuery (packages/malloy/src/lang/ast/source-query-elements/sq-arrow.ts:72:13)

  console.log
    [SQArrow.getQuery] sourceDef.parameters: []

      at SQArrow.getQuery (packages/malloy/src/lang/ast/source-query-elements/sq-arrow.ts:80:15)

  console.log
    [SQArrow.getQuery] sourceDef.arguments: [ 'param' ]

      at SQArrow.getQuery (packages/malloy/src/lang/ast/source-query-elements/sq-arrow.ts:84:15)

  console.log
    [ParameterSpace constructor] Created with parameters: [ 'param' ]

      at new ParameterSpace (packages/malloy/src/lang/ast/field-space/parameter-space.ts:29:13)

  console.log
    [SQArrow.getQuery] Created parameterSpace from source arguments: [ 'param' ]

      at SQArrow.getQuery (packages/malloy/src/lang/ast/source-query-elements/sq-arrow.ts:103:17)

  console.log
    [QueryArrow constructor] Created with source: namedSource, parameterSpace: [ 'param' ]

      at new QueryArrow (packages/malloy/src/lang/ast/query-elements/query-arrow.ts:60:15)

  console.log
    [StaticSourceSpace constructor] Created with parameterSpaceRef: true source name: duckdb:malloytest.state_facts

      at new StaticSourceSpace (packages/malloy/src/lang/ast/field-space/static-space.ts:312:13)

  console.log
    [QueryArrow.queryComp] Source: namedSource, fieldSpace WITH parameterSpace: [ 'param' ]

      at QueryArrow.queryComp (packages/malloy/src/lang/ast/query-elements/query-arrow.ts:120:17)

  console.log
    [QueryArrow.queryComp] Calling view.pipelineComp with fieldSpace

      at QueryArrow.queryComp (packages/malloy/src/lang/ast/query-elements/query-arrow.ts:161:13)

  console.log
    [StaticSpace.map] Building map for 'duckdb:malloytest.state_facts', is StaticSourceSpace: false, has parameterSpaceRef: N/A

      at ReduceFieldSpace.get map [as map] (packages/malloy/src/lang/ast/field-space/static-space.ts:102:15)

  console.log
    [StaticSpace.lookup] Looking up 'param_value'

      at QueryInputSpace.lookup (packages/malloy/src/lang/ast/field-space/static-space.ts:176:13)

  console.log
    [QueryInputSpace.entry] Looking up 'param_value'

      at QueryInputSpace.entry (packages/malloy/src/lang/ast/field-space/query-input-space.ts:108:13)

  console.log
    [StaticSpace.map] Building map for 'duckdb:malloytest.state_facts', is StaticSourceSpace: false, has parameterSpaceRef: N/A

      at QueryInputSpace.get map [as map] (packages/malloy/src/lang/ast/field-space/static-space.ts:102:15)

  console.log
    [StaticSpace.map] Adding field 'state', isJoined: false

      at QueryInputSpace.get map [as map] (packages/malloy/src/lang/ast/field-space/static-space.ts:113:17)

  console.log
    [StaticSpace.map] Adding field 'aircraft_count', isJoined: false

      at QueryInputSpace.get map [as map] (packages/malloy/src/lang/ast/field-space/static-space.ts:113:17)

  console.log
    [StaticSpace.map] Adding field 'airport_count', isJoined: false

      at QueryInputSpace.get map [as map] (packages/malloy/src/lang/ast/field-space/static-space.ts:113:17)

  console.log
    [StaticSpace.map] Adding field 'births', isJoined: false

      at QueryInputSpace.get map [as map] (packages/malloy/src/lang/ast/field-space/static-space.ts:113:17)

  console.log
    [StaticSpace.map] Adding field 'popular_name', isJoined: false

      at QueryInputSpace.get map [as map] (packages/malloy/src/lang/ast/field-space/static-space.ts:113:17)

  console.log
    [StaticSpace.map] Adding field 'param_value', isJoined: false

      at QueryInputSpace.get map [as map] (packages/malloy/src/lang/ast/field-space/static-space.ts:113:17)

  console.log
    [QueryInputSpace.entry] Found 'param_value' in fields

      at QueryInputSpace.entry (packages/malloy/src/lang/ast/field-space/query-input-space.ts:112:15)

  console.log
    [StaticSpace.lookup] Found 'param_value'

      at QueryInputSpace.lookup (packages/malloy/src/lang/ast/field-space/static-space.ts:188:13)

  console.log
    [StaticSpace.lookup] Looking up 'param_value'

      at QueryInputSpace.lookup (packages/malloy/src/lang/ast/field-space/static-space.ts:176:13)

  console.log
    [QueryInputSpace.entry] Looking up 'param_value'

      at QueryInputSpace.entry (packages/malloy/src/lang/ast/field-space/query-input-space.ts:108:13)

  console.log
    [QueryInputSpace.entry] Found 'param_value' in fields

      at QueryInputSpace.entry (packages/malloy/src/lang/ast/field-space/query-input-space.ts:112:15)

  console.log
    [StaticSpace.lookup] Found 'param_value'

      at QueryInputSpace.lookup (packages/malloy/src/lang/ast/field-space/static-space.ts:188:13)

  console.log
    [QueryInputSpace.parameterSpace] Called

      at QueryInputSpace.parameterSpace (packages/malloy/src/lang/ast/field-space/query-input-space.ts:84:13)

  console.log
    [QueryInputSpace.parameterSpace] Got from queryOutput: [ 'param' ]

      at QueryInputSpace.parameterSpace (packages/malloy/src/lang/ast/field-space/query-input-space.ts:88:15)

  console.log
    [StaticSpace.lookup] Looking up 'param_value'

      at QueryInputSpace.lookup (packages/malloy/src/lang/ast/field-space/static-space.ts:176:13)

  console.log
    [QueryInputSpace.entry] Looking up 'param_value'

      at QueryInputSpace.entry (packages/malloy/src/lang/ast/field-space/query-input-space.ts:108:13)

  console.log
    [QueryInputSpace.entry] Found 'param_value' in fields

      at QueryInputSpace.entry (packages/malloy/src/lang/ast/field-space/query-input-space.ts:112:15)

  console.log
    [StaticSpace.lookup] Found 'param_value'

      at QueryInputSpace.lookup (packages/malloy/src/lang/ast/field-space/static-space.ts:188:13)

  console.log
    [QueryArrow.queryComp] Creating comp.query: {
      inputStructName: 'duckdb:malloytest.state_facts',
      inputStructType: 'table',
      inputStructArguments: [ 'param' ],
      sourceArgumentsKeys: [ 'param' ],
      sourceArgumentsHasValues: [ [ 'param', true ] ],
      pipelineLength: 1
    }

      at QueryArrow.queryComp (packages/malloy/src/lang/ast/query-elements/query-arrow.ts:244:13)


>>> QueryModelImpl constructor called <<<
  console.log
    [QueryStruct constructor] Creating: {
      structType: 'table',
      structName: 'duckdb:malloytest.state_facts',
      parentHasStruct: false,
      parentHasModel: true,
      parentStructType: undefined,
      sourceArgKeys: []
    }

      at new QueryStruct (packages/malloy/src/model/query_node.ts:417:13)

  console.log
    [QueryStruct.setParent] Called for: {
      thisStructType: 'table',
      thisStructName: 'duckdb:malloytest.state_facts',
      parentHasStruct: false,
      parentHasModel: true,
      parentStructType: undefined,
      parentStructName: undefined
    }

      at QueryStruct.setParent (packages/malloy/src/model/query_node.ts:1054:13)

  console.log
    [QueryStruct constructor] Creating: {
      structType: 'table',
      structName: 'duckdb:malloytest.state_facts',
      parentHasStruct: false,
      parentHasModel: true,
      parentStructType: undefined,
      sourceArgKeys: []
    }

      at new QueryStruct (packages/malloy/src/model/query_node.ts:417:13)

  console.log
    [QueryStruct.setParent] Called for: {
      thisStructType: 'table',
      thisStructName: 'duckdb:malloytest.state_facts',
      parentHasStruct: false,
      parentHasModel: true,
      parentStructType: undefined,
      parentStructName: undefined
    }

      at QueryStruct.setParent (packages/malloy/src/model/query_node.ts:1054:13)


>>> [compileQuery] CALLED! hasSourceArguments=true, keys=param <<<
  console.log
    [compileQuery] Called with query: {
      hasSourceArguments: true,
      sourceArgumentsKeys: [ 'param' ],
      sourceArgumentsStringified: '{"param":{"type":"number","value":{"node":"numberLiteral","literal":"11"},"name":"param"}}'
    }

      at QueryModelImpl.compileQuery (packages/malloy/src/model/query_model_impl.ts:283:13)

  console.log
    [QueryModelImpl.loadQuery] CALLED FROM: QUERY_COMPILATION { isJoinedSubquery: false, hasArgs: true }

      at QueryModelImpl.loadQuery (packages/malloy/src/model/query_model_impl.ts:148:13)

  console.log
    [QueryModelImpl.loadQuery] query object: {
      hasStructRef: true,
      structRefType: 'string',
      structRefName: 'ab_new_new',
      hasSourceArguments: true,
      sourceArgumentsType: 'object',
      sourceArgumentsKeys: [ 'param' ],
      sourceArgumentsStringified: '{"param":{"type":"number","value":{"node":"numberLiteral","literal":"11"},"name":"param"}}',
      structRefIsObject: false,
      structRefHasArguments: false,
      structRefArgumentsKeys: [],
      structRefArgumentsStringified: 'none'
    }

      at QueryModelImpl.loadQuery (packages/malloy/src/model/query_model_impl.ts:155:13)

  console.log
    [QueryStruct constructor] Creating: {
      structType: 'table',
      structName: 'duckdb:malloytest.state_facts',
      parentHasStruct: false,
      parentHasModel: true,
      parentStructType: undefined,
      sourceArgKeys: [ 'param' ]
    }

      at new QueryStruct (packages/malloy/src/model/query_node.ts:417:13)

  console.log
    [QueryStruct.setParent] Called for: {
      thisStructType: 'table',
      thisStructName: 'duckdb:malloytest.state_facts',
      parentHasStruct: false,
      parentHasModel: true,
      parentStructType: undefined,
      parentStructName: undefined
    }

      at QueryStruct.setParent (packages/malloy/src/model/query_node.ts:1054:13)

  console.log
    [QueryQuery.makeQuery] Called with parentStruct: {
      parentDefType: 'table',
      parentDefName: 'duckdb:malloytest.state_facts',
      parentHasParent: false,
      parentParentName: undefined,
      parentSourceArgs: [ 'param' ],
      isJoinedSubquery: false,
      callStack: 'at Function.makeQuery (/Users/catalinadler/dev/malloy-cata02/packages/malloy/src/model/query_query.ts:173:7)\n' +
        '  at QueryModelImpl.loadQuery (/Users/catalinadler/dev/malloy-cata02/packages/malloy/src/model/query_model_impl.ts:208:26)\n' +
        '  at QueryModelImpl.compileQuery (/Users/catalinadler/dev/malloy-cata02/packages/malloy/src/model/query_model_impl.ts:299:19)\n' +
        '  at PreparedQuery.getPreparedResult (/Users/catalinadler/dev/malloy-cata02/packages/malloy/src/malloy.ts:988:40)\n' +
        '  at PreparedResultMaterializer._materialize (/Users/catalinadler/dev/malloy-cata02/packages/malloy/src/malloy.ts:3146:41)\n' +
        '  at async QueryMaterializer.run (/Users/catalinadler/dev/malloy-cata02/packages/malloy/src/malloy.ts:3115:28)\n' +
        '  at async runQuery (/Users/catalinadler/dev/malloy-cata02/test/src/util/db-matcher-support.ts:82:14)'
    }

      at Function.makeQuery (packages/malloy/src/model/query_query.ts:178:13)

  console.log
    [QueryQuery.prepare] About to addStructToJoin with this.parent: {
      parentDefType: 'table',
      parentDefName: 'duckdb:malloytest.state_facts',
      parentHasParent: false,
      parentSourceArgs: [ 'param' ]
    }

      at QueryQueryReduce.prepare (packages/malloy/src/model/query_query.ts:565:15)

  console.log
    [addStructToJoin] Called with QueryStruct: {
      name: 'base',
      qsDefType: 'table',
      qsHasParent: false,
      qsParentName: undefined,
      qsSourceArgs: [ 'param' ]
    }

      at FieldInstanceResultRoot.addStructToJoin (packages/malloy/src/model/field_instance.ts:465:13)

  console.log
    [addStructToJoin] Parent check: {
      hasQsParent: false,
      hasParentStruct: false,
      parentStructName: undefined
    }

      at FieldInstanceResultRoot.addStructToJoin (packages/malloy/src/model/field_instance.ts:488:13)

  console.log
    [addStructToJoin] Creating new JoinInstance

      at FieldInstanceResultRoot.addStructToJoin (packages/malloy/src/model/field_instance.ts:501:15)

  console.log
    [JoinInstance constructor] Creating join instance: {
      alias: 'base',
      qsDefType: 'table',
      qsDefName: 'duckdb:malloytest.state_facts',
      qsHasParent: false,
      qsParentName: undefined,
      qsParentType: undefined
    }

      at new JoinInstance (packages/malloy/src/model/join_instance.ts:25:13)

  console.log
    [generateParameterFragment] Looking for parameter: {
      paramName: 'param',
      contextStructName: 'duckdb:malloytest.state_facts',
      contextArgs: [ 'param' ],
      hasParent: false
    }

      at generateParameterFragment (packages/malloy/src/model/expression_compiler.ts:761:11)

  console.log
    [generateParameterFragment] Parent chain [0]: {
      structName: 'duckdb:malloytest.state_facts',
      structType: 'table',
      hasSourceArgs: true,
      sourceArgKeys: [ 'param' ],
      argKeys: [ 'param' ],
      paramValue: { hasValue: true, valueNode: 'numberLiteral' }
    }

      at generateParameterFragment (packages/malloy/src/model/expression_compiler.ts:772:13)

  console.log
    [getStructSourceSQL] Called with struct type: {
      type: 'table',
      name: 'duckdb:malloytest.state_facts',
      callStackSize: 0
    }

      at QueryQueryReduce.getStructSourceSQL (packages/malloy/src/model/query_query.ts:895:13)


>>> QueryModelImpl constructor called <<<
  console.log
    [QueryStruct constructor] Creating: {
      structType: 'table',
      structName: 'duckdb:malloytest.state_facts',
      parentHasStruct: false,
      parentHasModel: true,
      parentStructType: undefined,
      sourceArgKeys: []
    }

      at new QueryStruct (packages/malloy/src/model/query_node.ts:417:13)

  console.log
    [QueryStruct.setParent] Called for: {
      thisStructType: 'table',
      thisStructName: 'duckdb:malloytest.state_facts',
      parentHasStruct: false,
      parentHasModel: true,
      parentStructType: undefined,
      parentStructName: undefined
    }

      at QueryStruct.setParent (packages/malloy/src/model/query_node.ts:1054:13)

  console.log
    [QueryStruct constructor] Creating: {
      structType: 'table',
      structName: 'duckdb:malloytest.state_facts',
      parentHasStruct: false,
      parentHasModel: true,
      parentStructType: undefined,
      sourceArgKeys: []
    }

      at new QueryStruct (packages/malloy/src/model/query_node.ts:417:13)

  console.log
    [QueryStruct.setParent] Called for: {
      thisStructType: 'table',
      thisStructName: 'duckdb:malloytest.state_facts',
      parentHasStruct: false,
      parentHasModel: true,
      parentStructType: undefined,
      parentStructName: undefined
    }

      at QueryStruct.setParent (packages/malloy/src/model/query_node.ts:1054:13)


>>> [compileQuery] CALLED! hasSourceArguments=true, keys=param <<<
  console.log
    [compileQuery] Called with query: {
      hasSourceArguments: true,
      sourceArgumentsKeys: [ 'param' ],
      sourceArgumentsStringified: '{"param":{"type":"number","value":{"node":"numberLiteral","literal":"11"},"name":"param"}}'
    }

      at QueryModelImpl.compileQuery (packages/malloy/src/model/query_model_impl.ts:283:13)

  console.log
    [QueryModelImpl.loadQuery] CALLED FROM: QUERY_COMPILATION { isJoinedSubquery: false, hasArgs: true }

      at QueryModelImpl.loadQuery (packages/malloy/src/model/query_model_impl.ts:148:13)

  console.log
    [QueryModelImpl.loadQuery] query object: {
      hasStructRef: true,
      structRefType: 'string',
      structRefName: 'ab_new_new',
      hasSourceArguments: true,
      sourceArgumentsType: 'object',
      sourceArgumentsKeys: [ 'param' ],
      sourceArgumentsStringified: '{"param":{"type":"number","value":{"node":"numberLiteral","literal":"11"},"name":"param"}}',
      structRefIsObject: false,
      structRefHasArguments: false,
      structRefArgumentsKeys: [],
      structRefArgumentsStringified: 'none'
    }

      at QueryModelImpl.loadQuery (packages/malloy/src/model/query_model_impl.ts:155:13)

  console.log
    [QueryStruct constructor] Creating: {
      structType: 'table',
      structName: 'duckdb:malloytest.state_facts',
      parentHasStruct: false,
      parentHasModel: true,
      parentStructType: undefined,
      sourceArgKeys: [ 'param' ]
    }

      at new QueryStruct (packages/malloy/src/model/query_node.ts:417:13)

  console.log
    [QueryStruct.setParent] Called for: {
      thisStructType: 'table',
      thisStructName: 'duckdb:malloytest.state_facts',
      parentHasStruct: false,
      parentHasModel: true,
      parentStructType: undefined,
      parentStructName: undefined
    }

      at QueryStruct.setParent (packages/malloy/src/model/query_node.ts:1054:13)

  console.log
    [QueryQuery.makeQuery] Called with parentStruct: {
      parentDefType: 'table',
      parentDefName: 'duckdb:malloytest.state_facts',
      parentHasParent: false,
      parentParentName: undefined,
      parentSourceArgs: [ 'param' ],
      isJoinedSubquery: false,
      callStack: 'at Function.makeQuery (/Users/catalinadler/dev/malloy-cata02/packages/malloy/src/model/query_query.ts:173:7)\n' +
        '  at QueryModelImpl.loadQuery (/Users/catalinadler/dev/malloy-cata02/packages/malloy/src/model/query_model_impl.ts:208:26)\n' +
        '  at QueryModelImpl.compileQuery (/Users/catalinadler/dev/malloy-cata02/packages/malloy/src/model/query_model_impl.ts:299:19)\n' +
        '  at PreparedQuery.getPreparedResult (/Users/catalinadler/dev/malloy-cata02/packages/malloy/src/malloy.ts:988:40)\n' +
        '  at PreparedResultMaterializer._materialize (/Users/catalinadler/dev/malloy-cata02/packages/malloy/src/malloy.ts:3146:41)\n' +
        '  at async QueryMaterializer.getSQL (/Users/catalinadler/dev/malloy-cata02/packages/malloy/src/malloy.ts:3171:13)\n' +
        '  at async Object.malloyResultMatches (/Users/catalinadler/dev/malloy-cata02/test/src/util/db-jest-matchers.ts:234:35)'
    }

      at Function.makeQuery (packages/malloy/src/model/query_query.ts:178:13)

  console.log
    [QueryQuery.prepare] About to addStructToJoin with this.parent: {
      parentDefType: 'table',
      parentDefName: 'duckdb:malloytest.state_facts',
      parentHasParent: false,
      parentSourceArgs: [ 'param' ]
    }

      at QueryQueryReduce.prepare (packages/malloy/src/model/query_query.ts:565:15)

  console.log
    [addStructToJoin] Called with QueryStruct: {
      name: 'base',
      qsDefType: 'table',
      qsHasParent: false,
      qsParentName: undefined,
      qsSourceArgs: [ 'param' ]
    }

      at FieldInstanceResultRoot.addStructToJoin (packages/malloy/src/model/field_instance.ts:465:13)

  console.log
    [addStructToJoin] Parent check: {
      hasQsParent: false,
      hasParentStruct: false,
      parentStructName: undefined
    }

      at FieldInstanceResultRoot.addStructToJoin (packages/malloy/src/model/field_instance.ts:488:13)

  console.log
    [addStructToJoin] Creating new JoinInstance

      at FieldInstanceResultRoot.addStructToJoin (packages/malloy/src/model/field_instance.ts:501:15)

  console.log
    [JoinInstance constructor] Creating join instance: {
      alias: 'base',
      qsDefType: 'table',
      qsDefName: 'duckdb:malloytest.state_facts',
      qsHasParent: false,
      qsParentName: undefined,
      qsParentType: undefined
    }

      at new JoinInstance (packages/malloy/src/model/join_instance.ts:25:13)

  console.log
    [generateParameterFragment] Looking for parameter: {
      paramName: 'param',
      contextStructName: 'duckdb:malloytest.state_facts',
      contextArgs: [ 'param' ],
      hasParent: false
    }

      at generateParameterFragment (packages/malloy/src/model/expression_compiler.ts:761:11)

  console.log
    [generateParameterFragment] Parent chain [0]: {
      structName: 'duckdb:malloytest.state_facts',
      structType: 'table',
      hasSourceArgs: true,
      sourceArgKeys: [ 'param' ],
      argKeys: [ 'param' ],
      paramValue: { hasValue: true, valueNode: 'numberLiteral' }
    }

      at generateParameterFragment (packages/malloy/src/model/expression_compiler.ts:772:13)

  console.log
    [getStructSourceSQL] Called with struct type: {
      type: 'table',
      name: 'duckdb:malloytest.state_facts',
      callStackSize: 0
    }

      at QueryQueryReduce.getStructSourceSQL (packages/malloy/src/model/query_query.ts:895:13)

  console.log
    [ParameterSpace constructor] Created with parameters: [ 'param' ]

      at new ParameterSpace (packages/malloy/src/lang/ast/field-space/parameter-space.ts:29:13)

  console.log
    [StaticSpace.map] Building map for 'duckdb:malloytest.state_facts', is StaticSourceSpace: false, has parameterSpaceRef: N/A

      at RefinedSpace.get map [as map] (packages/malloy/src/lang/ast/field-space/static-space.ts:102:15)

  console.log
    [StaticSpace.map] Adding field 'state', isJoined: false

      at RefinedSpace.get map [as map] (packages/malloy/src/lang/ast/field-space/static-space.ts:113:17)

  console.log
    [StaticSpace.map] Adding field 'aircraft_count', isJoined: false

      at RefinedSpace.get map [as map] (packages/malloy/src/lang/ast/field-space/static-space.ts:113:17)

  console.log
    [StaticSpace.map] Adding field 'airport_count', isJoined: false

      at RefinedSpace.get map [as map] (packages/malloy/src/lang/ast/field-space/static-space.ts:113:17)

  console.log
    [StaticSpace.map] Adding field 'births', isJoined: false

      at RefinedSpace.get map [as map] (packages/malloy/src/lang/ast/field-space/static-space.ts:113:17)

  console.log
    [StaticSpace.map] Adding field 'popular_name', isJoined: false

      at RefinedSpace.get map [as map] (packages/malloy/src/lang/ast/field-space/static-space.ts:113:17)

  console.log
    [ParameterSpace constructor] Created with parameters: [ 'param' ]

      at new ParameterSpace (packages/malloy/src/lang/ast/field-space/parameter-space.ts:29:13)

  console.log
    [ParameterSpace constructor] Created with parameters: [ 'param' ]

      at new ParameterSpace (packages/malloy/src/lang/ast/field-space/parameter-space.ts:29:13)

  console.log
    [StaticSpace.lookup] Looking up 'param'

      at RefinedSpace.lookup (packages/malloy/src/lang/ast/field-space/static-space.ts:176:13)

  console.log
    [StaticSpace.lookup] Found 'param'

      at RefinedSpace.lookup (packages/malloy/src/lang/ast/field-space/static-space.ts:188:13)

  console.log
    [StaticSpace.map] Building map for 'duckdb:malloytest.state_facts', is StaticSourceSpace: false, has parameterSpaceRef: N/A

      at ReduceFieldSpace.get map [as map] (packages/malloy/src/lang/ast/field-space/static-space.ts:102:15)

  console.log
    [ParameterSpace constructor] Created with parameters: [ 'param' ]

      at new ParameterSpace (packages/malloy/src/lang/ast/field-space/parameter-space.ts:29:13)

  console.log
    [StaticSpace.lookup] Looking up 'param_value_1'

      at QueryInputSpace.lookup (packages/malloy/src/lang/ast/field-space/static-space.ts:176:13)

  console.log
    [QueryInputSpace.entry] Looking up 'param_value_1'

      at QueryInputSpace.entry (packages/malloy/src/lang/ast/field-space/query-input-space.ts:108:13)

  console.log
    [StaticSpace.map] Building map for 'duckdb:malloytest.state_facts', is StaticSourceSpace: false, has parameterSpaceRef: N/A

      at QueryInputSpace.get map [as map] (packages/malloy/src/lang/ast/field-space/static-space.ts:102:15)

  console.log
    [StaticSpace.map] Adding field 'state', isJoined: false

      at QueryInputSpace.get map [as map] (packages/malloy/src/lang/ast/field-space/static-space.ts:113:17)

  console.log
    [StaticSpace.map] Adding field 'aircraft_count', isJoined: false

      at QueryInputSpace.get map [as map] (packages/malloy/src/lang/ast/field-space/static-space.ts:113:17)

  console.log
    [StaticSpace.map] Adding field 'airport_count', isJoined: false

      at QueryInputSpace.get map [as map] (packages/malloy/src/lang/ast/field-space/static-space.ts:113:17)

  console.log
    [StaticSpace.map] Adding field 'births', isJoined: false

      at QueryInputSpace.get map [as map] (packages/malloy/src/lang/ast/field-space/static-space.ts:113:17)

  console.log
    [StaticSpace.map] Adding field 'popular_name', isJoined: false

      at QueryInputSpace.get map [as map] (packages/malloy/src/lang/ast/field-space/static-space.ts:113:17)

  console.log
    [StaticSpace.map] Adding field 'param_value_1', isJoined: false

      at QueryInputSpace.get map [as map] (packages/malloy/src/lang/ast/field-space/static-space.ts:113:17)

  console.log
    [QueryInputSpace.entry] Found 'param_value_1' in fields

      at QueryInputSpace.entry (packages/malloy/src/lang/ast/field-space/query-input-space.ts:112:15)

  console.log
    [StaticSpace.lookup] Found 'param_value_1'

      at QueryInputSpace.lookup (packages/malloy/src/lang/ast/field-space/static-space.ts:188:13)

  console.log
    [StaticSpace.lookup] Looking up 'param_value_1'

      at QueryInputSpace.lookup (packages/malloy/src/lang/ast/field-space/static-space.ts:176:13)

  console.log
    [QueryInputSpace.entry] Looking up 'param_value_1'

      at QueryInputSpace.entry (packages/malloy/src/lang/ast/field-space/query-input-space.ts:108:13)

  console.log
    [QueryInputSpace.entry] Found 'param_value_1' in fields

      at QueryInputSpace.entry (packages/malloy/src/lang/ast/field-space/query-input-space.ts:112:15)

  console.log
    [StaticSpace.lookup] Found 'param_value_1'

      at QueryInputSpace.lookup (packages/malloy/src/lang/ast/field-space/static-space.ts:188:13)

  console.log
    [StaticSpace.lookup] Looking up 'param'

      at QueryInputSpace.lookup (packages/malloy/src/lang/ast/field-space/static-space.ts:176:13)

  console.log
    [QueryInputSpace.entry] Looking up 'param'

      at QueryInputSpace.entry (packages/malloy/src/lang/ast/field-space/query-input-space.ts:108:13)

  console.log
    [QueryInputSpace.entry] Found 'param' in fields

      at QueryInputSpace.entry (packages/malloy/src/lang/ast/field-space/query-input-space.ts:112:15)

  console.log
    [StaticSpace.lookup] Found 'param'

      at QueryInputSpace.lookup (packages/malloy/src/lang/ast/field-space/static-space.ts:188:13)

  console.log
    [QueryInputSpace.parameterSpace] Called

      at QueryInputSpace.parameterSpace (packages/malloy/src/lang/ast/field-space/query-input-space.ts:84:13)

  console.log
    [ParameterSpace constructor] Created with parameters: [ 'param' ]

      at new ParameterSpace (packages/malloy/src/lang/ast/field-space/parameter-space.ts:29:13)

  console.log
    [QueryInputSpace.parameterSpace] Got from queryOutput: [ 'param' ]

      at QueryInputSpace.parameterSpace (packages/malloy/src/lang/ast/field-space/query-input-space.ts:88:15)

  console.log
    [QueryInputSpace.parameterSpace] Called

      at QueryInputSpace.parameterSpace (packages/malloy/src/lang/ast/field-space/query-input-space.ts:84:13)

  console.log
    [ParameterSpace constructor] Created with parameters: [ 'param' ]

      at new ParameterSpace (packages/malloy/src/lang/ast/field-space/parameter-space.ts:29:13)

  console.log
    [QueryInputSpace.parameterSpace] Got from queryOutput: [ 'param' ]

      at QueryInputSpace.parameterSpace (packages/malloy/src/lang/ast/field-space/query-input-space.ts:88:15)

  console.log
    [StaticSpace.map] Building map for 'duckdb:malloytest.state_facts', is StaticSourceSpace: false, has parameterSpaceRef: N/A

      at ReduceFieldSpace.get map [as map] (packages/malloy/src/lang/ast/field-space/static-space.ts:102:15)

  console.log
    [StaticSpace.lookup] Looking up 'param_value_1'

      at QueryInputSpace.lookup (packages/malloy/src/lang/ast/field-space/static-space.ts:176:13)

  console.log
    [QueryInputSpace.entry] Looking up 'param_value_1'

      at QueryInputSpace.entry (packages/malloy/src/lang/ast/field-space/query-input-space.ts:108:13)

  console.log
    [StaticSpace.map] Building map for 'duckdb:malloytest.state_facts', is StaticSourceSpace: false, has parameterSpaceRef: N/A

      at QueryInputSpace.get map [as map] (packages/malloy/src/lang/ast/field-space/static-space.ts:102:15)

  console.log
    [StaticSpace.map] Adding field 'state', isJoined: false

      at QueryInputSpace.get map [as map] (packages/malloy/src/lang/ast/field-space/static-space.ts:113:17)

  console.log
    [StaticSpace.map] Adding field 'aircraft_count', isJoined: false

      at QueryInputSpace.get map [as map] (packages/malloy/src/lang/ast/field-space/static-space.ts:113:17)

  console.log
    [StaticSpace.map] Adding field 'airport_count', isJoined: false

      at QueryInputSpace.get map [as map] (packages/malloy/src/lang/ast/field-space/static-space.ts:113:17)

  console.log
    [StaticSpace.map] Adding field 'births', isJoined: false

      at QueryInputSpace.get map [as map] (packages/malloy/src/lang/ast/field-space/static-space.ts:113:17)

  console.log
    [StaticSpace.map] Adding field 'popular_name', isJoined: false

      at QueryInputSpace.get map [as map] (packages/malloy/src/lang/ast/field-space/static-space.ts:113:17)

  console.log
    [StaticSpace.map] Adding field 'param_value_1', isJoined: false

      at QueryInputSpace.get map [as map] (packages/malloy/src/lang/ast/field-space/static-space.ts:113:17)

  console.log
    [QueryInputSpace.entry] Found 'param_value_1' in fields

      at QueryInputSpace.entry (packages/malloy/src/lang/ast/field-space/query-input-space.ts:112:15)

  console.log
    [StaticSpace.lookup] Found 'param_value_1'

      at QueryInputSpace.lookup (packages/malloy/src/lang/ast/field-space/static-space.ts:188:13)

  console.log
    [StaticSpace.lookup] Looking up 'param_value_1'

      at QueryInputSpace.lookup (packages/malloy/src/lang/ast/field-space/static-space.ts:176:13)

  console.log
    [QueryInputSpace.entry] Looking up 'param_value_1'

      at QueryInputSpace.entry (packages/malloy/src/lang/ast/field-space/query-input-space.ts:108:13)

  console.log
    [QueryInputSpace.entry] Found 'param_value_1' in fields

      at QueryInputSpace.entry (packages/malloy/src/lang/ast/field-space/query-input-space.ts:112:15)

  console.log
    [StaticSpace.lookup] Found 'param_value_1'

      at QueryInputSpace.lookup (packages/malloy/src/lang/ast/field-space/static-space.ts:188:13)

  console.log
    [StaticSpace.lookup] Looking up 'param'

      at QueryInputSpace.lookup (packages/malloy/src/lang/ast/field-space/static-space.ts:176:13)

  console.log
    [QueryInputSpace.entry] Looking up 'param'

      at QueryInputSpace.entry (packages/malloy/src/lang/ast/field-space/query-input-space.ts:108:13)

  console.log
    [QueryInputSpace.entry] Found 'param' in fields

      at QueryInputSpace.entry (packages/malloy/src/lang/ast/field-space/query-input-space.ts:112:15)

  console.log
    [StaticSpace.lookup] Found 'param'

      at QueryInputSpace.lookup (packages/malloy/src/lang/ast/field-space/static-space.ts:188:13)

  console.log
    [QueryInputSpace.parameterSpace] Called

      at QueryInputSpace.parameterSpace (packages/malloy/src/lang/ast/field-space/query-input-space.ts:84:13)

  console.log
    [QueryInputSpace.parameterSpace] Called

      at QueryInputSpace.parameterSpace (packages/malloy/src/lang/ast/field-space/query-input-space.ts:84:13)

  console.log
    [ParameterSpace constructor] Created with parameters: [ 'param' ]

      at new ParameterSpace (packages/malloy/src/lang/ast/field-space/parameter-space.ts:29:13)

  console.log
    [QueryInputSpace.parameterSpace] Got from queryOutput: [ 'param' ]

      at QueryInputSpace.parameterSpace (packages/malloy/src/lang/ast/field-space/query-input-space.ts:88:15)

  console.log
    [QueryInputSpace.parameterSpace] Got from queryOutput: [ 'param' ]

      at QueryInputSpace.parameterSpace (packages/malloy/src/lang/ast/field-space/query-input-space.ts:88:15)

  console.log
    [StaticSpace.lookup] Looking up 'param_value_1'

      at QueryInputSpace.lookup (packages/malloy/src/lang/ast/field-space/static-space.ts:176:13)

  console.log
    [QueryInputSpace.entry] Looking up 'param_value_1'

      at QueryInputSpace.entry (packages/malloy/src/lang/ast/field-space/query-input-space.ts:108:13)

  console.log
    [QueryInputSpace.entry] Found 'param_value_1' in fields

      at QueryInputSpace.entry (packages/malloy/src/lang/ast/field-space/query-input-space.ts:112:15)

  console.log
    [StaticSpace.lookup] Found 'param_value_1'

      at QueryInputSpace.lookup (packages/malloy/src/lang/ast/field-space/static-space.ts:188:13)

  console.log
    [StaticSpace.lookup] Looking up 'param_value_1'

      at QueryInputSpace.lookup (packages/malloy/src/lang/ast/field-space/static-space.ts:176:13)

  console.log
    [QueryInputSpace.entry] Looking up 'param_value_1'

      at QueryInputSpace.entry (packages/malloy/src/lang/ast/field-space/query-input-space.ts:108:13)

  console.log
    [QueryInputSpace.entry] Found 'param_value_1' in fields

      at QueryInputSpace.entry (packages/malloy/src/lang/ast/field-space/query-input-space.ts:112:15)

  console.log
    [StaticSpace.lookup] Found 'param_value_1'

      at QueryInputSpace.lookup (packages/malloy/src/lang/ast/field-space/static-space.ts:188:13)

  console.log
    [SQArrow.getQuery] Called

      at SQArrow.getQuery (packages/malloy/src/lang/ast/source-query-elements/sq-arrow.ts:53:13)

  console.log
    [SQArrow.getQuery] LHS is: namedSource, instanceof Source: true

      at SQArrow.getQuery (packages/malloy/src/lang/ast/source-query-elements/sq-arrow.ts:72:13)

  console.log
    [SQArrow.getQuery] sourceDef.parameters: []

      at SQArrow.getQuery (packages/malloy/src/lang/ast/source-query-elements/sq-arrow.ts:80:15)

  console.log
    [SQArrow.getQuery] sourceDef.arguments: [ 'param' ]

      at SQArrow.getQuery (packages/malloy/src/lang/ast/source-query-elements/sq-arrow.ts:84:15)

  console.log
    [ParameterSpace constructor] Created with parameters: [ 'param' ]

      at new ParameterSpace (packages/malloy/src/lang/ast/field-space/parameter-space.ts:29:13)

  console.log
    [SQArrow.getQuery] Created parameterSpace from source arguments: [ 'param' ]

      at SQArrow.getQuery (packages/malloy/src/lang/ast/source-query-elements/sq-arrow.ts:103:17)

  console.log
    [QueryArrow constructor] Created with source: namedSource, parameterSpace: [ 'param' ]

      at new QueryArrow (packages/malloy/src/lang/ast/query-elements/query-arrow.ts:60:15)

  console.log
    [StaticSourceSpace constructor] Created with parameterSpaceRef: true source name: duckdb:malloytest.state_facts

      at new StaticSourceSpace (packages/malloy/src/lang/ast/field-space/static-space.ts:312:13)

  console.log
    [QueryArrow.queryComp] Source: namedSource, fieldSpace WITH parameterSpace: [ 'param' ]

      at QueryArrow.queryComp (packages/malloy/src/lang/ast/query-elements/query-arrow.ts:120:17)

  console.log
    [QueryArrow.queryComp] Calling view.pipelineComp with fieldSpace

      at QueryArrow.queryComp (packages/malloy/src/lang/ast/query-elements/query-arrow.ts:161:13)

  console.log
    [StaticSourceSpace.lookup] Looking up 'v'

      at StaticSourceSpace.lookup (packages/malloy/src/lang/ast/field-space/static-space.ts:403:13)

  console.log
    [StaticSourceSpace.entry] Looking up 'v', has parameterSpaceRef: true

      at StaticSourceSpace.entry (packages/malloy/src/lang/ast/field-space/static-space.ts:369:13)

  console.log
    [StaticSpace.map] Building map for 'duckdb:malloytest.state_facts', is StaticSourceSpace: true, has parameterSpaceRef: true

      at StaticSourceSpace.get map [as map] (packages/malloy/src/lang/ast/field-space/static-space.ts:102:15)

  console.log
    [StaticSpace.map] Adding field 'state', isJoined: false

      at StaticSourceSpace.get map [as map] (packages/malloy/src/lang/ast/field-space/static-space.ts:113:17)

  console.log
    [StaticSourceSpace.defToSpaceField] Field 'state', isJoined: false, has parameterSpaceRef: true, creation #2

      at StaticSourceSpace.defToSpaceField (packages/malloy/src/lang/ast/field-space/static-space.ts:339:13)

  console.log
    [StaticSpace.map] Adding field 'aircraft_count', isJoined: false

      at StaticSourceSpace.get map [as map] (packages/malloy/src/lang/ast/field-space/static-space.ts:113:17)

  console.log
    [StaticSourceSpace.defToSpaceField] Field 'aircraft_count', isJoined: false, has parameterSpaceRef: true, creation #2

      at StaticSourceSpace.defToSpaceField (packages/malloy/src/lang/ast/field-space/static-space.ts:339:13)

  console.log
    [StaticSpace.map] Adding field 'airport_count', isJoined: false

      at StaticSourceSpace.get map [as map] (packages/malloy/src/lang/ast/field-space/static-space.ts:113:17)

  console.log
    [StaticSourceSpace.defToSpaceField] Field 'airport_count', isJoined: false, has parameterSpaceRef: true, creation #2

      at StaticSourceSpace.defToSpaceField (packages/malloy/src/lang/ast/field-space/static-space.ts:339:13)

  console.log
    [StaticSpace.map] Adding field 'births', isJoined: false

      at StaticSourceSpace.get map [as map] (packages/malloy/src/lang/ast/field-space/static-space.ts:113:17)

  console.log
    [StaticSourceSpace.defToSpaceField] Field 'births', isJoined: false, has parameterSpaceRef: true, creation #2

      at StaticSourceSpace.defToSpaceField (packages/malloy/src/lang/ast/field-space/static-space.ts:339:13)

  console.log
    [StaticSpace.map] Adding field 'popular_name', isJoined: false

      at StaticSourceSpace.get map [as map] (packages/malloy/src/lang/ast/field-space/static-space.ts:113:17)

  console.log
    [StaticSourceSpace.defToSpaceField] Field 'popular_name', isJoined: false, has parameterSpaceRef: true, creation #2

      at StaticSourceSpace.defToSpaceField (packages/malloy/src/lang/ast/field-space/static-space.ts:339:13)

  console.log
    [StaticSpace.map] Adding field 'param_value_1', isJoined: false

      at StaticSourceSpace.get map [as map] (packages/malloy/src/lang/ast/field-space/static-space.ts:113:17)

  console.log
    [StaticSourceSpace.defToSpaceField] Field 'param_value_1', isJoined: false, has parameterSpaceRef: true, creation #1

      at StaticSourceSpace.defToSpaceField (packages/malloy/src/lang/ast/field-space/static-space.ts:339:13)

  console.log
    [StaticSpace.map] Adding field 'v', isJoined: false

      at StaticSourceSpace.get map [as map] (packages/malloy/src/lang/ast/field-space/static-space.ts:113:17)

  console.log
    [StaticSourceSpace.defToSpaceField] Field 'v', isJoined: false, has parameterSpaceRef: true, creation #1

      at StaticSourceSpace.defToSpaceField (packages/malloy/src/lang/ast/field-space/static-space.ts:339:13)

  console.log
    [StaticSourceSpace.entry] Found 'v' in fields

      at StaticSourceSpace.entry (packages/malloy/src/lang/ast/field-space/static-space.ts:376:15)

  console.log
    [StaticSourceSpace.lookup] Found 'v'

      at StaticSourceSpace.lookup (packages/malloy/src/lang/ast/field-space/static-space.ts:415:13)

  console.log
    [QueryArrow.queryComp] Creating comp.query: {
      inputStructName: 'duckdb:malloytest.state_facts',
      inputStructType: 'table',
      inputStructArguments: [ 'param' ],
      sourceArgumentsKeys: [ 'param' ],
      sourceArgumentsHasValues: [ [ 'param', true ] ],
      pipelineLength: 1
    }

      at QueryArrow.queryComp (packages/malloy/src/lang/ast/query-elements/query-arrow.ts:244:13)


>>> QueryModelImpl constructor called <<<
  console.log
    [QueryStruct constructor] Creating: {
      structType: 'table',
      structName: 'duckdb:malloytest.state_facts',
      parentHasStruct: false,
      parentHasModel: true,
      parentStructType: undefined,
      sourceArgKeys: []
    }

      at new QueryStruct (packages/malloy/src/model/query_node.ts:417:13)

  console.log
    [QueryStruct.setParent] Called for: {
      thisStructType: 'table',
      thisStructName: 'duckdb:malloytest.state_facts',
      parentHasStruct: false,
      parentHasModel: true,
      parentStructType: undefined,
      parentStructName: undefined
    }

      at QueryStruct.setParent (packages/malloy/src/model/query_node.ts:1054:13)

  console.log
    [QueryQuery.makeQuery] Called with parentStruct: {
      parentDefType: 'table',
      parentDefName: 'duckdb:malloytest.state_facts',
      parentHasParent: false,
      parentParentName: undefined,
      parentSourceArgs: [],
      isJoinedSubquery: false,
      callStack: 'at Function.makeQuery (/Users/catalinadler/dev/malloy-cata02/packages/malloy/src/model/query_query.ts:173:7)\n' +
        '  at Function.turtleFieldMaker (/Users/catalinadler/dev/malloy-cata02/packages/malloy/src/model/index.ts:48:14)\n' +
        '  at QueryStruct.addFieldsFromFieldList (/Users/catalinadler/dev/malloy-cata02/packages/malloy/src/model/query_node.ts:821:48)\n' +
        '  at new QueryStruct (/Users/catalinadler/dev/malloy-cata02/packages/malloy/src/model/query_node.ts:454:10)\n' +
        '  at QueryModelImpl.loadModelFromDef (/Users/catalinadler/dev/malloy-cata02/packages/malloy/src/model/query_model_impl.ts:70:14)\n' +
        '  at new QueryModelImpl (/Users/catalinadler/dev/malloy-cata02/packages/malloy/src/model/query_model_impl.ts:51:12)\n' +
        '  at PreparedQuery.getPreparedResult (/Users/catalinadler/dev/malloy-cata02/packages/malloy/src/malloy.ts:987:24)'
    }

      at Function.makeQuery (packages/malloy/src/model/query_query.ts:178:13)


>>> [compileQuery] CALLED! hasSourceArguments=true, keys=param <<<
  console.log
    [compileQuery] Called with query: {
      hasSourceArguments: true,
      sourceArgumentsKeys: [ 'param' ],
      sourceArgumentsStringified: '{"param":{"type":"number","value":{"node":"numberLiteral","literal":"10"},"name":"param"}}'
    }

      at QueryModelImpl.compileQuery (packages/malloy/src/model/query_model_impl.ts:283:13)

  console.log
    [QueryModelImpl.loadQuery] CALLED FROM: QUERY_COMPILATION { isJoinedSubquery: false, hasArgs: true }

      at QueryModelImpl.loadQuery (packages/malloy/src/model/query_model_impl.ts:148:13)

  console.log
    [QueryModelImpl.loadQuery] query object: {
      hasStructRef: true,
      structRefType: 'string',
      structRefName: 'ab_new',
      hasSourceArguments: true,
      sourceArgumentsType: 'object',
      sourceArgumentsKeys: [ 'param' ],
      sourceArgumentsStringified: '{"param":{"type":"number","value":{"node":"numberLiteral","literal":"10"},"name":"param"}}',
      structRefIsObject: false,
      structRefHasArguments: false,
      structRefArgumentsKeys: [],
      structRefArgumentsStringified: 'none'
    }

      at QueryModelImpl.loadQuery (packages/malloy/src/model/query_model_impl.ts:155:13)

  console.log
    [QueryStruct constructor] Creating: {
      structType: 'table',
      structName: 'duckdb:malloytest.state_facts',
      parentHasStruct: false,
      parentHasModel: true,
      parentStructType: undefined,
      sourceArgKeys: [ 'param' ]
    }

      at new QueryStruct (packages/malloy/src/model/query_node.ts:417:13)

  console.log
    [QueryStruct.setParent] Called for: {
      thisStructType: 'table',
      thisStructName: 'duckdb:malloytest.state_facts',
      parentHasStruct: false,
      parentHasModel: true,
      parentStructType: undefined,
      parentStructName: undefined
    }

      at QueryStruct.setParent (packages/malloy/src/model/query_node.ts:1054:13)

  console.log
    [QueryQuery.makeQuery] Called with parentStruct: {
      parentDefType: 'table',
      parentDefName: 'duckdb:malloytest.state_facts',
      parentHasParent: false,
      parentParentName: undefined,
      parentSourceArgs: [ 'param' ],
      isJoinedSubquery: false,
      callStack: 'at Function.makeQuery (/Users/catalinadler/dev/malloy-cata02/packages/malloy/src/model/query_query.ts:173:7)\n' +
        '  at Function.turtleFieldMaker (/Users/catalinadler/dev/malloy-cata02/packages/malloy/src/model/index.ts:48:14)\n' +
        '  at QueryStruct.addFieldsFromFieldList (/Users/catalinadler/dev/malloy-cata02/packages/malloy/src/model/query_node.ts:821:48)\n' +
        '  at new QueryStruct (/Users/catalinadler/dev/malloy-cata02/packages/malloy/src/model/query_node.ts:454:10)\n' +
        '  at QueryModelImpl.getStructFromRef (/Users/catalinadler/dev/malloy-cata02/packages/malloy/src/model/query_model_impl.ts:100:16)\n' +
        '  at QueryModelImpl.loadQuery (/Users/catalinadler/dev/malloy-cata02/packages/malloy/src/model/query_model_impl.ts:185:30)\n' +
        '  at QueryModelImpl.compileQuery (/Users/catalinadler/dev/malloy-cata02/packages/malloy/src/model/query_model_impl.ts:299:19)'
    }

      at Function.makeQuery (packages/malloy/src/model/query_query.ts:178:13)

  console.log
    [QueryQuery.makeQuery] Called with parentStruct: {
      parentDefType: 'table',
      parentDefName: 'duckdb:malloytest.state_facts',
      parentHasParent: false,
      parentParentName: undefined,
      parentSourceArgs: [ 'param' ],
      isJoinedSubquery: false,
      callStack: 'at Function.makeQuery (/Users/catalinadler/dev/malloy-cata02/packages/malloy/src/model/query_query.ts:173:7)\n' +
        '  at QueryModelImpl.loadQuery (/Users/catalinadler/dev/malloy-cata02/packages/malloy/src/model/query_model_impl.ts:208:26)\n' +
        '  at QueryModelImpl.compileQuery (/Users/catalinadler/dev/malloy-cata02/packages/malloy/src/model/query_model_impl.ts:299:19)\n' +
        '  at PreparedQuery.getPreparedResult (/Users/catalinadler/dev/malloy-cata02/packages/malloy/src/malloy.ts:988:40)\n' +
        '  at PreparedResultMaterializer._materialize (/Users/catalinadler/dev/malloy-cata02/packages/malloy/src/malloy.ts:3146:41)\n' +
        '  at async QueryMaterializer.run (/Users/catalinadler/dev/malloy-cata02/packages/malloy/src/malloy.ts:3115:28)\n' +
        '  at async runQuery (/Users/catalinadler/dev/malloy-cata02/test/src/util/db-matcher-support.ts:82:14)'
    }

      at Function.makeQuery (packages/malloy/src/model/query_query.ts:178:13)

  console.log
    [QueryQuery.prepare] About to addStructToJoin with this.parent: {
      parentDefType: 'table',
      parentDefName: 'duckdb:malloytest.state_facts',
      parentHasParent: false,
      parentSourceArgs: [ 'param' ]
    }

      at QueryQueryReduce.prepare (packages/malloy/src/model/query_query.ts:565:15)

  console.log
    [addStructToJoin] Called with QueryStruct: {
      name: 'base',
      qsDefType: 'table',
      qsHasParent: false,
      qsParentName: undefined,
      qsSourceArgs: [ 'param' ]
    }

      at FieldInstanceResultRoot.addStructToJoin (packages/malloy/src/model/field_instance.ts:465:13)

  console.log
    [addStructToJoin] Parent check: {
      hasQsParent: false,
      hasParentStruct: false,
      parentStructName: undefined
    }

      at FieldInstanceResultRoot.addStructToJoin (packages/malloy/src/model/field_instance.ts:488:13)

  console.log
    [addStructToJoin] Creating new JoinInstance

      at FieldInstanceResultRoot.addStructToJoin (packages/malloy/src/model/field_instance.ts:501:15)

  console.log
    [JoinInstance constructor] Creating join instance: {
      alias: 'base',
      qsDefType: 'table',
      qsDefName: 'duckdb:malloytest.state_facts',
      qsHasParent: false,
      qsParentName: undefined,
      qsParentType: undefined
    }

      at new JoinInstance (packages/malloy/src/model/join_instance.ts:25:13)

  console.log
    [QueryQuery.makeQuery] Called with parentStruct: {
      parentDefType: 'table',
      parentDefName: 'duckdb:malloytest.state_facts',
      parentHasParent: false,
      parentParentName: undefined,
      parentSourceArgs: [ 'param' ],
      isJoinedSubquery: false,
      callStack: 'at Function.makeQuery (/Users/catalinadler/dev/malloy-cata02/packages/malloy/src/model/query_query.ts:173:7)\n' +
        '  at Function.turtleFieldMaker (/Users/catalinadler/dev/malloy-cata02/packages/malloy/src/model/index.ts:48:14)\n' +
        '  at QueryStruct.makeQueryField (/Users/catalinadler/dev/malloy-cata02/packages/malloy/src/model/query_node.ts:1133:28)\n' +
        '  at QueryQueryReduce.expandField (/Users/catalinadler/dev/malloy-cata02/packages/malloy/src/model/query_query.ts:295:23)\n' +
        '  at QueryQueryReduce.expandFields (/Users/catalinadler/dev/malloy-cata02/packages/malloy/src/model/query_query.ts:419:32)\n' +
        '  at QueryQueryReduce.prepare (/Users/catalinadler/dev/malloy-cata02/packages/malloy/src/model/query_query.ts:583:12)\n' +
        '  at QueryQueryReduce.generateSQLFromPipeline (/Users/catalinadler/dev/malloy-cata02/packages/malloy/src/model/query_query.ts:2475:10)'
    }

      at Function.makeQuery (packages/malloy/src/model/query_query.ts:178:13)

  console.log
    [getStructSourceSQL] Called with struct type: {
      type: 'table',
      name: 'duckdb:malloytest.state_facts',
      callStackSize: 0
    }

      at QueryQueryReduce.getStructSourceSQL (packages/malloy/src/model/query_query.ts:895:13)

  console.log
    [generateParameterFragment] Looking for parameter: {
      paramName: 'param',
      contextStructName: 'duckdb:malloytest.state_facts',
      contextArgs: [ 'param' ],
      hasParent: false
    }

      at generateParameterFragment (packages/malloy/src/model/expression_compiler.ts:761:11)

  console.log
    [generateParameterFragment] Parent chain [0]: {
      structName: 'duckdb:malloytest.state_facts',
      structType: 'table',
      hasSourceArgs: true,
      sourceArgKeys: [ 'param' ],
      argKeys: [ 'param' ],
      paramValue: { hasValue: true, valueNode: 'numberLiteral' }
    }

      at generateParameterFragment (packages/malloy/src/model/expression_compiler.ts:772:13)

  console.log
    [generateParameterFragment] Looking for parameter: {
      paramName: 'param',
      contextStructName: 'duckdb:malloytest.state_facts',
      contextArgs: [ 'param' ],
      hasParent: false
    }

      at generateParameterFragment (packages/malloy/src/model/expression_compiler.ts:761:11)

  console.log
    [generateParameterFragment] Parent chain [0]: {
      structName: 'duckdb:malloytest.state_facts',
      structType: 'table',
      hasSourceArgs: true,
      sourceArgKeys: [ 'param' ],
      argKeys: [ 'param' ],
      paramValue: { hasValue: true, valueNode: 'numberLiteral' }
    }

      at generateParameterFragment (packages/malloy/src/model/expression_compiler.ts:772:13)

  console.log
    [generateParameterFragment] Looking for parameter: {
      paramName: 'param',
      contextStructName: 'duckdb:malloytest.state_facts',
      contextArgs: [ 'param' ],
      hasParent: false
    }

      at generateParameterFragment (packages/malloy/src/model/expression_compiler.ts:761:11)

  console.log
    [generateParameterFragment] Parent chain [0]: {
      structName: 'duckdb:malloytest.state_facts',
      structType: 'table',
      hasSourceArgs: true,
      sourceArgKeys: [ 'param' ],
      argKeys: [ 'param' ],
      paramValue: { hasValue: true, valueNode: 'numberLiteral' }
    }

      at generateParameterFragment (packages/malloy/src/model/expression_compiler.ts:772:13)

  console.log
    [generateParameterFragment] Looking for parameter: {
      paramName: 'param',
      contextStructName: 'duckdb:malloytest.state_facts',
      contextArgs: [ 'param' ],
      hasParent: false
    }

      at generateParameterFragment (packages/malloy/src/model/expression_compiler.ts:761:11)

  console.log
    [generateParameterFragment] Parent chain [0]: {
      structName: 'duckdb:malloytest.state_facts',
      structType: 'table',
      hasSourceArgs: true,
      sourceArgKeys: [ 'param' ],
      argKeys: [ 'param' ],
      paramValue: { hasValue: true, valueNode: 'numberLiteral' }
    }

      at generateParameterFragment (packages/malloy/src/model/expression_compiler.ts:772:13)

  console.log
    [ParameterSpace constructor] Created with parameters: [ 'state_filter' ]

      at new ParameterSpace (packages/malloy/src/lang/ast/field-space/parameter-space.ts:29:13)

  console.log
    [StaticSpace.map] Building map for 'duckdb:malloytest.state_facts', is StaticSourceSpace: false, has parameterSpaceRef: N/A

      at RefinedSpace.get map [as map] (packages/malloy/src/lang/ast/field-space/static-space.ts:102:15)

  console.log
    [StaticSpace.map] Adding field 'state', isJoined: false

      at RefinedSpace.get map [as map] (packages/malloy/src/lang/ast/field-space/static-space.ts:113:17)

  console.log
    [StaticSpace.map] Adding field 'aircraft_count', isJoined: false

      at RefinedSpace.get map [as map] (packages/malloy/src/lang/ast/field-space/static-space.ts:113:17)

  console.log
    [StaticSpace.map] Adding field 'airport_count', isJoined: false

      at RefinedSpace.get map [as map] (packages/malloy/src/lang/ast/field-space/static-space.ts:113:17)

  console.log
    [StaticSpace.map] Adding field 'births', isJoined: false

      at RefinedSpace.get map [as map] (packages/malloy/src/lang/ast/field-space/static-space.ts:113:17)

  console.log
    [StaticSpace.map] Adding field 'popular_name', isJoined: false

      at RefinedSpace.get map [as map] (packages/malloy/src/lang/ast/field-space/static-space.ts:113:17)

  console.log
    [ParameterSpace constructor] Created with parameters: [ 'state_filter' ]

      at new ParameterSpace (packages/malloy/src/lang/ast/field-space/parameter-space.ts:29:13)

  console.log
    [StaticSpace.lookup] Looking up 'state'

      at RefinedSpace.lookup (packages/malloy/src/lang/ast/field-space/static-space.ts:176:13)

  console.log
    [StaticSpace.lookup] Found 'state'

      at RefinedSpace.lookup (packages/malloy/src/lang/ast/field-space/static-space.ts:188:13)

  console.log
    [StaticSpace.lookup] Looking up 'state_filter'

      at RefinedSpace.lookup (packages/malloy/src/lang/ast/field-space/static-space.ts:176:13)

  console.log
    [StaticSpace.lookup] Found 'state_filter'

      at RefinedSpace.lookup (packages/malloy/src/lang/ast/field-space/static-space.ts:188:13)

  console.log
    [ParameterSpace constructor] Created with parameters: [ 'state_filter' ]

      at new ParameterSpace (packages/malloy/src/lang/ast/field-space/parameter-space.ts:29:13)

  console.log
    [StaticSpace.map] Building map for 'duckdb:malloytest.state_facts', is StaticSourceSpace: false, has parameterSpaceRef: N/A

      at RefinedSpace.get map [as map] (packages/malloy/src/lang/ast/field-space/static-space.ts:102:15)

  console.log
    [StaticSpace.map] Adding field 'state', isJoined: false

      at RefinedSpace.get map [as map] (packages/malloy/src/lang/ast/field-space/static-space.ts:113:17)

  console.log
    [StaticSpace.map] Adding field 'aircraft_count', isJoined: false

      at RefinedSpace.get map [as map] (packages/malloy/src/lang/ast/field-space/static-space.ts:113:17)

  console.log
    [StaticSpace.map] Adding field 'airport_count', isJoined: false

      at RefinedSpace.get map [as map] (packages/malloy/src/lang/ast/field-space/static-space.ts:113:17)

  console.log
    [StaticSpace.map] Adding field 'births', isJoined: false

      at RefinedSpace.get map [as map] (packages/malloy/src/lang/ast/field-space/static-space.ts:113:17)

  console.log
    [StaticSpace.map] Adding field 'popular_name', isJoined: false

      at RefinedSpace.get map [as map] (packages/malloy/src/lang/ast/field-space/static-space.ts:113:17)

  console.log
    [ParameterSpace constructor] Created with parameters: [ 'state_filter' ]

      at new ParameterSpace (packages/malloy/src/lang/ast/field-space/parameter-space.ts:29:13)

  console.log
    [SQArrow.getQuery] Called

      at SQArrow.getQuery (packages/malloy/src/lang/ast/source-query-elements/sq-arrow.ts:53:13)

  console.log
    [SQArrow.getQuery] LHS is: namedSource, instanceof Source: true

      at SQArrow.getQuery (packages/malloy/src/lang/ast/source-query-elements/sq-arrow.ts:72:13)

  console.log
    [ParameterSpace constructor] Created with parameters: []

      at new ParameterSpace (packages/malloy/src/lang/ast/field-space/parameter-space.ts:29:13)

  console.log
    [ParameterSpace.entry] Looking up 'state_filter', available: [] found: false

      at ParameterSpace.entry (packages/malloy/src/lang/ast/field-space/parameter-space.ts:44:13)

  console.log
    [SQArrow.getQuery] sourceDef.parameters: []

      at SQArrow.getQuery (packages/malloy/src/lang/ast/source-query-elements/sq-arrow.ts:80:15)

  console.log
    [SQArrow.getQuery] sourceDef.arguments: [ 'state_filter' ]

      at SQArrow.getQuery (packages/malloy/src/lang/ast/source-query-elements/sq-arrow.ts:84:15)

  console.log
    [ParameterSpace constructor] Created with parameters: [ 'state_filter' ]

      at new ParameterSpace (packages/malloy/src/lang/ast/field-space/parameter-space.ts:29:13)

  console.log
    [SQArrow.getQuery] Created parameterSpace from source arguments: [ 'state_filter' ]

      at SQArrow.getQuery (packages/malloy/src/lang/ast/source-query-elements/sq-arrow.ts:103:17)

  console.log
    [QueryArrow constructor] Created with source: namedSource, parameterSpace: [ 'state_filter' ]

      at new QueryArrow (packages/malloy/src/lang/ast/query-elements/query-arrow.ts:60:15)

  console.log
    [ExpressionJoin.getStructDef] Passing parameterSpace to querySource with params: [ 'state_filter' ]

      at ExpressionJoin.getStructDef (packages/malloy/src/lang/ast/source-properties/join.ts:266:15)

  console.log
    [QuerySource.withParameters] Received parameterSpace with params: [ 'state_filter' ]

      at QuerySource.withParameters (packages/malloy/src/lang/ast/source-elements/query-source.ts:61:15)

  console.log
    [QuerySource.withParameters] Assigned parameterSpace to query element

      at QuerySource.withParameters (packages/malloy/src/lang/ast/source-elements/query-source.ts:71:13)

  console.log
    [ParameterSpace.entry] Looking up 'state_filter', available: [ 'state_filter' ] found: true

      at ParameterSpace.entry (packages/malloy/src/lang/ast/field-space/parameter-space.ts:44:13)

  console.log
    [ParameterSpace.entry] Looking up 'state_filter', available: [ 'state_filter' ] found: true

      at ParameterSpace.entry (packages/malloy/src/lang/ast/field-space/parameter-space.ts:44:13)

  console.log
    [StaticSourceSpace constructor] Created with parameterSpaceRef: true source name: duckdb:malloytest.state_facts

      at new StaticSourceSpace (packages/malloy/src/lang/ast/field-space/static-space.ts:312:13)

  console.log
    [QueryArrow.queryComp] Source: namedSource, fieldSpace WITH parameterSpace: [ 'state_filter' ]

      at QueryArrow.queryComp (packages/malloy/src/lang/ast/query-elements/query-arrow.ts:120:17)

  console.log
    [QueryArrow.queryComp] Calling view.pipelineComp with fieldSpace

      at QueryArrow.queryComp (packages/malloy/src/lang/ast/query-elements/query-arrow.ts:161:13)

  console.log
    [StaticSpace.map] Building map for 'duckdb:malloytest.state_facts', is StaticSourceSpace: false, has parameterSpaceRef: N/A

      at QueryInputSpace.get map [as map] (packages/malloy/src/lang/ast/field-space/static-space.ts:102:15)

  console.log
    [StaticSpace.map] Adding field 'state', isJoined: false

      at QueryInputSpace.get map [as map] (packages/malloy/src/lang/ast/field-space/static-space.ts:113:17)

  console.log
    [StaticSpace.map] Adding field 'aircraft_count', isJoined: false

      at QueryInputSpace.get map [as map] (packages/malloy/src/lang/ast/field-space/static-space.ts:113:17)

  console.log
    [StaticSpace.map] Adding field 'airport_count', isJoined: false

      at QueryInputSpace.get map [as map] (packages/malloy/src/lang/ast/field-space/static-space.ts:113:17)

  console.log
    [StaticSpace.map] Adding field 'births', isJoined: false

      at QueryInputSpace.get map [as map] (packages/malloy/src/lang/ast/field-space/static-space.ts:113:17)

  console.log
    [StaticSpace.map] Adding field 'popular_name', isJoined: false

      at QueryInputSpace.get map [as map] (packages/malloy/src/lang/ast/field-space/static-space.ts:113:17)

  console.log
    [StaticSpace.map] Building map for 'duckdb:malloytest.state_facts', is StaticSourceSpace: false, has parameterSpaceRef: N/A

      at ProjectFieldSpace.get map [as map] (packages/malloy/src/lang/ast/field-space/static-space.ts:102:15)

  console.log
    [QueryInputSpace.parameterSpace] Called

      at QueryInputSpace.parameterSpace (packages/malloy/src/lang/ast/field-space/query-input-space.ts:84:13)

  console.log
    [QueryInputSpace.parameterSpace] Got from queryOutput: [ 'state_filter' ]

      at QueryInputSpace.parameterSpace (packages/malloy/src/lang/ast/field-space/query-input-space.ts:88:15)

  console.log
    [QueryArrow.queryComp] Creating comp.query: {
      inputStructName: 'duckdb:malloytest.state_facts',
      inputStructType: 'table',
      inputStructArguments: [ 'state_filter' ],
      sourceArgumentsKeys: [ 'state_filter' ],
      sourceArgumentsHasValues: [ [ 'state_filter', true ] ],
      pipelineLength: 1
    }

      at QueryArrow.queryComp (packages/malloy/src/lang/ast/query-elements/query-arrow.ts:244:13)

  console.log
    [ExpressionJoin.getStructDef] hasExistingArguments: true, sourceDef.arguments: [ 'state_filter' ]

      at ExpressionJoin.getStructDef (packages/malloy/src/lang/ast/source-properties/join.ts:284:13)

  console.log
    [JoinSpaceField constructor] Created for join with parameterSpace: true

      at new JoinSpaceField (packages/malloy/src/lang/ast/field-space/join-space-field.ts:36:13)

  console.log
    [ParameterSpace constructor] Created with parameters: [ 'state_filter' ]

      at new ParameterSpace (packages/malloy/src/lang/ast/field-space/parameter-space.ts:29:13)

  console.log
    [SQArrow.getQuery] Called

      at SQArrow.getQuery (packages/malloy/src/lang/ast/source-query-elements/sq-arrow.ts:53:13)

  console.log
    [SQArrow.getQuery] LHS is: namedSource, instanceof Source: true

      at SQArrow.getQuery (packages/malloy/src/lang/ast/source-query-elements/sq-arrow.ts:72:13)

  console.log
    [ParameterSpace constructor] Created with parameters: []

      at new ParameterSpace (packages/malloy/src/lang/ast/field-space/parameter-space.ts:29:13)

  console.log
    [ParameterSpace.entry] Looking up 'state_filter', available: [] found: false

      at ParameterSpace.entry (packages/malloy/src/lang/ast/field-space/parameter-space.ts:44:13)

  console.log
    [SQArrow.getQuery] sourceDef.parameters: []

      at SQArrow.getQuery (packages/malloy/src/lang/ast/source-query-elements/sq-arrow.ts:80:15)

  console.log
    [SQArrow.getQuery] sourceDef.arguments: [ 'state_filter' ]

      at SQArrow.getQuery (packages/malloy/src/lang/ast/source-query-elements/sq-arrow.ts:84:15)

  console.log
    [ParameterSpace constructor] Created with parameters: [ 'state_filter' ]

      at new ParameterSpace (packages/malloy/src/lang/ast/field-space/parameter-space.ts:29:13)

  console.log
    [SQArrow.getQuery] Created parameterSpace from source arguments: [ 'state_filter' ]

      at SQArrow.getQuery (packages/malloy/src/lang/ast/source-query-elements/sq-arrow.ts:103:17)

  console.log
    [QueryArrow constructor] Created with source: namedSource, parameterSpace: [ 'state_filter' ]

      at new QueryArrow (packages/malloy/src/lang/ast/query-elements/query-arrow.ts:60:15)

  console.log
    [ExpressionJoin.getStructDef] Passing parameterSpace to querySource with params: [ 'state_filter' ]

      at ExpressionJoin.getStructDef (packages/malloy/src/lang/ast/source-properties/join.ts:266:15)

  console.log
    [QuerySource.withParameters] Received parameterSpace with params: [ 'state_filter' ]

      at QuerySource.withParameters (packages/malloy/src/lang/ast/source-elements/query-source.ts:61:15)

  console.log
    [QuerySource.withParameters] Assigned parameterSpace to query element

      at QuerySource.withParameters (packages/malloy/src/lang/ast/source-elements/query-source.ts:71:13)

  console.log
    [ParameterSpace.entry] Looking up 'state_filter', available: [ 'state_filter' ] found: true

      at ParameterSpace.entry (packages/malloy/src/lang/ast/field-space/parameter-space.ts:44:13)

  console.log
    [ParameterSpace.entry] Looking up 'state_filter', available: [ 'state_filter' ] found: true

      at ParameterSpace.entry (packages/malloy/src/lang/ast/field-space/parameter-space.ts:44:13)

  console.log
    [StaticSourceSpace constructor] Created with parameterSpaceRef: true source name: duckdb:malloytest.state_facts

      at new StaticSourceSpace (packages/malloy/src/lang/ast/field-space/static-space.ts:312:13)

  console.log
    [QueryArrow.queryComp] Source: namedSource, fieldSpace WITH parameterSpace: [ 'state_filter' ]

      at QueryArrow.queryComp (packages/malloy/src/lang/ast/query-elements/query-arrow.ts:120:17)

  console.log
    [QueryArrow.queryComp] Calling view.pipelineComp with fieldSpace

      at QueryArrow.queryComp (packages/malloy/src/lang/ast/query-elements/query-arrow.ts:161:13)

  console.log
    [StaticSpace.map] Building map for 'duckdb:malloytest.state_facts', is StaticSourceSpace: false, has parameterSpaceRef: N/A

      at QueryInputSpace.get map [as map] (packages/malloy/src/lang/ast/field-space/static-space.ts:102:15)

  console.log
    [StaticSpace.map] Adding field 'state', isJoined: false

      at QueryInputSpace.get map [as map] (packages/malloy/src/lang/ast/field-space/static-space.ts:113:17)

  console.log
    [StaticSpace.map] Adding field 'aircraft_count', isJoined: false

      at QueryInputSpace.get map [as map] (packages/malloy/src/lang/ast/field-space/static-space.ts:113:17)

  console.log
    [StaticSpace.map] Adding field 'airport_count', isJoined: false

      at QueryInputSpace.get map [as map] (packages/malloy/src/lang/ast/field-space/static-space.ts:113:17)

  console.log
    [StaticSpace.map] Adding field 'births', isJoined: false

      at QueryInputSpace.get map [as map] (packages/malloy/src/lang/ast/field-space/static-space.ts:113:17)

  console.log
    [StaticSpace.map] Adding field 'popular_name', isJoined: false

      at QueryInputSpace.get map [as map] (packages/malloy/src/lang/ast/field-space/static-space.ts:113:17)

  console.log
    [StaticSpace.map] Building map for 'duckdb:malloytest.state_facts', is StaticSourceSpace: false, has parameterSpaceRef: N/A

      at ProjectFieldSpace.get map [as map] (packages/malloy/src/lang/ast/field-space/static-space.ts:102:15)

  console.log
    [QueryInputSpace.parameterSpace] Called

      at QueryInputSpace.parameterSpace (packages/malloy/src/lang/ast/field-space/query-input-space.ts:84:13)

  console.log
    [QueryInputSpace.parameterSpace] Got from queryOutput: [ 'state_filter' ]

      at QueryInputSpace.parameterSpace (packages/malloy/src/lang/ast/field-space/query-input-space.ts:88:15)

  console.log
    [QueryArrow.queryComp] Creating comp.query: {
      inputStructName: 'duckdb:malloytest.state_facts',
      inputStructType: 'table',
      inputStructArguments: [ 'state_filter' ],
      sourceArgumentsKeys: [ 'state_filter' ],
      sourceArgumentsHasValues: [ [ 'state_filter', true ] ],
      pipelineLength: 1
    }

      at QueryArrow.queryComp (packages/malloy/src/lang/ast/query-elements/query-arrow.ts:244:13)

  console.log
    [ExpressionJoin.getStructDef] hasExistingArguments: true, sourceDef.arguments: [ 'state_filter' ]

      at ExpressionJoin.getStructDef (packages/malloy/src/lang/ast/source-properties/join.ts:284:13)

  console.log
    [StaticSpace.lookup] Looking up 'state'

      at RefinedSpace.lookup (packages/malloy/src/lang/ast/field-space/static-space.ts:176:13)

  console.log
    [StaticSpace.lookup] Found 'state'

      at RefinedSpace.lookup (packages/malloy/src/lang/ast/field-space/static-space.ts:188:13)

  console.log
    [StaticSpace.lookup] Looking up 'state_filter'

      at RefinedSpace.lookup (packages/malloy/src/lang/ast/field-space/static-space.ts:176:13)

  console.log
    [StaticSpace.lookup] Found 'state_filter'

      at RefinedSpace.lookup (packages/malloy/src/lang/ast/field-space/static-space.ts:188:13)

  console.log
    [SQArrow.getQuery] Called

      at SQArrow.getQuery (packages/malloy/src/lang/ast/source-query-elements/sq-arrow.ts:53:13)

  console.log
    [SQArrow.getQuery] LHS is: namedSource, instanceof Source: true

      at SQArrow.getQuery (packages/malloy/src/lang/ast/source-query-elements/sq-arrow.ts:72:13)

  console.log
    [ParameterSpace constructor] Created with parameters: []

      at new ParameterSpace (packages/malloy/src/lang/ast/field-space/parameter-space.ts:29:13)

  console.log
    [SQArrow.getQuery] sourceDef.parameters: []

      at SQArrow.getQuery (packages/malloy/src/lang/ast/source-query-elements/sq-arrow.ts:80:15)

  console.log
    [SQArrow.getQuery] sourceDef.arguments: [ 'state_filter' ]

      at SQArrow.getQuery (packages/malloy/src/lang/ast/source-query-elements/sq-arrow.ts:84:15)

  console.log
    [ParameterSpace constructor] Created with parameters: [ 'state_filter' ]

      at new ParameterSpace (packages/malloy/src/lang/ast/field-space/parameter-space.ts:29:13)

  console.log
    [SQArrow.getQuery] Created parameterSpace from source arguments: [ 'state_filter' ]

      at SQArrow.getQuery (packages/malloy/src/lang/ast/source-query-elements/sq-arrow.ts:103:17)

  console.log
    [QueryArrow constructor] Created with source: namedSource, parameterSpace: [ 'state_filter' ]

      at new QueryArrow (packages/malloy/src/lang/ast/query-elements/query-arrow.ts:60:15)

  console.log
    [StaticSourceSpace constructor] Created with parameterSpaceRef: true source name: duckdb:malloytest.state_facts

      at new StaticSourceSpace (packages/malloy/src/lang/ast/field-space/static-space.ts:312:13)

  console.log
    [QueryArrow.queryComp] Source: namedSource, fieldSpace WITH parameterSpace: [ 'state_filter' ]

      at QueryArrow.queryComp (packages/malloy/src/lang/ast/query-elements/query-arrow.ts:120:17)

  console.log
    [QueryArrow.queryComp] Calling view.pipelineComp with fieldSpace

      at QueryArrow.queryComp (packages/malloy/src/lang/ast/query-elements/query-arrow.ts:161:13)

  console.log
    [StaticSpace.map] Building map for 'duckdb:malloytest.state_facts', is StaticSourceSpace: false, has parameterSpaceRef: N/A

      at ReduceFieldSpace.get map [as map] (packages/malloy/src/lang/ast/field-space/static-space.ts:102:15)

  console.log
    [StaticSpace.lookup] Looking up 'state'

      at QueryInputSpace.lookup (packages/malloy/src/lang/ast/field-space/static-space.ts:176:13)

  console.log
    [QueryInputSpace.entry] Looking up 'state'

      at QueryInputSpace.entry (packages/malloy/src/lang/ast/field-space/query-input-space.ts:108:13)

  console.log
    [StaticSpace.map] Building map for 'duckdb:malloytest.state_facts', is StaticSourceSpace: false, has parameterSpaceRef: N/A

      at QueryInputSpace.get map [as map] (packages/malloy/src/lang/ast/field-space/static-space.ts:102:15)

  console.log
    [StaticSpace.map] Adding field 'state', isJoined: false

      at QueryInputSpace.get map [as map] (packages/malloy/src/lang/ast/field-space/static-space.ts:113:17)

  console.log
    [StaticSpace.map] Adding field 'aircraft_count', isJoined: false

      at QueryInputSpace.get map [as map] (packages/malloy/src/lang/ast/field-space/static-space.ts:113:17)

  console.log
    [StaticSpace.map] Adding field 'airport_count', isJoined: false

      at QueryInputSpace.get map [as map] (packages/malloy/src/lang/ast/field-space/static-space.ts:113:17)

  console.log
    [StaticSpace.map] Adding field 'births', isJoined: false

      at QueryInputSpace.get map [as map] (packages/malloy/src/lang/ast/field-space/static-space.ts:113:17)

  console.log
    [StaticSpace.map] Adding field 'popular_name', isJoined: false

      at QueryInputSpace.get map [as map] (packages/malloy/src/lang/ast/field-space/static-space.ts:113:17)

  console.log
    [StaticSpace.map] Adding field 'state_facts', isJoined: true

      at QueryInputSpace.get map [as map] (packages/malloy/src/lang/ast/field-space/static-space.ts:113:17)

  console.log
    [QueryInputSpace.entry] Found 'state' in fields

      at QueryInputSpace.entry (packages/malloy/src/lang/ast/field-space/query-input-space.ts:112:15)

  console.log
    [StaticSpace.lookup] Found 'state'

      at QueryInputSpace.lookup (packages/malloy/src/lang/ast/field-space/static-space.ts:188:13)

  console.log
    [StaticSpace.lookup] Looking up 'state_facts'

      at QueryInputSpace.lookup (packages/malloy/src/lang/ast/field-space/static-space.ts:176:13)

  console.log
    [QueryInputSpace.entry] Looking up 'state_facts'

      at QueryInputSpace.entry (packages/malloy/src/lang/ast/field-space/query-input-space.ts:108:13)

  console.log
    [QueryInputSpace.entry] Found 'state_facts' in fields

      at QueryInputSpace.entry (packages/malloy/src/lang/ast/field-space/query-input-space.ts:112:15)

  console.log
    [StaticSpace.lookup] Found 'state_facts'

      at QueryInputSpace.lookup (packages/malloy/src/lang/ast/field-space/static-space.ts:188:13)

  console.log
    [StructSpaceField.fieldSpace] Join 'state_facts', isSourceDef: true, type: query_source, has parameterSpaceRef: false

      at StructSpaceField.get fieldSpace [as fieldSpace] (packages/malloy/src/lang/ast/field-space/static-space.ts:279:13)

  console.log
    [StaticSourceSpace constructor] Created with parameterSpaceRef: false source name: state_facts

      at new StaticSourceSpace (packages/malloy/src/lang/ast/field-space/static-space.ts:312:13)

  console.log
    [StructSpaceField.fieldSpace] Join 'state_facts', isSourceDef: true, type: query_source, has parameterSpaceRef: false

      at StructSpaceField.get fieldSpace [as fieldSpace] (packages/malloy/src/lang/ast/field-space/static-space.ts:279:13)

  console.log
    [StaticSourceSpace constructor] Created with parameterSpaceRef: false source name: state_facts

      at new StaticSourceSpace (packages/malloy/src/lang/ast/field-space/static-space.ts:312:13)

  console.log
    [StaticSourceSpace.lookup] Looking up 'state'

      at StaticSourceSpace.lookup (packages/malloy/src/lang/ast/field-space/static-space.ts:403:13)

  console.log
    [StaticSourceSpace.entry] Looking up 'state', has parameterSpaceRef: false

      at StaticSourceSpace.entry (packages/malloy/src/lang/ast/field-space/static-space.ts:369:13)

  console.log
    [StaticSpace.map] Building map for 'state_facts', is StaticSourceSpace: true, has parameterSpaceRef: false

      at StaticSourceSpace.get map [as map] (packages/malloy/src/lang/ast/field-space/static-space.ts:102:15)

  console.log
    [StaticSpace.map] Adding field 'aircraft_count', isJoined: false

      at StaticSourceSpace.get map [as map] (packages/malloy/src/lang/ast/field-space/static-space.ts:113:17)

  console.log
    [StaticSourceSpace.defToSpaceField] Field 'aircraft_count', isJoined: false, has parameterSpaceRef: false, creation #2

      at StaticSourceSpace.defToSpaceField (packages/malloy/src/lang/ast/field-space/static-space.ts:339:13)

  console.log
    [StaticSpace.map] Adding field 'airport_count', isJoined: false

      at StaticSourceSpace.get map [as map] (packages/malloy/src/lang/ast/field-space/static-space.ts:113:17)

  console.log
    [StaticSourceSpace.defToSpaceField] Field 'airport_count', isJoined: false, has parameterSpaceRef: false, creation #2

      at StaticSourceSpace.defToSpaceField (packages/malloy/src/lang/ast/field-space/static-space.ts:339:13)

  console.log
    [StaticSpace.map] Adding field 'births', isJoined: false

      at StaticSourceSpace.get map [as map] (packages/malloy/src/lang/ast/field-space/static-space.ts:113:17)

  console.log
    [StaticSourceSpace.defToSpaceField] Field 'births', isJoined: false, has parameterSpaceRef: false, creation #2

      at StaticSourceSpace.defToSpaceField (packages/malloy/src/lang/ast/field-space/static-space.ts:339:13)

  console.log
    [StaticSpace.map] Adding field 'popular_name', isJoined: false

      at StaticSourceSpace.get map [as map] (packages/malloy/src/lang/ast/field-space/static-space.ts:113:17)

  console.log
    [StaticSourceSpace.defToSpaceField] Field 'popular_name', isJoined: false, has parameterSpaceRef: false, creation #2

      at StaticSourceSpace.defToSpaceField (packages/malloy/src/lang/ast/field-space/static-space.ts:339:13)

  console.log
    [StaticSpace.map] Adding field 'state', isJoined: false

      at StaticSourceSpace.get map [as map] (packages/malloy/src/lang/ast/field-space/static-space.ts:113:17)

  console.log
    [StaticSourceSpace.defToSpaceField] Field 'state', isJoined: false, has parameterSpaceRef: false, creation #2

      at StaticSourceSpace.defToSpaceField (packages/malloy/src/lang/ast/field-space/static-space.ts:339:13)

  console.log
    [StaticSourceSpace.entry] Found 'state' in fields

      at StaticSourceSpace.entry (packages/malloy/src/lang/ast/field-space/static-space.ts:376:15)

  console.log
    [StaticSourceSpace.lookup] Found 'state'

      at StaticSourceSpace.lookup (packages/malloy/src/lang/ast/field-space/static-space.ts:415:13)

  console.log
    [QueryInputSpace.parameterSpace] Called

      at QueryInputSpace.parameterSpace (packages/malloy/src/lang/ast/field-space/query-input-space.ts:84:13)

  console.log
    [QueryInputSpace.parameterSpace] Got from queryOutput: [ 'state_filter' ]

      at QueryInputSpace.parameterSpace (packages/malloy/src/lang/ast/field-space/query-input-space.ts:88:15)

  console.log
    [QueryArrow.queryComp] Creating comp.query: {
      inputStructName: 'duckdb:malloytest.state_facts',
      inputStructType: 'table',
      inputStructArguments: [ 'state_filter' ],
      sourceArgumentsKeys: [ 'state_filter' ],
      sourceArgumentsHasValues: [ [ 'state_filter', true ] ],
      pipelineLength: 1
    }

      at QueryArrow.queryComp (packages/malloy/src/lang/ast/query-elements/query-arrow.ts:244:13)

  console.log
    [ParameterSpace constructor] Created with parameters: [ 'state_filter' ]

      at new ParameterSpace (packages/malloy/src/lang/ast/field-space/parameter-space.ts:29:13)

  console.log
    [StaticSpace.map] Building map for 'duckdb:malloytest.state_facts', is StaticSourceSpace: false, has parameterSpaceRef: N/A

      at RefinedSpace.get map [as map] (packages/malloy/src/lang/ast/field-space/static-space.ts:102:15)

  console.log
    [StaticSpace.map] Adding field 'state', isJoined: false

      at RefinedSpace.get map [as map] (packages/malloy/src/lang/ast/field-space/static-space.ts:113:17)

  console.log
    [StaticSpace.map] Adding field 'aircraft_count', isJoined: false

      at RefinedSpace.get map [as map] (packages/malloy/src/lang/ast/field-space/static-space.ts:113:17)

  console.log
    [StaticSpace.map] Adding field 'airport_count', isJoined: false

      at RefinedSpace.get map [as map] (packages/malloy/src/lang/ast/field-space/static-space.ts:113:17)

  console.log
    [StaticSpace.map] Adding field 'births', isJoined: false

      at RefinedSpace.get map [as map] (packages/malloy/src/lang/ast/field-space/static-space.ts:113:17)

  console.log
    [StaticSpace.map] Adding field 'popular_name', isJoined: false

      at RefinedSpace.get map [as map] (packages/malloy/src/lang/ast/field-space/static-space.ts:113:17)

  console.log
    [ParameterSpace constructor] Created with parameters: [ 'state_filter' ]

      at new ParameterSpace (packages/malloy/src/lang/ast/field-space/parameter-space.ts:29:13)

  console.log
    [ExpressionJoin.getStructDef] Passing parameterSpace to namedSource with params: [ 'state_filter' ]

      at ExpressionJoin.getStructDef (packages/malloy/src/lang/ast/source-properties/join.ts:266:15)

  console.log
    [ExpressionJoin.getStructDef] hasExistingArguments: false, sourceDef.arguments: []

      at ExpressionJoin.getStructDef (packages/malloy/src/lang/ast/source-properties/join.ts:284:13)

  console.log
    [ExpressionJoin.getStructDef] Merging outer arguments: [ 'state_filter' ]

      at ExpressionJoin.getStructDef (packages/malloy/src/lang/ast/source-properties/join.ts:298:15)

  console.log
    [JoinSpaceField constructor] Created for join with parameterSpace: true

      at new JoinSpaceField (packages/malloy/src/lang/ast/field-space/join-space-field.ts:36:13)

  console.log
    [ParameterSpace constructor] Created with parameters: [ 'state_filter' ]

      at new ParameterSpace (packages/malloy/src/lang/ast/field-space/parameter-space.ts:29:13)

  console.log
    [ExpressionJoin.getStructDef] Passing parameterSpace to namedSource with params: [ 'state_filter' ]

      at ExpressionJoin.getStructDef (packages/malloy/src/lang/ast/source-properties/join.ts:266:15)

  console.log
    [ExpressionJoin.getStructDef] hasExistingArguments: false, sourceDef.arguments: []

      at ExpressionJoin.getStructDef (packages/malloy/src/lang/ast/source-properties/join.ts:284:13)

  console.log
    [ExpressionJoin.getStructDef] Merging outer arguments: [ 'state_filter' ]

      at ExpressionJoin.getStructDef (packages/malloy/src/lang/ast/source-properties/join.ts:298:15)

  console.log
    [StaticSpace.lookup] Looking up 'state_facts'

      at RefinedSpace.lookup (packages/malloy/src/lang/ast/field-space/static-space.ts:176:13)

  console.log
    [StaticSpace.lookup] Found 'state_facts'

      at RefinedSpace.lookup (packages/malloy/src/lang/ast/field-space/static-space.ts:188:13)

  console.log
    [JoinSpaceField.fieldSpace] Getting fieldSpace, has parameterSpace: true

      at JoinSpaceField.get fieldSpace [as fieldSpace] (packages/malloy/src/lang/ast/field-space/join-space-field.ts:43:13)

  console.log
    [StructSpaceField.fieldSpace] Join 'state_facts', isSourceDef: true, type: table, has parameterSpaceRef: false

      at JoinSpaceField.get fieldSpace (packages/malloy/src/lang/ast/field-space/static-space.ts:279:13)

  console.log
    [StaticSourceSpace constructor] Created with parameterSpaceRef: false source name: state_facts

      at new StaticSourceSpace (packages/malloy/src/lang/ast/field-space/static-space.ts:312:13)

  console.log
    [JoinSpaceField.fieldSpace] Wrapping StaticSourceSpace with parameterSpace

      at JoinSpaceField.get fieldSpace [as fieldSpace] (packages/malloy/src/lang/ast/field-space/join-space-field.ts:49:15)

  console.log
    [StaticSourceSpace constructor] Created with parameterSpaceRef: true source name: state_facts

      at new StaticSourceSpace (packages/malloy/src/lang/ast/field-space/static-space.ts:312:13)

  console.log
    [JoinSpaceField.fieldSpace] Getting fieldSpace, has parameterSpace: true

      at JoinSpaceField.get fieldSpace [as fieldSpace] (packages/malloy/src/lang/ast/field-space/join-space-field.ts:43:13)

  console.log
    [StructSpaceField.fieldSpace] Join 'state_facts', isSourceDef: true, type: table, has parameterSpaceRef: false

      at JoinSpaceField.get fieldSpace (packages/malloy/src/lang/ast/field-space/static-space.ts:279:13)

  console.log
    [StaticSourceSpace constructor] Created with parameterSpaceRef: false source name: state_facts

      at new StaticSourceSpace (packages/malloy/src/lang/ast/field-space/static-space.ts:312:13)

  console.log
    [JoinSpaceField.fieldSpace] Wrapping StaticSourceSpace with parameterSpace

      at JoinSpaceField.get fieldSpace [as fieldSpace] (packages/malloy/src/lang/ast/field-space/join-space-field.ts:49:15)

  console.log
    [StaticSourceSpace constructor] Created with parameterSpaceRef: true source name: state_facts

      at new StaticSourceSpace (packages/malloy/src/lang/ast/field-space/static-space.ts:312:13)

  console.log
    [StaticSourceSpace.lookup] Looking up 'state'

      at StaticSourceSpace.lookup (packages/malloy/src/lang/ast/field-space/static-space.ts:403:13)

  console.log
    [StaticSourceSpace.entry] Looking up 'state', has parameterSpaceRef: true

      at StaticSourceSpace.entry (packages/malloy/src/lang/ast/field-space/static-space.ts:369:13)

  console.log
    [StaticSpace.map] Building map for 'state_facts', is StaticSourceSpace: true, has parameterSpaceRef: true

      at StaticSourceSpace.get map [as map] (packages/malloy/src/lang/ast/field-space/static-space.ts:102:15)

  console.log
    [StaticSpace.map] Adding field 'state', isJoined: false

      at StaticSourceSpace.get map [as map] (packages/malloy/src/lang/ast/field-space/static-space.ts:113:17)

  console.log
    [StaticSourceSpace.defToSpaceField] Field 'state', isJoined: false, has parameterSpaceRef: true, creation #3

      at StaticSourceSpace.defToSpaceField (packages/malloy/src/lang/ast/field-space/static-space.ts:339:13)

  console.log
    [StaticSpace.map] Adding field 'aircraft_count', isJoined: false

      at StaticSourceSpace.get map [as map] (packages/malloy/src/lang/ast/field-space/static-space.ts:113:17)

  console.log
    [StaticSourceSpace.defToSpaceField] Field 'aircraft_count', isJoined: false, has parameterSpaceRef: true, creation #3

      at StaticSourceSpace.defToSpaceField (packages/malloy/src/lang/ast/field-space/static-space.ts:339:13)

  console.log
    [StaticSpace.map] Adding field 'airport_count', isJoined: false

      at StaticSourceSpace.get map [as map] (packages/malloy/src/lang/ast/field-space/static-space.ts:113:17)

  console.log
    [StaticSourceSpace.defToSpaceField] Field 'airport_count', isJoined: false, has parameterSpaceRef: true, creation #3

      at StaticSourceSpace.defToSpaceField (packages/malloy/src/lang/ast/field-space/static-space.ts:339:13)

  console.log
    [StaticSpace.map] Adding field 'births', isJoined: false

      at StaticSourceSpace.get map [as map] (packages/malloy/src/lang/ast/field-space/static-space.ts:113:17)

  console.log
    [StaticSourceSpace.defToSpaceField] Field 'births', isJoined: false, has parameterSpaceRef: true, creation #3

      at StaticSourceSpace.defToSpaceField (packages/malloy/src/lang/ast/field-space/static-space.ts:339:13)

  console.log
    [StaticSpace.map] Adding field 'popular_name', isJoined: false

      at StaticSourceSpace.get map [as map] (packages/malloy/src/lang/ast/field-space/static-space.ts:113:17)

  console.log
    [StaticSourceSpace.defToSpaceField] Field 'popular_name', isJoined: false, has parameterSpaceRef: true, creation #3

      at StaticSourceSpace.defToSpaceField (packages/malloy/src/lang/ast/field-space/static-space.ts:339:13)

  console.log
    [StaticSourceSpace.entry] Found 'state' in fields

      at StaticSourceSpace.entry (packages/malloy/src/lang/ast/field-space/static-space.ts:376:15)

  console.log
    [StaticSourceSpace.lookup] Found 'state'

      at StaticSourceSpace.lookup (packages/malloy/src/lang/ast/field-space/static-space.ts:415:13)

  console.log
    [StaticSpace.lookup] Looking up 'state_filter'

      at RefinedSpace.lookup (packages/malloy/src/lang/ast/field-space/static-space.ts:176:13)

  console.log
    [StaticSpace.lookup] Found 'state_filter'

      at RefinedSpace.lookup (packages/malloy/src/lang/ast/field-space/static-space.ts:188:13)

  console.log
    [StaticSpace.lookup] Looking up 'state'

      at RefinedSpace.lookup (packages/malloy/src/lang/ast/field-space/static-space.ts:176:13)

  console.log
    [StaticSpace.lookup] Found 'state'

      at RefinedSpace.lookup (packages/malloy/src/lang/ast/field-space/static-space.ts:188:13)

  console.log
    [StaticSpace.lookup] Looking up 'state_filter'

      at RefinedSpace.lookup (packages/malloy/src/lang/ast/field-space/static-space.ts:176:13)

  console.log
    [StaticSpace.lookup] Found 'state_filter'

      at RefinedSpace.lookup (packages/malloy/src/lang/ast/field-space/static-space.ts:188:13)

  console.log
    [SQArrow.getQuery] Called

      at SQArrow.getQuery (packages/malloy/src/lang/ast/source-query-elements/sq-arrow.ts:53:13)

  console.log
    [SQArrow.getQuery] LHS is: namedSource, instanceof Source: true

      at SQArrow.getQuery (packages/malloy/src/lang/ast/source-query-elements/sq-arrow.ts:72:13)

  console.log
    [ParameterSpace constructor] Created with parameters: []

      at new ParameterSpace (packages/malloy/src/lang/ast/field-space/parameter-space.ts:29:13)

  console.log
    [SQArrow.getQuery] sourceDef.parameters: []

      at SQArrow.getQuery (packages/malloy/src/lang/ast/source-query-elements/sq-arrow.ts:80:15)

  console.log
    [SQArrow.getQuery] sourceDef.arguments: [ 'state_filter' ]

      at SQArrow.getQuery (packages/malloy/src/lang/ast/source-query-elements/sq-arrow.ts:84:15)

  console.log
    [ParameterSpace constructor] Created with parameters: [ 'state_filter' ]

      at new ParameterSpace (packages/malloy/src/lang/ast/field-space/parameter-space.ts:29:13)

  console.log
    [SQArrow.getQuery] Created parameterSpace from source arguments: [ 'state_filter' ]

      at SQArrow.getQuery (packages/malloy/src/lang/ast/source-query-elements/sq-arrow.ts:103:17)

  console.log
    [QueryArrow constructor] Created with source: namedSource, parameterSpace: [ 'state_filter' ]

      at new QueryArrow (packages/malloy/src/lang/ast/query-elements/query-arrow.ts:60:15)

  console.log
    [StaticSourceSpace constructor] Created with parameterSpaceRef: true source name: duckdb:malloytest.state_facts

      at new StaticSourceSpace (packages/malloy/src/lang/ast/field-space/static-space.ts:312:13)

  console.log
    [QueryArrow.queryComp] Source: namedSource, fieldSpace WITH parameterSpace: [ 'state_filter' ]

      at QueryArrow.queryComp (packages/malloy/src/lang/ast/query-elements/query-arrow.ts:120:17)

  console.log
    [QueryArrow.queryComp] Calling view.pipelineComp with fieldSpace

      at QueryArrow.queryComp (packages/malloy/src/lang/ast/query-elements/query-arrow.ts:161:13)

  console.log
    [StaticSpace.map] Building map for 'duckdb:malloytest.state_facts', is StaticSourceSpace: false, has parameterSpaceRef: N/A

      at ReduceFieldSpace.get map [as map] (packages/malloy/src/lang/ast/field-space/static-space.ts:102:15)

  console.log
    [StaticSpace.lookup] Looking up 'state'

      at QueryInputSpace.lookup (packages/malloy/src/lang/ast/field-space/static-space.ts:176:13)

  console.log
    [QueryInputSpace.entry] Looking up 'state'

      at QueryInputSpace.entry (packages/malloy/src/lang/ast/field-space/query-input-space.ts:108:13)

  console.log
    [StaticSpace.map] Building map for 'duckdb:malloytest.state_facts', is StaticSourceSpace: false, has parameterSpaceRef: N/A

      at QueryInputSpace.get map [as map] (packages/malloy/src/lang/ast/field-space/static-space.ts:102:15)

  console.log
    [StaticSpace.map] Adding field 'state', isJoined: false

      at QueryInputSpace.get map [as map] (packages/malloy/src/lang/ast/field-space/static-space.ts:113:17)

  console.log
    [StaticSpace.map] Adding field 'aircraft_count', isJoined: false

      at QueryInputSpace.get map [as map] (packages/malloy/src/lang/ast/field-space/static-space.ts:113:17)

  console.log
    [StaticSpace.map] Adding field 'airport_count', isJoined: false

      at QueryInputSpace.get map [as map] (packages/malloy/src/lang/ast/field-space/static-space.ts:113:17)

  console.log
    [StaticSpace.map] Adding field 'births', isJoined: false

      at QueryInputSpace.get map [as map] (packages/malloy/src/lang/ast/field-space/static-space.ts:113:17)

  console.log
    [StaticSpace.map] Adding field 'popular_name', isJoined: false

      at QueryInputSpace.get map [as map] (packages/malloy/src/lang/ast/field-space/static-space.ts:113:17)

  console.log
    [StaticSpace.map] Adding field 'state_facts', isJoined: true

      at QueryInputSpace.get map [as map] (packages/malloy/src/lang/ast/field-space/static-space.ts:113:17)

  console.log
    [QueryInputSpace.entry] Found 'state' in fields

      at QueryInputSpace.entry (packages/malloy/src/lang/ast/field-space/query-input-space.ts:112:15)

  console.log
    [StaticSpace.lookup] Found 'state'

      at QueryInputSpace.lookup (packages/malloy/src/lang/ast/field-space/static-space.ts:188:13)

  console.log
    [StaticSpace.lookup] Looking up 'state_facts'

      at QueryInputSpace.lookup (packages/malloy/src/lang/ast/field-space/static-space.ts:176:13)

  console.log
    [QueryInputSpace.entry] Looking up 'state_facts'

      at QueryInputSpace.entry (packages/malloy/src/lang/ast/field-space/query-input-space.ts:108:13)

  console.log
    [QueryInputSpace.entry] Found 'state_facts' in fields

      at QueryInputSpace.entry (packages/malloy/src/lang/ast/field-space/query-input-space.ts:112:15)

  console.log
    [StaticSpace.lookup] Found 'state_facts'

      at QueryInputSpace.lookup (packages/malloy/src/lang/ast/field-space/static-space.ts:188:13)

  console.log
    [StructSpaceField.fieldSpace] Join 'state_facts', isSourceDef: true, type: table, has parameterSpaceRef: false

      at StructSpaceField.get fieldSpace [as fieldSpace] (packages/malloy/src/lang/ast/field-space/static-space.ts:279:13)

  console.log
    [StaticSourceSpace constructor] Created with parameterSpaceRef: false source name: state_facts

      at new StaticSourceSpace (packages/malloy/src/lang/ast/field-space/static-space.ts:312:13)

  console.log
    [StructSpaceField.fieldSpace] Join 'state_facts', isSourceDef: true, type: table, has parameterSpaceRef: false

      at StructSpaceField.get fieldSpace [as fieldSpace] (packages/malloy/src/lang/ast/field-space/static-space.ts:279:13)

  console.log
    [StaticSourceSpace constructor] Created with parameterSpaceRef: false source name: state_facts

      at new StaticSourceSpace (packages/malloy/src/lang/ast/field-space/static-space.ts:312:13)

  console.log
    [StaticSourceSpace.lookup] Looking up 'state'

      at StaticSourceSpace.lookup (packages/malloy/src/lang/ast/field-space/static-space.ts:403:13)

  console.log
    [StaticSourceSpace.entry] Looking up 'state', has parameterSpaceRef: false

      at StaticSourceSpace.entry (packages/malloy/src/lang/ast/field-space/static-space.ts:369:13)

  console.log
    [StaticSpace.map] Building map for 'state_facts', is StaticSourceSpace: true, has parameterSpaceRef: false

      at StaticSourceSpace.get map [as map] (packages/malloy/src/lang/ast/field-space/static-space.ts:102:15)

  console.log
    [StaticSpace.map] Adding field 'state', isJoined: false

      at StaticSourceSpace.get map [as map] (packages/malloy/src/lang/ast/field-space/static-space.ts:113:17)

  console.log
    [StaticSourceSpace.defToSpaceField] Field 'state', isJoined: false, has parameterSpaceRef: false, creation #4

      at StaticSourceSpace.defToSpaceField (packages/malloy/src/lang/ast/field-space/static-space.ts:339:13)

  console.log
    [StaticSpace.map] Adding field 'aircraft_count', isJoined: false

      at StaticSourceSpace.get map [as map] (packages/malloy/src/lang/ast/field-space/static-space.ts:113:17)

  console.log
    [StaticSourceSpace.defToSpaceField] Field 'aircraft_count', isJoined: false, has parameterSpaceRef: false, creation #4

      at StaticSourceSpace.defToSpaceField (packages/malloy/src/lang/ast/field-space/static-space.ts:339:13)

  console.log
    [StaticSpace.map] Adding field 'airport_count', isJoined: false

      at StaticSourceSpace.get map [as map] (packages/malloy/src/lang/ast/field-space/static-space.ts:113:17)

  console.log
    [StaticSourceSpace.defToSpaceField] Field 'airport_count', isJoined: false, has parameterSpaceRef: false, creation #4

      at StaticSourceSpace.defToSpaceField (packages/malloy/src/lang/ast/field-space/static-space.ts:339:13)

  console.log
    [StaticSpace.map] Adding field 'births', isJoined: false

      at StaticSourceSpace.get map [as map] (packages/malloy/src/lang/ast/field-space/static-space.ts:113:17)

  console.log
    [StaticSourceSpace.defToSpaceField] Field 'births', isJoined: false, has parameterSpaceRef: false, creation #4

      at StaticSourceSpace.defToSpaceField (packages/malloy/src/lang/ast/field-space/static-space.ts:339:13)

  console.log
    [StaticSpace.map] Adding field 'popular_name', isJoined: false

      at StaticSourceSpace.get map [as map] (packages/malloy/src/lang/ast/field-space/static-space.ts:113:17)

  console.log
    [StaticSourceSpace.defToSpaceField] Field 'popular_name', isJoined: false, has parameterSpaceRef: false, creation #4

      at StaticSourceSpace.defToSpaceField (packages/malloy/src/lang/ast/field-space/static-space.ts:339:13)

  console.log
    [StaticSourceSpace.entry] Found 'state' in fields

      at StaticSourceSpace.entry (packages/malloy/src/lang/ast/field-space/static-space.ts:376:15)

  console.log
    [StaticSourceSpace.lookup] Found 'state'

      at StaticSourceSpace.lookup (packages/malloy/src/lang/ast/field-space/static-space.ts:415:13)

  console.log
    [QueryInputSpace.parameterSpace] Called

      at QueryInputSpace.parameterSpace (packages/malloy/src/lang/ast/field-space/query-input-space.ts:84:13)

  console.log
    [QueryInputSpace.parameterSpace] Got from queryOutput: [ 'state_filter' ]

      at QueryInputSpace.parameterSpace (packages/malloy/src/lang/ast/field-space/query-input-space.ts:88:15)

  console.log
    [QueryArrow.queryComp] Creating comp.query: {
      inputStructName: 'duckdb:malloytest.state_facts',
      inputStructType: 'table',
      inputStructArguments: [ 'state_filter' ],
      sourceArgumentsKeys: [ 'state_filter' ],
      sourceArgumentsHasValues: [ [ 'state_filter', true ] ],
      pipelineLength: 1
    }

      at QueryArrow.queryComp (packages/malloy/src/lang/ast/query-elements/query-arrow.ts:244:13)


>>> QueryModelImpl constructor called <<<
  console.log
    [QueryStruct constructor] Creating: {
      structType: 'table',
      structName: 'duckdb:malloytest.state_facts',
      parentHasStruct: false,
      parentHasModel: true,
      parentStructType: undefined,
      sourceArgKeys: []
    }

      at new QueryStruct (packages/malloy/src/model/query_node.ts:417:13)

  console.log
    [QueryStruct.setParent] Called for: {
      thisStructType: 'table',
      thisStructName: 'duckdb:malloytest.state_facts',
      parentHasStruct: false,
      parentHasModel: true,
      parentStructType: undefined,
      parentStructName: undefined
    }

      at QueryStruct.setParent (packages/malloy/src/model/query_node.ts:1054:13)

  console.log
    [QueryStruct constructor] Creating: {
      structType: 'table',
      structName: 'duckdb:malloytest.state_facts',
      parentHasStruct: false,
      parentHasModel: true,
      parentStructType: undefined,
      sourceArgKeys: []
    }

      at new QueryStruct (packages/malloy/src/model/query_node.ts:417:13)

  console.log
    [QueryStruct.setParent] Called for: {
      thisStructType: 'table',
      thisStructName: 'duckdb:malloytest.state_facts',
      parentHasStruct: false,
      parentHasModel: true,
      parentStructType: undefined,
      parentStructName: undefined
    }

      at QueryStruct.setParent (packages/malloy/src/model/query_node.ts:1054:13)

  console.log
    [QueryFieldStruct constructor] Join field arguments check: {
      fieldName: 'state_facts',
      fieldType: 'table',
      jfdHasArguments: true,
      jfdArguments: [ 'state_filter' ],
      jfdArgumentValues: {
        state_filter: { hasValue: false, valueNode: undefined, valueType: 'object' }
      },
      sourceArguments: [ 'state_filter' ],
      sourceArgumentValues: {
        state_filter: { hasValue: false, valueNode: undefined, valueType: 'object' }
      },
      parentSourceArguments: []
    }

      at new QueryFieldStruct (packages/malloy/src/model/query_node.ts:196:13)

  console.log
    [QueryFieldStruct constructor] Using arguments: {
      source: 'sourceArguments',
      keys: [ 'state_filter' ],
      values: { state_filter: { hasValue: false, valueNode: undefined } },
      parentHasArguments: false,
      parentArgKeys: []
    }

      at new QueryFieldStruct (packages/malloy/src/model/query_node.ts:247:13)

  console.log
    [QueryFieldStruct constructor] Creating QueryStruct for join: {
      jfdName: 'state_facts',
      jfdType: 'table',
      hasQuery: false,
      parentName: 'duckdb:malloytest.state_facts',
      parentType: 'table'
    }

      at new QueryFieldStruct (packages/malloy/src/model/query_node.ts:266:13)

  console.log
    [QueryStruct constructor] Creating: {
      structType: 'table',
      structName: 'state_facts',
      parentHasStruct: true,
      parentHasModel: false,
      parentStructType: 'table',
      sourceArgKeys: [ 'state_filter' ]
    }

      at new QueryStruct (packages/malloy/src/model/query_node.ts:417:13)

  console.log
    [QueryStruct.setParent] Called for: {
      thisStructType: 'table',
      thisStructName: 'state_facts',
      parentHasStruct: true,
      parentHasModel: false,
      parentStructType: 'table',
      parentStructName: 'duckdb:malloytest.state_facts'
    }

      at QueryStruct.setParent (packages/malloy/src/model/query_node.ts:1054:13)

  console.log
    [QueryStruct.setParent] Set this.parent to: { parentType: 'table', parentName: 'duckdb:malloytest.state_facts' }

      at QueryStruct.setParent (packages/malloy/src/model/query_node.ts:1067:15)

  console.log
    [QueryFieldStruct constructor] Created QueryStruct: {
      queryStructDefType: 'table',
      queryStructHasParent: true,
      queryStructParentName: 'duckdb:malloytest.state_facts'
    }

      at new QueryFieldStruct (packages/malloy/src/model/query_node.ts:284:13)


>>> [compileQuery] CALLED! hasSourceArguments=true, keys=state_filter <<<
  console.log
    [compileQuery] Called with query: {
      hasSourceArguments: true,
      sourceArgumentsKeys: [ 'state_filter' ],
      sourceArgumentsStringified: '{"state_filter":{"type":"string","value":{"node":"stringLiteral","literal":"CA"},"name":"state_filter"}}'
    }

      at QueryModelImpl.compileQuery (packages/malloy/src/model/query_model_impl.ts:283:13)

  console.log
    [QueryModelImpl.loadQuery] CALLED FROM: QUERY_COMPILATION { isJoinedSubquery: false, hasArgs: true }

      at QueryModelImpl.loadQuery (packages/malloy/src/model/query_model_impl.ts:148:13)

  console.log
    [QueryModelImpl.loadQuery] query object: {
      hasStructRef: true,
      structRefType: 'string',
      structRefName: 'state_facts2',
      hasSourceArguments: true,
      sourceArgumentsType: 'object',
      sourceArgumentsKeys: [ 'state_filter' ],
      sourceArgumentsStringified: '{"state_filter":{"type":"string","value":{"node":"stringLiteral","literal":"CA"},"name":"state_filter"}}',
      structRefIsObject: false,
      structRefHasArguments: false,
      structRefArgumentsKeys: [],
      structRefArgumentsStringified: 'none'
    }

      at QueryModelImpl.loadQuery (packages/malloy/src/model/query_model_impl.ts:155:13)

  console.log
    [QueryStruct constructor] Creating: {
      structType: 'table',
      structName: 'duckdb:malloytest.state_facts',
      parentHasStruct: false,
      parentHasModel: true,
      parentStructType: undefined,
      sourceArgKeys: [ 'state_filter' ]
    }

      at new QueryStruct (packages/malloy/src/model/query_node.ts:417:13)

  console.log
    [QueryStruct.setParent] Called for: {
      thisStructType: 'table',
      thisStructName: 'duckdb:malloytest.state_facts',
      parentHasStruct: false,
      parentHasModel: true,
      parentStructType: undefined,
      parentStructName: undefined
    }

      at QueryStruct.setParent (packages/malloy/src/model/query_node.ts:1054:13)

  console.log
    [QueryFieldStruct constructor] Join field arguments check: {
      fieldName: 'state_facts',
      fieldType: 'table',
      jfdHasArguments: true,
      jfdArguments: [ 'state_filter' ],
      jfdArgumentValues: {
        state_filter: { hasValue: false, valueNode: undefined, valueType: 'object' }
      },
      sourceArguments: [ 'state_filter' ],
      sourceArgumentValues: {
        state_filter: { hasValue: true, valueNode: 'stringLiteral', valueType: 'object' }
      },
      parentSourceArguments: [ 'state_filter' ]
    }

      at new QueryFieldStruct (packages/malloy/src/model/query_node.ts:196:13)

  console.log
    [QueryFieldStruct constructor] Using arguments: {
      source: 'sourceArguments',
      keys: [ 'state_filter' ],
      values: { state_filter: { hasValue: true, valueNode: 'stringLiteral' } },
      parentHasArguments: true,
      parentArgKeys: [ 'state_filter' ]
    }

      at new QueryFieldStruct (packages/malloy/src/model/query_node.ts:247:13)

  console.log
    [QueryFieldStruct constructor] Creating QueryStruct for join: {
      jfdName: 'state_facts',
      jfdType: 'table',
      hasQuery: false,
      parentName: 'duckdb:malloytest.state_facts',
      parentType: 'table'
    }

      at new QueryFieldStruct (packages/malloy/src/model/query_node.ts:266:13)

  console.log
    [QueryStruct constructor] Creating: {
      structType: 'table',
      structName: 'state_facts',
      parentHasStruct: true,
      parentHasModel: false,
      parentStructType: 'table',
      sourceArgKeys: [ 'state_filter' ]
    }

      at new QueryStruct (packages/malloy/src/model/query_node.ts:417:13)

  console.log
    [QueryStruct.setParent] Called for: {
      thisStructType: 'table',
      thisStructName: 'state_facts',
      parentHasStruct: true,
      parentHasModel: false,
      parentStructType: 'table',
      parentStructName: 'duckdb:malloytest.state_facts'
    }

      at QueryStruct.setParent (packages/malloy/src/model/query_node.ts:1054:13)

  console.log
    [QueryStruct.setParent] Set this.parent to: { parentType: 'table', parentName: 'duckdb:malloytest.state_facts' }

      at QueryStruct.setParent (packages/malloy/src/model/query_node.ts:1067:15)

  console.log
    [QueryFieldStruct constructor] Created QueryStruct: {
      queryStructDefType: 'table',
      queryStructHasParent: true,
      queryStructParentName: 'duckdb:malloytest.state_facts'
    }

      at new QueryFieldStruct (packages/malloy/src/model/query_node.ts:284:13)

  console.log
    [QueryQuery.makeQuery] Called with parentStruct: {
      parentDefType: 'table',
      parentDefName: 'duckdb:malloytest.state_facts',
      parentHasParent: false,
      parentParentName: undefined,
      parentSourceArgs: [ 'state_filter' ],
      isJoinedSubquery: false,
      callStack: 'at Function.makeQuery (/Users/catalinadler/dev/malloy-cata02/packages/malloy/src/model/query_query.ts:173:7)\n' +
        '  at QueryModelImpl.loadQuery (/Users/catalinadler/dev/malloy-cata02/packages/malloy/src/model/query_model_impl.ts:208:26)\n' +
        '  at QueryModelImpl.compileQuery (/Users/catalinadler/dev/malloy-cata02/packages/malloy/src/model/query_model_impl.ts:299:19)\n' +
        '  at PreparedQuery.getPreparedResult (/Users/catalinadler/dev/malloy-cata02/packages/malloy/src/malloy.ts:988:40)\n' +
        '  at PreparedResultMaterializer._materialize (/Users/catalinadler/dev/malloy-cata02/packages/malloy/src/malloy.ts:3146:41)\n' +
        '  at async QueryMaterializer.run (/Users/catalinadler/dev/malloy-cata02/packages/malloy/src/malloy.ts:3115:28)\n' +
        '  at async runQuery (/Users/catalinadler/dev/malloy-cata02/test/src/util/db-matcher-support.ts:82:14)'
    }

      at Function.makeQuery (packages/malloy/src/model/query_query.ts:178:13)

  console.log
    [QueryQuery.prepare] About to addStructToJoin with this.parent: {
      parentDefType: 'table',
      parentDefName: 'duckdb:malloytest.state_facts',
      parentHasParent: false,
      parentSourceArgs: [ 'state_filter' ]
    }

      at QueryQueryReduce.prepare (packages/malloy/src/model/query_query.ts:565:15)

  console.log
    [addStructToJoin] Called with QueryStruct: {
      name: 'base',
      qsDefType: 'table',
      qsHasParent: false,
      qsParentName: undefined,
      qsSourceArgs: [ 'state_filter' ]
    }

      at FieldInstanceResultRoot.addStructToJoin (packages/malloy/src/model/field_instance.ts:465:13)

  console.log
    [addStructToJoin] Parent check: {
      hasQsParent: false,
      hasParentStruct: false,
      parentStructName: undefined
    }

      at FieldInstanceResultRoot.addStructToJoin (packages/malloy/src/model/field_instance.ts:488:13)

  console.log
    [addStructToJoin] Creating new JoinInstance

      at FieldInstanceResultRoot.addStructToJoin (packages/malloy/src/model/field_instance.ts:501:15)

  console.log
    [JoinInstance constructor] Creating join instance: {
      alias: 'base',
      qsDefType: 'table',
      qsDefName: 'duckdb:malloytest.state_facts',
      qsHasParent: false,
      qsParentName: undefined,
      qsParentType: undefined
    }

      at new JoinInstance (packages/malloy/src/model/join_instance.ts:25:13)

  console.log
    [QueryStruct.getChildByName] Returning QueryFieldStruct: {
      name: 'state_facts',
      thisStructDefType: 'table',
      thisStructDefName: 'duckdb:malloytest.state_facts',
      resultFieldDefType: 'table',
      resultQueryStructDefType: 'table',
      resultQueryStructHasParent: true
    }

      at QueryStruct.getChildByName (packages/malloy/src/model/query_node.ts:1156:15)

  console.log
    [addStructToJoin] Called with QueryStruct: {
      name: 'state_facts_0',
      qsDefType: 'table',
      qsHasParent: true,
      qsParentName: 'duckdb:malloytest.state_facts',
      qsSourceArgs: [ 'state_filter' ]
    }

      at FieldInstanceResultRoot.addStructToJoin (packages/malloy/src/model/field_instance.ts:465:13)

  console.log
    [addStructToJoin] Parent check: {
      hasQsParent: true,
      hasParentStruct: true,
      parentStructName: 'duckdb:malloytest.state_facts'
    }

      at FieldInstanceResultRoot.addStructToJoin (packages/malloy/src/model/field_instance.ts:488:13)

  console.log
    [addStructToJoin] Called with QueryStruct: {
      name: 'base',
      qsDefType: 'table',
      qsHasParent: false,
      qsParentName: undefined,
      qsSourceArgs: [ 'state_filter' ]
    }

      at FieldInstanceResultRoot.addStructToJoin (packages/malloy/src/model/field_instance.ts:465:13)

  console.log
    [addStructToJoin] Join already exists, updating uniqueKeyRequirement

      at FieldInstanceResultRoot.addStructToJoin (packages/malloy/src/model/field_instance.ts:475:15)

  console.log
    [addStructToJoin] Creating new JoinInstance

      at FieldInstanceResultRoot.addStructToJoin (packages/malloy/src/model/field_instance.ts:501:15)

  console.log
    [JoinInstance constructor] Creating join instance: {
      alias: 'state_facts_0',
      qsDefType: 'table',
      qsDefName: 'state_facts',
      qsHasParent: true,
      qsParentName: 'duckdb:malloytest.state_facts',
      qsParentType: 'table'
    }

      at new JoinInstance (packages/malloy/src/model/join_instance.ts:25:13)

  console.log
    [addStructToJoin] Called with QueryStruct: {
      name: 'base',
      qsDefType: 'table',
      qsHasParent: false,
      qsParentName: undefined,
      qsSourceArgs: [ 'state_filter' ]
    }

      at FieldInstanceResultRoot.addStructToJoin (packages/malloy/src/model/field_instance.ts:465:13)

  console.log
    [addStructToJoin] Join already exists, updating uniqueKeyRequirement

      at FieldInstanceResultRoot.addStructToJoin (packages/malloy/src/model/field_instance.ts:475:15)

  console.log
    [QueryStruct.getChildByName] Returning QueryFieldStruct: {
      name: 'state_facts',
      thisStructDefType: 'table',
      thisStructDefName: 'duckdb:malloytest.state_facts',
      resultFieldDefType: 'table',
      resultQueryStructDefType: 'table',
      resultQueryStructHasParent: true
    }

      at QueryStruct.getChildByName (packages/malloy/src/model/query_node.ts:1156:15)

  console.log
    [getStructSourceSQL] Called with struct type: {
      type: 'table',
      name: 'duckdb:malloytest.state_facts',
      callStackSize: 0
    }

      at QueryQueryReduce.getStructSourceSQL (packages/malloy/src/model/query_query.ts:895:13)

  console.log
    [generateSQLJoinBlock] Processing join: {
      qsDefType: 'table',
      qsDefName: 'state_facts',
      qsHasParent: true,
      qsParentName: 'duckdb:malloytest.state_facts'
    }

      at QueryQueryReduce.generateSQLJoinBlock (packages/malloy/src/model/query_query.ts:1229:13)

  console.log
    [getStructSourceSQL] Called with struct type: { type: 'table', name: 'state_facts', callStackSize: 0 }

      at QueryQueryReduce.getStructSourceSQL (packages/malloy/src/model/query_query.ts:895:13)

  console.log
    [QueryStruct.getChildByName] Returning QueryFieldStruct: {
      name: 'state_facts',
      thisStructDefType: 'table',
      thisStructDefName: 'duckdb:malloytest.state_facts',
      resultFieldDefType: 'table',
      resultQueryStructDefType: 'table',
      resultQueryStructHasParent: true
    }

      at QueryStruct.getChildByName (packages/malloy/src/model/query_node.ts:1156:15)

  console.log
    [generateParameterFragment] Looking for parameter: {
      paramName: 'state_filter',
      contextStructName: 'duckdb:malloytest.state_facts',
      contextArgs: [ 'state_filter' ],
      hasParent: false
    }

      at generateParameterFragment (packages/malloy/src/model/expression_compiler.ts:761:11)

  console.log
    [generateParameterFragment] Parent chain [0]: {
      structName: 'duckdb:malloytest.state_facts',
      structType: 'table',
      hasSourceArgs: true,
      sourceArgKeys: [ 'state_filter' ],
      argKeys: [ 'state_filter' ],
      paramValue: { hasValue: true, valueNode: 'stringLiteral' }
    }

      at generateParameterFragment (packages/malloy/src/model/expression_compiler.ts:772:13)

  console.log
    [generateParameterFragment] Looking for parameter: {
      paramName: 'state_filter',
      contextStructName: 'duckdb:malloytest.state_facts',
      contextArgs: [ 'state_filter' ],
      hasParent: false
    }

      at generateParameterFragment (packages/malloy/src/model/expression_compiler.ts:761:11)

  console.log
    [generateParameterFragment] Parent chain [0]: {
      structName: 'duckdb:malloytest.state_facts',
      structType: 'table',
      hasSourceArgs: true,
      sourceArgKeys: [ 'state_filter' ],
      argKeys: [ 'state_filter' ],
      paramValue: { hasValue: true, valueNode: 'stringLiteral' }
    }

      at generateParameterFragment (packages/malloy/src/model/expression_compiler.ts:772:13)

  console.log
    [ParameterSpace constructor] Created with parameters: []

      at new ParameterSpace (packages/malloy/src/lang/ast/field-space/parameter-space.ts:29:13)

  console.log
    [StaticSpace.lookup] Looking up 'state'

      at RefinedSpace.lookup (packages/malloy/src/lang/ast/field-space/static-space.ts:176:13)

  console.log
    [StaticSpace.map] Building map for 'duckdb:malloytest.state_facts', is StaticSourceSpace: false, has parameterSpaceRef: N/A

      at RefinedSpace.get map [as map] (packages/malloy/src/lang/ast/field-space/static-space.ts:102:15)

  console.log
    [StaticSpace.map] Adding field 'state', isJoined: false

      at RefinedSpace.get map [as map] (packages/malloy/src/lang/ast/field-space/static-space.ts:113:17)

  console.log
    [StaticSpace.map] Adding field 'aircraft_count', isJoined: false

      at RefinedSpace.get map [as map] (packages/malloy/src/lang/ast/field-space/static-space.ts:113:17)

  console.log
    [StaticSpace.map] Adding field 'airport_count', isJoined: false

      at RefinedSpace.get map [as map] (packages/malloy/src/lang/ast/field-space/static-space.ts:113:17)

  console.log
    [StaticSpace.map] Adding field 'births', isJoined: false

      at RefinedSpace.get map [as map] (packages/malloy/src/lang/ast/field-space/static-space.ts:113:17)

  console.log
    [StaticSpace.map] Adding field 'popular_name', isJoined: false

      at RefinedSpace.get map [as map] (packages/malloy/src/lang/ast/field-space/static-space.ts:113:17)

  console.log
    [StaticSpace.lookup] Found 'state'

      at RefinedSpace.lookup (packages/malloy/src/lang/ast/field-space/static-space.ts:188:13)

  console.log
    [ParameterSpace constructor] Created with parameters: []

      at new ParameterSpace (packages/malloy/src/lang/ast/field-space/parameter-space.ts:29:13)

  console.log
    [ParameterSpace constructor] Created with parameters: [ 'state_filter' ]

      at new ParameterSpace (packages/malloy/src/lang/ast/field-space/parameter-space.ts:29:13)

  console.log
    [StaticSpace.map] Building map for 'duckdb:malloytest.state_facts', is StaticSourceSpace: false, has parameterSpaceRef: N/A

      at RefinedSpace.get map [as map] (packages/malloy/src/lang/ast/field-space/static-space.ts:102:15)

  console.log
    [StaticSpace.map] Adding field 'state', isJoined: false

      at RefinedSpace.get map [as map] (packages/malloy/src/lang/ast/field-space/static-space.ts:113:17)

  console.log
    [StaticSpace.map] Adding field 'aircraft_count', isJoined: false

      at RefinedSpace.get map [as map] (packages/malloy/src/lang/ast/field-space/static-space.ts:113:17)

  console.log
    [StaticSpace.map] Adding field 'airport_count', isJoined: false

      at RefinedSpace.get map [as map] (packages/malloy/src/lang/ast/field-space/static-space.ts:113:17)

  console.log
    [StaticSpace.map] Adding field 'births', isJoined: false

      at RefinedSpace.get map [as map] (packages/malloy/src/lang/ast/field-space/static-space.ts:113:17)

  console.log
    [StaticSpace.map] Adding field 'popular_name', isJoined: false

      at RefinedSpace.get map [as map] (packages/malloy/src/lang/ast/field-space/static-space.ts:113:17)

  console.log
    [ParameterSpace constructor] Created with parameters: [ 'state_filter' ]

      at new ParameterSpace (packages/malloy/src/lang/ast/field-space/parameter-space.ts:29:13)

  console.log
    [JoinSpaceField constructor] Created for join with parameterSpace: true

      at new JoinSpaceField (packages/malloy/src/lang/ast/field-space/join-space-field.ts:36:13)

  console.log
    [ParameterSpace constructor] Created with parameters: [ 'state_filter' ]

      at new ParameterSpace (packages/malloy/src/lang/ast/field-space/parameter-space.ts:29:13)

  console.log
    [StaticSpace.lookup] Looking up 'state_filter'

      at RefinedSpace.lookup (packages/malloy/src/lang/ast/field-space/static-space.ts:176:13)

  console.log
    [StaticSpace.lookup] Found 'state_filter'

      at RefinedSpace.lookup (packages/malloy/src/lang/ast/field-space/static-space.ts:188:13)

  console.log
    [StaticSpace.lookup] Looking up 'state'

      at RefinedSpace.lookup (packages/malloy/src/lang/ast/field-space/static-space.ts:176:13)

  console.log
    [StaticSpace.lookup] Found 'state'

      at RefinedSpace.lookup (packages/malloy/src/lang/ast/field-space/static-space.ts:188:13)

  console.log
    [StaticSpace.lookup] Looking up 'state_filter'

      at RefinedSpace.lookup (packages/malloy/src/lang/ast/field-space/static-space.ts:176:13)

  console.log
    [StaticSpace.lookup] Found 'state_filter'

      at RefinedSpace.lookup (packages/malloy/src/lang/ast/field-space/static-space.ts:188:13)

  console.log
    [SQArrow.getQuery] Called

      at SQArrow.getQuery (packages/malloy/src/lang/ast/source-query-elements/sq-arrow.ts:53:13)

  console.log
    [SQArrow.getQuery] LHS is: namedSource, instanceof Source: true

      at SQArrow.getQuery (packages/malloy/src/lang/ast/source-query-elements/sq-arrow.ts:72:13)

  console.log
    [ParameterSpace constructor] Created with parameters: []

      at new ParameterSpace (packages/malloy/src/lang/ast/field-space/parameter-space.ts:29:13)

  console.log
    [SQArrow.getQuery] sourceDef.parameters: []

      at SQArrow.getQuery (packages/malloy/src/lang/ast/source-query-elements/sq-arrow.ts:80:15)

  console.log
    [SQArrow.getQuery] sourceDef.arguments: [ 'state_filter' ]

      at SQArrow.getQuery (packages/malloy/src/lang/ast/source-query-elements/sq-arrow.ts:84:15)

  console.log
    [ParameterSpace constructor] Created with parameters: [ 'state_filter' ]

      at new ParameterSpace (packages/malloy/src/lang/ast/field-space/parameter-space.ts:29:13)

  console.log
    [SQArrow.getQuery] Created parameterSpace from source arguments: [ 'state_filter' ]

      at SQArrow.getQuery (packages/malloy/src/lang/ast/source-query-elements/sq-arrow.ts:103:17)

  console.log
    [QueryArrow constructor] Created with source: namedSource, parameterSpace: [ 'state_filter' ]

      at new QueryArrow (packages/malloy/src/lang/ast/query-elements/query-arrow.ts:60:15)

  console.log
    [StaticSourceSpace constructor] Created with parameterSpaceRef: true source name: duckdb:malloytest.state_facts

      at new StaticSourceSpace (packages/malloy/src/lang/ast/field-space/static-space.ts:312:13)

  console.log
    [QueryArrow.queryComp] Source: namedSource, fieldSpace WITH parameterSpace: [ 'state_filter' ]

      at QueryArrow.queryComp (packages/malloy/src/lang/ast/query-elements/query-arrow.ts:120:17)

  console.log
    [QueryArrow.queryComp] Calling view.pipelineComp with fieldSpace

      at QueryArrow.queryComp (packages/malloy/src/lang/ast/query-elements/query-arrow.ts:161:13)

  console.log
    [StaticSpace.map] Building map for 'duckdb:malloytest.state_facts', is StaticSourceSpace: false, has parameterSpaceRef: N/A

      at ReduceFieldSpace.get map [as map] (packages/malloy/src/lang/ast/field-space/static-space.ts:102:15)

  console.log
    [StaticSpace.lookup] Looking up 'state'

      at QueryInputSpace.lookup (packages/malloy/src/lang/ast/field-space/static-space.ts:176:13)

  console.log
    [QueryInputSpace.entry] Looking up 'state'

      at QueryInputSpace.entry (packages/malloy/src/lang/ast/field-space/query-input-space.ts:108:13)

  console.log
    [StaticSpace.map] Building map for 'duckdb:malloytest.state_facts', is StaticSourceSpace: false, has parameterSpaceRef: N/A

      at QueryInputSpace.get map [as map] (packages/malloy/src/lang/ast/field-space/static-space.ts:102:15)

  console.log
    [StaticSpace.map] Adding field 'state', isJoined: false

      at QueryInputSpace.get map [as map] (packages/malloy/src/lang/ast/field-space/static-space.ts:113:17)

  console.log
    [StaticSpace.map] Adding field 'aircraft_count', isJoined: false

      at QueryInputSpace.get map [as map] (packages/malloy/src/lang/ast/field-space/static-space.ts:113:17)

  console.log
    [StaticSpace.map] Adding field 'airport_count', isJoined: false

      at QueryInputSpace.get map [as map] (packages/malloy/src/lang/ast/field-space/static-space.ts:113:17)

  console.log
    [StaticSpace.map] Adding field 'births', isJoined: false

      at QueryInputSpace.get map [as map] (packages/malloy/src/lang/ast/field-space/static-space.ts:113:17)

  console.log
    [StaticSpace.map] Adding field 'popular_name', isJoined: false

      at QueryInputSpace.get map [as map] (packages/malloy/src/lang/ast/field-space/static-space.ts:113:17)

  console.log
    [StaticSpace.map] Adding field 'state_facts', isJoined: true

      at QueryInputSpace.get map [as map] (packages/malloy/src/lang/ast/field-space/static-space.ts:113:17)

  console.log
    [QueryInputSpace.entry] Found 'state' in fields

      at QueryInputSpace.entry (packages/malloy/src/lang/ast/field-space/query-input-space.ts:112:15)

  console.log
    [StaticSpace.lookup] Found 'state'

      at QueryInputSpace.lookup (packages/malloy/src/lang/ast/field-space/static-space.ts:188:13)

  console.log
    [StaticSpace.lookup] Looking up 'state_facts'

      at QueryInputSpace.lookup (packages/malloy/src/lang/ast/field-space/static-space.ts:176:13)

  console.log
    [QueryInputSpace.entry] Looking up 'state_facts'

      at QueryInputSpace.entry (packages/malloy/src/lang/ast/field-space/query-input-space.ts:108:13)

  console.log
    [QueryInputSpace.entry] Found 'state_facts' in fields

      at QueryInputSpace.entry (packages/malloy/src/lang/ast/field-space/query-input-space.ts:112:15)

  console.log
    [StaticSpace.lookup] Found 'state_facts'

      at QueryInputSpace.lookup (packages/malloy/src/lang/ast/field-space/static-space.ts:188:13)

  console.log
    [StructSpaceField.fieldSpace] Join 'state_facts', isSourceDef: true, type: table, has parameterSpaceRef: false

      at StructSpaceField.get fieldSpace [as fieldSpace] (packages/malloy/src/lang/ast/field-space/static-space.ts:279:13)

  console.log
    [StaticSourceSpace constructor] Created with parameterSpaceRef: false source name: state_facts

      at new StaticSourceSpace (packages/malloy/src/lang/ast/field-space/static-space.ts:312:13)

  console.log
    [StructSpaceField.fieldSpace] Join 'state_facts', isSourceDef: true, type: table, has parameterSpaceRef: false

      at StructSpaceField.get fieldSpace [as fieldSpace] (packages/malloy/src/lang/ast/field-space/static-space.ts:279:13)

  console.log
    [StaticSourceSpace constructor] Created with parameterSpaceRef: false source name: state_facts

      at new StaticSourceSpace (packages/malloy/src/lang/ast/field-space/static-space.ts:312:13)

  console.log
    [StaticSourceSpace.lookup] Looking up 'state'

      at StaticSourceSpace.lookup (packages/malloy/src/lang/ast/field-space/static-space.ts:403:13)

  console.log
    [StaticSourceSpace.entry] Looking up 'state', has parameterSpaceRef: false

      at StaticSourceSpace.entry (packages/malloy/src/lang/ast/field-space/static-space.ts:369:13)

  console.log
    [StaticSpace.map] Building map for 'state_facts', is StaticSourceSpace: true, has parameterSpaceRef: false

      at StaticSourceSpace.get map [as map] (packages/malloy/src/lang/ast/field-space/static-space.ts:102:15)

  console.log
    [StaticSpace.map] Adding field 'state', isJoined: false

      at StaticSourceSpace.get map [as map] (packages/malloy/src/lang/ast/field-space/static-space.ts:113:17)

  console.log
    [StaticSourceSpace.defToSpaceField] Field 'state', isJoined: false, has parameterSpaceRef: false, creation #5

      at StaticSourceSpace.defToSpaceField (packages/malloy/src/lang/ast/field-space/static-space.ts:339:13)

  console.log
    [StaticSpace.map] Adding field 'aircraft_count', isJoined: false

      at StaticSourceSpace.get map [as map] (packages/malloy/src/lang/ast/field-space/static-space.ts:113:17)

  console.log
    [StaticSourceSpace.defToSpaceField] Field 'aircraft_count', isJoined: false, has parameterSpaceRef: false, creation #5

      at StaticSourceSpace.defToSpaceField (packages/malloy/src/lang/ast/field-space/static-space.ts:339:13)

  console.log
    [StaticSpace.map] Adding field 'airport_count', isJoined: false

      at StaticSourceSpace.get map [as map] (packages/malloy/src/lang/ast/field-space/static-space.ts:113:17)

  console.log
    [StaticSourceSpace.defToSpaceField] Field 'airport_count', isJoined: false, has parameterSpaceRef: false, creation #5

      at StaticSourceSpace.defToSpaceField (packages/malloy/src/lang/ast/field-space/static-space.ts:339:13)

  console.log
    [StaticSpace.map] Adding field 'births', isJoined: false

      at StaticSourceSpace.get map [as map] (packages/malloy/src/lang/ast/field-space/static-space.ts:113:17)

  console.log
    [StaticSourceSpace.defToSpaceField] Field 'births', isJoined: false, has parameterSpaceRef: false, creation #5

      at StaticSourceSpace.defToSpaceField (packages/malloy/src/lang/ast/field-space/static-space.ts:339:13)

  console.log
    [StaticSpace.map] Adding field 'popular_name', isJoined: false

      at StaticSourceSpace.get map [as map] (packages/malloy/src/lang/ast/field-space/static-space.ts:113:17)

  console.log
    [StaticSourceSpace.defToSpaceField] Field 'popular_name', isJoined: false, has parameterSpaceRef: false, creation #5

      at StaticSourceSpace.defToSpaceField (packages/malloy/src/lang/ast/field-space/static-space.ts:339:13)

  console.log
    [StaticSourceSpace.entry] Found 'state' in fields

      at StaticSourceSpace.entry (packages/malloy/src/lang/ast/field-space/static-space.ts:376:15)

  console.log
    [StaticSourceSpace.lookup] Found 'state'

      at StaticSourceSpace.lookup (packages/malloy/src/lang/ast/field-space/static-space.ts:415:13)

  console.log
    [QueryInputSpace.parameterSpace] Called

      at QueryInputSpace.parameterSpace (packages/malloy/src/lang/ast/field-space/query-input-space.ts:84:13)

  console.log
    [QueryInputSpace.parameterSpace] Got from queryOutput: [ 'state_filter' ]

      at QueryInputSpace.parameterSpace (packages/malloy/src/lang/ast/field-space/query-input-space.ts:88:15)

  console.log
    [QueryArrow.queryComp] Creating comp.query: {
      inputStructName: 'duckdb:malloytest.state_facts',
      inputStructType: 'table',
      inputStructArguments: [ 'state_filter' ],
      sourceArgumentsKeys: [ 'state_filter' ],
      sourceArgumentsHasValues: [ [ 'state_filter', true ] ],
      pipelineLength: 1
    }

      at QueryArrow.queryComp (packages/malloy/src/lang/ast/query-elements/query-arrow.ts:244:13)


>>> QueryModelImpl constructor called <<<
  console.log
    [QueryStruct constructor] Creating: {
      structType: 'table',
      structName: 'duckdb:malloytest.state_facts',
      parentHasStruct: false,
      parentHasModel: true,
      parentStructType: undefined,
      sourceArgKeys: []
    }

      at new QueryStruct (packages/malloy/src/model/query_node.ts:417:13)

  console.log
    [QueryStruct.setParent] Called for: {
      thisStructType: 'table',
      thisStructName: 'duckdb:malloytest.state_facts',
      parentHasStruct: false,
      parentHasModel: true,
      parentStructType: undefined,
      parentStructName: undefined
    }

      at QueryStruct.setParent (packages/malloy/src/model/query_node.ts:1054:13)

  console.log
    [QueryStruct constructor] Creating: {
      structType: 'table',
      structName: 'duckdb:malloytest.state_facts',
      parentHasStruct: false,
      parentHasModel: true,
      parentStructType: undefined,
      sourceArgKeys: []
    }

      at new QueryStruct (packages/malloy/src/model/query_node.ts:417:13)

  console.log
    [QueryStruct.setParent] Called for: {
      thisStructType: 'table',
      thisStructName: 'duckdb:malloytest.state_facts',
      parentHasStruct: false,
      parentHasModel: true,
      parentStructType: undefined,
      parentStructName: undefined
    }

      at QueryStruct.setParent (packages/malloy/src/model/query_node.ts:1054:13)

  console.log
    [QueryFieldStruct constructor] Join field arguments check: {
      fieldName: 'state_facts',
      fieldType: 'table',
      jfdHasArguments: true,
      jfdArguments: [],
      jfdArgumentValues: {},
      sourceArguments: [ 'state_filter' ],
      sourceArgumentValues: {
        state_filter: { hasValue: false, valueNode: undefined, valueType: 'object' }
      },
      parentSourceArguments: []
    }

      at new QueryFieldStruct (packages/malloy/src/model/query_node.ts:196:13)

  console.log
    [QueryFieldStruct constructor] Using arguments: {
      source: 'sourceArguments',
      keys: [ 'state_filter' ],
      values: { state_filter: { hasValue: false, valueNode: undefined } },
      parentHasArguments: false,
      parentArgKeys: []
    }

      at new QueryFieldStruct (packages/malloy/src/model/query_node.ts:247:13)

  console.log
    [QueryFieldStruct constructor] Creating QueryStruct for join: {
      jfdName: 'state_facts',
      jfdType: 'table',
      hasQuery: false,
      parentName: 'duckdb:malloytest.state_facts',
      parentType: 'table'
    }

      at new QueryFieldStruct (packages/malloy/src/model/query_node.ts:266:13)

  console.log
    [QueryStruct constructor] Creating: {
      structType: 'table',
      structName: 'state_facts',
      parentHasStruct: true,
      parentHasModel: false,
      parentStructType: 'table',
      sourceArgKeys: [ 'state_filter' ]
    }

      at new QueryStruct (packages/malloy/src/model/query_node.ts:417:13)

  console.log
    [QueryStruct.setParent] Called for: {
      thisStructType: 'table',
      thisStructName: 'state_facts',
      parentHasStruct: true,
      parentHasModel: false,
      parentStructType: 'table',
      parentStructName: 'duckdb:malloytest.state_facts'
    }

      at QueryStruct.setParent (packages/malloy/src/model/query_node.ts:1054:13)

  console.log
    [QueryStruct.setParent] Set this.parent to: { parentType: 'table', parentName: 'duckdb:malloytest.state_facts' }

      at QueryStruct.setParent (packages/malloy/src/model/query_node.ts:1067:15)

  console.log
    [QueryFieldStruct constructor] Created QueryStruct: {
      queryStructDefType: 'table',
      queryStructHasParent: true,
      queryStructParentName: 'duckdb:malloytest.state_facts'
    }

      at new QueryFieldStruct (packages/malloy/src/model/query_node.ts:284:13)


>>> [compileQuery] CALLED! hasSourceArguments=true, keys=state_filter <<<
  console.log
    [compileQuery] Called with query: {
      hasSourceArguments: true,
      sourceArgumentsKeys: [ 'state_filter' ],
      sourceArgumentsStringified: '{"state_filter":{"type":"string","value":{"node":"stringLiteral","literal":"CA"},"name":"state_filter"}}'
    }

      at QueryModelImpl.compileQuery (packages/malloy/src/model/query_model_impl.ts:283:13)

  console.log
    [QueryModelImpl.loadQuery] CALLED FROM: QUERY_COMPILATION { isJoinedSubquery: false, hasArgs: true }

      at QueryModelImpl.loadQuery (packages/malloy/src/model/query_model_impl.ts:148:13)

  console.log
    [QueryModelImpl.loadQuery] query object: {
      hasStructRef: true,
      structRefType: 'string',
      structRefName: 'state_facts2',
      hasSourceArguments: true,
      sourceArgumentsType: 'object',
      sourceArgumentsKeys: [ 'state_filter' ],
      sourceArgumentsStringified: '{"state_filter":{"type":"string","value":{"node":"stringLiteral","literal":"CA"},"name":"state_filter"}}',
      structRefIsObject: false,
      structRefHasArguments: false,
      structRefArgumentsKeys: [],
      structRefArgumentsStringified: 'none'
    }

      at QueryModelImpl.loadQuery (packages/malloy/src/model/query_model_impl.ts:155:13)

  console.log
    [QueryStruct constructor] Creating: {
      structType: 'table',
      structName: 'duckdb:malloytest.state_facts',
      parentHasStruct: false,
      parentHasModel: true,
      parentStructType: undefined,
      sourceArgKeys: [ 'state_filter' ]
    }

      at new QueryStruct (packages/malloy/src/model/query_node.ts:417:13)

  console.log
    [QueryStruct.setParent] Called for: {
      thisStructType: 'table',
      thisStructName: 'duckdb:malloytest.state_facts',
      parentHasStruct: false,
      parentHasModel: true,
      parentStructType: undefined,
      parentStructName: undefined
    }

      at QueryStruct.setParent (packages/malloy/src/model/query_node.ts:1054:13)

  console.log
    [QueryFieldStruct constructor] Join field arguments check: {
      fieldName: 'state_facts',
      fieldType: 'table',
      jfdHasArguments: true,
      jfdArguments: [],
      jfdArgumentValues: {},
      sourceArguments: [ 'state_filter' ],
      sourceArgumentValues: {
        state_filter: { hasValue: true, valueNode: 'stringLiteral', valueType: 'object' }
      },
      parentSourceArguments: [ 'state_filter' ]
    }

      at new QueryFieldStruct (packages/malloy/src/model/query_node.ts:196:13)

  console.log
    [QueryFieldStruct constructor] Using arguments: {
      source: 'sourceArguments',
      keys: [ 'state_filter' ],
      values: { state_filter: { hasValue: true, valueNode: 'stringLiteral' } },
      parentHasArguments: true,
      parentArgKeys: [ 'state_filter' ]
    }

      at new QueryFieldStruct (packages/malloy/src/model/query_node.ts:247:13)

  console.log
    [QueryFieldStruct constructor] Creating QueryStruct for join: {
      jfdName: 'state_facts',
      jfdType: 'table',
      hasQuery: false,
      parentName: 'duckdb:malloytest.state_facts',
      parentType: 'table'
    }

      at new QueryFieldStruct (packages/malloy/src/model/query_node.ts:266:13)

  console.log
    [QueryStruct constructor] Creating: {
      structType: 'table',
      structName: 'state_facts',
      parentHasStruct: true,
      parentHasModel: false,
      parentStructType: 'table',
      sourceArgKeys: [ 'state_filter' ]
    }

      at new QueryStruct (packages/malloy/src/model/query_node.ts:417:13)

  console.log
    [QueryStruct.setParent] Called for: {
      thisStructType: 'table',
      thisStructName: 'state_facts',
      parentHasStruct: true,
      parentHasModel: false,
      parentStructType: 'table',
      parentStructName: 'duckdb:malloytest.state_facts'
    }

      at QueryStruct.setParent (packages/malloy/src/model/query_node.ts:1054:13)

  console.log
    [QueryStruct.setParent] Set this.parent to: { parentType: 'table', parentName: 'duckdb:malloytest.state_facts' }

      at QueryStruct.setParent (packages/malloy/src/model/query_node.ts:1067:15)

  console.log
    [QueryFieldStruct constructor] Created QueryStruct: {
      queryStructDefType: 'table',
      queryStructHasParent: true,
      queryStructParentName: 'duckdb:malloytest.state_facts'
    }

      at new QueryFieldStruct (packages/malloy/src/model/query_node.ts:284:13)

  console.log
    [QueryQuery.makeQuery] Called with parentStruct: {
      parentDefType: 'table',
      parentDefName: 'duckdb:malloytest.state_facts',
      parentHasParent: false,
      parentParentName: undefined,
      parentSourceArgs: [ 'state_filter' ],
      isJoinedSubquery: false,
      callStack: 'at Function.makeQuery (/Users/catalinadler/dev/malloy-cata02/packages/malloy/src/model/query_query.ts:173:7)\n' +
        '  at QueryModelImpl.loadQuery (/Users/catalinadler/dev/malloy-cata02/packages/malloy/src/model/query_model_impl.ts:208:26)\n' +
        '  at QueryModelImpl.compileQuery (/Users/catalinadler/dev/malloy-cata02/packages/malloy/src/model/query_model_impl.ts:299:19)\n' +
        '  at PreparedQuery.getPreparedResult (/Users/catalinadler/dev/malloy-cata02/packages/malloy/src/malloy.ts:988:40)\n' +
        '  at PreparedResultMaterializer._materialize (/Users/catalinadler/dev/malloy-cata02/packages/malloy/src/malloy.ts:3146:41)\n' +
        '  at async QueryMaterializer.run (/Users/catalinadler/dev/malloy-cata02/packages/malloy/src/malloy.ts:3115:28)\n' +
        '  at async runQuery (/Users/catalinadler/dev/malloy-cata02/test/src/util/db-matcher-support.ts:82:14)'
    }

      at Function.makeQuery (packages/malloy/src/model/query_query.ts:178:13)

  console.log
    [QueryQuery.prepare] About to addStructToJoin with this.parent: {
      parentDefType: 'table',
      parentDefName: 'duckdb:malloytest.state_facts',
      parentHasParent: false,
      parentSourceArgs: [ 'state_filter' ]
    }

      at QueryQueryReduce.prepare (packages/malloy/src/model/query_query.ts:565:15)

  console.log
    [addStructToJoin] Called with QueryStruct: {
      name: 'base',
      qsDefType: 'table',
      qsHasParent: false,
      qsParentName: undefined,
      qsSourceArgs: [ 'state_filter' ]
    }

      at FieldInstanceResultRoot.addStructToJoin (packages/malloy/src/model/field_instance.ts:465:13)

  console.log
    [addStructToJoin] Parent check: {
      hasQsParent: false,
      hasParentStruct: false,
      parentStructName: undefined
    }

      at FieldInstanceResultRoot.addStructToJoin (packages/malloy/src/model/field_instance.ts:488:13)

  console.log
    [addStructToJoin] Creating new JoinInstance

      at FieldInstanceResultRoot.addStructToJoin (packages/malloy/src/model/field_instance.ts:501:15)

  console.log
    [JoinInstance constructor] Creating join instance: {
      alias: 'base',
      qsDefType: 'table',
      qsDefName: 'duckdb:malloytest.state_facts',
      qsHasParent: false,
      qsParentName: undefined,
      qsParentType: undefined
    }

      at new JoinInstance (packages/malloy/src/model/join_instance.ts:25:13)

  console.log
    [QueryStruct.getChildByName] Returning QueryFieldStruct: {
      name: 'state_facts',
      thisStructDefType: 'table',
      thisStructDefName: 'duckdb:malloytest.state_facts',
      resultFieldDefType: 'table',
      resultQueryStructDefType: 'table',
      resultQueryStructHasParent: true
    }

      at QueryStruct.getChildByName (packages/malloy/src/model/query_node.ts:1156:15)

  console.log
    [addStructToJoin] Called with QueryStruct: {
      name: 'state_facts_0',
      qsDefType: 'table',
      qsHasParent: true,
      qsParentName: 'duckdb:malloytest.state_facts',
      qsSourceArgs: [ 'state_filter' ]
    }

      at FieldInstanceResultRoot.addStructToJoin (packages/malloy/src/model/field_instance.ts:465:13)

  console.log
    [addStructToJoin] Parent check: {
      hasQsParent: true,
      hasParentStruct: true,
      parentStructName: 'duckdb:malloytest.state_facts'
    }

      at FieldInstanceResultRoot.addStructToJoin (packages/malloy/src/model/field_instance.ts:488:13)

  console.log
    [addStructToJoin] Called with QueryStruct: {
      name: 'base',
      qsDefType: 'table',
      qsHasParent: false,
      qsParentName: undefined,
      qsSourceArgs: [ 'state_filter' ]
    }

      at FieldInstanceResultRoot.addStructToJoin (packages/malloy/src/model/field_instance.ts:465:13)

  console.log
    [addStructToJoin] Join already exists, updating uniqueKeyRequirement

      at FieldInstanceResultRoot.addStructToJoin (packages/malloy/src/model/field_instance.ts:475:15)

  console.log
    [addStructToJoin] Creating new JoinInstance

      at FieldInstanceResultRoot.addStructToJoin (packages/malloy/src/model/field_instance.ts:501:15)

  console.log
    [JoinInstance constructor] Creating join instance: {
      alias: 'state_facts_0',
      qsDefType: 'table',
      qsDefName: 'state_facts',
      qsHasParent: true,
      qsParentName: 'duckdb:malloytest.state_facts',
      qsParentType: 'table'
    }

      at new JoinInstance (packages/malloy/src/model/join_instance.ts:25:13)

  console.log
    [addStructToJoin] Called with QueryStruct: {
      name: 'base',
      qsDefType: 'table',
      qsHasParent: false,
      qsParentName: undefined,
      qsSourceArgs: [ 'state_filter' ]
    }

      at FieldInstanceResultRoot.addStructToJoin (packages/malloy/src/model/field_instance.ts:465:13)

  console.log
    [addStructToJoin] Join already exists, updating uniqueKeyRequirement

      at FieldInstanceResultRoot.addStructToJoin (packages/malloy/src/model/field_instance.ts:475:15)

  console.log
    [QueryStruct.getChildByName] Returning QueryFieldStruct: {
      name: 'state_facts',
      thisStructDefType: 'table',
      thisStructDefName: 'duckdb:malloytest.state_facts',
      resultFieldDefType: 'table',
      resultQueryStructDefType: 'table',
      resultQueryStructHasParent: true
    }

      at QueryStruct.getChildByName (packages/malloy/src/model/query_node.ts:1156:15)

  console.log
    [getStructSourceSQL] Called with struct type: {
      type: 'table',
      name: 'duckdb:malloytest.state_facts',
      callStackSize: 0
    }

      at QueryQueryReduce.getStructSourceSQL (packages/malloy/src/model/query_query.ts:895:13)

  console.log
    [generateSQLJoinBlock] Processing join: {
      qsDefType: 'table',
      qsDefName: 'state_facts',
      qsHasParent: true,
      qsParentName: 'duckdb:malloytest.state_facts'
    }

      at QueryQueryReduce.generateSQLJoinBlock (packages/malloy/src/model/query_query.ts:1229:13)

  console.log
    [getStructSourceSQL] Called with struct type: { type: 'table', name: 'state_facts', callStackSize: 0 }

      at QueryQueryReduce.getStructSourceSQL (packages/malloy/src/model/query_query.ts:895:13)

  console.log
    [QueryStruct.getChildByName] Returning QueryFieldStruct: {
      name: 'state_facts',
      thisStructDefType: 'table',
      thisStructDefName: 'duckdb:malloytest.state_facts',
      resultFieldDefType: 'table',
      resultQueryStructDefType: 'table',
      resultQueryStructHasParent: true
    }

      at QueryStruct.getChildByName (packages/malloy/src/model/query_node.ts:1156:15)

  console.log
    [generateParameterFragment] Looking for parameter: {
      paramName: 'state_filter',
      contextStructName: 'duckdb:malloytest.state_facts',
      contextArgs: [ 'state_filter' ],
      hasParent: false
    }

      at generateParameterFragment (packages/malloy/src/model/expression_compiler.ts:761:11)

  console.log
    [generateParameterFragment] Parent chain [0]: {
      structName: 'duckdb:malloytest.state_facts',
      structType: 'table',
      hasSourceArgs: true,
      sourceArgKeys: [ 'state_filter' ],
      argKeys: [ 'state_filter' ],
      paramValue: { hasValue: true, valueNode: 'stringLiteral' }
    }

      at generateParameterFragment (packages/malloy/src/model/expression_compiler.ts:772:13)

  console.log
    [generateParameterFragment] Looking for parameter: {
      paramName: 'state_filter',
      contextStructName: 'duckdb:malloytest.state_facts',
      contextArgs: [ 'state_filter' ],
      hasParent: false
    }

      at generateParameterFragment (packages/malloy/src/model/expression_compiler.ts:761:11)

  console.log
    [generateParameterFragment] Parent chain [0]: {
      structName: 'duckdb:malloytest.state_facts',
      structType: 'table',
      hasSourceArgs: true,
      sourceArgKeys: [ 'state_filter' ],
      argKeys: [ 'state_filter' ],
      paramValue: { hasValue: true, valueNode: 'stringLiteral' }
    }

      at generateParameterFragment (packages/malloy/src/model/expression_compiler.ts:772:13)

  console.log
    [ParameterSpace constructor] Created with parameters: [ 'param' ]

      at new ParameterSpace (packages/malloy/src/lang/ast/field-space/parameter-space.ts:29:13)

  console.log
    [StaticSpace.map] Building map for 'duckdb:malloytest.state_facts', is StaticSourceSpace: false, has parameterSpaceRef: N/A

      at RefinedSpace.get map [as map] (packages/malloy/src/lang/ast/field-space/static-space.ts:102:15)

  console.log
    [StaticSpace.map] Adding field 'state', isJoined: false

      at RefinedSpace.get map [as map] (packages/malloy/src/lang/ast/field-space/static-space.ts:113:17)

  console.log
    [StaticSpace.map] Adding field 'aircraft_count', isJoined: false

      at RefinedSpace.get map [as map] (packages/malloy/src/lang/ast/field-space/static-space.ts:113:17)

  console.log
    [StaticSpace.map] Adding field 'airport_count', isJoined: false

      at RefinedSpace.get map [as map] (packages/malloy/src/lang/ast/field-space/static-space.ts:113:17)

  console.log
    [StaticSpace.map] Adding field 'births', isJoined: false

      at RefinedSpace.get map [as map] (packages/malloy/src/lang/ast/field-space/static-space.ts:113:17)

  console.log
    [StaticSpace.map] Adding field 'popular_name', isJoined: false

      at RefinedSpace.get map [as map] (packages/malloy/src/lang/ast/field-space/static-space.ts:113:17)

  console.log
    [ParameterSpace constructor] Created with parameters: [ 'param' ]

      at new ParameterSpace (packages/malloy/src/lang/ast/field-space/parameter-space.ts:29:13)

  console.log
    [StaticSpace.lookup] Looking up 'param'

      at RefinedSpace.lookup (packages/malloy/src/lang/ast/field-space/static-space.ts:176:13)

  console.log
    [StaticSpace.lookup] Found 'param'

      at RefinedSpace.lookup (packages/malloy/src/lang/ast/field-space/static-space.ts:188:13)

  console.log
    [SQArrow.getQuery] Called

      at SQArrow.getQuery (packages/malloy/src/lang/ast/source-query-elements/sq-arrow.ts:53:13)

  console.log
    [SQArrow.getQuery] LHS is: namedSource, instanceof Source: true

      at SQArrow.getQuery (packages/malloy/src/lang/ast/source-query-elements/sq-arrow.ts:72:13)

  console.log
    [ParameterSpace constructor] Created with parameters: []

      at new ParameterSpace (packages/malloy/src/lang/ast/field-space/parameter-space.ts:29:13)

  console.log
    [SQArrow.getQuery] sourceDef.parameters: []

      at SQArrow.getQuery (packages/malloy/src/lang/ast/source-query-elements/sq-arrow.ts:80:15)

  console.log
    [SQArrow.getQuery] sourceDef.arguments: [ 'param' ]

      at SQArrow.getQuery (packages/malloy/src/lang/ast/source-query-elements/sq-arrow.ts:84:15)

  console.log
    [ParameterSpace constructor] Created with parameters: [ 'param' ]

      at new ParameterSpace (packages/malloy/src/lang/ast/field-space/parameter-space.ts:29:13)

  console.log
    [SQArrow.getQuery] Created parameterSpace from source arguments: [ 'param' ]

      at SQArrow.getQuery (packages/malloy/src/lang/ast/source-query-elements/sq-arrow.ts:103:17)

  console.log
    [QueryArrow constructor] Created with source: namedSource, parameterSpace: [ 'param' ]

      at new QueryArrow (packages/malloy/src/lang/ast/query-elements/query-arrow.ts:60:15)

  console.log
    [StaticSourceSpace constructor] Created with parameterSpaceRef: true source name: duckdb:malloytest.state_facts

      at new StaticSourceSpace (packages/malloy/src/lang/ast/field-space/static-space.ts:312:13)

  console.log
    [QueryArrow.queryComp] Source: namedSource, fieldSpace WITH parameterSpace: [ 'param' ]

      at QueryArrow.queryComp (packages/malloy/src/lang/ast/query-elements/query-arrow.ts:120:17)

  console.log
    [QueryArrow.queryComp] Calling view.pipelineComp with fieldSpace

      at QueryArrow.queryComp (packages/malloy/src/lang/ast/query-elements/query-arrow.ts:161:13)

  console.log
    [StaticSpace.map] Building map for 'duckdb:malloytest.state_facts', is StaticSourceSpace: false, has parameterSpaceRef: N/A

      at ProjectFieldSpace.get map [as map] (packages/malloy/src/lang/ast/field-space/static-space.ts:102:15)

  console.log
    [StaticSpace.lookup] Looking up 'param_value'

      at QueryInputSpace.lookup (packages/malloy/src/lang/ast/field-space/static-space.ts:176:13)

  console.log
    [QueryInputSpace.entry] Looking up 'param_value'

      at QueryInputSpace.entry (packages/malloy/src/lang/ast/field-space/query-input-space.ts:108:13)

  console.log
    [StaticSpace.map] Building map for 'duckdb:malloytest.state_facts', is StaticSourceSpace: false, has parameterSpaceRef: N/A

      at QueryInputSpace.get map [as map] (packages/malloy/src/lang/ast/field-space/static-space.ts:102:15)

  console.log
    [StaticSpace.map] Adding field 'state', isJoined: false

      at QueryInputSpace.get map [as map] (packages/malloy/src/lang/ast/field-space/static-space.ts:113:17)

  console.log
    [StaticSpace.map] Adding field 'aircraft_count', isJoined: false

      at QueryInputSpace.get map [as map] (packages/malloy/src/lang/ast/field-space/static-space.ts:113:17)

  console.log
    [StaticSpace.map] Adding field 'airport_count', isJoined: false

      at QueryInputSpace.get map [as map] (packages/malloy/src/lang/ast/field-space/static-space.ts:113:17)

  console.log
    [StaticSpace.map] Adding field 'births', isJoined: false

      at QueryInputSpace.get map [as map] (packages/malloy/src/lang/ast/field-space/static-space.ts:113:17)

  console.log
    [StaticSpace.map] Adding field 'popular_name', isJoined: false

      at QueryInputSpace.get map [as map] (packages/malloy/src/lang/ast/field-space/static-space.ts:113:17)

  console.log
    [StaticSpace.map] Adding field 'param_value', isJoined: false

      at QueryInputSpace.get map [as map] (packages/malloy/src/lang/ast/field-space/static-space.ts:113:17)

  console.log
    [QueryInputSpace.entry] Found 'param_value' in fields

      at QueryInputSpace.entry (packages/malloy/src/lang/ast/field-space/query-input-space.ts:112:15)

  console.log
    [StaticSpace.lookup] Found 'param_value'

      at QueryInputSpace.lookup (packages/malloy/src/lang/ast/field-space/static-space.ts:188:13)

  console.log
    [StaticSpace.lookup] Looking up 'param_value'

      at QueryInputSpace.lookup (packages/malloy/src/lang/ast/field-space/static-space.ts:176:13)

  console.log
    [QueryInputSpace.entry] Looking up 'param_value'

      at QueryInputSpace.entry (packages/malloy/src/lang/ast/field-space/query-input-space.ts:108:13)

  console.log
    [QueryInputSpace.entry] Found 'param_value' in fields

      at QueryInputSpace.entry (packages/malloy/src/lang/ast/field-space/query-input-space.ts:112:15)

  console.log
    [StaticSpace.lookup] Found 'param_value'

      at QueryInputSpace.lookup (packages/malloy/src/lang/ast/field-space/static-space.ts:188:13)

  console.log
    [QueryInputSpace.parameterSpace] Called

      at QueryInputSpace.parameterSpace (packages/malloy/src/lang/ast/field-space/query-input-space.ts:84:13)

  console.log
    [QueryInputSpace.parameterSpace] Got from queryOutput: [ 'param' ]

      at QueryInputSpace.parameterSpace (packages/malloy/src/lang/ast/field-space/query-input-space.ts:88:15)

  console.log
    [QueryArrow.queryComp] Creating comp.query: {
      inputStructName: 'duckdb:malloytest.state_facts',
      inputStructType: 'table',
      inputStructArguments: [ 'param' ],
      sourceArgumentsKeys: [ 'param' ],
      sourceArgumentsHasValues: [ [ 'param', true ] ],
      pipelineLength: 1
    }

      at QueryArrow.queryComp (packages/malloy/src/lang/ast/query-elements/query-arrow.ts:244:13)

  console.log
    [QuerySource.withParameters] No parameterSpace provided

      at QuerySource.withParameters (packages/malloy/src/lang/ast/source-elements/query-source.ts:66:15)

  console.log
    [QuerySource.withParameters] Assigned parameterSpace to query element

      at QuerySource.withParameters (packages/malloy/src/lang/ast/source-elements/query-source.ts:71:13)

  console.log
    [SQArrow.getQuery] Called

      at SQArrow.getQuery (packages/malloy/src/lang/ast/source-query-elements/sq-arrow.ts:53:13)

  console.log
    [SQArrow.getQuery] LHS is: namedSource, instanceof Source: true

      at SQArrow.getQuery (packages/malloy/src/lang/ast/source-query-elements/sq-arrow.ts:72:13)

  console.log
    [SQArrow.getQuery] sourceDef.parameters: []

      at SQArrow.getQuery (packages/malloy/src/lang/ast/source-query-elements/sq-arrow.ts:80:15)

  console.log
    [SQArrow.getQuery] sourceDef.arguments: []

      at SQArrow.getQuery (packages/malloy/src/lang/ast/source-query-elements/sq-arrow.ts:84:15)

  console.log
    [QueryArrow constructor] Created with source: namedSource, NO parameterSpace

      at new QueryArrow (packages/malloy/src/lang/ast/query-elements/query-arrow.ts:65:15)

  console.log
    [StaticSourceSpace constructor] Created with parameterSpaceRef: false source name: QuerySource-caa87831-c8a8-4cc0-bae0-ace71fd1ccad

      at new StaticSourceSpace (packages/malloy/src/lang/ast/field-space/static-space.ts:312:13)

  console.log
    [QueryArrow.queryComp] Source: namedSource, fieldSpace WITHOUT parameterSpace

      at QueryArrow.queryComp (packages/malloy/src/lang/ast/query-elements/query-arrow.ts:125:17)

  console.log
    [QueryArrow.queryComp] Calling view.pipelineComp with fieldSpace

      at QueryArrow.queryComp (packages/malloy/src/lang/ast/query-elements/query-arrow.ts:161:13)

  console.log
    [StaticSpace.map] Building map for 'QuerySource-caa87831-c8a8-4cc0-bae0-ace71fd1ccad', is StaticSourceSpace: false, has parameterSpaceRef: N/A

      at ProjectFieldSpace.get map [as map] (packages/malloy/src/lang/ast/field-space/static-space.ts:102:15)

  console.log
    [StaticSpace.lookup] Looking up 'param_value'

      at QueryInputSpace.lookup (packages/malloy/src/lang/ast/field-space/static-space.ts:176:13)

  console.log
    [QueryInputSpace.entry] Looking up 'param_value'

      at QueryInputSpace.entry (packages/malloy/src/lang/ast/field-space/query-input-space.ts:108:13)

  console.log
    [StaticSpace.map] Building map for 'QuerySource-caa87831-c8a8-4cc0-bae0-ace71fd1ccad', is StaticSourceSpace: false, has parameterSpaceRef: N/A

      at QueryInputSpace.get map [as map] (packages/malloy/src/lang/ast/field-space/static-space.ts:102:15)

  console.log
    [StaticSpace.map] Adding field 'param_value', isJoined: false

      at QueryInputSpace.get map [as map] (packages/malloy/src/lang/ast/field-space/static-space.ts:113:17)

  console.log
    [QueryInputSpace.entry] Found 'param_value' in fields

      at QueryInputSpace.entry (packages/malloy/src/lang/ast/field-space/query-input-space.ts:112:15)

  console.log
    [StaticSpace.lookup] Found 'param_value'

      at QueryInputSpace.lookup (packages/malloy/src/lang/ast/field-space/static-space.ts:188:13)

  console.log
    [StaticSpace.lookup] Looking up 'param_value'

      at QueryInputSpace.lookup (packages/malloy/src/lang/ast/field-space/static-space.ts:176:13)

  console.log
    [QueryInputSpace.entry] Looking up 'param_value'

      at QueryInputSpace.entry (packages/malloy/src/lang/ast/field-space/query-input-space.ts:108:13)

  console.log
    [QueryInputSpace.entry] Found 'param_value' in fields

      at QueryInputSpace.entry (packages/malloy/src/lang/ast/field-space/query-input-space.ts:112:15)

  console.log
    [StaticSpace.lookup] Found 'param_value'

      at QueryInputSpace.lookup (packages/malloy/src/lang/ast/field-space/static-space.ts:188:13)

  console.log
    [QueryInputSpace.parameterSpace] Called

      at QueryInputSpace.parameterSpace (packages/malloy/src/lang/ast/field-space/query-input-space.ts:84:13)

  console.log
    [ParameterSpace constructor] Created with parameters: []

      at new ParameterSpace (packages/malloy/src/lang/ast/field-space/parameter-space.ts:29:13)

  console.log
    [QueryInputSpace.parameterSpace] Got from queryOutput: []

      at QueryInputSpace.parameterSpace (packages/malloy/src/lang/ast/field-space/query-input-space.ts:88:15)

  console.log
    [QueryArrow.queryComp] Creating comp.query: {
      inputStructName: 'QuerySource-caa87831-c8a8-4cc0-bae0-ace71fd1ccad',
      inputStructType: 'query_source',
      inputStructArguments: [],
      sourceArgumentsKeys: [],
      sourceArgumentsHasValues: [],
      pipelineLength: 1
    }

      at QueryArrow.queryComp (packages/malloy/src/lang/ast/query-elements/query-arrow.ts:244:13)


>>> QueryModelImpl constructor called <<<
  console.log
    [QueryStruct constructor] Creating: {
      structType: 'table',
      structName: 'duckdb:malloytest.state_facts',
      parentHasStruct: false,
      parentHasModel: true,
      parentStructType: undefined,
      sourceArgKeys: []
    }

      at new QueryStruct (packages/malloy/src/model/query_node.ts:417:13)

  console.log
    [QueryStruct.setParent] Called for: {
      thisStructType: 'table',
      thisStructName: 'duckdb:malloytest.state_facts',
      parentHasStruct: false,
      parentHasModel: true,
      parentStructType: undefined,
      parentStructName: undefined
    }

      at QueryStruct.setParent (packages/malloy/src/model/query_node.ts:1054:13)

  console.log
    [QueryStruct constructor] Creating: {
      structType: 'query_source',
      structName: 'QuerySource-caa87831-c8a8-4cc0-bae0-ace71fd1ccad',
      parentHasStruct: false,
      parentHasModel: true,
      parentStructType: undefined,
      sourceArgKeys: []
    }

      at new QueryStruct (packages/malloy/src/model/query_node.ts:417:13)

  console.log
    [QueryStruct.setParent] Called for: {
      thisStructType: 'query_source',
      thisStructName: 'QuerySource-caa87831-c8a8-4cc0-bae0-ace71fd1ccad',
      parentHasStruct: false,
      parentHasModel: true,
      parentStructType: undefined,
      parentStructName: undefined
    }

      at QueryStruct.setParent (packages/malloy/src/model/query_node.ts:1054:13)

  console.log
    [resolveQueryFields] Processing query_source: {
      sourceName: 'QuerySource-caa87831-c8a8-4cc0-bae0-ace71fd1ccad',
      hasParameters: true,
      parameterKeys: [],
      hasArguments: true,
      argumentKeys: [ 'param' ],
      queryHasSourceArgs: true,
      querySourceArgKeys: [ 'param' ]
    }

      at QueryStruct.resolveQueryFields (packages/malloy/src/model/query_node.ts:990:15)

  console.log
    [QueryModelImpl.loadQuery] CALLED FROM: MODEL_LOADING { isJoinedSubquery: false, hasArgs: true }

      at QueryModelImpl.loadQuery (packages/malloy/src/model/query_model_impl.ts:148:13)

  console.log
    [QueryModelImpl.loadQuery] query object: {
      hasStructRef: true,
      structRefType: 'object',
      structRefName: 'duckdb:malloytest.state_facts',
      hasSourceArguments: true,
      sourceArgumentsType: 'object',
      sourceArgumentsKeys: [ 'param' ],
      sourceArgumentsStringified: '{"param":{"type":"number","value":{"node":"numberLiteral","literal":"1"},"name":"param"}}',
      structRefIsObject: true,
      structRefHasArguments: true,
      structRefArgumentsKeys: [ 'param' ],
      structRefArgumentsStringified: '{"param":{"type":"number","value":{"node":"numberLiteral","literal":"1"},"name":"param"}}'
    }

      at QueryModelImpl.loadQuery (packages/malloy/src/model/query_model_impl.ts:155:13)

  console.log
    [QueryStruct constructor] Creating: {
      structType: 'table',
      structName: 'duckdb:malloytest.state_facts',
      parentHasStruct: false,
      parentHasModel: true,
      parentStructType: undefined,
      sourceArgKeys: [ 'param' ]
    }

      at new QueryStruct (packages/malloy/src/model/query_node.ts:417:13)

  console.log
    [QueryStruct.setParent] Called for: {
      thisStructType: 'table',
      thisStructName: 'duckdb:malloytest.state_facts',
      parentHasStruct: false,
      parentHasModel: true,
      parentStructType: undefined,
      parentStructName: undefined
    }

      at QueryStruct.setParent (packages/malloy/src/model/query_node.ts:1054:13)

  console.log
    [QueryQuery.makeQuery] Called with parentStruct: {
      parentDefType: 'table',
      parentDefName: 'duckdb:malloytest.state_facts',
      parentHasParent: false,
      parentParentName: undefined,
      parentSourceArgs: [ 'param' ],
      isJoinedSubquery: false,
      callStack: 'at Function.makeQuery (/Users/catalinadler/dev/malloy-cata02/packages/malloy/src/model/query_query.ts:173:7)\n' +
        '  at QueryModelImpl.loadQuery (/Users/catalinadler/dev/malloy-cata02/packages/malloy/src/model/query_model_impl.ts:208:26)\n' +
        '  at QueryModelImpl.getFinalOutputStruct (/Users/catalinadler/dev/malloy-cata02/packages/malloy/src/model/query_model_impl.ts:61:25)\n' +
        '  at /Users/catalinadler/dev/malloy-cata02/packages/malloy/src/model/query_model_impl.ts:73:16\n' +
        '  at QueryStruct.resolveQueryFields (/Users/catalinadler/dev/malloy-cata02/packages/malloy/src/model/query_node.ts:1006:28)\n' +
        '  at QueryModelImpl.loadModelFromDef (/Users/catalinadler/dev/malloy-cata02/packages/malloy/src/model/query_model_impl.ts:72:12)\n' +
        '  at new QueryModelImpl (/Users/catalinadler/dev/malloy-cata02/packages/malloy/src/model/query_model_impl.ts:51:12)'
    }

      at Function.makeQuery (packages/malloy/src/model/query_query.ts:178:13)

  console.log
    [QueryQuery.prepare] About to addStructToJoin with this.parent: {
      parentDefType: 'table',
      parentDefName: 'duckdb:malloytest.state_facts',
      parentHasParent: false,
      parentSourceArgs: [ 'param' ]
    }

      at QueryQueryProject.prepare (packages/malloy/src/model/query_query.ts:565:15)

  console.log
    [addStructToJoin] Called with QueryStruct: {
      name: 'base',
      qsDefType: 'table',
      qsHasParent: false,
      qsParentName: undefined,
      qsSourceArgs: [ 'param' ]
    }

      at FieldInstanceResultRoot.addStructToJoin (packages/malloy/src/model/field_instance.ts:465:13)

  console.log
    [addStructToJoin] Parent check: {
      hasQsParent: false,
      hasParentStruct: false,
      parentStructName: undefined
    }

      at FieldInstanceResultRoot.addStructToJoin (packages/malloy/src/model/field_instance.ts:488:13)

  console.log
    [addStructToJoin] Creating new JoinInstance

      at FieldInstanceResultRoot.addStructToJoin (packages/malloy/src/model/field_instance.ts:501:15)

  console.log
    [JoinInstance constructor] Creating join instance: {
      alias: 'base',
      qsDefType: 'table',
      qsDefName: 'duckdb:malloytest.state_facts',
      qsHasParent: false,
      qsParentName: undefined,
      qsParentType: undefined
    }

      at new JoinInstance (packages/malloy/src/model/join_instance.ts:25:13)

  console.log
    [generateParameterFragment] Looking for parameter: {
      paramName: 'param',
      contextStructName: 'duckdb:malloytest.state_facts',
      contextArgs: [ 'param' ],
      hasParent: false
    }

      at generateParameterFragment (packages/malloy/src/model/expression_compiler.ts:761:11)

  console.log
    [generateParameterFragment] Parent chain [0]: {
      structName: 'duckdb:malloytest.state_facts',
      structType: 'table',
      hasSourceArgs: true,
      sourceArgKeys: [ 'param' ],
      argKeys: [ 'param' ],
      paramValue: { hasValue: true, valueNode: 'numberLiteral' }
    }

      at generateParameterFragment (packages/malloy/src/model/expression_compiler.ts:772:13)

  console.log
    [getStructSourceSQL] Called with struct type: {
      type: 'table',
      name: 'duckdb:malloytest.state_facts',
      callStackSize: 0
    }

      at QueryQueryProject.getStructSourceSQL (packages/malloy/src/model/query_query.ts:895:13)


>>> [compileQuery] CALLED! hasSourceArguments=true, keys= <<<
  console.log
    [compileQuery] Called with query: {
      hasSourceArguments: true,
      sourceArgumentsKeys: [],
      sourceArgumentsStringified: '{}'
    }

      at QueryModelImpl.compileQuery (packages/malloy/src/model/query_model_impl.ts:283:13)

  console.log
    [QueryModelImpl.loadQuery] CALLED FROM: QUERY_COMPILATION { isJoinedSubquery: false, hasArgs: false }

      at QueryModelImpl.loadQuery (packages/malloy/src/model/query_model_impl.ts:148:13)

  console.log
    [QueryModelImpl.loadQuery] query object: {
      hasStructRef: true,
      structRefType: 'string',
      structRefName: 'foo_ext',
      hasSourceArguments: true,
      sourceArgumentsType: 'object',
      sourceArgumentsKeys: [],
      sourceArgumentsStringified: '{}',
      structRefIsObject: false,
      structRefHasArguments: false,
      structRefArgumentsKeys: [],
      structRefArgumentsStringified: 'none'
    }

      at QueryModelImpl.loadQuery (packages/malloy/src/model/query_model_impl.ts:155:13)

  console.log
    [QueryStruct constructor] Creating: {
      structType: 'query_source',
      structName: 'QuerySource-caa87831-c8a8-4cc0-bae0-ace71fd1ccad',
      parentHasStruct: false,
      parentHasModel: true,
      parentStructType: undefined,
      sourceArgKeys: []
    }

      at new QueryStruct (packages/malloy/src/model/query_node.ts:417:13)

  console.log
    [QueryStruct.setParent] Called for: {
      thisStructType: 'query_source',
      thisStructName: 'QuerySource-caa87831-c8a8-4cc0-bae0-ace71fd1ccad',
      parentHasStruct: false,
      parentHasModel: true,
      parentStructType: undefined,
      parentStructName: undefined
    }

      at QueryStruct.setParent (packages/malloy/src/model/query_node.ts:1054:13)

  console.log
    [QueryQuery.makeQuery] Called with parentStruct: {
      parentDefType: 'query_source',
      parentDefName: 'QuerySource-caa87831-c8a8-4cc0-bae0-ace71fd1ccad',
      parentHasParent: false,
      parentParentName: undefined,
      parentSourceArgs: [],
      isJoinedSubquery: false,
      callStack: 'at Function.makeQuery (/Users/catalinadler/dev/malloy-cata02/packages/malloy/src/model/query_query.ts:173:7)\n' +
        '  at QueryModelImpl.loadQuery (/Users/catalinadler/dev/malloy-cata02/packages/malloy/src/model/query_model_impl.ts:208:26)\n' +
        '  at QueryModelImpl.compileQuery (/Users/catalinadler/dev/malloy-cata02/packages/malloy/src/model/query_model_impl.ts:299:19)\n' +
        '  at PreparedQuery.getPreparedResult (/Users/catalinadler/dev/malloy-cata02/packages/malloy/src/malloy.ts:988:40)\n' +
        '  at PreparedResultMaterializer._materialize (/Users/catalinadler/dev/malloy-cata02/packages/malloy/src/malloy.ts:3146:41)\n' +
        '  at async QueryMaterializer.run (/Users/catalinadler/dev/malloy-cata02/packages/malloy/src/malloy.ts:3115:28)\n' +
        '  at async runQuery (/Users/catalinadler/dev/malloy-cata02/test/src/util/db-matcher-support.ts:82:14)'
    }

      at Function.makeQuery (packages/malloy/src/model/query_query.ts:178:13)

  console.log
    [QueryQuery.prepare] About to addStructToJoin with this.parent: {
      parentDefType: 'query_source',
      parentDefName: 'QuerySource-caa87831-c8a8-4cc0-bae0-ace71fd1ccad',
      parentHasParent: false,
      parentSourceArgs: []
    }

      at QueryQueryProject.prepare (packages/malloy/src/model/query_query.ts:565:15)

  console.log
    [addStructToJoin] Called with QueryStruct: {
      name: 'base',
      qsDefType: 'query_source',
      qsHasParent: false,
      qsParentName: undefined,
      qsSourceArgs: []
    }

      at FieldInstanceResultRoot.addStructToJoin (packages/malloy/src/model/field_instance.ts:465:13)

  console.log
    [addStructToJoin] Parent check: {
      hasQsParent: false,
      hasParentStruct: false,
      parentStructName: undefined
    }

      at FieldInstanceResultRoot.addStructToJoin (packages/malloy/src/model/field_instance.ts:488:13)

  console.log
    [addStructToJoin] Creating new JoinInstance

      at FieldInstanceResultRoot.addStructToJoin (packages/malloy/src/model/field_instance.ts:501:15)

  console.log
    [JoinInstance constructor] Creating join instance: {
      alias: 'base',
      qsDefType: 'query_source',
      qsDefName: 'QuerySource-caa87831-c8a8-4cc0-bae0-ace71fd1ccad',
      qsHasParent: false,
      qsParentName: undefined,
      qsParentType: undefined
    }

      at new JoinInstance (packages/malloy/src/model/join_instance.ts:25:13)

  console.log
    [getStructSourceSQL] Called with struct type: {
      type: 'query_source',
      name: 'QuerySource-caa87831-c8a8-4cc0-bae0-ace71fd1ccad',
      callStackSize: 0
    }

      at QueryQueryProject.getStructSourceSQL (packages/malloy/src/model/query_query.ts:895:13)

  console.log
    [getStructSourceSQL] Processing query_source: {
      querySourceName: 'QuerySource-caa87831-c8a8-4cc0-bae0-ace71fd1ccad',
      queryStructRef: {
        type: 'table',
        name: 'duckdb:malloytest.state_facts',
        dialect: 'duckdb',
        tablePath: 'malloytest.state_facts',
        connection: 'duckdb',
        fields: [ [Object], [Object], [Object], [Object], [Object], [Object] ],
        location: { url: 'internal://internal.malloy', range: [Object] },
        parameters: {},
        as: 'ab_new',
        partitionComposite: undefined,
        arguments: { param: [Object] },
        modelAnnotation: { notes: [Array], id: '659d90c7-1350-5882-b2e8-3845810daa99' }
      },
      queryStructRefType: 'object',
      queryStructRefName: 'duckdb:malloytest.state_facts'
    }

      at QueryQueryProject._getStructSourceSQLImpl (packages/malloy/src/model/query_query.ts:931:17)

  console.log
    [getStructSourceSQL] query_source structRef type: {
      isString: false,
      structRefType: 'object',
      structRefName: 'duckdb:malloytest.state_facts',
      queryName: 'foo'
    }

      at QueryQueryProject._getStructSourceSQLImpl (packages/malloy/src/model/query_query.ts:964:19)

  console.log
    [QueryStruct constructor] Creating: {
      structType: 'table',
      structName: 'duckdb:malloytest.state_facts',
      parentHasStruct: true,
      parentHasModel: false,
      parentStructType: 'query_source',
      sourceArgKeys: [ 'param' ]
    }

      at new QueryStruct (packages/malloy/src/model/query_node.ts:417:13)

  console.log
    [QueryStruct.setParent] Called for: {
      thisStructType: 'table',
      thisStructName: 'duckdb:malloytest.state_facts',
      parentHasStruct: true,
      parentHasModel: false,
      parentStructType: 'query_source',
      parentStructName: 'QuerySource-caa87831-c8a8-4cc0-bae0-ace71fd1ccad'
    }

      at QueryStruct.setParent (packages/malloy/src/model/query_node.ts:1054:13)

  console.log
    [QueryStruct.setParent] Set this.parent to: {
      parentType: 'query_source',
      parentName: 'QuerySource-caa87831-c8a8-4cc0-bae0-ace71fd1ccad'
    }

      at QueryStruct.setParent (packages/malloy/src/model/query_node.ts:1067:15)

  console.log
    [getStructSourceSQL] Created sourceStruct for base table: {
      sourceStructDefType: 'table',
      sourceStructDefName: 'duckdb:malloytest.state_facts',
      sourceStructHasParent: true,
      sourceStructParentName: 'QuerySource-caa87831-c8a8-4cc0-bae0-ace71fd1ccad',
      sourceStructParentType: 'query_source',
      sourceStructArgs: [ 'param' ],
      originalQsDefType: 'query_source',
      originalQsName: 'QuerySource-caa87831-c8a8-4cc0-bae0-ace71fd1ccad',
      originalQsHasParent: false,
      originalQsParentName: undefined
    }

      at QueryQueryProject._getStructSourceSQLImpl (packages/malloy/src/model/query_query.ts:1169:19)

  console.log
    [QueryQuery.makeQuery] Called with parentStruct: {
      parentDefType: 'table',
      parentDefName: 'duckdb:malloytest.state_facts',
      parentHasParent: true,
      parentParentName: 'QuerySource-caa87831-c8a8-4cc0-bae0-ace71fd1ccad',
      parentSourceArgs: [ 'param' ],
      isJoinedSubquery: false,
      callStack: 'at Function.makeQuery (/Users/catalinadler/dev/malloy-cata02/packages/malloy/src/model/query_query.ts:173:7)\n' +
        '  at QueryQueryProject._getStructSourceSQLImpl (/Users/catalinadler/dev/malloy-cata02/packages/malloy/src/model/query_query.ts:1199:32)\n' +
        '  at QueryQueryProject.getStructSourceSQL (/Users/catalinadler/dev/malloy-cata02/packages/malloy/src/model/query_query.ts:910:19)\n' +
        '  at QueryQueryProject.generateSQLJoins (/Users/catalinadler/dev/malloy-cata02/packages/malloy/src/model/query_query.ts:1442:26)\n' +
        '  at QueryQueryProject.generateSimpleSQL (/Users/catalinadler/dev/malloy-cata02/packages/malloy/src/model/query_query.ts:1559:15)\n' +
        '  at QueryQueryProject.generateSQL (/Users/catalinadler/dev/malloy-cata02/packages/malloy/src/model/query_query.ts:2465:19)\n' +
        '  at QueryQueryProject.generateSQLFromPipeline (/Users/catalinadler/dev/malloy-cata02/packages/malloy/src/model/query_query.ts:2476:30)'
    }

      at Function.makeQuery (packages/malloy/src/model/query_query.ts:178:13)

  console.log
    [QueryQuery.prepare] About to addStructToJoin with this.parent: {
      parentDefType: 'table',
      parentDefName: 'duckdb:malloytest.state_facts',
      parentHasParent: true,
      parentSourceArgs: [ 'param' ]
    }

      at QueryQueryProject.prepare (packages/malloy/src/model/query_query.ts:565:15)

  console.log
    [addStructToJoin] Called with QueryStruct: {
      name: 'base',
      qsDefType: 'table',
      qsHasParent: true,
      qsParentName: 'QuerySource-caa87831-c8a8-4cc0-bae0-ace71fd1ccad',
      qsSourceArgs: [ 'param' ]
    }

      at FieldInstanceResultRoot.addStructToJoin (packages/malloy/src/model/field_instance.ts:465:13)

  console.log
    [addStructToJoin] Parent check: {
      hasQsParent: true,
      hasParentStruct: true,
      parentStructName: 'QuerySource-caa87831-c8a8-4cc0-bae0-ace71fd1ccad'
    }

      at FieldInstanceResultRoot.addStructToJoin (packages/malloy/src/model/field_instance.ts:488:13)

  console.log
    [addStructToJoin] Called with QueryStruct: {
      name: 'base',
      qsDefType: 'query_source',
      qsHasParent: false,
      qsParentName: undefined,
      qsSourceArgs: []
    }

      at FieldInstanceResultRoot.addStructToJoin (packages/malloy/src/model/field_instance.ts:465:13)

  console.log
    [addStructToJoin] Parent check: {
      hasQsParent: false,
      hasParentStruct: false,
      parentStructName: undefined
    }

      at FieldInstanceResultRoot.addStructToJoin (packages/malloy/src/model/field_instance.ts:488:13)

  console.log
    [addStructToJoin] Creating new JoinInstance

      at FieldInstanceResultRoot.addStructToJoin (packages/malloy/src/model/field_instance.ts:501:15)

  console.log
    [JoinInstance constructor] Creating join instance: {
      alias: 'base',
      qsDefType: 'query_source',
      qsDefName: 'QuerySource-caa87831-c8a8-4cc0-bae0-ace71fd1ccad',
      qsHasParent: false,
      qsParentName: undefined,
      qsParentType: undefined
    }

      at new JoinInstance (packages/malloy/src/model/join_instance.ts:25:13)

  console.log
    [generateParameterFragment] Looking for parameter: {
      paramName: 'param',
      contextStructName: 'duckdb:malloytest.state_facts',
      contextArgs: [ 'param' ],
      hasParent: true
    }

      at generateParameterFragment (packages/malloy/src/model/expression_compiler.ts:761:11)

  console.log
    [generateParameterFragment] Parent chain [0]: {
      structName: 'duckdb:malloytest.state_facts',
      structType: 'table',
      hasSourceArgs: true,
      sourceArgKeys: [ 'param' ],
      argKeys: [ 'param' ],
      paramValue: { hasValue: true, valueNode: 'numberLiteral' }
    }

      at generateParameterFragment (packages/malloy/src/model/expression_compiler.ts:772:13)

  console.log
    [generateParameterFragment] Parent chain [1]: {
      structName: 'QuerySource-caa87831-c8a8-4cc0-bae0-ace71fd1ccad',
      structType: 'query_source',
      hasSourceArgs: true,
      sourceArgKeys: [],
      argKeys: [ 'param' ],
      paramValue: { hasValue: true, valueNode: 'numberLiteral' }
    }

      at generateParameterFragment (packages/malloy/src/model/expression_compiler.ts:772:13)

  console.log
    [getStructSourceSQL] Called with struct type: {
      type: 'query_source',
      name: 'QuerySource-caa87831-c8a8-4cc0-bae0-ace71fd1ccad',
      callStackSize: 1
    }

      at QueryQueryProject.getStructSourceSQL (packages/malloy/src/model/query_query.ts:895:13)

  console.error
    ⚠️⚠️⚠️  CYCLE DETECTED in getStructSourceSQL for: query_source:QuerySource-caa87831-c8a8-4cc0-bae0-ace71fd1ccad

      901 |     // Detect infinite recursion
      902 |     if (structSQLCallStack.has(structKey)) {
    > 903 |       console.error(`⚠️⚠️⚠️  CYCLE DETECTED in getStructSourceSQL for: ${structKey}`);
          |               ^
      904 |       console.error('Call stack:', Array.from(structSQLCallStack));
      905 |       throw new Error(`Infinite recursion detected in SQL generation for: ${structKey}`);
      906 |     }

      at QueryQueryProject.getStructSourceSQL (packages/malloy/src/model/query_query.ts:903:15)
      at QueryQueryProject.generateSQLJoins (packages/malloy/src/model/query_query.ts:1442:26)
      at QueryQueryProject.generateSimpleSQL (packages/malloy/src/model/query_query.ts:1559:15)
      at QueryQueryProject.generateSQL (packages/malloy/src/model/query_query.ts:2465:19)
      at QueryQueryProject.generateSQLFromPipeline (packages/malloy/src/model/query_query.ts:2476:30)
      at QueryQueryProject._getStructSourceSQLImpl (packages/malloy/src/model/query_query.ts:1207:25)
      at QueryQueryProject.getStructSourceSQL (packages/malloy/src/model/query_query.ts:910:19)
      at QueryQueryProject.generateSQLJoins (packages/malloy/src/model/query_query.ts:1442:26)
      at QueryQueryProject.generateSimpleSQL (packages/malloy/src/model/query_query.ts:1559:15)
      at QueryQueryProject.generateSQL (packages/malloy/src/model/query_query.ts:2465:19)
      at QueryQueryProject.generateSQLFromPipeline (packages/malloy/src/model/query_query.ts:2476:30)
      at QueryModelImpl.loadQuery (packages/malloy/src/model/query_model_impl.ts:216:19)
      at QueryModelImpl.compileQuery (packages/malloy/src/model/query_model_impl.ts:299:19)
      at PreparedQuery.getPreparedResult (packages/malloy/src/malloy.ts:988:40)
      at PreparedResultMaterializer._materialize (packages/malloy/src/malloy.ts:3146:41)
      at async QueryMaterializer.run (packages/malloy/src/malloy.ts:3115:28)
      at async runQuery (test/src/util/db-matcher-support.ts:82:14)
      at async Object.malloyResultMatches (test/src/util/db-jest-matchers.ts:165:49)
      at async Object.<anonymous> (test/src/core/parameters.spec.ts:331:5)

  console.error
    Call stack: [ 'query_source:QuerySource-caa87831-c8a8-4cc0-bae0-ace71fd1ccad' ]

      902 |     if (structSQLCallStack.has(structKey)) {
      903 |       console.error(`⚠️⚠️⚠️  CYCLE DETECTED in getStructSourceSQL for: ${structKey}`);
    > 904 |       console.error('Call stack:', Array.from(structSQLCallStack));
          |               ^
      905 |       throw new Error(`Infinite recursion detected in SQL generation for: ${structKey}`);
      906 |     }
      907 |

      at QueryQueryProject.getStructSourceSQL (packages/malloy/src/model/query_query.ts:904:15)
      at QueryQueryProject.generateSQLJoins (packages/malloy/src/model/query_query.ts:1442:26)
      at QueryQueryProject.generateSimpleSQL (packages/malloy/src/model/query_query.ts:1559:15)
      at QueryQueryProject.generateSQL (packages/malloy/src/model/query_query.ts:2465:19)
      at QueryQueryProject.generateSQLFromPipeline (packages/malloy/src/model/query_query.ts:2476:30)
      at QueryQueryProject._getStructSourceSQLImpl (packages/malloy/src/model/query_query.ts:1207:25)
      at QueryQueryProject.getStructSourceSQL (packages/malloy/src/model/query_query.ts:910:19)
      at QueryQueryProject.generateSQLJoins (packages/malloy/src/model/query_query.ts:1442:26)
      at QueryQueryProject.generateSimpleSQL (packages/malloy/src/model/query_query.ts:1559:15)
      at QueryQueryProject.generateSQL (packages/malloy/src/model/query_query.ts:2465:19)
      at QueryQueryProject.generateSQLFromPipeline (packages/malloy/src/model/query_query.ts:2476:30)
      at QueryModelImpl.loadQuery (packages/malloy/src/model/query_model_impl.ts:216:19)
      at QueryModelImpl.compileQuery (packages/malloy/src/model/query_model_impl.ts:299:19)
      at PreparedQuery.getPreparedResult (packages/malloy/src/malloy.ts:988:40)
      at PreparedResultMaterializer._materialize (packages/malloy/src/malloy.ts:3146:41)
      at async QueryMaterializer.run (packages/malloy/src/malloy.ts:3115:28)
      at async runQuery (test/src/util/db-matcher-support.ts:82:14)
      at async Object.malloyResultMatches (test/src/util/db-jest-matchers.ts:165:49)
      at async Object.<anonymous> (test/src/core/parameters.spec.ts:331:5)


>>> QueryModelImpl constructor called <<<
  console.log
    [QueryStruct constructor] Creating: {
      structType: 'table',
      structName: 'duckdb:malloytest.state_facts',
      parentHasStruct: false,
      parentHasModel: true,
      parentStructType: undefined,
      sourceArgKeys: []
    }

      at new QueryStruct (packages/malloy/src/model/query_node.ts:417:13)

  console.log
    [QueryStruct.setParent] Called for: {
      thisStructType: 'table',
      thisStructName: 'duckdb:malloytest.state_facts',
      parentHasStruct: false,
      parentHasModel: true,
      parentStructType: undefined,
      parentStructName: undefined
    }

      at QueryStruct.setParent (packages/malloy/src/model/query_node.ts:1054:13)

  console.log
    [QueryStruct constructor] Creating: {
      structType: 'query_source',
      structName: 'QuerySource-caa87831-c8a8-4cc0-bae0-ace71fd1ccad',
      parentHasStruct: false,
      parentHasModel: true,
      parentStructType: undefined,
      sourceArgKeys: []
    }

      at new QueryStruct (packages/malloy/src/model/query_node.ts:417:13)

  console.log
    [QueryStruct.setParent] Called for: {
      thisStructType: 'query_source',
      thisStructName: 'QuerySource-caa87831-c8a8-4cc0-bae0-ace71fd1ccad',
      parentHasStruct: false,
      parentHasModel: true,
      parentStructType: undefined,
      parentStructName: undefined
    }

      at QueryStruct.setParent (packages/malloy/src/model/query_node.ts:1054:13)

  console.log
    [resolveQueryFields] Processing query_source: {
      sourceName: 'QuerySource-caa87831-c8a8-4cc0-bae0-ace71fd1ccad',
      hasParameters: true,
      parameterKeys: [],
      hasArguments: true,
      argumentKeys: [ 'param' ],
      queryHasSourceArgs: true,
      querySourceArgKeys: [ 'param' ]
    }

      at QueryStruct.resolveQueryFields (packages/malloy/src/model/query_node.ts:990:15)

  console.log
    [QueryModelImpl.loadQuery] CALLED FROM: MODEL_LOADING { isJoinedSubquery: false, hasArgs: true }

      at QueryModelImpl.loadQuery (packages/malloy/src/model/query_model_impl.ts:148:13)

  console.log
    [QueryModelImpl.loadQuery] query object: {
      hasStructRef: true,
      structRefType: 'object',
      structRefName: 'duckdb:malloytest.state_facts',
      hasSourceArguments: true,
      sourceArgumentsType: 'object',
      sourceArgumentsKeys: [ 'param' ],
      sourceArgumentsStringified: '{"param":{"type":"number","value":{"node":"numberLiteral","literal":"1"},"name":"param"}}',
      structRefIsObject: true,
      structRefHasArguments: true,
      structRefArgumentsKeys: [ 'param' ],
      structRefArgumentsStringified: '{"param":{"type":"number","value":{"node":"numberLiteral","literal":"1"},"name":"param"}}'
    }

      at QueryModelImpl.loadQuery (packages/malloy/src/model/query_model_impl.ts:155:13)

  console.log
    [QueryStruct constructor] Creating: {
      structType: 'table',
      structName: 'duckdb:malloytest.state_facts',
      parentHasStruct: false,
      parentHasModel: true,
      parentStructType: undefined,
      sourceArgKeys: [ 'param' ]
    }

      at new QueryStruct (packages/malloy/src/model/query_node.ts:417:13)

  console.log
    [QueryStruct.setParent] Called for: {
      thisStructType: 'table',
      thisStructName: 'duckdb:malloytest.state_facts',
      parentHasStruct: false,
      parentHasModel: true,
      parentStructType: undefined,
      parentStructName: undefined
    }

      at QueryStruct.setParent (packages/malloy/src/model/query_node.ts:1054:13)

  console.log
    [QueryQuery.makeQuery] Called with parentStruct: {
      parentDefType: 'table',
      parentDefName: 'duckdb:malloytest.state_facts',
      parentHasParent: false,
      parentParentName: undefined,
      parentSourceArgs: [ 'param' ],
      isJoinedSubquery: false,
      callStack: 'at Function.makeQuery (/Users/catalinadler/dev/malloy-cata02/packages/malloy/src/model/query_query.ts:173:7)\n' +
        '  at QueryModelImpl.loadQuery (/Users/catalinadler/dev/malloy-cata02/packages/malloy/src/model/query_model_impl.ts:208:26)\n' +
        '  at QueryModelImpl.getFinalOutputStruct (/Users/catalinadler/dev/malloy-cata02/packages/malloy/src/model/query_model_impl.ts:61:25)\n' +
        '  at /Users/catalinadler/dev/malloy-cata02/packages/malloy/src/model/query_model_impl.ts:73:16\n' +
        '  at QueryStruct.resolveQueryFields (/Users/catalinadler/dev/malloy-cata02/packages/malloy/src/model/query_node.ts:1006:28)\n' +
        '  at QueryModelImpl.loadModelFromDef (/Users/catalinadler/dev/malloy-cata02/packages/malloy/src/model/query_model_impl.ts:72:12)\n' +
        '  at new QueryModelImpl (/Users/catalinadler/dev/malloy-cata02/packages/malloy/src/model/query_model_impl.ts:51:12)'
    }

      at Function.makeQuery (packages/malloy/src/model/query_query.ts:178:13)

  console.log
    [QueryQuery.prepare] About to addStructToJoin with this.parent: {
      parentDefType: 'table',
      parentDefName: 'duckdb:malloytest.state_facts',
      parentHasParent: false,
      parentSourceArgs: [ 'param' ]
    }

      at QueryQueryProject.prepare (packages/malloy/src/model/query_query.ts:565:15)

  console.log
    [addStructToJoin] Called with QueryStruct: {
      name: 'base',
      qsDefType: 'table',
      qsHasParent: false,
      qsParentName: undefined,
      qsSourceArgs: [ 'param' ]
    }

      at FieldInstanceResultRoot.addStructToJoin (packages/malloy/src/model/field_instance.ts:465:13)

  console.log
    [addStructToJoin] Parent check: {
      hasQsParent: false,
      hasParentStruct: false,
      parentStructName: undefined
    }

      at FieldInstanceResultRoot.addStructToJoin (packages/malloy/src/model/field_instance.ts:488:13)

  console.log
    [addStructToJoin] Creating new JoinInstance

      at FieldInstanceResultRoot.addStructToJoin (packages/malloy/src/model/field_instance.ts:501:15)

  console.log
    [JoinInstance constructor] Creating join instance: {
      alias: 'base',
      qsDefType: 'table',
      qsDefName: 'duckdb:malloytest.state_facts',
      qsHasParent: false,
      qsParentName: undefined,
      qsParentType: undefined
    }

      at new JoinInstance (packages/malloy/src/model/join_instance.ts:25:13)

  console.log
    [generateParameterFragment] Looking for parameter: {
      paramName: 'param',
      contextStructName: 'duckdb:malloytest.state_facts',
      contextArgs: [ 'param' ],
      hasParent: false
    }

      at generateParameterFragment (packages/malloy/src/model/expression_compiler.ts:761:11)

  console.log
    [generateParameterFragment] Parent chain [0]: {
      structName: 'duckdb:malloytest.state_facts',
      structType: 'table',
      hasSourceArgs: true,
      sourceArgKeys: [ 'param' ],
      argKeys: [ 'param' ],
      paramValue: { hasValue: true, valueNode: 'numberLiteral' }
    }

      at generateParameterFragment (packages/malloy/src/model/expression_compiler.ts:772:13)

  console.log
    [getStructSourceSQL] Called with struct type: {
      type: 'table',
      name: 'duckdb:malloytest.state_facts',
      callStackSize: 0
    }

      at QueryQueryProject.getStructSourceSQL (packages/malloy/src/model/query_query.ts:895:13)


>>> [compileQuery] CALLED! hasSourceArguments=true, keys= <<<
  console.log
    [compileQuery] Called with query: {
      hasSourceArguments: true,
      sourceArgumentsKeys: [],
      sourceArgumentsStringified: '{}'
    }

      at QueryModelImpl.compileQuery (packages/malloy/src/model/query_model_impl.ts:283:13)

  console.log
    [QueryModelImpl.loadQuery] CALLED FROM: QUERY_COMPILATION { isJoinedSubquery: false, hasArgs: false }

      at QueryModelImpl.loadQuery (packages/malloy/src/model/query_model_impl.ts:148:13)

  console.log
    [QueryModelImpl.loadQuery] query object: {
      hasStructRef: true,
      structRefType: 'string',
      structRefName: 'foo_ext',
      hasSourceArguments: true,
      sourceArgumentsType: 'object',
      sourceArgumentsKeys: [],
      sourceArgumentsStringified: '{}',
      structRefIsObject: false,
      structRefHasArguments: false,
      structRefArgumentsKeys: [],
      structRefArgumentsStringified: 'none'
    }

      at QueryModelImpl.loadQuery (packages/malloy/src/model/query_model_impl.ts:155:13)

  console.log
    [QueryStruct constructor] Creating: {
      structType: 'query_source',
      structName: 'QuerySource-caa87831-c8a8-4cc0-bae0-ace71fd1ccad',
      parentHasStruct: false,
      parentHasModel: true,
      parentStructType: undefined,
      sourceArgKeys: []
    }

      at new QueryStruct (packages/malloy/src/model/query_node.ts:417:13)

  console.log
    [QueryStruct.setParent] Called for: {
      thisStructType: 'query_source',
      thisStructName: 'QuerySource-caa87831-c8a8-4cc0-bae0-ace71fd1ccad',
      parentHasStruct: false,
      parentHasModel: true,
      parentStructType: undefined,
      parentStructName: undefined
    }

      at QueryStruct.setParent (packages/malloy/src/model/query_node.ts:1054:13)

  console.log
    [QueryQuery.makeQuery] Called with parentStruct: {
      parentDefType: 'query_source',
      parentDefName: 'QuerySource-caa87831-c8a8-4cc0-bae0-ace71fd1ccad',
      parentHasParent: false,
      parentParentName: undefined,
      parentSourceArgs: [],
      isJoinedSubquery: false,
      callStack: 'at Function.makeQuery (/Users/catalinadler/dev/malloy-cata02/packages/malloy/src/model/query_query.ts:173:7)\n' +
        '  at QueryModelImpl.loadQuery (/Users/catalinadler/dev/malloy-cata02/packages/malloy/src/model/query_model_impl.ts:208:26)\n' +
        '  at QueryModelImpl.compileQuery (/Users/catalinadler/dev/malloy-cata02/packages/malloy/src/model/query_model_impl.ts:299:19)\n' +
        '  at PreparedQuery.getPreparedResult (/Users/catalinadler/dev/malloy-cata02/packages/malloy/src/malloy.ts:988:40)\n' +
        '  at PreparedResultMaterializer._materialize (/Users/catalinadler/dev/malloy-cata02/packages/malloy/src/malloy.ts:3146:41)\n' +
        '  at async QueryMaterializer.getSQL (/Users/catalinadler/dev/malloy-cata02/packages/malloy/src/malloy.ts:3171:13)\n' +
        '  at async runQuery (/Users/catalinadler/dev/malloy-cata02/test/src/util/db-matcher-support.ts:93:30)'
    }

      at Function.makeQuery (packages/malloy/src/model/query_query.ts:178:13)

  console.log
    [QueryQuery.prepare] About to addStructToJoin with this.parent: {
      parentDefType: 'query_source',
      parentDefName: 'QuerySource-caa87831-c8a8-4cc0-bae0-ace71fd1ccad',
      parentHasParent: false,
      parentSourceArgs: []
    }

      at QueryQueryProject.prepare (packages/malloy/src/model/query_query.ts:565:15)

  console.log
    [addStructToJoin] Called with QueryStruct: {
      name: 'base',
      qsDefType: 'query_source',
      qsHasParent: false,
      qsParentName: undefined,
      qsSourceArgs: []
    }

      at FieldInstanceResultRoot.addStructToJoin (packages/malloy/src/model/field_instance.ts:465:13)

  console.log
    [addStructToJoin] Parent check: {
      hasQsParent: false,
      hasParentStruct: false,
      parentStructName: undefined
    }

      at FieldInstanceResultRoot.addStructToJoin (packages/malloy/src/model/field_instance.ts:488:13)

  console.log
    [addStructToJoin] Creating new JoinInstance

      at FieldInstanceResultRoot.addStructToJoin (packages/malloy/src/model/field_instance.ts:501:15)

  console.log
    [JoinInstance constructor] Creating join instance: {
      alias: 'base',
      qsDefType: 'query_source',
      qsDefName: 'QuerySource-caa87831-c8a8-4cc0-bae0-ace71fd1ccad',
      qsHasParent: false,
      qsParentName: undefined,
      qsParentType: undefined
    }

      at new JoinInstance (packages/malloy/src/model/join_instance.ts:25:13)

  console.log
    [getStructSourceSQL] Called with struct type: {
      type: 'query_source',
      name: 'QuerySource-caa87831-c8a8-4cc0-bae0-ace71fd1ccad',
      callStackSize: 0
    }

      at QueryQueryProject.getStructSourceSQL (packages/malloy/src/model/query_query.ts:895:13)

  console.log
    [getStructSourceSQL] Processing query_source: {
      querySourceName: 'QuerySource-caa87831-c8a8-4cc0-bae0-ace71fd1ccad',
      queryStructRef: {
        type: 'table',
        name: 'duckdb:malloytest.state_facts',
        dialect: 'duckdb',
        tablePath: 'malloytest.state_facts',
        connection: 'duckdb',
        fields: [ [Object], [Object], [Object], [Object], [Object], [Object] ],
        location: { url: 'internal://internal.malloy', range: [Object] },
        parameters: {},
        as: 'ab_new',
        partitionComposite: undefined,
        arguments: { param: [Object] },
        modelAnnotation: { notes: [Array], id: '659d90c7-1350-5882-b2e8-3845810daa99' }
      },
      queryStructRefType: 'object',
      queryStructRefName: 'duckdb:malloytest.state_facts'
    }

      at QueryQueryProject._getStructSourceSQLImpl (packages/malloy/src/model/query_query.ts:931:17)

  console.log
    [getStructSourceSQL] query_source structRef type: {
      isString: false,
      structRefType: 'object',
      structRefName: 'duckdb:malloytest.state_facts',
      queryName: 'foo'
    }

      at QueryQueryProject._getStructSourceSQLImpl (packages/malloy/src/model/query_query.ts:964:19)

  console.log
    [QueryStruct constructor] Creating: {
      structType: 'table',
      structName: 'duckdb:malloytest.state_facts',
      parentHasStruct: true,
      parentHasModel: false,
      parentStructType: 'query_source',
      sourceArgKeys: [ 'param' ]
    }

      at new QueryStruct (packages/malloy/src/model/query_node.ts:417:13)

  console.log
    [QueryStruct.setParent] Called for: {
      thisStructType: 'table',
      thisStructName: 'duckdb:malloytest.state_facts',
      parentHasStruct: true,
      parentHasModel: false,
      parentStructType: 'query_source',
      parentStructName: 'QuerySource-caa87831-c8a8-4cc0-bae0-ace71fd1ccad'
    }

      at QueryStruct.setParent (packages/malloy/src/model/query_node.ts:1054:13)

  console.log
    [QueryStruct.setParent] Set this.parent to: {
      parentType: 'query_source',
      parentName: 'QuerySource-caa87831-c8a8-4cc0-bae0-ace71fd1ccad'
    }

      at QueryStruct.setParent (packages/malloy/src/model/query_node.ts:1067:15)

  console.log
    [getStructSourceSQL] Created sourceStruct for base table: {
      sourceStructDefType: 'table',
      sourceStructDefName: 'duckdb:malloytest.state_facts',
      sourceStructHasParent: true,
      sourceStructParentName: 'QuerySource-caa87831-c8a8-4cc0-bae0-ace71fd1ccad',
      sourceStructParentType: 'query_source',
      sourceStructArgs: [ 'param' ],
      originalQsDefType: 'query_source',
      originalQsName: 'QuerySource-caa87831-c8a8-4cc0-bae0-ace71fd1ccad',
      originalQsHasParent: false,
      originalQsParentName: undefined
    }

      at QueryQueryProject._getStructSourceSQLImpl (packages/malloy/src/model/query_query.ts:1169:19)

  console.log
    [QueryQuery.makeQuery] Called with parentStruct: {
      parentDefType: 'table',
      parentDefName: 'duckdb:malloytest.state_facts',
      parentHasParent: true,
      parentParentName: 'QuerySource-caa87831-c8a8-4cc0-bae0-ace71fd1ccad',
      parentSourceArgs: [ 'param' ],
      isJoinedSubquery: false,
      callStack: 'at Function.makeQuery (/Users/catalinadler/dev/malloy-cata02/packages/malloy/src/model/query_query.ts:173:7)\n' +
        '  at QueryQueryProject._getStructSourceSQLImpl (/Users/catalinadler/dev/malloy-cata02/packages/malloy/src/model/query_query.ts:1199:32)\n' +
        '  at QueryQueryProject.getStructSourceSQL (/Users/catalinadler/dev/malloy-cata02/packages/malloy/src/model/query_query.ts:910:19)\n' +
        '  at QueryQueryProject.generateSQLJoins (/Users/catalinadler/dev/malloy-cata02/packages/malloy/src/model/query_query.ts:1442:26)\n' +
        '  at QueryQueryProject.generateSimpleSQL (/Users/catalinadler/dev/malloy-cata02/packages/malloy/src/model/query_query.ts:1559:15)\n' +
        '  at QueryQueryProject.generateSQL (/Users/catalinadler/dev/malloy-cata02/packages/malloy/src/model/query_query.ts:2465:19)\n' +
        '  at QueryQueryProject.generateSQLFromPipeline (/Users/catalinadler/dev/malloy-cata02/packages/malloy/src/model/query_query.ts:2476:30)'
    }

      at Function.makeQuery (packages/malloy/src/model/query_query.ts:178:13)

  console.log
    [QueryQuery.prepare] About to addStructToJoin with this.parent: {
      parentDefType: 'table',
      parentDefName: 'duckdb:malloytest.state_facts',
      parentHasParent: true,
      parentSourceArgs: [ 'param' ]
    }

      at QueryQueryProject.prepare (packages/malloy/src/model/query_query.ts:565:15)

  console.log
    [addStructToJoin] Called with QueryStruct: {
      name: 'base',
      qsDefType: 'table',
      qsHasParent: true,
      qsParentName: 'QuerySource-caa87831-c8a8-4cc0-bae0-ace71fd1ccad',
      qsSourceArgs: [ 'param' ]
    }

      at FieldInstanceResultRoot.addStructToJoin (packages/malloy/src/model/field_instance.ts:465:13)

  console.log
    [addStructToJoin] Parent check: {
      hasQsParent: true,
      hasParentStruct: true,
      parentStructName: 'QuerySource-caa87831-c8a8-4cc0-bae0-ace71fd1ccad'
    }

      at FieldInstanceResultRoot.addStructToJoin (packages/malloy/src/model/field_instance.ts:488:13)

  console.log
    [addStructToJoin] Called with QueryStruct: {
      name: 'base',
      qsDefType: 'query_source',
      qsHasParent: false,
      qsParentName: undefined,
      qsSourceArgs: []
    }

      at FieldInstanceResultRoot.addStructToJoin (packages/malloy/src/model/field_instance.ts:465:13)

  console.log
    [addStructToJoin] Parent check: {
      hasQsParent: false,
      hasParentStruct: false,
      parentStructName: undefined
    }

      at FieldInstanceResultRoot.addStructToJoin (packages/malloy/src/model/field_instance.ts:488:13)

  console.log
    [addStructToJoin] Creating new JoinInstance

      at FieldInstanceResultRoot.addStructToJoin (packages/malloy/src/model/field_instance.ts:501:15)

  console.log
    [JoinInstance constructor] Creating join instance: {
      alias: 'base',
      qsDefType: 'query_source',
      qsDefName: 'QuerySource-caa87831-c8a8-4cc0-bae0-ace71fd1ccad',
      qsHasParent: false,
      qsParentName: undefined,
      qsParentType: undefined
    }

      at new JoinInstance (packages/malloy/src/model/join_instance.ts:25:13)

  console.log
    [generateParameterFragment] Looking for parameter: {
      paramName: 'param',
      contextStructName: 'duckdb:malloytest.state_facts',
      contextArgs: [ 'param' ],
      hasParent: true
    }

      at generateParameterFragment (packages/malloy/src/model/expression_compiler.ts:761:11)

  console.log
    [generateParameterFragment] Parent chain [0]: {
      structName: 'duckdb:malloytest.state_facts',
      structType: 'table',
      hasSourceArgs: true,
      sourceArgKeys: [ 'param' ],
      argKeys: [ 'param' ],
      paramValue: { hasValue: true, valueNode: 'numberLiteral' }
    }

      at generateParameterFragment (packages/malloy/src/model/expression_compiler.ts:772:13)

  console.log
    [generateParameterFragment] Parent chain [1]: {
      structName: 'QuerySource-caa87831-c8a8-4cc0-bae0-ace71fd1ccad',
      structType: 'query_source',
      hasSourceArgs: true,
      sourceArgKeys: [],
      argKeys: [ 'param' ],
      paramValue: { hasValue: true, valueNode: 'numberLiteral' }
    }

      at generateParameterFragment (packages/malloy/src/model/expression_compiler.ts:772:13)

  console.log
    [getStructSourceSQL] Called with struct type: {
      type: 'query_source',
      name: 'QuerySource-caa87831-c8a8-4cc0-bae0-ace71fd1ccad',
      callStackSize: 1
    }

      at QueryQueryProject.getStructSourceSQL (packages/malloy/src/model/query_query.ts:895:13)

  console.error
    ⚠️⚠️⚠️  CYCLE DETECTED in getStructSourceSQL for: query_source:QuerySource-caa87831-c8a8-4cc0-bae0-ace71fd1ccad

      901 |     // Detect infinite recursion
      902 |     if (structSQLCallStack.has(structKey)) {
    > 903 |       console.error(`⚠️⚠️⚠️  CYCLE DETECTED in getStructSourceSQL for: ${structKey}`);
          |               ^
      904 |       console.error('Call stack:', Array.from(structSQLCallStack));
      905 |       throw new Error(`Infinite recursion detected in SQL generation for: ${structKey}`);
      906 |     }

      at QueryQueryProject.getStructSourceSQL (packages/malloy/src/model/query_query.ts:903:15)
      at QueryQueryProject.generateSQLJoins (packages/malloy/src/model/query_query.ts:1442:26)
      at QueryQueryProject.generateSimpleSQL (packages/malloy/src/model/query_query.ts:1559:15)
      at QueryQueryProject.generateSQL (packages/malloy/src/model/query_query.ts:2465:19)
      at QueryQueryProject.generateSQLFromPipeline (packages/malloy/src/model/query_query.ts:2476:30)
      at QueryQueryProject._getStructSourceSQLImpl (packages/malloy/src/model/query_query.ts:1207:25)
      at QueryQueryProject.getStructSourceSQL (packages/malloy/src/model/query_query.ts:910:19)
      at QueryQueryProject.generateSQLJoins (packages/malloy/src/model/query_query.ts:1442:26)
      at QueryQueryProject.generateSimpleSQL (packages/malloy/src/model/query_query.ts:1559:15)
      at QueryQueryProject.generateSQL (packages/malloy/src/model/query_query.ts:2465:19)
      at QueryQueryProject.generateSQLFromPipeline (packages/malloy/src/model/query_query.ts:2476:30)
      at QueryModelImpl.loadQuery (packages/malloy/src/model/query_model_impl.ts:216:19)
      at QueryModelImpl.compileQuery (packages/malloy/src/model/query_model_impl.ts:299:19)
      at PreparedQuery.getPreparedResult (packages/malloy/src/malloy.ts:988:40)
      at PreparedResultMaterializer._materialize (packages/malloy/src/malloy.ts:3146:41)
      at async QueryMaterializer.getSQL (packages/malloy/src/malloy.ts:3171:13)
      at async runQuery (test/src/util/db-matcher-support.ts:93:30)
      at async Object.malloyResultMatches (test/src/util/db-jest-matchers.ts:165:49)
      at async Object.<anonymous> (test/src/core/parameters.spec.ts:331:5)

  console.error
    Call stack: [ 'query_source:QuerySource-caa87831-c8a8-4cc0-bae0-ace71fd1ccad' ]

      902 |     if (structSQLCallStack.has(structKey)) {
      903 |       console.error(`⚠️⚠️⚠️  CYCLE DETECTED in getStructSourceSQL for: ${structKey}`);
    > 904 |       console.error('Call stack:', Array.from(structSQLCallStack));
          |               ^
      905 |       throw new Error(`Infinite recursion detected in SQL generation for: ${structKey}`);
      906 |     }
      907 |

      at QueryQueryProject.getStructSourceSQL (packages/malloy/src/model/query_query.ts:904:15)
      at QueryQueryProject.generateSQLJoins (packages/malloy/src/model/query_query.ts:1442:26)
      at QueryQueryProject.generateSimpleSQL (packages/malloy/src/model/query_query.ts:1559:15)
      at QueryQueryProject.generateSQL (packages/malloy/src/model/query_query.ts:2465:19)
      at QueryQueryProject.generateSQLFromPipeline (packages/malloy/src/model/query_query.ts:2476:30)
      at QueryQueryProject._getStructSourceSQLImpl (packages/malloy/src/model/query_query.ts:1207:25)
      at QueryQueryProject.getStructSourceSQL (packages/malloy/src/model/query_query.ts:910:19)
      at QueryQueryProject.generateSQLJoins (packages/malloy/src/model/query_query.ts:1442:26)
      at QueryQueryProject.generateSimpleSQL (packages/malloy/src/model/query_query.ts:1559:15)
      at QueryQueryProject.generateSQL (packages/malloy/src/model/query_query.ts:2465:19)
      at QueryQueryProject.generateSQLFromPipeline (packages/malloy/src/model/query_query.ts:2476:30)
      at QueryModelImpl.loadQuery (packages/malloy/src/model/query_model_impl.ts:216:19)
      at QueryModelImpl.compileQuery (packages/malloy/src/model/query_model_impl.ts:299:19)
      at PreparedQuery.getPreparedResult (packages/malloy/src/malloy.ts:988:40)
      at PreparedResultMaterializer._materialize (packages/malloy/src/malloy.ts:3146:41)
      at async QueryMaterializer.getSQL (packages/malloy/src/malloy.ts:3171:13)
      at async runQuery (test/src/util/db-matcher-support.ts:93:30)
      at async Object.malloyResultMatches (test/src/util/db-jest-matchers.ts:165:49)
      at async Object.<anonymous> (test/src/core/parameters.spec.ts:331:5)

  console.log
    [ParameterSpace constructor] Created with parameters: [ 'param' ]

      at new ParameterSpace (packages/malloy/src/lang/ast/field-space/parameter-space.ts:29:13)

  console.log
    [StaticSpace.map] Building map for 'duckdb:malloytest.state_facts', is StaticSourceSpace: false, has parameterSpaceRef: N/A

      at RefinedSpace.get map [as map] (packages/malloy/src/lang/ast/field-space/static-space.ts:102:15)

  console.log
    [StaticSpace.map] Adding field 'state', isJoined: false

      at RefinedSpace.get map [as map] (packages/malloy/src/lang/ast/field-space/static-space.ts:113:17)

  console.log
    [StaticSpace.map] Adding field 'aircraft_count', isJoined: false

      at RefinedSpace.get map [as map] (packages/malloy/src/lang/ast/field-space/static-space.ts:113:17)

  console.log
    [StaticSpace.map] Adding field 'airport_count', isJoined: false

      at RefinedSpace.get map [as map] (packages/malloy/src/lang/ast/field-space/static-space.ts:113:17)

  console.log
    [StaticSpace.map] Adding field 'births', isJoined: false

      at RefinedSpace.get map [as map] (packages/malloy/src/lang/ast/field-space/static-space.ts:113:17)

  console.log
    [StaticSpace.map] Adding field 'popular_name', isJoined: false

      at RefinedSpace.get map [as map] (packages/malloy/src/lang/ast/field-space/static-space.ts:113:17)

  console.log
    [ParameterSpace constructor] Created with parameters: [ 'param' ]

      at new ParameterSpace (packages/malloy/src/lang/ast/field-space/parameter-space.ts:29:13)

  console.log
    [StaticSpace.lookup] Looking up 'param'

      at RefinedSpace.lookup (packages/malloy/src/lang/ast/field-space/static-space.ts:176:13)

  console.log
    [StaticSpace.lookup] Found 'param'

      at RefinedSpace.lookup (packages/malloy/src/lang/ast/field-space/static-space.ts:188:13)

  console.log
    [SQArrow.getQuery] Called

      at SQArrow.getQuery (packages/malloy/src/lang/ast/source-query-elements/sq-arrow.ts:53:13)

  console.log
    [SQArrow.getQuery] LHS is: namedSource, instanceof Source: true

      at SQArrow.getQuery (packages/malloy/src/lang/ast/source-query-elements/sq-arrow.ts:72:13)

  console.log
    [ParameterSpace constructor] Created with parameters: []

      at new ParameterSpace (packages/malloy/src/lang/ast/field-space/parameter-space.ts:29:13)

  console.log
    [SQArrow.getQuery] sourceDef.parameters: []

      at SQArrow.getQuery (packages/malloy/src/lang/ast/source-query-elements/sq-arrow.ts:80:15)

  console.log
    [SQArrow.getQuery] sourceDef.arguments: [ 'param' ]

      at SQArrow.getQuery (packages/malloy/src/lang/ast/source-query-elements/sq-arrow.ts:84:15)

  console.log
    [ParameterSpace constructor] Created with parameters: [ 'param' ]

      at new ParameterSpace (packages/malloy/src/lang/ast/field-space/parameter-space.ts:29:13)

  console.log
    [SQArrow.getQuery] Created parameterSpace from source arguments: [ 'param' ]

      at SQArrow.getQuery (packages/malloy/src/lang/ast/source-query-elements/sq-arrow.ts:103:17)

  console.log
    [QueryArrow constructor] Created with source: namedSource, parameterSpace: [ 'param' ]

      at new QueryArrow (packages/malloy/src/lang/ast/query-elements/query-arrow.ts:60:15)

  console.log
    [StaticSourceSpace constructor] Created with parameterSpaceRef: true source name: duckdb:malloytest.state_facts

      at new StaticSourceSpace (packages/malloy/src/lang/ast/field-space/static-space.ts:312:13)

  console.log
    [QueryArrow.queryComp] Source: namedSource, fieldSpace WITH parameterSpace: [ 'param' ]

      at QueryArrow.queryComp (packages/malloy/src/lang/ast/query-elements/query-arrow.ts:120:17)

  console.log
    [QueryArrow.queryComp] Calling view.pipelineComp with fieldSpace

      at QueryArrow.queryComp (packages/malloy/src/lang/ast/query-elements/query-arrow.ts:161:13)

  console.log
    [StaticSpace.map] Building map for 'duckdb:malloytest.state_facts', is StaticSourceSpace: false, has parameterSpaceRef: N/A

      at ReduceFieldSpace.get map [as map] (packages/malloy/src/lang/ast/field-space/static-space.ts:102:15)

  console.log
    [StaticSpace.lookup] Looking up 'date_value'

      at QueryInputSpace.lookup (packages/malloy/src/lang/ast/field-space/static-space.ts:176:13)

  console.log
    [QueryInputSpace.entry] Looking up 'date_value'

      at QueryInputSpace.entry (packages/malloy/src/lang/ast/field-space/query-input-space.ts:108:13)

  console.log
    [StaticSpace.map] Building map for 'duckdb:malloytest.state_facts', is StaticSourceSpace: false, has parameterSpaceRef: N/A

      at QueryInputSpace.get map [as map] (packages/malloy/src/lang/ast/field-space/static-space.ts:102:15)

  console.log
    [StaticSpace.map] Adding field 'state', isJoined: false

      at QueryInputSpace.get map [as map] (packages/malloy/src/lang/ast/field-space/static-space.ts:113:17)

  console.log
    [StaticSpace.map] Adding field 'aircraft_count', isJoined: false

      at QueryInputSpace.get map [as map] (packages/malloy/src/lang/ast/field-space/static-space.ts:113:17)

  console.log
    [StaticSpace.map] Adding field 'airport_count', isJoined: false

      at QueryInputSpace.get map [as map] (packages/malloy/src/lang/ast/field-space/static-space.ts:113:17)

  console.log
    [StaticSpace.map] Adding field 'births', isJoined: false

      at QueryInputSpace.get map [as map] (packages/malloy/src/lang/ast/field-space/static-space.ts:113:17)

  console.log
    [StaticSpace.map] Adding field 'popular_name', isJoined: false

      at QueryInputSpace.get map [as map] (packages/malloy/src/lang/ast/field-space/static-space.ts:113:17)

  console.log
    [StaticSpace.map] Adding field 'date_value', isJoined: false

      at QueryInputSpace.get map [as map] (packages/malloy/src/lang/ast/field-space/static-space.ts:113:17)

  console.log
    [QueryInputSpace.entry] Found 'date_value' in fields

      at QueryInputSpace.entry (packages/malloy/src/lang/ast/field-space/query-input-space.ts:112:15)

  console.log
    [StaticSpace.lookup] Found 'date_value'

      at QueryInputSpace.lookup (packages/malloy/src/lang/ast/field-space/static-space.ts:188:13)

  console.log
    [StaticSpace.lookup] Looking up 'date_value'

      at QueryInputSpace.lookup (packages/malloy/src/lang/ast/field-space/static-space.ts:176:13)

  console.log
    [QueryInputSpace.entry] Looking up 'date_value'

      at QueryInputSpace.entry (packages/malloy/src/lang/ast/field-space/query-input-space.ts:108:13)

  console.log
    [QueryInputSpace.entry] Found 'date_value' in fields

      at QueryInputSpace.entry (packages/malloy/src/lang/ast/field-space/query-input-space.ts:112:15)

  console.log
    [StaticSpace.lookup] Found 'date_value'

      at QueryInputSpace.lookup (packages/malloy/src/lang/ast/field-space/static-space.ts:188:13)

  console.log
    [QueryInputSpace.parameterSpace] Called

      at QueryInputSpace.parameterSpace (packages/malloy/src/lang/ast/field-space/query-input-space.ts:84:13)

  console.log
    [QueryInputSpace.parameterSpace] Got from queryOutput: [ 'param' ]

      at QueryInputSpace.parameterSpace (packages/malloy/src/lang/ast/field-space/query-input-space.ts:88:15)

  console.log
    [StaticSpace.lookup] Looking up 'date_value'

      at QueryInputSpace.lookup (packages/malloy/src/lang/ast/field-space/static-space.ts:176:13)

  console.log
    [QueryInputSpace.entry] Looking up 'date_value'

      at QueryInputSpace.entry (packages/malloy/src/lang/ast/field-space/query-input-space.ts:108:13)

  console.log
    [QueryInputSpace.entry] Found 'date_value' in fields

      at QueryInputSpace.entry (packages/malloy/src/lang/ast/field-space/query-input-space.ts:112:15)

  console.log
    [StaticSpace.lookup] Found 'date_value'

      at QueryInputSpace.lookup (packages/malloy/src/lang/ast/field-space/static-space.ts:188:13)

  console.log
    [QueryArrow.queryComp] Creating comp.query: {
      inputStructName: 'duckdb:malloytest.state_facts',
      inputStructType: 'table',
      inputStructArguments: [ 'param' ],
      sourceArgumentsKeys: [ 'param' ],
      sourceArgumentsHasValues: [ [ 'param', true ] ],
      pipelineLength: 1
    }

      at QueryArrow.queryComp (packages/malloy/src/lang/ast/query-elements/query-arrow.ts:244:13)


>>> QueryModelImpl constructor called <<<
  console.log
    [QueryStruct constructor] Creating: {
      structType: 'table',
      structName: 'duckdb:malloytest.state_facts',
      parentHasStruct: false,
      parentHasModel: true,
      parentStructType: undefined,
      sourceArgKeys: []
    }

      at new QueryStruct (packages/malloy/src/model/query_node.ts:417:13)

  console.log
    [QueryStruct.setParent] Called for: {
      thisStructType: 'table',
      thisStructName: 'duckdb:malloytest.state_facts',
      parentHasStruct: false,
      parentHasModel: true,
      parentStructType: undefined,
      parentStructName: undefined
    }

      at QueryStruct.setParent (packages/malloy/src/model/query_node.ts:1054:13)


>>> [compileQuery] CALLED! hasSourceArguments=true, keys=param <<<
  console.log
    [compileQuery] Called with query: {
      hasSourceArguments: true,
      sourceArgumentsKeys: [ 'param' ],
      sourceArgumentsStringified: '{"param":{"type":"date","value":{"node":"trunc","e":{"node":"timeLiteral","literal":"2024-04-11","typeDef":{"type":"date","timeframe":"day"}},"units":"month"},"name":"param"}}'
    }

      at QueryModelImpl.compileQuery (packages/malloy/src/model/query_model_impl.ts:283:13)

  console.log
    [QueryModelImpl.loadQuery] CALLED FROM: QUERY_COMPILATION { isJoinedSubquery: false, hasArgs: true }

      at QueryModelImpl.loadQuery (packages/malloy/src/model/query_model_impl.ts:148:13)

  console.log
    [QueryModelImpl.loadQuery] query object: {
      hasStructRef: true,
      structRefType: 'string',
      structRefName: 'state_facts',
      hasSourceArguments: true,
      sourceArgumentsType: 'object',
      sourceArgumentsKeys: [ 'param' ],
      sourceArgumentsStringified: '{"param":{"type":"date","value":{"node":"trunc","e":{"node":"timeLiteral","literal":"2024-04-11","typeDef":{"type":"date","timeframe":"day"}},"units":"month"},"name":"param"}}',
      structRefIsObject: false,
      structRefHasArguments: false,
      structRefArgumentsKeys: [],
      structRefArgumentsStringified: 'none'
    }

      at QueryModelImpl.loadQuery (packages/malloy/src/model/query_model_impl.ts:155:13)

  console.log
    [QueryStruct constructor] Creating: {
      structType: 'table',
      structName: 'duckdb:malloytest.state_facts',
      parentHasStruct: false,
      parentHasModel: true,
      parentStructType: undefined,
      sourceArgKeys: [ 'param' ]
    }

      at new QueryStruct (packages/malloy/src/model/query_node.ts:417:13)

  console.log
    [QueryStruct.setParent] Called for: {
      thisStructType: 'table',
      thisStructName: 'duckdb:malloytest.state_facts',
      parentHasStruct: false,
      parentHasModel: true,
      parentStructType: undefined,
      parentStructName: undefined
    }

      at QueryStruct.setParent (packages/malloy/src/model/query_node.ts:1054:13)

  console.log
    [QueryQuery.makeQuery] Called with parentStruct: {
      parentDefType: 'table',
      parentDefName: 'duckdb:malloytest.state_facts',
      parentHasParent: false,
      parentParentName: undefined,
      parentSourceArgs: [ 'param' ],
      isJoinedSubquery: false,
      callStack: 'at Function.makeQuery (/Users/catalinadler/dev/malloy-cata02/packages/malloy/src/model/query_query.ts:173:7)\n' +
        '  at QueryModelImpl.loadQuery (/Users/catalinadler/dev/malloy-cata02/packages/malloy/src/model/query_model_impl.ts:208:26)\n' +
        '  at QueryModelImpl.compileQuery (/Users/catalinadler/dev/malloy-cata02/packages/malloy/src/model/query_model_impl.ts:299:19)\n' +
        '  at PreparedQuery.getPreparedResult (/Users/catalinadler/dev/malloy-cata02/packages/malloy/src/malloy.ts:988:40)\n' +
        '  at PreparedResultMaterializer._materialize (/Users/catalinadler/dev/malloy-cata02/packages/malloy/src/malloy.ts:3146:41)\n' +
        '  at async QueryMaterializer.run (/Users/catalinadler/dev/malloy-cata02/packages/malloy/src/malloy.ts:3115:28)\n' +
        '  at async runQuery (/Users/catalinadler/dev/malloy-cata02/test/src/util/db-matcher-support.ts:82:14)'
    }

      at Function.makeQuery (packages/malloy/src/model/query_query.ts:178:13)

  console.log
    [QueryQuery.prepare] About to addStructToJoin with this.parent: {
      parentDefType: 'table',
      parentDefName: 'duckdb:malloytest.state_facts',
      parentHasParent: false,
      parentSourceArgs: [ 'param' ]
    }

      at QueryQueryReduce.prepare (packages/malloy/src/model/query_query.ts:565:15)

  console.log
    [addStructToJoin] Called with QueryStruct: {
      name: 'base',
      qsDefType: 'table',
      qsHasParent: false,
      qsParentName: undefined,
      qsSourceArgs: [ 'param' ]
    }

      at FieldInstanceResultRoot.addStructToJoin (packages/malloy/src/model/field_instance.ts:465:13)

  console.log
    [addStructToJoin] Parent check: {
      hasQsParent: false,
      hasParentStruct: false,
      parentStructName: undefined
    }

      at FieldInstanceResultRoot.addStructToJoin (packages/malloy/src/model/field_instance.ts:488:13)

  console.log
    [addStructToJoin] Creating new JoinInstance

      at FieldInstanceResultRoot.addStructToJoin (packages/malloy/src/model/field_instance.ts:501:15)

  console.log
    [JoinInstance constructor] Creating join instance: {
      alias: 'base',
      qsDefType: 'table',
      qsDefName: 'duckdb:malloytest.state_facts',
      qsHasParent: false,
      qsParentName: undefined,
      qsParentType: undefined
    }

      at new JoinInstance (packages/malloy/src/model/join_instance.ts:25:13)

  console.log
    [generateParameterFragment] Looking for parameter: {
      paramName: 'param',
      contextStructName: 'duckdb:malloytest.state_facts',
      contextArgs: [ 'param' ],
      hasParent: false
    }

      at generateParameterFragment (packages/malloy/src/model/expression_compiler.ts:761:11)

  console.log
    [generateParameterFragment] Parent chain [0]: {
      structName: 'duckdb:malloytest.state_facts',
      structType: 'table',
      hasSourceArgs: true,
      sourceArgKeys: [ 'param' ],
      argKeys: [ 'param' ],
      paramValue: { hasValue: true, valueNode: 'trunc' }
    }

      at generateParameterFragment (packages/malloy/src/model/expression_compiler.ts:772:13)

  console.log
    [getStructSourceSQL] Called with struct type: {
      type: 'table',
      name: 'duckdb:malloytest.state_facts',
      callStackSize: 0
    }

      at QueryQueryReduce.getStructSourceSQL (packages/malloy/src/model/query_query.ts:895:13)

  console.log
    [ParameterSpace constructor] Created with parameters: [ 'param', 'state_filter' ]

      at new ParameterSpace (packages/malloy/src/lang/ast/field-space/parameter-space.ts:29:13)

  console.log
    [StaticSpace.map] Building map for 'duckdb:malloytest.state_facts', is StaticSourceSpace: false, has parameterSpaceRef: N/A

      at RefinedSpace.get map [as map] (packages/malloy/src/lang/ast/field-space/static-space.ts:102:15)

  console.log
    [StaticSpace.map] Adding field 'state', isJoined: false

      at RefinedSpace.get map [as map] (packages/malloy/src/lang/ast/field-space/static-space.ts:113:17)

  console.log
    [StaticSpace.map] Adding field 'aircraft_count', isJoined: false

      at RefinedSpace.get map [as map] (packages/malloy/src/lang/ast/field-space/static-space.ts:113:17)

  console.log
    [StaticSpace.map] Adding field 'airport_count', isJoined: false

      at RefinedSpace.get map [as map] (packages/malloy/src/lang/ast/field-space/static-space.ts:113:17)

  console.log
    [StaticSpace.map] Adding field 'births', isJoined: false

      at RefinedSpace.get map [as map] (packages/malloy/src/lang/ast/field-space/static-space.ts:113:17)

  console.log
    [StaticSpace.map] Adding field 'popular_name', isJoined: false

      at RefinedSpace.get map [as map] (packages/malloy/src/lang/ast/field-space/static-space.ts:113:17)

  console.log
    [ParameterSpace constructor] Created with parameters: [ 'param', 'state_filter' ]

      at new ParameterSpace (packages/malloy/src/lang/ast/field-space/parameter-space.ts:29:13)

  console.log
    [StaticSpace.lookup] Looking up 'param'

      at RefinedSpace.lookup (packages/malloy/src/lang/ast/field-space/static-space.ts:176:13)

  console.log
    [StaticSpace.lookup] Found 'param'

      at RefinedSpace.lookup (packages/malloy/src/lang/ast/field-space/static-space.ts:188:13)

  console.log
    [StaticSpace.lookup] Looking up 'state'

      at RefinedSpace.lookup (packages/malloy/src/lang/ast/field-space/static-space.ts:176:13)

  console.log
    [StaticSpace.lookup] Found 'state'

      at RefinedSpace.lookup (packages/malloy/src/lang/ast/field-space/static-space.ts:188:13)

  console.log
    [StaticSpace.lookup] Looking up 'state_filter'

      at RefinedSpace.lookup (packages/malloy/src/lang/ast/field-space/static-space.ts:176:13)

  console.log
    [StaticSpace.lookup] Found 'state_filter'

      at RefinedSpace.lookup (packages/malloy/src/lang/ast/field-space/static-space.ts:188:13)

  console.log
    [SQArrow.getQuery] Called

      at SQArrow.getQuery (packages/malloy/src/lang/ast/source-query-elements/sq-arrow.ts:53:13)

  console.log
    [SQArrow.getQuery] LHS is: namedSource, instanceof Source: true

      at SQArrow.getQuery (packages/malloy/src/lang/ast/source-query-elements/sq-arrow.ts:72:13)

  console.log
    [SQArrow.getQuery] sourceDef.parameters: []

      at SQArrow.getQuery (packages/malloy/src/lang/ast/source-query-elements/sq-arrow.ts:80:15)

  console.log
    [SQArrow.getQuery] sourceDef.arguments: [ 'param', 'state_filter' ]

      at SQArrow.getQuery (packages/malloy/src/lang/ast/source-query-elements/sq-arrow.ts:84:15)

  console.log
    [ParameterSpace constructor] Created with parameters: [ 'param', 'state_filter' ]

      at new ParameterSpace (packages/malloy/src/lang/ast/field-space/parameter-space.ts:29:13)

  console.log
    [SQArrow.getQuery] Created parameterSpace from source arguments: [ 'param', 'state_filter' ]

      at SQArrow.getQuery (packages/malloy/src/lang/ast/source-query-elements/sq-arrow.ts:103:17)

  console.log
    [QueryArrow constructor] Created with source: namedSource, parameterSpace: [ 'param', 'state_filter' ]

      at new QueryArrow (packages/malloy/src/lang/ast/query-elements/query-arrow.ts:60:15)

  console.log
    [StaticSourceSpace constructor] Created with parameterSpaceRef: true source name: duckdb:malloytest.state_facts

      at new StaticSourceSpace (packages/malloy/src/lang/ast/field-space/static-space.ts:312:13)

  console.log
    [QueryArrow.queryComp] Source: namedSource, fieldSpace WITH parameterSpace: [ 'param', 'state_filter' ]

      at QueryArrow.queryComp (packages/malloy/src/lang/ast/query-elements/query-arrow.ts:120:17)

  console.log
    [QueryArrow.queryComp] Calling view.pipelineComp with fieldSpace

      at QueryArrow.queryComp (packages/malloy/src/lang/ast/query-elements/query-arrow.ts:161:13)

  console.log
    [StaticSpace.map] Building map for 'duckdb:malloytest.state_facts', is StaticSourceSpace: false, has parameterSpaceRef: N/A

      at ReduceFieldSpace.get map [as map] (packages/malloy/src/lang/ast/field-space/static-space.ts:102:15)

  console.log
    [StaticSpace.lookup] Looking up 'state'

      at QueryInputSpace.lookup (packages/malloy/src/lang/ast/field-space/static-space.ts:176:13)

  console.log
    [QueryInputSpace.entry] Looking up 'state'

      at QueryInputSpace.entry (packages/malloy/src/lang/ast/field-space/query-input-space.ts:108:13)

  console.log
    [StaticSpace.map] Building map for 'duckdb:malloytest.state_facts', is StaticSourceSpace: false, has parameterSpaceRef: N/A

      at QueryInputSpace.get map [as map] (packages/malloy/src/lang/ast/field-space/static-space.ts:102:15)

  console.log
    [StaticSpace.map] Adding field 'state', isJoined: false

      at QueryInputSpace.get map [as map] (packages/malloy/src/lang/ast/field-space/static-space.ts:113:17)

  console.log
    [StaticSpace.map] Adding field 'aircraft_count', isJoined: false

      at QueryInputSpace.get map [as map] (packages/malloy/src/lang/ast/field-space/static-space.ts:113:17)

  console.log
    [StaticSpace.map] Adding field 'airport_count', isJoined: false

      at QueryInputSpace.get map [as map] (packages/malloy/src/lang/ast/field-space/static-space.ts:113:17)

  console.log
    [StaticSpace.map] Adding field 'births', isJoined: false

      at QueryInputSpace.get map [as map] (packages/malloy/src/lang/ast/field-space/static-space.ts:113:17)

  console.log
    [StaticSpace.map] Adding field 'popular_name', isJoined: false

      at QueryInputSpace.get map [as map] (packages/malloy/src/lang/ast/field-space/static-space.ts:113:17)

  console.log
    [QueryInputSpace.entry] Found 'state' in fields

      at QueryInputSpace.entry (packages/malloy/src/lang/ast/field-space/query-input-space.ts:112:15)

  console.log
    [StaticSpace.lookup] Found 'state'

      at QueryInputSpace.lookup (packages/malloy/src/lang/ast/field-space/static-space.ts:188:13)

  console.log
    [StaticSpace.lookup] Looking up 'state'

      at QueryInputSpace.lookup (packages/malloy/src/lang/ast/field-space/static-space.ts:176:13)

  console.log
    [QueryInputSpace.entry] Looking up 'state'

      at QueryInputSpace.entry (packages/malloy/src/lang/ast/field-space/query-input-space.ts:108:13)

  console.log
    [QueryInputSpace.entry] Found 'state' in fields

      at QueryInputSpace.entry (packages/malloy/src/lang/ast/field-space/query-input-space.ts:112:15)

  console.log
    [StaticSpace.lookup] Found 'state'

      at QueryInputSpace.lookup (packages/malloy/src/lang/ast/field-space/static-space.ts:188:13)

  console.log
    [QueryInputSpace.parameterSpace] Called

      at QueryInputSpace.parameterSpace (packages/malloy/src/lang/ast/field-space/query-input-space.ts:84:13)

  console.log
    [QueryInputSpace.parameterSpace] Got from queryOutput: [ 'param', 'state_filter' ]

      at QueryInputSpace.parameterSpace (packages/malloy/src/lang/ast/field-space/query-input-space.ts:88:15)

  console.log
    [StaticSpace.lookup] Looking up 'state'

      at QueryInputSpace.lookup (packages/malloy/src/lang/ast/field-space/static-space.ts:176:13)

  console.log
    [QueryInputSpace.entry] Looking up 'state'

      at QueryInputSpace.entry (packages/malloy/src/lang/ast/field-space/query-input-space.ts:108:13)

  console.log
    [QueryInputSpace.entry] Found 'state' in fields

      at QueryInputSpace.entry (packages/malloy/src/lang/ast/field-space/query-input-space.ts:112:15)

  console.log
    [StaticSpace.lookup] Found 'state'

      at QueryInputSpace.lookup (packages/malloy/src/lang/ast/field-space/static-space.ts:188:13)

  console.log
    [QueryArrow.queryComp] Creating comp.query: {
      inputStructName: 'duckdb:malloytest.state_facts',
      inputStructType: 'table',
      inputStructArguments: [ 'param', 'state_filter' ],
      sourceArgumentsKeys: [ 'param', 'state_filter' ],
      sourceArgumentsHasValues: [ [ 'param', true ], [ 'state_filter', true ] ],
      pipelineLength: 1
    }

      at QueryArrow.queryComp (packages/malloy/src/lang/ast/query-elements/query-arrow.ts:244:13)


>>> QueryModelImpl constructor called <<<
  console.log
    [QueryStruct constructor] Creating: {
      structType: 'table',
      structName: 'duckdb:malloytest.state_facts',
      parentHasStruct: false,
      parentHasModel: true,
      parentStructType: undefined,
      sourceArgKeys: []
    }

      at new QueryStruct (packages/malloy/src/model/query_node.ts:417:13)

  console.log
    [QueryStruct.setParent] Called for: {
      thisStructType: 'table',
      thisStructName: 'duckdb:malloytest.state_facts',
      parentHasStruct: false,
      parentHasModel: true,
      parentStructType: undefined,
      parentStructName: undefined
    }

      at QueryStruct.setParent (packages/malloy/src/model/query_node.ts:1054:13)


>>> [compileQuery] CALLED! hasSourceArguments=true, keys=param,state_filter <<<
  console.log
    [compileQuery] Called with query: {
      hasSourceArguments: true,
      sourceArgumentsKeys: [ 'param', 'state_filter' ],
      sourceArgumentsStringified: '{"param":{"type":"string","value":{"node":"null"},"name":"param"},"state_filter":{"type":"string","value":{"node":"stringLiteral","literal":"CA"},"name":"state_filter"}}'
    }

      at QueryModelImpl.compileQuery (packages/malloy/src/model/query_model_impl.ts:283:13)

  console.log
    [QueryModelImpl.loadQuery] CALLED FROM: QUERY_COMPILATION { isJoinedSubquery: false, hasArgs: true }

      at QueryModelImpl.loadQuery (packages/malloy/src/model/query_model_impl.ts:148:13)

  console.log
    [QueryModelImpl.loadQuery] query object: {
      hasStructRef: true,
      structRefType: 'string',
      structRefName: 'state_facts',
      hasSourceArguments: true,
      sourceArgumentsType: 'object',
      sourceArgumentsKeys: [ 'param', 'state_filter' ],
      sourceArgumentsStringified: '{"param":{"type":"string","value":{"node":"null"},"name":"param"},"state_filter":{"type":"string","value":{"node":"stringLiteral","literal":"CA"},"name":"state_filter"}}',
      structRefIsObject: false,
      structRefHasArguments: false,
      structRefArgumentsKeys: [],
      structRefArgumentsStringified: 'none'
    }

      at QueryModelImpl.loadQuery (packages/malloy/src/model/query_model_impl.ts:155:13)

  console.log
    [QueryStruct constructor] Creating: {
      structType: 'table',
      structName: 'duckdb:malloytest.state_facts',
      parentHasStruct: false,
      parentHasModel: true,
      parentStructType: undefined,
      sourceArgKeys: [ 'param', 'state_filter' ]
    }

      at new QueryStruct (packages/malloy/src/model/query_node.ts:417:13)

  console.log
    [QueryStruct.setParent] Called for: {
      thisStructType: 'table',
      thisStructName: 'duckdb:malloytest.state_facts',
      parentHasStruct: false,
      parentHasModel: true,
      parentStructType: undefined,
      parentStructName: undefined
    }

      at QueryStruct.setParent (packages/malloy/src/model/query_node.ts:1054:13)

  console.log
    [QueryQuery.makeQuery] Called with parentStruct: {
      parentDefType: 'table',
      parentDefName: 'duckdb:malloytest.state_facts',
      parentHasParent: false,
      parentParentName: undefined,
      parentSourceArgs: [ 'param', 'state_filter' ],
      isJoinedSubquery: false,
      callStack: 'at Function.makeQuery (/Users/catalinadler/dev/malloy-cata02/packages/malloy/src/model/query_query.ts:173:7)\n' +
        '  at QueryModelImpl.loadQuery (/Users/catalinadler/dev/malloy-cata02/packages/malloy/src/model/query_model_impl.ts:208:26)\n' +
        '  at QueryModelImpl.compileQuery (/Users/catalinadler/dev/malloy-cata02/packages/malloy/src/model/query_model_impl.ts:299:19)\n' +
        '  at PreparedQuery.getPreparedResult (/Users/catalinadler/dev/malloy-cata02/packages/malloy/src/malloy.ts:988:40)\n' +
        '  at PreparedResultMaterializer._materialize (/Users/catalinadler/dev/malloy-cata02/packages/malloy/src/malloy.ts:3146:41)\n' +
        '  at async QueryMaterializer.run (/Users/catalinadler/dev/malloy-cata02/packages/malloy/src/malloy.ts:3115:28)\n' +
        '  at async runQuery (/Users/catalinadler/dev/malloy-cata02/test/src/util/db-matcher-support.ts:82:14)'
    }

      at Function.makeQuery (packages/malloy/src/model/query_query.ts:178:13)

  console.log
    [QueryQuery.prepare] About to addStructToJoin with this.parent: {
      parentDefType: 'table',
      parentDefName: 'duckdb:malloytest.state_facts',
      parentHasParent: false,
      parentSourceArgs: [ 'param', 'state_filter' ]
    }

      at QueryQueryReduce.prepare (packages/malloy/src/model/query_query.ts:565:15)

  console.log
    [addStructToJoin] Called with QueryStruct: {
      name: 'base',
      qsDefType: 'table',
      qsHasParent: false,
      qsParentName: undefined,
      qsSourceArgs: [ 'param', 'state_filter' ]
    }

      at FieldInstanceResultRoot.addStructToJoin (packages/malloy/src/model/field_instance.ts:465:13)

  console.log
    [addStructToJoin] Parent check: {
      hasQsParent: false,
      hasParentStruct: false,
      parentStructName: undefined
    }

      at FieldInstanceResultRoot.addStructToJoin (packages/malloy/src/model/field_instance.ts:488:13)

  console.log
    [addStructToJoin] Creating new JoinInstance

      at FieldInstanceResultRoot.addStructToJoin (packages/malloy/src/model/field_instance.ts:501:15)

  console.log
    [JoinInstance constructor] Creating join instance: {
      alias: 'base',
      qsDefType: 'table',
      qsDefName: 'duckdb:malloytest.state_facts',
      qsHasParent: false,
      qsParentName: undefined,
      qsParentType: undefined
    }

      at new JoinInstance (packages/malloy/src/model/join_instance.ts:25:13)

  console.log
    [getStructSourceSQL] Called with struct type: {
      type: 'table',
      name: 'duckdb:malloytest.state_facts',
      callStackSize: 0
    }

      at QueryQueryReduce.getStructSourceSQL (packages/malloy/src/model/query_query.ts:895:13)

  console.log
    [generateParameterFragment] Looking for parameter: {
      paramName: 'param',
      contextStructName: 'duckdb:malloytest.state_facts',
      contextArgs: [ 'param', 'state_filter' ],
      hasParent: false
    }

      at generateParameterFragment (packages/malloy/src/model/expression_compiler.ts:761:11)

  console.log
    [generateParameterFragment] Parent chain [0]: {
      structName: 'duckdb:malloytest.state_facts',
      structType: 'table',
      hasSourceArgs: true,
      sourceArgKeys: [ 'param', 'state_filter' ],
      argKeys: [ 'param', 'state_filter' ],
      paramValue: { hasValue: true, valueNode: 'null' }
    }

      at generateParameterFragment (packages/malloy/src/model/expression_compiler.ts:772:13)

  console.log
    [generateParameterFragment] Looking for parameter: {
      paramName: 'state_filter',
      contextStructName: 'duckdb:malloytest.state_facts',
      contextArgs: [ 'param', 'state_filter' ],
      hasParent: false
    }

      at generateParameterFragment (packages/malloy/src/model/expression_compiler.ts:761:11)

  console.log
    [generateParameterFragment] Parent chain [0]: {
      structName: 'duckdb:malloytest.state_facts',
      structType: 'table',
      hasSourceArgs: true,
      sourceArgKeys: [ 'param', 'state_filter' ],
      argKeys: [ 'param', 'state_filter' ],
      paramValue: { hasValue: true, valueNode: 'stringLiteral' }
    }

      at generateParameterFragment (packages/malloy/src/model/expression_compiler.ts:772:13)

  console.log
    [ParameterSpace constructor] Created with parameters: [ 'param' ]

      at new ParameterSpace (packages/malloy/src/lang/ast/field-space/parameter-space.ts:29:13)

  console.log
    [StaticSpace.map] Building map for 'duckdb:malloytest.state_facts', is StaticSourceSpace: false, has parameterSpaceRef: N/A

      at RefinedSpace.get map [as map] (packages/malloy/src/lang/ast/field-space/static-space.ts:102:15)

  console.log
    [StaticSpace.map] Adding field 'state', isJoined: false

      at RefinedSpace.get map [as map] (packages/malloy/src/lang/ast/field-space/static-space.ts:113:17)

  console.log
    [StaticSpace.map] Adding field 'aircraft_count', isJoined: false

      at RefinedSpace.get map [as map] (packages/malloy/src/lang/ast/field-space/static-space.ts:113:17)

  console.log
    [StaticSpace.map] Adding field 'airport_count', isJoined: false

      at RefinedSpace.get map [as map] (packages/malloy/src/lang/ast/field-space/static-space.ts:113:17)

  console.log
    [StaticSpace.map] Adding field 'births', isJoined: false

      at RefinedSpace.get map [as map] (packages/malloy/src/lang/ast/field-space/static-space.ts:113:17)

  console.log
    [StaticSpace.map] Adding field 'popular_name', isJoined: false

      at RefinedSpace.get map [as map] (packages/malloy/src/lang/ast/field-space/static-space.ts:113:17)

  console.log
    [ParameterSpace constructor] Created with parameters: [ 'param' ]

      at new ParameterSpace (packages/malloy/src/lang/ast/field-space/parameter-space.ts:29:13)

  console.log
    [StaticSpace.lookup] Looking up 'param'

      at RefinedSpace.lookup (packages/malloy/src/lang/ast/field-space/static-space.ts:176:13)

  console.log
    [StaticSpace.lookup] Found 'param'

      at RefinedSpace.lookup (packages/malloy/src/lang/ast/field-space/static-space.ts:188:13)

  console.log
    [ParameterSpace constructor] Created with parameters: []

      at new ParameterSpace (packages/malloy/src/lang/ast/field-space/parameter-space.ts:29:13)

  console.log
    [StaticSpace.map] Building map for 'duckdb:malloytest.state_facts', is StaticSourceSpace: false, has parameterSpaceRef: N/A

      at RefinedSpace.get map [as map] (packages/malloy/src/lang/ast/field-space/static-space.ts:102:15)

  console.log
    [StaticSpace.map] Adding field 'state', isJoined: false

      at RefinedSpace.get map [as map] (packages/malloy/src/lang/ast/field-space/static-space.ts:113:17)

  console.log
    [StaticSpace.map] Adding field 'aircraft_count', isJoined: false

      at RefinedSpace.get map [as map] (packages/malloy/src/lang/ast/field-space/static-space.ts:113:17)

  console.log
    [StaticSpace.map] Adding field 'airport_count', isJoined: false

      at RefinedSpace.get map [as map] (packages/malloy/src/lang/ast/field-space/static-space.ts:113:17)

  console.log
    [StaticSpace.map] Adding field 'births', isJoined: false

      at RefinedSpace.get map [as map] (packages/malloy/src/lang/ast/field-space/static-space.ts:113:17)

  console.log
    [StaticSpace.map] Adding field 'popular_name', isJoined: false

      at RefinedSpace.get map [as map] (packages/malloy/src/lang/ast/field-space/static-space.ts:113:17)

  console.log
    [StaticSpace.map] Adding field 'param_value', isJoined: false

      at RefinedSpace.get map [as map] (packages/malloy/src/lang/ast/field-space/static-space.ts:113:17)

  console.log
    [ParameterSpace constructor] Created with parameters: []

      at new ParameterSpace (packages/malloy/src/lang/ast/field-space/parameter-space.ts:29:13)

  console.log
    [SQArrow.getQuery] Called

      at SQArrow.getQuery (packages/malloy/src/lang/ast/source-query-elements/sq-arrow.ts:53:13)

  console.log
    [SQArrow.getQuery] LHS is: namedSource, instanceof Source: true

      at SQArrow.getQuery (packages/malloy/src/lang/ast/source-query-elements/sq-arrow.ts:72:13)

  console.log
    [SQArrow.getQuery] sourceDef.parameters: []

      at SQArrow.getQuery (packages/malloy/src/lang/ast/source-query-elements/sq-arrow.ts:80:15)

  console.log
    [SQArrow.getQuery] sourceDef.arguments: []

      at SQArrow.getQuery (packages/malloy/src/lang/ast/source-query-elements/sq-arrow.ts:84:15)

  console.log
    [QueryArrow constructor] Created with source: namedSource, NO parameterSpace

      at new QueryArrow (packages/malloy/src/lang/ast/query-elements/query-arrow.ts:65:15)

  console.log
    [StaticSourceSpace constructor] Created with parameterSpaceRef: false source name: duckdb:malloytest.state_facts

      at new StaticSourceSpace (packages/malloy/src/lang/ast/field-space/static-space.ts:312:13)

  console.log
    [QueryArrow.queryComp] Source: namedSource, fieldSpace WITHOUT parameterSpace

      at QueryArrow.queryComp (packages/malloy/src/lang/ast/query-elements/query-arrow.ts:125:17)

  console.log
    [QueryArrow.queryComp] Calling view.pipelineComp with fieldSpace

      at QueryArrow.queryComp (packages/malloy/src/lang/ast/query-elements/query-arrow.ts:161:13)

  console.log
    [StaticSpace.map] Building map for 'duckdb:malloytest.state_facts', is StaticSourceSpace: false, has parameterSpaceRef: N/A

      at ReduceFieldSpace.get map [as map] (packages/malloy/src/lang/ast/field-space/static-space.ts:102:15)

  console.log
    [StaticSpace.lookup] Looking up 'param_value'

      at QueryInputSpace.lookup (packages/malloy/src/lang/ast/field-space/static-space.ts:176:13)

  console.log
    [QueryInputSpace.entry] Looking up 'param_value'

      at QueryInputSpace.entry (packages/malloy/src/lang/ast/field-space/query-input-space.ts:108:13)

  console.log
    [StaticSpace.map] Building map for 'duckdb:malloytest.state_facts', is StaticSourceSpace: false, has parameterSpaceRef: N/A

      at QueryInputSpace.get map [as map] (packages/malloy/src/lang/ast/field-space/static-space.ts:102:15)

  console.log
    [StaticSpace.map] Adding field 'state', isJoined: false

      at QueryInputSpace.get map [as map] (packages/malloy/src/lang/ast/field-space/static-space.ts:113:17)

  console.log
    [StaticSpace.map] Adding field 'aircraft_count', isJoined: false

      at QueryInputSpace.get map [as map] (packages/malloy/src/lang/ast/field-space/static-space.ts:113:17)

  console.log
    [StaticSpace.map] Adding field 'airport_count', isJoined: false

      at QueryInputSpace.get map [as map] (packages/malloy/src/lang/ast/field-space/static-space.ts:113:17)

  console.log
    [StaticSpace.map] Adding field 'births', isJoined: false

      at QueryInputSpace.get map [as map] (packages/malloy/src/lang/ast/field-space/static-space.ts:113:17)

  console.log
    [StaticSpace.map] Adding field 'popular_name', isJoined: false

      at QueryInputSpace.get map [as map] (packages/malloy/src/lang/ast/field-space/static-space.ts:113:17)

  console.log
    [StaticSpace.map] Adding field 'param_value', isJoined: false

      at QueryInputSpace.get map [as map] (packages/malloy/src/lang/ast/field-space/static-space.ts:113:17)

  console.log
    [QueryInputSpace.entry] Found 'param_value' in fields

      at QueryInputSpace.entry (packages/malloy/src/lang/ast/field-space/query-input-space.ts:112:15)

  console.log
    [StaticSpace.lookup] Found 'param_value'

      at QueryInputSpace.lookup (packages/malloy/src/lang/ast/field-space/static-space.ts:188:13)

  console.log
    [StaticSpace.lookup] Looking up 'param_value'

      at QueryInputSpace.lookup (packages/malloy/src/lang/ast/field-space/static-space.ts:176:13)

  console.log
    [QueryInputSpace.entry] Looking up 'param_value'

      at QueryInputSpace.entry (packages/malloy/src/lang/ast/field-space/query-input-space.ts:108:13)

  console.log
    [QueryInputSpace.entry] Found 'param_value' in fields

      at QueryInputSpace.entry (packages/malloy/src/lang/ast/field-space/query-input-space.ts:112:15)

  console.log
    [StaticSpace.lookup] Found 'param_value'

      at QueryInputSpace.lookup (packages/malloy/src/lang/ast/field-space/static-space.ts:188:13)

  console.log
    [QueryInputSpace.parameterSpace] Called

      at QueryInputSpace.parameterSpace (packages/malloy/src/lang/ast/field-space/query-input-space.ts:84:13)

  console.log
    [ParameterSpace constructor] Created with parameters: []

      at new ParameterSpace (packages/malloy/src/lang/ast/field-space/parameter-space.ts:29:13)

  console.log
    [QueryInputSpace.parameterSpace] Got from queryOutput: []

      at QueryInputSpace.parameterSpace (packages/malloy/src/lang/ast/field-space/query-input-space.ts:88:15)

  console.log
    [StaticSpace.lookup] Looking up 'param_value'

      at QueryInputSpace.lookup (packages/malloy/src/lang/ast/field-space/static-space.ts:176:13)

  console.log
    [QueryInputSpace.entry] Looking up 'param_value'

      at QueryInputSpace.entry (packages/malloy/src/lang/ast/field-space/query-input-space.ts:108:13)

  console.log
    [QueryInputSpace.entry] Found 'param_value' in fields

      at QueryInputSpace.entry (packages/malloy/src/lang/ast/field-space/query-input-space.ts:112:15)

  console.log
    [StaticSpace.lookup] Found 'param_value'

      at QueryInputSpace.lookup (packages/malloy/src/lang/ast/field-space/static-space.ts:188:13)

  console.log
    [QueryArrow.queryComp] Creating comp.query: {
      inputStructName: 'duckdb:malloytest.state_facts',
      inputStructType: 'table',
      inputStructArguments: [],
      sourceArgumentsKeys: [],
      sourceArgumentsHasValues: [],
      pipelineLength: 1
    }

      at QueryArrow.queryComp (packages/malloy/src/lang/ast/query-elements/query-arrow.ts:244:13)


>>> QueryModelImpl constructor called <<<
  console.log
    [QueryStruct constructor] Creating: {
      structType: 'table',
      structName: 'duckdb:malloytest.state_facts',
      parentHasStruct: false,
      parentHasModel: true,
      parentStructType: undefined,
      sourceArgKeys: []
    }

      at new QueryStruct (packages/malloy/src/model/query_node.ts:417:13)

  console.log
    [QueryStruct.setParent] Called for: {
      thisStructType: 'table',
      thisStructName: 'duckdb:malloytest.state_facts',
      parentHasStruct: false,
      parentHasModel: true,
      parentStructType: undefined,
      parentStructName: undefined
    }

      at QueryStruct.setParent (packages/malloy/src/model/query_node.ts:1054:13)

  console.log
    [QueryStruct constructor] Creating: {
      structType: 'table',
      structName: 'duckdb:malloytest.state_facts',
      parentHasStruct: false,
      parentHasModel: true,
      parentStructType: undefined,
      sourceArgKeys: []
    }

      at new QueryStruct (packages/malloy/src/model/query_node.ts:417:13)

  console.log
    [QueryStruct.setParent] Called for: {
      thisStructType: 'table',
      thisStructName: 'duckdb:malloytest.state_facts',
      parentHasStruct: false,
      parentHasModel: true,
      parentStructType: undefined,
      parentStructName: undefined
    }

      at QueryStruct.setParent (packages/malloy/src/model/query_node.ts:1054:13)


>>> [compileQuery] CALLED! hasSourceArguments=true, keys= <<<
  console.log
    [compileQuery] Called with query: {
      hasSourceArguments: true,
      sourceArgumentsKeys: [],
      sourceArgumentsStringified: '{}'
    }

      at QueryModelImpl.compileQuery (packages/malloy/src/model/query_model_impl.ts:283:13)

  console.log
    [QueryModelImpl.loadQuery] CALLED FROM: QUERY_COMPILATION { isJoinedSubquery: false, hasArgs: false }

      at QueryModelImpl.loadQuery (packages/malloy/src/model/query_model_impl.ts:148:13)

  console.log
    [QueryModelImpl.loadQuery] query object: {
      hasStructRef: true,
      structRefType: 'string',
      structRefName: 'ab_new_new',
      hasSourceArguments: true,
      sourceArgumentsType: 'object',
      sourceArgumentsKeys: [],
      sourceArgumentsStringified: '{}',
      structRefIsObject: false,
      structRefHasArguments: false,
      structRefArgumentsKeys: [],
      structRefArgumentsStringified: 'none'
    }

      at QueryModelImpl.loadQuery (packages/malloy/src/model/query_model_impl.ts:155:13)

  console.log
    [QueryStruct constructor] Creating: {
      structType: 'table',
      structName: 'duckdb:malloytest.state_facts',
      parentHasStruct: false,
      parentHasModel: true,
      parentStructType: undefined,
      sourceArgKeys: []
    }

      at new QueryStruct (packages/malloy/src/model/query_node.ts:417:13)

  console.log
    [QueryStruct.setParent] Called for: {
      thisStructType: 'table',
      thisStructName: 'duckdb:malloytest.state_facts',
      parentHasStruct: false,
      parentHasModel: true,
      parentStructType: undefined,
      parentStructName: undefined
    }

      at QueryStruct.setParent (packages/malloy/src/model/query_node.ts:1054:13)

  console.log
    [QueryQuery.makeQuery] Called with parentStruct: {
      parentDefType: 'table',
      parentDefName: 'duckdb:malloytest.state_facts',
      parentHasParent: false,
      parentParentName: undefined,
      parentSourceArgs: [],
      isJoinedSubquery: false,
      callStack: 'at Function.makeQuery (/Users/catalinadler/dev/malloy-cata02/packages/malloy/src/model/query_query.ts:173:7)\n' +
        '  at QueryModelImpl.loadQuery (/Users/catalinadler/dev/malloy-cata02/packages/malloy/src/model/query_model_impl.ts:208:26)\n' +
        '  at QueryModelImpl.compileQuery (/Users/catalinadler/dev/malloy-cata02/packages/malloy/src/model/query_model_impl.ts:299:19)\n' +
        '  at PreparedQuery.getPreparedResult (/Users/catalinadler/dev/malloy-cata02/packages/malloy/src/malloy.ts:988:40)\n' +
        '  at PreparedResultMaterializer._materialize (/Users/catalinadler/dev/malloy-cata02/packages/malloy/src/malloy.ts:3146:41)\n' +
        '  at async QueryMaterializer.run (/Users/catalinadler/dev/malloy-cata02/packages/malloy/src/malloy.ts:3115:28)\n' +
        '  at async runQuery (/Users/catalinadler/dev/malloy-cata02/test/src/util/db-matcher-support.ts:82:14)'
    }

      at Function.makeQuery (packages/malloy/src/model/query_query.ts:178:13)

  console.log
    [QueryQuery.prepare] About to addStructToJoin with this.parent: {
      parentDefType: 'table',
      parentDefName: 'duckdb:malloytest.state_facts',
      parentHasParent: false,
      parentSourceArgs: []
    }

      at QueryQueryReduce.prepare (packages/malloy/src/model/query_query.ts:565:15)

  console.log
    [addStructToJoin] Called with QueryStruct: {
      name: 'base',
      qsDefType: 'table',
      qsHasParent: false,
      qsParentName: undefined,
      qsSourceArgs: []
    }

      at FieldInstanceResultRoot.addStructToJoin (packages/malloy/src/model/field_instance.ts:465:13)

  console.log
    [addStructToJoin] Parent check: {
      hasQsParent: false,
      hasParentStruct: false,
      parentStructName: undefined
    }

      at FieldInstanceResultRoot.addStructToJoin (packages/malloy/src/model/field_instance.ts:488:13)

  console.log
    [addStructToJoin] Creating new JoinInstance

      at FieldInstanceResultRoot.addStructToJoin (packages/malloy/src/model/field_instance.ts:501:15)

  console.log
    [JoinInstance constructor] Creating join instance: {
      alias: 'base',
      qsDefType: 'table',
      qsDefName: 'duckdb:malloytest.state_facts',
      qsHasParent: false,
      qsParentName: undefined,
      qsParentType: undefined
    }

      at new JoinInstance (packages/malloy/src/model/join_instance.ts:25:13)

  console.log
    [generateParameterFragment] Looking for parameter: {
      paramName: 'param',
      contextStructName: 'duckdb:malloytest.state_facts',
      contextArgs: [ 'param' ],
      hasParent: false
    }

      at generateParameterFragment (packages/malloy/src/model/expression_compiler.ts:761:11)

  console.log
    [generateParameterFragment] Parent chain [0]: {
      structName: 'duckdb:malloytest.state_facts',
      structType: 'table',
      hasSourceArgs: true,
      sourceArgKeys: [],
      argKeys: [ 'param' ],
      paramValue: { hasValue: true, valueNode: 'numberLiteral' }
    }

      at generateParameterFragment (packages/malloy/src/model/expression_compiler.ts:772:13)

  console.log
    [getStructSourceSQL] Called with struct type: {
      type: 'table',
      name: 'duckdb:malloytest.state_facts',
      callStackSize: 0
    }

      at QueryQueryReduce.getStructSourceSQL (packages/malloy/src/model/query_query.ts:895:13)

  console.log
    [ParameterSpace constructor] Created with parameters: [ 'state_filter' ]

      at new ParameterSpace (packages/malloy/src/lang/ast/field-space/parameter-space.ts:29:13)

  console.log
    [StaticSpace.map] Building map for 'duckdb:malloytest.state_facts', is StaticSourceSpace: false, has parameterSpaceRef: N/A

      at RefinedSpace.get map [as map] (packages/malloy/src/lang/ast/field-space/static-space.ts:102:15)

  console.log
    [StaticSpace.map] Adding field 'state', isJoined: false

      at RefinedSpace.get map [as map] (packages/malloy/src/lang/ast/field-space/static-space.ts:113:17)

  console.log
    [StaticSpace.map] Adding field 'aircraft_count', isJoined: false

      at RefinedSpace.get map [as map] (packages/malloy/src/lang/ast/field-space/static-space.ts:113:17)

  console.log
    [StaticSpace.map] Adding field 'airport_count', isJoined: false

      at RefinedSpace.get map [as map] (packages/malloy/src/lang/ast/field-space/static-space.ts:113:17)

  console.log
    [StaticSpace.map] Adding field 'births', isJoined: false

      at RefinedSpace.get map [as map] (packages/malloy/src/lang/ast/field-space/static-space.ts:113:17)

  console.log
    [StaticSpace.map] Adding field 'popular_name', isJoined: false

      at RefinedSpace.get map [as map] (packages/malloy/src/lang/ast/field-space/static-space.ts:113:17)

  console.log
    [ParameterSpace constructor] Created with parameters: [ 'state_filter' ]

      at new ParameterSpace (packages/malloy/src/lang/ast/field-space/parameter-space.ts:29:13)

  console.log
    [ParameterSpace constructor] Created with parameters: [ 'state_filter' ]

      at new ParameterSpace (packages/malloy/src/lang/ast/field-space/parameter-space.ts:29:13)

  console.log
    [StaticSpace.map] Building map for 'duckdb:malloytest.state_facts', is StaticSourceSpace: false, has parameterSpaceRef: N/A

      at ReduceFieldSpace.get map [as map] (packages/malloy/src/lang/ast/field-space/static-space.ts:102:15)

  console.log
    [StaticSpace.lookup] Looking up 'state'

      at QueryInputSpace.lookup (packages/malloy/src/lang/ast/field-space/static-space.ts:176:13)

  console.log
    [QueryInputSpace.entry] Looking up 'state'

      at QueryInputSpace.entry (packages/malloy/src/lang/ast/field-space/query-input-space.ts:108:13)

  console.log
    [StaticSpace.map] Building map for 'duckdb:malloytest.state_facts', is StaticSourceSpace: false, has parameterSpaceRef: N/A

      at QueryInputSpace.get map [as map] (packages/malloy/src/lang/ast/field-space/static-space.ts:102:15)

  console.log
    [StaticSpace.map] Adding field 'state', isJoined: false

      at QueryInputSpace.get map [as map] (packages/malloy/src/lang/ast/field-space/static-space.ts:113:17)

  console.log
    [StaticSpace.map] Adding field 'aircraft_count', isJoined: false

      at QueryInputSpace.get map [as map] (packages/malloy/src/lang/ast/field-space/static-space.ts:113:17)

  console.log
    [StaticSpace.map] Adding field 'airport_count', isJoined: false

      at QueryInputSpace.get map [as map] (packages/malloy/src/lang/ast/field-space/static-space.ts:113:17)

  console.log
    [StaticSpace.map] Adding field 'births', isJoined: false

      at QueryInputSpace.get map [as map] (packages/malloy/src/lang/ast/field-space/static-space.ts:113:17)

  console.log
    [StaticSpace.map] Adding field 'popular_name', isJoined: false

      at QueryInputSpace.get map [as map] (packages/malloy/src/lang/ast/field-space/static-space.ts:113:17)

  console.log
    [QueryInputSpace.entry] Found 'state' in fields

      at QueryInputSpace.entry (packages/malloy/src/lang/ast/field-space/query-input-space.ts:112:15)

  console.log
    [StaticSpace.lookup] Found 'state'

      at QueryInputSpace.lookup (packages/malloy/src/lang/ast/field-space/static-space.ts:188:13)

  console.log
    [StaticSpace.lookup] Looking up 'state_filter'

      at QueryInputSpace.lookup (packages/malloy/src/lang/ast/field-space/static-space.ts:176:13)

  console.log
    [QueryInputSpace.entry] Looking up 'state_filter'

      at QueryInputSpace.entry (packages/malloy/src/lang/ast/field-space/query-input-space.ts:108:13)

  console.log
    [QueryInputSpace.entry] Found 'state_filter' in fields

      at QueryInputSpace.entry (packages/malloy/src/lang/ast/field-space/query-input-space.ts:112:15)

  console.log
    [StaticSpace.lookup] Found 'state_filter'

      at QueryInputSpace.lookup (packages/malloy/src/lang/ast/field-space/static-space.ts:188:13)

  console.log
    [StaticSpace.lookup] Looking up 'state'

      at QueryInputSpace.lookup (packages/malloy/src/lang/ast/field-space/static-space.ts:176:13)

  console.log
    [QueryInputSpace.entry] Looking up 'state'

      at QueryInputSpace.entry (packages/malloy/src/lang/ast/field-space/query-input-space.ts:108:13)

  console.log
    [QueryInputSpace.entry] Found 'state' in fields

      at QueryInputSpace.entry (packages/malloy/src/lang/ast/field-space/query-input-space.ts:112:15)

  console.log
    [StaticSpace.lookup] Found 'state'

      at QueryInputSpace.lookup (packages/malloy/src/lang/ast/field-space/static-space.ts:188:13)

  console.log
    [StaticSpace.lookup] Looking up 'state'

      at QueryInputSpace.lookup (packages/malloy/src/lang/ast/field-space/static-space.ts:176:13)

  console.log
    [QueryInputSpace.entry] Looking up 'state'

      at QueryInputSpace.entry (packages/malloy/src/lang/ast/field-space/query-input-space.ts:108:13)

  console.log
    [QueryInputSpace.entry] Found 'state' in fields

      at QueryInputSpace.entry (packages/malloy/src/lang/ast/field-space/query-input-space.ts:112:15)

  console.log
    [StaticSpace.lookup] Found 'state'

      at QueryInputSpace.lookup (packages/malloy/src/lang/ast/field-space/static-space.ts:188:13)

  console.log
    [QueryInputSpace.parameterSpace] Called

      at QueryInputSpace.parameterSpace (packages/malloy/src/lang/ast/field-space/query-input-space.ts:84:13)

  console.log
    [ParameterSpace constructor] Created with parameters: [ 'state_filter' ]

      at new ParameterSpace (packages/malloy/src/lang/ast/field-space/parameter-space.ts:29:13)

  console.log
    [QueryInputSpace.parameterSpace] Got from queryOutput: [ 'state_filter' ]

      at QueryInputSpace.parameterSpace (packages/malloy/src/lang/ast/field-space/query-input-space.ts:88:15)

  console.log
    [StaticSpace.lookup] Looking up 'state'

      at QueryInputSpace.lookup (packages/malloy/src/lang/ast/field-space/static-space.ts:176:13)

  console.log
    [QueryInputSpace.entry] Looking up 'state'

      at QueryInputSpace.entry (packages/malloy/src/lang/ast/field-space/query-input-space.ts:108:13)

  console.log
    [QueryInputSpace.entry] Found 'state' in fields

      at QueryInputSpace.entry (packages/malloy/src/lang/ast/field-space/query-input-space.ts:112:15)

  console.log
    [StaticSpace.lookup] Found 'state'

      at QueryInputSpace.lookup (packages/malloy/src/lang/ast/field-space/static-space.ts:188:13)

  console.log
    [SQArrow.getQuery] Called

      at SQArrow.getQuery (packages/malloy/src/lang/ast/source-query-elements/sq-arrow.ts:53:13)

  console.log
    [SQArrow.getQuery] LHS is: namedSource, instanceof Source: true

      at SQArrow.getQuery (packages/malloy/src/lang/ast/source-query-elements/sq-arrow.ts:72:13)

  console.log
    [ParameterSpace constructor] Created with parameters: []

      at new ParameterSpace (packages/malloy/src/lang/ast/field-space/parameter-space.ts:29:13)

  console.log
    [SQArrow.getQuery] sourceDef.parameters: []

      at SQArrow.getQuery (packages/malloy/src/lang/ast/source-query-elements/sq-arrow.ts:80:15)

  console.log
    [SQArrow.getQuery] sourceDef.arguments: [ 'state_filter' ]

      at SQArrow.getQuery (packages/malloy/src/lang/ast/source-query-elements/sq-arrow.ts:84:15)

  console.log
    [ParameterSpace constructor] Created with parameters: [ 'state_filter' ]

      at new ParameterSpace (packages/malloy/src/lang/ast/field-space/parameter-space.ts:29:13)

  console.log
    [SQArrow.getQuery] Created parameterSpace from source arguments: [ 'state_filter' ]

      at SQArrow.getQuery (packages/malloy/src/lang/ast/source-query-elements/sq-arrow.ts:103:17)

  console.log
    [QueryArrow constructor] Created with source: namedSource, parameterSpace: [ 'state_filter' ]

      at new QueryArrow (packages/malloy/src/lang/ast/query-elements/query-arrow.ts:60:15)

  console.log
    [StaticSourceSpace constructor] Created with parameterSpaceRef: true source name: duckdb:malloytest.state_facts

      at new StaticSourceSpace (packages/malloy/src/lang/ast/field-space/static-space.ts:312:13)

  console.log
    [QueryArrow.queryComp] Source: namedSource, fieldSpace WITH parameterSpace: [ 'state_filter' ]

      at QueryArrow.queryComp (packages/malloy/src/lang/ast/query-elements/query-arrow.ts:120:17)

  console.log
    [QueryArrow.queryComp] Calling view.pipelineComp with fieldSpace

      at QueryArrow.queryComp (packages/malloy/src/lang/ast/query-elements/query-arrow.ts:161:13)

  console.log
    [StaticSourceSpace.lookup] Looking up 'single_stage'

      at StaticSourceSpace.lookup (packages/malloy/src/lang/ast/field-space/static-space.ts:403:13)

  console.log
    [StaticSourceSpace.entry] Looking up 'single_stage', has parameterSpaceRef: true

      at StaticSourceSpace.entry (packages/malloy/src/lang/ast/field-space/static-space.ts:369:13)

  console.log
    [StaticSpace.map] Building map for 'duckdb:malloytest.state_facts', is StaticSourceSpace: true, has parameterSpaceRef: true

      at StaticSourceSpace.get map [as map] (packages/malloy/src/lang/ast/field-space/static-space.ts:102:15)

  console.log
    [StaticSpace.map] Adding field 'state', isJoined: false

      at StaticSourceSpace.get map [as map] (packages/malloy/src/lang/ast/field-space/static-space.ts:113:17)

  console.log
    [StaticSourceSpace.defToSpaceField] Field 'state', isJoined: false, has parameterSpaceRef: true, creation #3

      at StaticSourceSpace.defToSpaceField (packages/malloy/src/lang/ast/field-space/static-space.ts:339:13)

  console.log
    [StaticSpace.map] Adding field 'aircraft_count', isJoined: false

      at StaticSourceSpace.get map [as map] (packages/malloy/src/lang/ast/field-space/static-space.ts:113:17)

  console.log
    [StaticSourceSpace.defToSpaceField] Field 'aircraft_count', isJoined: false, has parameterSpaceRef: true, creation #3

      at StaticSourceSpace.defToSpaceField (packages/malloy/src/lang/ast/field-space/static-space.ts:339:13)

  console.log
    [StaticSpace.map] Adding field 'airport_count', isJoined: false

      at StaticSourceSpace.get map [as map] (packages/malloy/src/lang/ast/field-space/static-space.ts:113:17)

  console.log
    [StaticSourceSpace.defToSpaceField] Field 'airport_count', isJoined: false, has parameterSpaceRef: true, creation #3

      at StaticSourceSpace.defToSpaceField (packages/malloy/src/lang/ast/field-space/static-space.ts:339:13)

  console.log
    [StaticSpace.map] Adding field 'births', isJoined: false

      at StaticSourceSpace.get map [as map] (packages/malloy/src/lang/ast/field-space/static-space.ts:113:17)

  console.log
    [StaticSourceSpace.defToSpaceField] Field 'births', isJoined: false, has parameterSpaceRef: true, creation #3

      at StaticSourceSpace.defToSpaceField (packages/malloy/src/lang/ast/field-space/static-space.ts:339:13)

  console.log
    [StaticSpace.map] Adding field 'popular_name', isJoined: false

      at StaticSourceSpace.get map [as map] (packages/malloy/src/lang/ast/field-space/static-space.ts:113:17)

  console.log
    [StaticSourceSpace.defToSpaceField] Field 'popular_name', isJoined: false, has parameterSpaceRef: true, creation #3

      at StaticSourceSpace.defToSpaceField (packages/malloy/src/lang/ast/field-space/static-space.ts:339:13)

  console.log
    [StaticSpace.map] Adding field 'single_stage', isJoined: false

      at StaticSourceSpace.get map [as map] (packages/malloy/src/lang/ast/field-space/static-space.ts:113:17)

  console.log
    [StaticSourceSpace.defToSpaceField] Field 'single_stage', isJoined: false, has parameterSpaceRef: true, creation #1

      at StaticSourceSpace.defToSpaceField (packages/malloy/src/lang/ast/field-space/static-space.ts:339:13)

  console.log
    [StaticSourceSpace.entry] Found 'single_stage' in fields

      at StaticSourceSpace.entry (packages/malloy/src/lang/ast/field-space/static-space.ts:376:15)

  console.log
    [StaticSourceSpace.lookup] Found 'single_stage'

      at StaticSourceSpace.lookup (packages/malloy/src/lang/ast/field-space/static-space.ts:415:13)

  console.log
    [QueryArrow.queryComp] Creating comp.query: {
      inputStructName: 'duckdb:malloytest.state_facts',
      inputStructType: 'table',
      inputStructArguments: [ 'state_filter' ],
      sourceArgumentsKeys: [ 'state_filter' ],
      sourceArgumentsHasValues: [ [ 'state_filter', true ] ],
      pipelineLength: 1
    }

      at QueryArrow.queryComp (packages/malloy/src/lang/ast/query-elements/query-arrow.ts:244:13)


>>> QueryModelImpl constructor called <<<
  console.log
    [QueryStruct constructor] Creating: {
      structType: 'table',
      structName: 'duckdb:malloytest.state_facts',
      parentHasStruct: false,
      parentHasModel: true,
      parentStructType: undefined,
      sourceArgKeys: []
    }

      at new QueryStruct (packages/malloy/src/model/query_node.ts:417:13)

  console.log
    [QueryStruct.setParent] Called for: {
      thisStructType: 'table',
      thisStructName: 'duckdb:malloytest.state_facts',
      parentHasStruct: false,
      parentHasModel: true,
      parentStructType: undefined,
      parentStructName: undefined
    }

      at QueryStruct.setParent (packages/malloy/src/model/query_node.ts:1054:13)

  console.log
    [QueryQuery.makeQuery] Called with parentStruct: {
      parentDefType: 'table',
      parentDefName: 'duckdb:malloytest.state_facts',
      parentHasParent: false,
      parentParentName: undefined,
      parentSourceArgs: [],
      isJoinedSubquery: false,
      callStack: 'at Function.makeQuery (/Users/catalinadler/dev/malloy-cata02/packages/malloy/src/model/query_query.ts:173:7)\n' +
        '  at Function.turtleFieldMaker (/Users/catalinadler/dev/malloy-cata02/packages/malloy/src/model/index.ts:48:14)\n' +
        '  at QueryStruct.addFieldsFromFieldList (/Users/catalinadler/dev/malloy-cata02/packages/malloy/src/model/query_node.ts:821:48)\n' +
        '  at new QueryStruct (/Users/catalinadler/dev/malloy-cata02/packages/malloy/src/model/query_node.ts:454:10)\n' +
        '  at QueryModelImpl.loadModelFromDef (/Users/catalinadler/dev/malloy-cata02/packages/malloy/src/model/query_model_impl.ts:70:14)\n' +
        '  at new QueryModelImpl (/Users/catalinadler/dev/malloy-cata02/packages/malloy/src/model/query_model_impl.ts:51:12)\n' +
        '  at PreparedQuery.getPreparedResult (/Users/catalinadler/dev/malloy-cata02/packages/malloy/src/malloy.ts:987:24)'
    }

      at Function.makeQuery (packages/malloy/src/model/query_query.ts:178:13)


>>> [compileQuery] CALLED! hasSourceArguments=true, keys=state_filter <<<
  console.log
    [compileQuery] Called with query: {
      hasSourceArguments: true,
      sourceArgumentsKeys: [ 'state_filter' ],
      sourceArgumentsStringified: '{"state_filter":{"type":"string","value":{"node":"stringLiteral","literal":"CA"},"name":"state_filter"}}'
    }

      at QueryModelImpl.compileQuery (packages/malloy/src/model/query_model_impl.ts:283:13)

  console.log
    [QueryModelImpl.loadQuery] CALLED FROM: QUERY_COMPILATION { isJoinedSubquery: false, hasArgs: true }

      at QueryModelImpl.loadQuery (packages/malloy/src/model/query_model_impl.ts:148:13)

  console.log
    [QueryModelImpl.loadQuery] query object: {
      hasStructRef: true,
      structRefType: 'string',
      structRefName: 'state_facts',
      hasSourceArguments: true,
      sourceArgumentsType: 'object',
      sourceArgumentsKeys: [ 'state_filter' ],
      sourceArgumentsStringified: '{"state_filter":{"type":"string","value":{"node":"stringLiteral","literal":"CA"},"name":"state_filter"}}',
      structRefIsObject: false,
      structRefHasArguments: false,
      structRefArgumentsKeys: [],
      structRefArgumentsStringified: 'none'
    }

      at QueryModelImpl.loadQuery (packages/malloy/src/model/query_model_impl.ts:155:13)

  console.log
    [QueryStruct constructor] Creating: {
      structType: 'table',
      structName: 'duckdb:malloytest.state_facts',
      parentHasStruct: false,
      parentHasModel: true,
      parentStructType: undefined,
      sourceArgKeys: [ 'state_filter' ]
    }

      at new QueryStruct (packages/malloy/src/model/query_node.ts:417:13)

  console.log
    [QueryStruct.setParent] Called for: {
      thisStructType: 'table',
      thisStructName: 'duckdb:malloytest.state_facts',
      parentHasStruct: false,
      parentHasModel: true,
      parentStructType: undefined,
      parentStructName: undefined
    }

      at QueryStruct.setParent (packages/malloy/src/model/query_node.ts:1054:13)

  console.log
    [QueryQuery.makeQuery] Called with parentStruct: {
      parentDefType: 'table',
      parentDefName: 'duckdb:malloytest.state_facts',
      parentHasParent: false,
      parentParentName: undefined,
      parentSourceArgs: [ 'state_filter' ],
      isJoinedSubquery: false,
      callStack: 'at Function.makeQuery (/Users/catalinadler/dev/malloy-cata02/packages/malloy/src/model/query_query.ts:173:7)\n' +
        '  at Function.turtleFieldMaker (/Users/catalinadler/dev/malloy-cata02/packages/malloy/src/model/index.ts:48:14)\n' +
        '  at QueryStruct.addFieldsFromFieldList (/Users/catalinadler/dev/malloy-cata02/packages/malloy/src/model/query_node.ts:821:48)\n' +
        '  at new QueryStruct (/Users/catalinadler/dev/malloy-cata02/packages/malloy/src/model/query_node.ts:454:10)\n' +
        '  at QueryModelImpl.getStructFromRef (/Users/catalinadler/dev/malloy-cata02/packages/malloy/src/model/query_model_impl.ts:100:16)\n' +
        '  at QueryModelImpl.loadQuery (/Users/catalinadler/dev/malloy-cata02/packages/malloy/src/model/query_model_impl.ts:185:30)\n' +
        '  at QueryModelImpl.compileQuery (/Users/catalinadler/dev/malloy-cata02/packages/malloy/src/model/query_model_impl.ts:299:19)'
    }

      at Function.makeQuery (packages/malloy/src/model/query_query.ts:178:13)

  console.log
    [QueryQuery.makeQuery] Called with parentStruct: {
      parentDefType: 'table',
      parentDefName: 'duckdb:malloytest.state_facts',
      parentHasParent: false,
      parentParentName: undefined,
      parentSourceArgs: [ 'state_filter' ],
      isJoinedSubquery: false,
      callStack: 'at Function.makeQuery (/Users/catalinadler/dev/malloy-cata02/packages/malloy/src/model/query_query.ts:173:7)\n' +
        '  at QueryModelImpl.loadQuery (/Users/catalinadler/dev/malloy-cata02/packages/malloy/src/model/query_model_impl.ts:208:26)\n' +
        '  at QueryModelImpl.compileQuery (/Users/catalinadler/dev/malloy-cata02/packages/malloy/src/model/query_model_impl.ts:299:19)\n' +
        '  at PreparedQuery.getPreparedResult (/Users/catalinadler/dev/malloy-cata02/packages/malloy/src/malloy.ts:988:40)\n' +
        '  at PreparedResultMaterializer._materialize (/Users/catalinadler/dev/malloy-cata02/packages/malloy/src/malloy.ts:3146:41)\n' +
        '  at async QueryMaterializer.run (/Users/catalinadler/dev/malloy-cata02/packages/malloy/src/malloy.ts:3115:28)\n' +
        '  at async runQuery (/Users/catalinadler/dev/malloy-cata02/test/src/util/db-matcher-support.ts:82:14)'
    }

      at Function.makeQuery (packages/malloy/src/model/query_query.ts:178:13)

  console.log
    [QueryQuery.prepare] About to addStructToJoin with this.parent: {
      parentDefType: 'table',
      parentDefName: 'duckdb:malloytest.state_facts',
      parentHasParent: false,
      parentSourceArgs: [ 'state_filter' ]
    }

      at QueryQueryReduce.prepare (packages/malloy/src/model/query_query.ts:565:15)

  console.log
    [addStructToJoin] Called with QueryStruct: {
      name: 'base',
      qsDefType: 'table',
      qsHasParent: false,
      qsParentName: undefined,
      qsSourceArgs: [ 'state_filter' ]
    }

      at FieldInstanceResultRoot.addStructToJoin (packages/malloy/src/model/field_instance.ts:465:13)

  console.log
    [addStructToJoin] Parent check: {
      hasQsParent: false,
      hasParentStruct: false,
      parentStructName: undefined
    }

      at FieldInstanceResultRoot.addStructToJoin (packages/malloy/src/model/field_instance.ts:488:13)

  console.log
    [addStructToJoin] Creating new JoinInstance

      at FieldInstanceResultRoot.addStructToJoin (packages/malloy/src/model/field_instance.ts:501:15)

  console.log
    [JoinInstance constructor] Creating join instance: {
      alias: 'base',
      qsDefType: 'table',
      qsDefName: 'duckdb:malloytest.state_facts',
      qsHasParent: false,
      qsParentName: undefined,
      qsParentType: undefined
    }

      at new JoinInstance (packages/malloy/src/model/join_instance.ts:25:13)

  console.log
    [getStructSourceSQL] Called with struct type: {
      type: 'table',
      name: 'duckdb:malloytest.state_facts',
      callStackSize: 0
    }

      at QueryQueryReduce.getStructSourceSQL (packages/malloy/src/model/query_query.ts:895:13)

  console.log
    [generateParameterFragment] Looking for parameter: {
      paramName: 'state_filter',
      contextStructName: 'duckdb:malloytest.state_facts',
      contextArgs: [ 'state_filter' ],
      hasParent: false
    }

      at generateParameterFragment (packages/malloy/src/model/expression_compiler.ts:761:11)

  console.log
    [generateParameterFragment] Parent chain [0]: {
      structName: 'duckdb:malloytest.state_facts',
      structType: 'table',
      hasSourceArgs: true,
      sourceArgKeys: [ 'state_filter' ],
      argKeys: [ 'state_filter' ],
      paramValue: { hasValue: true, valueNode: 'stringLiteral' }
    }

      at generateParameterFragment (packages/malloy/src/model/expression_compiler.ts:772:13)

  console.log
    [ParameterSpace constructor] Created with parameters: [ 'offset' ]

      at new ParameterSpace (packages/malloy/src/lang/ast/field-space/parameter-space.ts:29:13)

  console.log
    [StaticSpace.map] Building map for 'duckdb:malloytest.state_facts', is StaticSourceSpace: false, has parameterSpaceRef: N/A

      at RefinedSpace.get map [as map] (packages/malloy/src/lang/ast/field-space/static-space.ts:102:15)

  console.log
    [StaticSpace.map] Adding field 'state', isJoined: false

      at RefinedSpace.get map [as map] (packages/malloy/src/lang/ast/field-space/static-space.ts:113:17)

  console.log
    [StaticSpace.map] Adding field 'aircraft_count', isJoined: false

      at RefinedSpace.get map [as map] (packages/malloy/src/lang/ast/field-space/static-space.ts:113:17)

  console.log
    [StaticSpace.map] Adding field 'airport_count', isJoined: false

      at RefinedSpace.get map [as map] (packages/malloy/src/lang/ast/field-space/static-space.ts:113:17)

  console.log
    [StaticSpace.map] Adding field 'births', isJoined: false

      at RefinedSpace.get map [as map] (packages/malloy/src/lang/ast/field-space/static-space.ts:113:17)

  console.log
    [StaticSpace.map] Adding field 'popular_name', isJoined: false

      at RefinedSpace.get map [as map] (packages/malloy/src/lang/ast/field-space/static-space.ts:113:17)

  console.log
    [ParameterSpace constructor] Created with parameters: [ 'offset' ]

      at new ParameterSpace (packages/malloy/src/lang/ast/field-space/parameter-space.ts:29:13)

  console.log
    [ParameterSpace constructor] Created with parameters: [ 'offset' ]

      at new ParameterSpace (packages/malloy/src/lang/ast/field-space/parameter-space.ts:29:13)

  console.log
    [StaticSpace.map] Building map for 'duckdb:malloytest.state_facts', is StaticSourceSpace: false, has parameterSpaceRef: N/A

      at ReduceFieldSpace.get map [as map] (packages/malloy/src/lang/ast/field-space/static-space.ts:102:15)

  console.log
    [StaticSpace.lookup] Looking up 'state'

      at QueryInputSpace.lookup (packages/malloy/src/lang/ast/field-space/static-space.ts:176:13)

  console.log
    [QueryInputSpace.entry] Looking up 'state'

      at QueryInputSpace.entry (packages/malloy/src/lang/ast/field-space/query-input-space.ts:108:13)

  console.log
    [StaticSpace.map] Building map for 'duckdb:malloytest.state_facts', is StaticSourceSpace: false, has parameterSpaceRef: N/A

      at QueryInputSpace.get map [as map] (packages/malloy/src/lang/ast/field-space/static-space.ts:102:15)

  console.log
    [StaticSpace.map] Adding field 'state', isJoined: false

      at QueryInputSpace.get map [as map] (packages/malloy/src/lang/ast/field-space/static-space.ts:113:17)

  console.log
    [StaticSpace.map] Adding field 'aircraft_count', isJoined: false

      at QueryInputSpace.get map [as map] (packages/malloy/src/lang/ast/field-space/static-space.ts:113:17)

  console.log
    [StaticSpace.map] Adding field 'airport_count', isJoined: false

      at QueryInputSpace.get map [as map] (packages/malloy/src/lang/ast/field-space/static-space.ts:113:17)

  console.log
    [StaticSpace.map] Adding field 'births', isJoined: false

      at QueryInputSpace.get map [as map] (packages/malloy/src/lang/ast/field-space/static-space.ts:113:17)

  console.log
    [StaticSpace.map] Adding field 'popular_name', isJoined: false

      at QueryInputSpace.get map [as map] (packages/malloy/src/lang/ast/field-space/static-space.ts:113:17)

  console.log
    [QueryInputSpace.entry] Found 'state' in fields

      at QueryInputSpace.entry (packages/malloy/src/lang/ast/field-space/query-input-space.ts:112:15)

  console.log
    [StaticSpace.lookup] Found 'state'

      at QueryInputSpace.lookup (packages/malloy/src/lang/ast/field-space/static-space.ts:188:13)

  console.log
    [StaticSpace.lookup] Looking up 'state'

      at QueryInputSpace.lookup (packages/malloy/src/lang/ast/field-space/static-space.ts:176:13)

  console.log
    [QueryInputSpace.entry] Looking up 'state'

      at QueryInputSpace.entry (packages/malloy/src/lang/ast/field-space/query-input-space.ts:108:13)

  console.log
    [QueryInputSpace.entry] Found 'state' in fields

      at QueryInputSpace.entry (packages/malloy/src/lang/ast/field-space/query-input-space.ts:112:15)

  console.log
    [StaticSpace.lookup] Found 'state'

      at QueryInputSpace.lookup (packages/malloy/src/lang/ast/field-space/static-space.ts:188:13)

  console.log
    [StaticSpace.lookup] Looking up 'state'

      at QueryInputSpace.lookup (packages/malloy/src/lang/ast/field-space/static-space.ts:176:13)

  console.log
    [QueryInputSpace.entry] Looking up 'state'

      at QueryInputSpace.entry (packages/malloy/src/lang/ast/field-space/query-input-space.ts:108:13)

  console.log
    [QueryInputSpace.entry] Found 'state' in fields

      at QueryInputSpace.entry (packages/malloy/src/lang/ast/field-space/query-input-space.ts:112:15)

  console.log
    [StaticSpace.lookup] Found 'state'

      at QueryInputSpace.lookup (packages/malloy/src/lang/ast/field-space/static-space.ts:188:13)

  console.log
    [StaticSpace.lookup] Looking up 'offset'

      at QueryInputSpace.lookup (packages/malloy/src/lang/ast/field-space/static-space.ts:176:13)

  console.log
    [QueryInputSpace.entry] Looking up 'offset'

      at QueryInputSpace.entry (packages/malloy/src/lang/ast/field-space/query-input-space.ts:108:13)

  console.log
    [QueryInputSpace.entry] Found 'offset' in fields

      at QueryInputSpace.entry (packages/malloy/src/lang/ast/field-space/query-input-space.ts:112:15)

  console.log
    [StaticSpace.lookup] Found 'offset'

      at QueryInputSpace.lookup (packages/malloy/src/lang/ast/field-space/static-space.ts:188:13)

  console.log
    [StaticSpace.lookup] Looking up 'offset'

      at QueryInputSpace.lookup (packages/malloy/src/lang/ast/field-space/static-space.ts:176:13)

  console.log
    [QueryInputSpace.entry] Looking up 'offset'

      at QueryInputSpace.entry (packages/malloy/src/lang/ast/field-space/query-input-space.ts:108:13)

  console.log
    [QueryInputSpace.entry] Found 'offset' in fields

      at QueryInputSpace.entry (packages/malloy/src/lang/ast/field-space/query-input-space.ts:112:15)

  console.log
    [StaticSpace.lookup] Found 'offset'

      at QueryInputSpace.lookup (packages/malloy/src/lang/ast/field-space/static-space.ts:188:13)

  console.log
    [QueryInputSpace.parameterSpace] Called

      at QueryInputSpace.parameterSpace (packages/malloy/src/lang/ast/field-space/query-input-space.ts:84:13)

  console.log
    [ParameterSpace constructor] Created with parameters: [ 'offset' ]

      at new ParameterSpace (packages/malloy/src/lang/ast/field-space/parameter-space.ts:29:13)

  console.log
    [QueryInputSpace.parameterSpace] Got from queryOutput: [ 'offset' ]

      at QueryInputSpace.parameterSpace (packages/malloy/src/lang/ast/field-space/query-input-space.ts:88:15)

  console.log
    [StaticSpace.lookup] Looking up 'state'

      at QueryInputSpace.lookup (packages/malloy/src/lang/ast/field-space/static-space.ts:176:13)

  console.log
    [QueryInputSpace.entry] Looking up 'state'

      at QueryInputSpace.entry (packages/malloy/src/lang/ast/field-space/query-input-space.ts:108:13)

  console.log
    [QueryInputSpace.entry] Found 'state' in fields

      at QueryInputSpace.entry (packages/malloy/src/lang/ast/field-space/query-input-space.ts:112:15)

  console.log
    [StaticSpace.lookup] Found 'state'

      at QueryInputSpace.lookup (packages/malloy/src/lang/ast/field-space/static-space.ts:188:13)

  console.log
    [StaticSourceSpace constructor] Created with parameterSpaceRef: true source name: query_result

      at new StaticSourceSpace (packages/malloy/src/lang/ast/field-space/static-space.ts:312:13)

  console.log
    [StaticSpace.map] Building map for 'query_result', is StaticSourceSpace: false, has parameterSpaceRef: N/A

      at ReduceFieldSpace.get map [as map] (packages/malloy/src/lang/ast/field-space/static-space.ts:102:15)

  console.log
    [StaticSpace.lookup] Looking up 'offset'

      at QueryInputSpace.lookup (packages/malloy/src/lang/ast/field-space/static-space.ts:176:13)

  console.log
    [QueryInputSpace.entry] Looking up 'offset'

      at QueryInputSpace.entry (packages/malloy/src/lang/ast/field-space/query-input-space.ts:108:13)

  console.log
    [StaticSpace.map] Building map for 'query_result', is StaticSourceSpace: false, has parameterSpaceRef: N/A

      at QueryInputSpace.get map [as map] (packages/malloy/src/lang/ast/field-space/static-space.ts:102:15)

  console.log
    [StaticSpace.map] Adding field 'state', isJoined: false

      at QueryInputSpace.get map [as map] (packages/malloy/src/lang/ast/field-space/static-space.ts:113:17)

  console.log
    [StaticSpace.map] Adding field 'count_filtered', isJoined: false

      at QueryInputSpace.get map [as map] (packages/malloy/src/lang/ast/field-space/static-space.ts:113:17)

  console.log
    [QueryInputSpace.entry] Found 'offset' in fields

      at QueryInputSpace.entry (packages/malloy/src/lang/ast/field-space/query-input-space.ts:112:15)

  console.log
    [StaticSpace.lookup] Found 'offset'

      at QueryInputSpace.lookup (packages/malloy/src/lang/ast/field-space/static-space.ts:188:13)

  console.log
    [StaticSpace.lookup] Looking up 'state'

      at QueryInputSpace.lookup (packages/malloy/src/lang/ast/field-space/static-space.ts:176:13)

  console.log
    [QueryInputSpace.entry] Looking up 'state'

      at QueryInputSpace.entry (packages/malloy/src/lang/ast/field-space/query-input-space.ts:108:13)

  console.log
    [QueryInputSpace.entry] Found 'state' in fields

      at QueryInputSpace.entry (packages/malloy/src/lang/ast/field-space/query-input-space.ts:112:15)

  console.log
    [StaticSpace.lookup] Found 'state'

      at QueryInputSpace.lookup (packages/malloy/src/lang/ast/field-space/static-space.ts:188:13)

  console.log
    [StaticSpace.lookup] Looking up 'state'

      at QueryInputSpace.lookup (packages/malloy/src/lang/ast/field-space/static-space.ts:176:13)

  console.log
    [QueryInputSpace.entry] Looking up 'state'

      at QueryInputSpace.entry (packages/malloy/src/lang/ast/field-space/query-input-space.ts:108:13)

  console.log
    [QueryInputSpace.entry] Found 'state' in fields

      at QueryInputSpace.entry (packages/malloy/src/lang/ast/field-space/query-input-space.ts:112:15)

  console.log
    [StaticSpace.lookup] Found 'state'

      at QueryInputSpace.lookup (packages/malloy/src/lang/ast/field-space/static-space.ts:188:13)

  console.log
    [QueryInputSpace.parameterSpace] Called

      at QueryInputSpace.parameterSpace (packages/malloy/src/lang/ast/field-space/query-input-space.ts:84:13)

  console.log
    [QueryInputSpace.parameterSpace] Got from queryOutput: [ 'offset' ]

      at QueryInputSpace.parameterSpace (packages/malloy/src/lang/ast/field-space/query-input-space.ts:88:15)

  console.log
    [StaticSpace.lookup] Looking up 'state'

      at QueryInputSpace.lookup (packages/malloy/src/lang/ast/field-space/static-space.ts:176:13)

  console.log
    [QueryInputSpace.entry] Looking up 'state'

      at QueryInputSpace.entry (packages/malloy/src/lang/ast/field-space/query-input-space.ts:108:13)

  console.log
    [QueryInputSpace.entry] Found 'state' in fields

      at QueryInputSpace.entry (packages/malloy/src/lang/ast/field-space/query-input-space.ts:112:15)

  console.log
    [StaticSpace.lookup] Found 'state'

      at QueryInputSpace.lookup (packages/malloy/src/lang/ast/field-space/static-space.ts:188:13)

  console.log
    [SQArrow.getQuery] Called

      at SQArrow.getQuery (packages/malloy/src/lang/ast/source-query-elements/sq-arrow.ts:53:13)

  console.log
    [SQArrow.getQuery] LHS is: namedSource, instanceof Source: true

      at SQArrow.getQuery (packages/malloy/src/lang/ast/source-query-elements/sq-arrow.ts:72:13)

  console.log
    [ParameterSpace constructor] Created with parameters: []

      at new ParameterSpace (packages/malloy/src/lang/ast/field-space/parameter-space.ts:29:13)

  console.log
    [SQArrow.getQuery] sourceDef.parameters: []

      at SQArrow.getQuery (packages/malloy/src/lang/ast/source-query-elements/sq-arrow.ts:80:15)

  console.log
    [SQArrow.getQuery] sourceDef.arguments: [ 'offset' ]

      at SQArrow.getQuery (packages/malloy/src/lang/ast/source-query-elements/sq-arrow.ts:84:15)

  console.log
    [ParameterSpace constructor] Created with parameters: [ 'offset' ]

      at new ParameterSpace (packages/malloy/src/lang/ast/field-space/parameter-space.ts:29:13)

  console.log
    [SQArrow.getQuery] Created parameterSpace from source arguments: [ 'offset' ]

      at SQArrow.getQuery (packages/malloy/src/lang/ast/source-query-elements/sq-arrow.ts:103:17)

  console.log
    [QueryArrow constructor] Created with source: namedSource, parameterSpace: [ 'offset' ]

      at new QueryArrow (packages/malloy/src/lang/ast/query-elements/query-arrow.ts:60:15)

  console.log
    [StaticSourceSpace constructor] Created with parameterSpaceRef: true source name: duckdb:malloytest.state_facts

      at new StaticSourceSpace (packages/malloy/src/lang/ast/field-space/static-space.ts:312:13)

  console.log
    [QueryArrow.queryComp] Source: namedSource, fieldSpace WITH parameterSpace: [ 'offset' ]

      at QueryArrow.queryComp (packages/malloy/src/lang/ast/query-elements/query-arrow.ts:120:17)

  console.log
    [QueryArrow.queryComp] Calling view.pipelineComp with fieldSpace

      at QueryArrow.queryComp (packages/malloy/src/lang/ast/query-elements/query-arrow.ts:161:13)

  console.log
    [StaticSourceSpace.lookup] Looking up 'aggregate_stage'

      at StaticSourceSpace.lookup (packages/malloy/src/lang/ast/field-space/static-space.ts:403:13)

  console.log
    [StaticSourceSpace.entry] Looking up 'aggregate_stage', has parameterSpaceRef: true

      at StaticSourceSpace.entry (packages/malloy/src/lang/ast/field-space/static-space.ts:369:13)

  console.log
    [StaticSpace.map] Building map for 'duckdb:malloytest.state_facts', is StaticSourceSpace: true, has parameterSpaceRef: true

      at StaticSourceSpace.get map [as map] (packages/malloy/src/lang/ast/field-space/static-space.ts:102:15)

  console.log
    [StaticSpace.map] Adding field 'state', isJoined: false

      at StaticSourceSpace.get map [as map] (packages/malloy/src/lang/ast/field-space/static-space.ts:113:17)

  console.log
    [StaticSourceSpace.defToSpaceField] Field 'state', isJoined: false, has parameterSpaceRef: true, creation #4

      at StaticSourceSpace.defToSpaceField (packages/malloy/src/lang/ast/field-space/static-space.ts:339:13)

  console.log
    [StaticSpace.map] Adding field 'aircraft_count', isJoined: false

      at StaticSourceSpace.get map [as map] (packages/malloy/src/lang/ast/field-space/static-space.ts:113:17)

  console.log
    [StaticSourceSpace.defToSpaceField] Field 'aircraft_count', isJoined: false, has parameterSpaceRef: true, creation #4

      at StaticSourceSpace.defToSpaceField (packages/malloy/src/lang/ast/field-space/static-space.ts:339:13)

  console.log
    [StaticSpace.map] Adding field 'airport_count', isJoined: false

      at StaticSourceSpace.get map [as map] (packages/malloy/src/lang/ast/field-space/static-space.ts:113:17)

  console.log
    [StaticSourceSpace.defToSpaceField] Field 'airport_count', isJoined: false, has parameterSpaceRef: true, creation #4

      at StaticSourceSpace.defToSpaceField (packages/malloy/src/lang/ast/field-space/static-space.ts:339:13)

  console.log
    [StaticSpace.map] Adding field 'births', isJoined: false

      at StaticSourceSpace.get map [as map] (packages/malloy/src/lang/ast/field-space/static-space.ts:113:17)

  console.log
    [StaticSourceSpace.defToSpaceField] Field 'births', isJoined: false, has parameterSpaceRef: true, creation #4

      at StaticSourceSpace.defToSpaceField (packages/malloy/src/lang/ast/field-space/static-space.ts:339:13)

  console.log
    [StaticSpace.map] Adding field 'popular_name', isJoined: false

      at StaticSourceSpace.get map [as map] (packages/malloy/src/lang/ast/field-space/static-space.ts:113:17)

  console.log
    [StaticSourceSpace.defToSpaceField] Field 'popular_name', isJoined: false, has parameterSpaceRef: true, creation #4

      at StaticSourceSpace.defToSpaceField (packages/malloy/src/lang/ast/field-space/static-space.ts:339:13)

  console.log
    [StaticSpace.map] Adding field 'aggregate_stage', isJoined: false

      at StaticSourceSpace.get map [as map] (packages/malloy/src/lang/ast/field-space/static-space.ts:113:17)

  console.log
    [StaticSourceSpace.defToSpaceField] Field 'aggregate_stage', isJoined: false, has parameterSpaceRef: true, creation #1

      at StaticSourceSpace.defToSpaceField (packages/malloy/src/lang/ast/field-space/static-space.ts:339:13)

  console.log
    [StaticSourceSpace.entry] Found 'aggregate_stage' in fields

      at StaticSourceSpace.entry (packages/malloy/src/lang/ast/field-space/static-space.ts:376:15)

  console.log
    [StaticSourceSpace.lookup] Found 'aggregate_stage'

      at StaticSourceSpace.lookup (packages/malloy/src/lang/ast/field-space/static-space.ts:415:13)

  console.log
    [QueryArrow.queryComp] Creating comp.query: {
      inputStructName: 'duckdb:malloytest.state_facts',
      inputStructType: 'table',
      inputStructArguments: [ 'offset' ],
      sourceArgumentsKeys: [ 'offset' ],
      sourceArgumentsHasValues: [ [ 'offset', true ] ],
      pipelineLength: 2
    }

      at QueryArrow.queryComp (packages/malloy/src/lang/ast/query-elements/query-arrow.ts:244:13)


>>> QueryModelImpl constructor called <<<
  console.log
    [QueryStruct constructor] Creating: {
      structType: 'table',
      structName: 'duckdb:malloytest.state_facts',
      parentHasStruct: false,
      parentHasModel: true,
      parentStructType: undefined,
      sourceArgKeys: []
    }

      at new QueryStruct (packages/malloy/src/model/query_node.ts:417:13)

  console.log
    [QueryStruct.setParent] Called for: {
      thisStructType: 'table',
      thisStructName: 'duckdb:malloytest.state_facts',
      parentHasStruct: false,
      parentHasModel: true,
      parentStructType: undefined,
      parentStructName: undefined
    }

      at QueryStruct.setParent (packages/malloy/src/model/query_node.ts:1054:13)

  console.log
    [QueryQuery.makeQuery] Called with parentStruct: {
      parentDefType: 'table',
      parentDefName: 'duckdb:malloytest.state_facts',
      parentHasParent: false,
      parentParentName: undefined,
      parentSourceArgs: [],
      isJoinedSubquery: false,
      callStack: 'at Function.makeQuery (/Users/catalinadler/dev/malloy-cata02/packages/malloy/src/model/query_query.ts:173:7)\n' +
        '  at Function.turtleFieldMaker (/Users/catalinadler/dev/malloy-cata02/packages/malloy/src/model/index.ts:48:14)\n' +
        '  at QueryStruct.addFieldsFromFieldList (/Users/catalinadler/dev/malloy-cata02/packages/malloy/src/model/query_node.ts:821:48)\n' +
        '  at new QueryStruct (/Users/catalinadler/dev/malloy-cata02/packages/malloy/src/model/query_node.ts:454:10)\n' +
        '  at QueryModelImpl.loadModelFromDef (/Users/catalinadler/dev/malloy-cata02/packages/malloy/src/model/query_model_impl.ts:70:14)\n' +
        '  at new QueryModelImpl (/Users/catalinadler/dev/malloy-cata02/packages/malloy/src/model/query_model_impl.ts:51:12)\n' +
        '  at PreparedQuery.getPreparedResult (/Users/catalinadler/dev/malloy-cata02/packages/malloy/src/malloy.ts:987:24)'
    }

      at Function.makeQuery (packages/malloy/src/model/query_query.ts:178:13)


>>> [compileQuery] CALLED! hasSourceArguments=true, keys=offset <<<
  console.log
    [compileQuery] Called with query: {
      hasSourceArguments: true,
      sourceArgumentsKeys: [ 'offset' ],
      sourceArgumentsStringified: '{"offset":{"type":"number","value":{"node":"numberLiteral","literal":"2"},"name":"offset"}}'
    }

      at QueryModelImpl.compileQuery (packages/malloy/src/model/query_model_impl.ts:283:13)

  console.log
    [QueryModelImpl.loadQuery] CALLED FROM: QUERY_COMPILATION { isJoinedSubquery: false, hasArgs: true }

      at QueryModelImpl.loadQuery (packages/malloy/src/model/query_model_impl.ts:148:13)

  console.log
    [QueryModelImpl.loadQuery] query object: {
      hasStructRef: true,
      structRefType: 'string',
      structRefName: 'ct',
      hasSourceArguments: true,
      sourceArgumentsType: 'object',
      sourceArgumentsKeys: [ 'offset' ],
      sourceArgumentsStringified: '{"offset":{"type":"number","value":{"node":"numberLiteral","literal":"2"},"name":"offset"}}',
      structRefIsObject: false,
      structRefHasArguments: false,
      structRefArgumentsKeys: [],
      structRefArgumentsStringified: 'none'
    }

      at QueryModelImpl.loadQuery (packages/malloy/src/model/query_model_impl.ts:155:13)

  console.log
    [QueryStruct constructor] Creating: {
      structType: 'table',
      structName: 'duckdb:malloytest.state_facts',
      parentHasStruct: false,
      parentHasModel: true,
      parentStructType: undefined,
      sourceArgKeys: [ 'offset' ]
    }

      at new QueryStruct (packages/malloy/src/model/query_node.ts:417:13)

  console.log
    [QueryStruct.setParent] Called for: {
      thisStructType: 'table',
      thisStructName: 'duckdb:malloytest.state_facts',
      parentHasStruct: false,
      parentHasModel: true,
      parentStructType: undefined,
      parentStructName: undefined
    }

      at QueryStruct.setParent (packages/malloy/src/model/query_node.ts:1054:13)

  console.log
    [QueryQuery.makeQuery] Called with parentStruct: {
      parentDefType: 'table',
      parentDefName: 'duckdb:malloytest.state_facts',
      parentHasParent: false,
      parentParentName: undefined,
      parentSourceArgs: [ 'offset' ],
      isJoinedSubquery: false,
      callStack: 'at Function.makeQuery (/Users/catalinadler/dev/malloy-cata02/packages/malloy/src/model/query_query.ts:173:7)\n' +
        '  at Function.turtleFieldMaker (/Users/catalinadler/dev/malloy-cata02/packages/malloy/src/model/index.ts:48:14)\n' +
        '  at QueryStruct.addFieldsFromFieldList (/Users/catalinadler/dev/malloy-cata02/packages/malloy/src/model/query_node.ts:821:48)\n' +
        '  at new QueryStruct (/Users/catalinadler/dev/malloy-cata02/packages/malloy/src/model/query_node.ts:454:10)\n' +
        '  at QueryModelImpl.getStructFromRef (/Users/catalinadler/dev/malloy-cata02/packages/malloy/src/model/query_model_impl.ts:100:16)\n' +
        '  at QueryModelImpl.loadQuery (/Users/catalinadler/dev/malloy-cata02/packages/malloy/src/model/query_model_impl.ts:185:30)\n' +
        '  at QueryModelImpl.compileQuery (/Users/catalinadler/dev/malloy-cata02/packages/malloy/src/model/query_model_impl.ts:299:19)'
    }

      at Function.makeQuery (packages/malloy/src/model/query_query.ts:178:13)

  console.log
    [QueryQuery.makeQuery] Called with parentStruct: {
      parentDefType: 'table',
      parentDefName: 'duckdb:malloytest.state_facts',
      parentHasParent: false,
      parentParentName: undefined,
      parentSourceArgs: [ 'offset' ],
      isJoinedSubquery: false,
      callStack: 'at Function.makeQuery (/Users/catalinadler/dev/malloy-cata02/packages/malloy/src/model/query_query.ts:173:7)\n' +
        '  at QueryModelImpl.loadQuery (/Users/catalinadler/dev/malloy-cata02/packages/malloy/src/model/query_model_impl.ts:208:26)\n' +
        '  at QueryModelImpl.compileQuery (/Users/catalinadler/dev/malloy-cata02/packages/malloy/src/model/query_model_impl.ts:299:19)\n' +
        '  at PreparedQuery.getPreparedResult (/Users/catalinadler/dev/malloy-cata02/packages/malloy/src/malloy.ts:988:40)\n' +
        '  at PreparedResultMaterializer._materialize (/Users/catalinadler/dev/malloy-cata02/packages/malloy/src/malloy.ts:3146:41)\n' +
        '  at async QueryMaterializer.run (/Users/catalinadler/dev/malloy-cata02/packages/malloy/src/malloy.ts:3115:28)\n' +
        '  at async runQuery (/Users/catalinadler/dev/malloy-cata02/test/src/util/db-matcher-support.ts:82:14)'
    }

      at Function.makeQuery (packages/malloy/src/model/query_query.ts:178:13)

  console.log
    [QueryQuery.prepare] About to addStructToJoin with this.parent: {
      parentDefType: 'table',
      parentDefName: 'duckdb:malloytest.state_facts',
      parentHasParent: false,
      parentSourceArgs: [ 'offset' ]
    }

      at QueryQueryReduce.prepare (packages/malloy/src/model/query_query.ts:565:15)

  console.log
    [addStructToJoin] Called with QueryStruct: {
      name: 'base',
      qsDefType: 'table',
      qsHasParent: false,
      qsParentName: undefined,
      qsSourceArgs: [ 'offset' ]
    }

      at FieldInstanceResultRoot.addStructToJoin (packages/malloy/src/model/field_instance.ts:465:13)

  console.log
    [addStructToJoin] Parent check: {
      hasQsParent: false,
      hasParentStruct: false,
      parentStructName: undefined
    }

      at FieldInstanceResultRoot.addStructToJoin (packages/malloy/src/model/field_instance.ts:488:13)

  console.log
    [addStructToJoin] Creating new JoinInstance

      at FieldInstanceResultRoot.addStructToJoin (packages/malloy/src/model/field_instance.ts:501:15)

  console.log
    [JoinInstance constructor] Creating join instance: {
      alias: 'base',
      qsDefType: 'table',
      qsDefName: 'duckdb:malloytest.state_facts',
      qsHasParent: false,
      qsParentName: undefined,
      qsParentType: undefined
    }

      at new JoinInstance (packages/malloy/src/model/join_instance.ts:25:13)

  console.log
    [addStructToJoin] Called with QueryStruct: {
      name: 'base',
      qsDefType: 'table',
      qsHasParent: false,
      qsParentName: undefined,
      qsSourceArgs: [ 'offset' ]
    }

      at FieldInstanceResultRoot.addStructToJoin (packages/malloy/src/model/field_instance.ts:465:13)

  console.log
    [addStructToJoin] Join already exists, updating uniqueKeyRequirement

      at FieldInstanceResultRoot.addStructToJoin (packages/malloy/src/model/field_instance.ts:475:15)

  console.log
    [generateParameterFragment] Looking for parameter: {
      paramName: 'offset',
      contextStructName: 'duckdb:malloytest.state_facts',
      contextArgs: [ 'offset' ],
      hasParent: false
    }

      at generateParameterFragment (packages/malloy/src/model/expression_compiler.ts:761:11)

  console.log
    [generateParameterFragment] Parent chain [0]: {
      structName: 'duckdb:malloytest.state_facts',
      structType: 'table',
      hasSourceArgs: true,
      sourceArgKeys: [ 'offset' ],
      argKeys: [ 'offset' ],
      paramValue: { hasValue: true, valueNode: 'numberLiteral' }
    }

      at generateParameterFragment (packages/malloy/src/model/expression_compiler.ts:772:13)

  console.log
    [getStructSourceSQL] Called with struct type: {
      type: 'table',
      name: 'duckdb:malloytest.state_facts',
      callStackSize: 0
    }

      at QueryQueryReduce.getStructSourceSQL (packages/malloy/src/model/query_query.ts:895:13)

  console.log
    [QueryStruct constructor] Creating: {
      structType: 'finalize',
      structName: '__stage0',
      parentHasStruct: false,
      parentHasModel: true,
      parentStructType: undefined,
      sourceArgKeys: [ 'offset' ]
    }

      at new QueryStruct (packages/malloy/src/model/query_node.ts:417:13)

  console.log
    [QueryStruct.setParent] Called for: {
      thisStructType: 'finalize',
      thisStructName: '__stage0',
      parentHasStruct: false,
      parentHasModel: true,
      parentStructType: undefined,
      parentStructName: undefined
    }

      at QueryStruct.setParent (packages/malloy/src/model/query_node.ts:1054:13)

  console.log
    [QueryQuery.makeQuery] Called with parentStruct: {
      parentDefType: 'finalize',
      parentDefName: '__stage0',
      parentHasParent: false,
      parentParentName: undefined,
      parentSourceArgs: [ 'offset' ],
      isJoinedSubquery: false,
      callStack: 'at Function.makeQuery (/Users/catalinadler/dev/malloy-cata02/packages/malloy/src/model/query_query.ts:173:7)\n' +
        '  at QueryQueryReduce.generateSQLFromPipeline (/Users/catalinadler/dev/malloy-cata02/packages/malloy/src/model/query_query.ts:2551:30)\n' +
        '  at QueryModelImpl.loadQuery (/Users/catalinadler/dev/malloy-cata02/packages/malloy/src/model/query_model_impl.ts:216:19)\n' +
        '  at QueryModelImpl.compileQuery (/Users/catalinadler/dev/malloy-cata02/packages/malloy/src/model/query_model_impl.ts:299:19)\n' +
        '  at PreparedQuery.getPreparedResult (/Users/catalinadler/dev/malloy-cata02/packages/malloy/src/malloy.ts:988:40)\n' +
        '  at PreparedResultMaterializer._materialize (/Users/catalinadler/dev/malloy-cata02/packages/malloy/src/malloy.ts:3146:41)\n' +
        '  at async QueryMaterializer.run (/Users/catalinadler/dev/malloy-cata02/packages/malloy/src/malloy.ts:3115:28)'
    }

      at Function.makeQuery (packages/malloy/src/model/query_query.ts:178:13)

  console.log
    [QueryQuery.prepare] About to addStructToJoin with this.parent: {
      parentDefType: 'finalize',
      parentDefName: '__stage0',
      parentHasParent: false,
      parentSourceArgs: [ 'offset' ]
    }

      at QueryQueryReduce.prepare (packages/malloy/src/model/query_query.ts:565:15)

  console.log
    [addStructToJoin] Called with QueryStruct: {
      name: 'base',
      qsDefType: 'finalize',
      qsHasParent: false,
      qsParentName: undefined,
      qsSourceArgs: [ 'offset' ]
    }

      at FieldInstanceResultRoot.addStructToJoin (packages/malloy/src/model/field_instance.ts:465:13)

  console.log
    [addStructToJoin] Parent check: {
      hasQsParent: false,
      hasParentStruct: false,
      parentStructName: undefined
    }

      at FieldInstanceResultRoot.addStructToJoin (packages/malloy/src/model/field_instance.ts:488:13)

  console.log
    [addStructToJoin] Creating new JoinInstance

      at FieldInstanceResultRoot.addStructToJoin (packages/malloy/src/model/field_instance.ts:501:15)

  console.log
    [JoinInstance constructor] Creating join instance: {
      alias: 'base',
      qsDefType: 'finalize',
      qsDefName: '__stage0',
      qsHasParent: false,
      qsParentName: undefined,
      qsParentType: undefined
    }

      at new JoinInstance (packages/malloy/src/model/join_instance.ts:25:13)

  console.log
    [addStructToJoin] Called with QueryStruct: {
      name: 'base',
      qsDefType: 'finalize',
      qsHasParent: false,
      qsParentName: undefined,
      qsSourceArgs: [ 'offset' ]
    }

      at FieldInstanceResultRoot.addStructToJoin (packages/malloy/src/model/field_instance.ts:465:13)

  console.log
    [addStructToJoin] Join already exists, updating uniqueKeyRequirement

      at FieldInstanceResultRoot.addStructToJoin (packages/malloy/src/model/field_instance.ts:475:15)

  console.log
    [generateParameterFragment] Looking for parameter: {
      paramName: 'offset',
      contextStructName: '__stage0',
      contextArgs: [ 'offset' ],
      hasParent: false
    }

      at generateParameterFragment (packages/malloy/src/model/expression_compiler.ts:761:11)

  console.log
    [generateParameterFragment] Parent chain [0]: {
      structName: '__stage0',
      structType: 'finalize',
      hasSourceArgs: true,
      sourceArgKeys: [ 'offset' ],
      argKeys: [ 'offset' ],
      paramValue: { hasValue: true, valueNode: 'numberLiteral' }
    }

      at generateParameterFragment (packages/malloy/src/model/expression_compiler.ts:772:13)

  console.log
    [getStructSourceSQL] Called with struct type: { type: 'finalize', name: '__stage0', callStackSize: 0 }

      at QueryQueryReduce.getStructSourceSQL (packages/malloy/src/model/query_query.ts:895:13)

  console.log
    [generateParameterFragment] Looking for parameter: {
      paramName: 'offset',
      contextStructName: '__stage0',
      contextArgs: [ 'offset' ],
      hasParent: false
    }

      at generateParameterFragment (packages/malloy/src/model/expression_compiler.ts:761:11)

  console.log
    [generateParameterFragment] Parent chain [0]: {
      structName: '__stage0',
      structType: 'finalize',
      hasSourceArgs: true,
      sourceArgKeys: [ 'offset' ],
      argKeys: [ 'offset' ],
      paramValue: { hasValue: true, valueNode: 'numberLiteral' }
    }

      at generateParameterFragment (packages/malloy/src/model/expression_compiler.ts:772:13)

  console.log
    [ParameterSpace constructor] Created with parameters: [ 'state_filter' ]

      at new ParameterSpace (packages/malloy/src/lang/ast/field-space/parameter-space.ts:29:13)

  console.log
    [StaticSpace.map] Building map for 'duckdb:malloytest.state_facts', is StaticSourceSpace: false, has parameterSpaceRef: N/A

      at RefinedSpace.get map [as map] (packages/malloy/src/lang/ast/field-space/static-space.ts:102:15)

  console.log
    [StaticSpace.map] Adding field 'state', isJoined: false

      at RefinedSpace.get map [as map] (packages/malloy/src/lang/ast/field-space/static-space.ts:113:17)

  console.log
    [StaticSpace.map] Adding field 'aircraft_count', isJoined: false

      at RefinedSpace.get map [as map] (packages/malloy/src/lang/ast/field-space/static-space.ts:113:17)

  console.log
    [StaticSpace.map] Adding field 'airport_count', isJoined: false

      at RefinedSpace.get map [as map] (packages/malloy/src/lang/ast/field-space/static-space.ts:113:17)

  console.log
    [StaticSpace.map] Adding field 'births', isJoined: false

      at RefinedSpace.get map [as map] (packages/malloy/src/lang/ast/field-space/static-space.ts:113:17)

  console.log
    [StaticSpace.map] Adding field 'popular_name', isJoined: false

      at RefinedSpace.get map [as map] (packages/malloy/src/lang/ast/field-space/static-space.ts:113:17)

  console.log
    [ParameterSpace constructor] Created with parameters: [ 'state_filter' ]

      at new ParameterSpace (packages/malloy/src/lang/ast/field-space/parameter-space.ts:29:13)

  console.log
    [ExpressionJoin.getStructDef] Passing parameterSpace to tableMethodSource with params: [ 'state_filter' ]

      at ExpressionJoin.getStructDef (packages/malloy/src/lang/ast/source-properties/join.ts:266:15)

  console.log
    [ExpressionJoin.getStructDef] hasExistingArguments: undefined, sourceDef.arguments: []

      at ExpressionJoin.getStructDef (packages/malloy/src/lang/ast/source-properties/join.ts:284:13)

  console.log
    [ExpressionJoin.getStructDef] Merging outer arguments: [ 'state_filter' ]

      at ExpressionJoin.getStructDef (packages/malloy/src/lang/ast/source-properties/join.ts:298:15)

  console.log
    [JoinSpaceField constructor] Created for join with parameterSpace: true

      at new JoinSpaceField (packages/malloy/src/lang/ast/field-space/join-space-field.ts:36:13)

  console.log
    [ParameterSpace constructor] Created with parameters: [ 'state_filter' ]

      at new ParameterSpace (packages/malloy/src/lang/ast/field-space/parameter-space.ts:29:13)

  console.log
    [ParameterSpace constructor] Created with parameters: [ 'state_filter' ]

      at new ParameterSpace (packages/malloy/src/lang/ast/field-space/parameter-space.ts:29:13)

  console.log
    [ExpressionJoin.getStructDef] Passing parameterSpace to tableMethodSource with params: [ 'state_filter' ]

      at ExpressionJoin.getStructDef (packages/malloy/src/lang/ast/source-properties/join.ts:266:15)

  console.log
    [ExpressionJoin.getStructDef] hasExistingArguments: undefined, sourceDef.arguments: []

      at ExpressionJoin.getStructDef (packages/malloy/src/lang/ast/source-properties/join.ts:284:13)

  console.log
    [ExpressionJoin.getStructDef] Merging outer arguments: [ 'state_filter' ]

      at ExpressionJoin.getStructDef (packages/malloy/src/lang/ast/source-properties/join.ts:298:15)

  console.log
    [StaticSpace.lookup] Looking up 'other'

      at RefinedSpace.lookup (packages/malloy/src/lang/ast/field-space/static-space.ts:176:13)

  console.log
    [StaticSpace.lookup] Found 'other'

      at RefinedSpace.lookup (packages/malloy/src/lang/ast/field-space/static-space.ts:188:13)

  console.log
    [JoinSpaceField.fieldSpace] Getting fieldSpace, has parameterSpace: true

      at JoinSpaceField.get fieldSpace [as fieldSpace] (packages/malloy/src/lang/ast/field-space/join-space-field.ts:43:13)

  console.log
    [StructSpaceField.fieldSpace] Join 'other', isSourceDef: true, type: table, has parameterSpaceRef: false

      at JoinSpaceField.get fieldSpace (packages/malloy/src/lang/ast/field-space/static-space.ts:279:13)

  console.log
    [StaticSourceSpace constructor] Created with parameterSpaceRef: false source name: other

      at new StaticSourceSpace (packages/malloy/src/lang/ast/field-space/static-space.ts:312:13)

  console.log
    [JoinSpaceField.fieldSpace] Wrapping StaticSourceSpace with parameterSpace

      at JoinSpaceField.get fieldSpace [as fieldSpace] (packages/malloy/src/lang/ast/field-space/join-space-field.ts:49:15)

  console.log
    [StaticSourceSpace constructor] Created with parameterSpaceRef: true source name: other

      at new StaticSourceSpace (packages/malloy/src/lang/ast/field-space/static-space.ts:312:13)

  console.log
    [JoinSpaceField.fieldSpace] Getting fieldSpace, has parameterSpace: true

      at JoinSpaceField.get fieldSpace [as fieldSpace] (packages/malloy/src/lang/ast/field-space/join-space-field.ts:43:13)

  console.log
    [StructSpaceField.fieldSpace] Join 'other', isSourceDef: true, type: table, has parameterSpaceRef: false

      at JoinSpaceField.get fieldSpace (packages/malloy/src/lang/ast/field-space/static-space.ts:279:13)

  console.log
    [StaticSourceSpace constructor] Created with parameterSpaceRef: false source name: other

      at new StaticSourceSpace (packages/malloy/src/lang/ast/field-space/static-space.ts:312:13)

  console.log
    [JoinSpaceField.fieldSpace] Wrapping StaticSourceSpace with parameterSpace

      at JoinSpaceField.get fieldSpace [as fieldSpace] (packages/malloy/src/lang/ast/field-space/join-space-field.ts:49:15)

  console.log
    [StaticSourceSpace constructor] Created with parameterSpaceRef: true source name: other

      at new StaticSourceSpace (packages/malloy/src/lang/ast/field-space/static-space.ts:312:13)

  console.log
    [StaticSourceSpace.lookup] Looking up 'state'

      at StaticSourceSpace.lookup (packages/malloy/src/lang/ast/field-space/static-space.ts:403:13)

  console.log
    [StaticSourceSpace.entry] Looking up 'state', has parameterSpaceRef: true

      at StaticSourceSpace.entry (packages/malloy/src/lang/ast/field-space/static-space.ts:369:13)

  console.log
    [StaticSpace.map] Building map for 'other', is StaticSourceSpace: true, has parameterSpaceRef: true

      at StaticSourceSpace.get map [as map] (packages/malloy/src/lang/ast/field-space/static-space.ts:102:15)

  console.log
    [StaticSpace.map] Adding field 'state', isJoined: false

      at StaticSourceSpace.get map [as map] (packages/malloy/src/lang/ast/field-space/static-space.ts:113:17)

  console.log
    [StaticSourceSpace.defToSpaceField] Field 'state', isJoined: false, has parameterSpaceRef: true, creation #1

      at StaticSourceSpace.defToSpaceField (packages/malloy/src/lang/ast/field-space/static-space.ts:339:13)

  console.log
    [StaticSpace.map] Adding field 'aircraft_count', isJoined: false

      at StaticSourceSpace.get map [as map] (packages/malloy/src/lang/ast/field-space/static-space.ts:113:17)

  console.log
    [StaticSourceSpace.defToSpaceField] Field 'aircraft_count', isJoined: false, has parameterSpaceRef: true, creation #1

      at StaticSourceSpace.defToSpaceField (packages/malloy/src/lang/ast/field-space/static-space.ts:339:13)

  console.log
    [StaticSpace.map] Adding field 'airport_count', isJoined: false

      at StaticSourceSpace.get map [as map] (packages/malloy/src/lang/ast/field-space/static-space.ts:113:17)

  console.log
    [StaticSourceSpace.defToSpaceField] Field 'airport_count', isJoined: false, has parameterSpaceRef: true, creation #1

      at StaticSourceSpace.defToSpaceField (packages/malloy/src/lang/ast/field-space/static-space.ts:339:13)

  console.log
    [StaticSpace.map] Adding field 'births', isJoined: false

      at StaticSourceSpace.get map [as map] (packages/malloy/src/lang/ast/field-space/static-space.ts:113:17)

  console.log
    [StaticSourceSpace.defToSpaceField] Field 'births', isJoined: false, has parameterSpaceRef: true, creation #1

      at StaticSourceSpace.defToSpaceField (packages/malloy/src/lang/ast/field-space/static-space.ts:339:13)

  console.log
    [StaticSpace.map] Adding field 'popular_name', isJoined: false

      at StaticSourceSpace.get map [as map] (packages/malloy/src/lang/ast/field-space/static-space.ts:113:17)

  console.log
    [StaticSourceSpace.defToSpaceField] Field 'popular_name', isJoined: false, has parameterSpaceRef: true, creation #1

      at StaticSourceSpace.defToSpaceField (packages/malloy/src/lang/ast/field-space/static-space.ts:339:13)

  console.log
    [StaticSourceSpace.entry] Found 'state' in fields

      at StaticSourceSpace.entry (packages/malloy/src/lang/ast/field-space/static-space.ts:376:15)

  console.log
    [StaticSourceSpace.lookup] Found 'state'

      at StaticSourceSpace.lookup (packages/malloy/src/lang/ast/field-space/static-space.ts:415:13)

  console.log
    [StaticSpace.lookup] Looking up 'state_filter'

      at RefinedSpace.lookup (packages/malloy/src/lang/ast/field-space/static-space.ts:176:13)

  console.log
    [StaticSpace.lookup] Found 'state_filter'

      at RefinedSpace.lookup (packages/malloy/src/lang/ast/field-space/static-space.ts:188:13)

  console.log
    [StaticSpace.map] Building map for 'duckdb:malloytest.state_facts', is StaticSourceSpace: false, has parameterSpaceRef: N/A

      at ReduceFieldSpace.get map [as map] (packages/malloy/src/lang/ast/field-space/static-space.ts:102:15)

  console.log
    [StaticSpace.lookup] Looking up 'state'

      at QueryInputSpace.lookup (packages/malloy/src/lang/ast/field-space/static-space.ts:176:13)

  console.log
    [QueryInputSpace.entry] Looking up 'state'

      at QueryInputSpace.entry (packages/malloy/src/lang/ast/field-space/query-input-space.ts:108:13)

  console.log
    [StaticSpace.map] Building map for 'duckdb:malloytest.state_facts', is StaticSourceSpace: false, has parameterSpaceRef: N/A

      at QueryInputSpace.get map [as map] (packages/malloy/src/lang/ast/field-space/static-space.ts:102:15)

  console.log
    [StaticSpace.map] Adding field 'state', isJoined: false

      at QueryInputSpace.get map [as map] (packages/malloy/src/lang/ast/field-space/static-space.ts:113:17)

  console.log
    [StaticSpace.map] Adding field 'aircraft_count', isJoined: false

      at QueryInputSpace.get map [as map] (packages/malloy/src/lang/ast/field-space/static-space.ts:113:17)

  console.log
    [StaticSpace.map] Adding field 'airport_count', isJoined: false

      at QueryInputSpace.get map [as map] (packages/malloy/src/lang/ast/field-space/static-space.ts:113:17)

  console.log
    [StaticSpace.map] Adding field 'births', isJoined: false

      at QueryInputSpace.get map [as map] (packages/malloy/src/lang/ast/field-space/static-space.ts:113:17)

  console.log
    [StaticSpace.map] Adding field 'popular_name', isJoined: false

      at QueryInputSpace.get map [as map] (packages/malloy/src/lang/ast/field-space/static-space.ts:113:17)

  console.log
    [StaticSpace.map] Adding field 'other', isJoined: true

      at QueryInputSpace.get map [as map] (packages/malloy/src/lang/ast/field-space/static-space.ts:113:17)

  console.log
    [QueryInputSpace.entry] Found 'state' in fields

      at QueryInputSpace.entry (packages/malloy/src/lang/ast/field-space/query-input-space.ts:112:15)

  console.log
    [StaticSpace.lookup] Found 'state'

      at QueryInputSpace.lookup (packages/malloy/src/lang/ast/field-space/static-space.ts:188:13)

  console.log
    [StaticSpace.lookup] Looking up 'state'

      at QueryInputSpace.lookup (packages/malloy/src/lang/ast/field-space/static-space.ts:176:13)

  console.log
    [QueryInputSpace.entry] Looking up 'state'

      at QueryInputSpace.entry (packages/malloy/src/lang/ast/field-space/query-input-space.ts:108:13)

  console.log
    [QueryInputSpace.entry] Found 'state' in fields

      at QueryInputSpace.entry (packages/malloy/src/lang/ast/field-space/query-input-space.ts:112:15)

  console.log
    [StaticSpace.lookup] Found 'state'

      at QueryInputSpace.lookup (packages/malloy/src/lang/ast/field-space/static-space.ts:188:13)

  console.log
    [QueryInputSpace.parameterSpace] Called

      at QueryInputSpace.parameterSpace (packages/malloy/src/lang/ast/field-space/query-input-space.ts:84:13)

  console.log
    [ParameterSpace constructor] Created with parameters: [ 'state_filter' ]

      at new ParameterSpace (packages/malloy/src/lang/ast/field-space/parameter-space.ts:29:13)

  console.log
    [QueryInputSpace.parameterSpace] Got from queryOutput: [ 'state_filter' ]

      at QueryInputSpace.parameterSpace (packages/malloy/src/lang/ast/field-space/query-input-space.ts:88:15)

  console.log
    [StaticSpace.lookup] Looking up 'state'

      at QueryInputSpace.lookup (packages/malloy/src/lang/ast/field-space/static-space.ts:176:13)

  console.log
    [QueryInputSpace.entry] Looking up 'state'

      at QueryInputSpace.entry (packages/malloy/src/lang/ast/field-space/query-input-space.ts:108:13)

  console.log
    [QueryInputSpace.entry] Found 'state' in fields

      at QueryInputSpace.entry (packages/malloy/src/lang/ast/field-space/query-input-space.ts:112:15)

  console.log
    [StaticSpace.lookup] Found 'state'

      at QueryInputSpace.lookup (packages/malloy/src/lang/ast/field-space/static-space.ts:188:13)

  console.log
    [StaticSourceSpace constructor] Created with parameterSpaceRef: true source name: query_result

      at new StaticSourceSpace (packages/malloy/src/lang/ast/field-space/static-space.ts:312:13)

  console.log
    [StaticSpace.map] Building map for 'query_result', is StaticSourceSpace: false, has parameterSpaceRef: N/A

      at ReduceFieldSpace.get map [as map] (packages/malloy/src/lang/ast/field-space/static-space.ts:102:15)

  console.log
    [StaticSpace.lookup] Looking up 'state'

      at QueryInputSpace.lookup (packages/malloy/src/lang/ast/field-space/static-space.ts:176:13)

  console.log
    [QueryInputSpace.entry] Looking up 'state'

      at QueryInputSpace.entry (packages/malloy/src/lang/ast/field-space/query-input-space.ts:108:13)

  console.log
    [StaticSpace.map] Building map for 'query_result', is StaticSourceSpace: false, has parameterSpaceRef: N/A

      at QueryInputSpace.get map [as map] (packages/malloy/src/lang/ast/field-space/static-space.ts:102:15)

  console.log
    [StaticSpace.map] Adding field 'state', isJoined: false

      at QueryInputSpace.get map [as map] (packages/malloy/src/lang/ast/field-space/static-space.ts:113:17)

  console.log
    [QueryInputSpace.entry] Found 'state' in fields

      at QueryInputSpace.entry (packages/malloy/src/lang/ast/field-space/query-input-space.ts:112:15)

  console.log
    [StaticSpace.lookup] Found 'state'

      at QueryInputSpace.lookup (packages/malloy/src/lang/ast/field-space/static-space.ts:188:13)

  console.log
    [StaticSpace.lookup] Looking up 'state_filter'

      at QueryInputSpace.lookup (packages/malloy/src/lang/ast/field-space/static-space.ts:176:13)

  console.log
    [QueryInputSpace.entry] Looking up 'state_filter'

      at QueryInputSpace.entry (packages/malloy/src/lang/ast/field-space/query-input-space.ts:108:13)

  console.log
    [QueryInputSpace.entry] Found 'state_filter' in fields

      at QueryInputSpace.entry (packages/malloy/src/lang/ast/field-space/query-input-space.ts:112:15)

  console.log
    [StaticSpace.lookup] Found 'state_filter'

      at QueryInputSpace.lookup (packages/malloy/src/lang/ast/field-space/static-space.ts:188:13)

  console.log
    [StaticSpace.lookup] Looking up 'state'

      at QueryInputSpace.lookup (packages/malloy/src/lang/ast/field-space/static-space.ts:176:13)

  console.log
    [QueryInputSpace.entry] Looking up 'state'

      at QueryInputSpace.entry (packages/malloy/src/lang/ast/field-space/query-input-space.ts:108:13)

  console.log
    [QueryInputSpace.entry] Found 'state' in fields

      at QueryInputSpace.entry (packages/malloy/src/lang/ast/field-space/query-input-space.ts:112:15)

  console.log
    [StaticSpace.lookup] Found 'state'

      at QueryInputSpace.lookup (packages/malloy/src/lang/ast/field-space/static-space.ts:188:13)

  console.log
    [StaticSpace.lookup] Looking up 'state'

      at QueryInputSpace.lookup (packages/malloy/src/lang/ast/field-space/static-space.ts:176:13)

  console.log
    [QueryInputSpace.entry] Looking up 'state'

      at QueryInputSpace.entry (packages/malloy/src/lang/ast/field-space/query-input-space.ts:108:13)

  console.log
    [QueryInputSpace.entry] Found 'state' in fields

      at QueryInputSpace.entry (packages/malloy/src/lang/ast/field-space/query-input-space.ts:112:15)

  console.log
    [StaticSpace.lookup] Found 'state'

      at QueryInputSpace.lookup (packages/malloy/src/lang/ast/field-space/static-space.ts:188:13)

  console.log
    [QueryInputSpace.parameterSpace] Called

      at QueryInputSpace.parameterSpace (packages/malloy/src/lang/ast/field-space/query-input-space.ts:84:13)

  console.log
    [QueryInputSpace.parameterSpace] Got from queryOutput: [ 'state_filter' ]

      at QueryInputSpace.parameterSpace (packages/malloy/src/lang/ast/field-space/query-input-space.ts:88:15)

  console.log
    [StaticSpace.lookup] Looking up 'state'

      at QueryInputSpace.lookup (packages/malloy/src/lang/ast/field-space/static-space.ts:176:13)

  console.log
    [QueryInputSpace.entry] Looking up 'state'

      at QueryInputSpace.entry (packages/malloy/src/lang/ast/field-space/query-input-space.ts:108:13)

  console.log
    [QueryInputSpace.entry] Found 'state' in fields

      at QueryInputSpace.entry (packages/malloy/src/lang/ast/field-space/query-input-space.ts:112:15)

  console.log
    [StaticSpace.lookup] Found 'state'

      at QueryInputSpace.lookup (packages/malloy/src/lang/ast/field-space/static-space.ts:188:13)

  console.log
    [SQArrow.getQuery] Called

      at SQArrow.getQuery (packages/malloy/src/lang/ast/source-query-elements/sq-arrow.ts:53:13)

  console.log
    [SQArrow.getQuery] LHS is: namedSource, instanceof Source: true

      at SQArrow.getQuery (packages/malloy/src/lang/ast/source-query-elements/sq-arrow.ts:72:13)

  console.log
    [ParameterSpace constructor] Created with parameters: []

      at new ParameterSpace (packages/malloy/src/lang/ast/field-space/parameter-space.ts:29:13)

  console.log
    [SQArrow.getQuery] sourceDef.parameters: []

      at SQArrow.getQuery (packages/malloy/src/lang/ast/source-query-elements/sq-arrow.ts:80:15)

  console.log
    [SQArrow.getQuery] sourceDef.arguments: [ 'state_filter' ]

      at SQArrow.getQuery (packages/malloy/src/lang/ast/source-query-elements/sq-arrow.ts:84:15)

  console.log
    [ParameterSpace constructor] Created with parameters: [ 'state_filter' ]

      at new ParameterSpace (packages/malloy/src/lang/ast/field-space/parameter-space.ts:29:13)

  console.log
    [SQArrow.getQuery] Created parameterSpace from source arguments: [ 'state_filter' ]

      at SQArrow.getQuery (packages/malloy/src/lang/ast/source-query-elements/sq-arrow.ts:103:17)

  console.log
    [QueryArrow constructor] Created with source: namedSource, parameterSpace: [ 'state_filter' ]

      at new QueryArrow (packages/malloy/src/lang/ast/query-elements/query-arrow.ts:60:15)

  console.log
    [StaticSourceSpace constructor] Created with parameterSpaceRef: true source name: duckdb:malloytest.state_facts

      at new StaticSourceSpace (packages/malloy/src/lang/ast/field-space/static-space.ts:312:13)

  console.log
    [QueryArrow.queryComp] Source: namedSource, fieldSpace WITH parameterSpace: [ 'state_filter' ]

      at QueryArrow.queryComp (packages/malloy/src/lang/ast/query-elements/query-arrow.ts:120:17)

  console.log
    [QueryArrow.queryComp] Calling view.pipelineComp with fieldSpace

      at QueryArrow.queryComp (packages/malloy/src/lang/ast/query-elements/query-arrow.ts:161:13)

  console.log
    [StaticSourceSpace.lookup] Looking up 'join_stage'

      at StaticSourceSpace.lookup (packages/malloy/src/lang/ast/field-space/static-space.ts:403:13)

  console.log
    [StaticSourceSpace.entry] Looking up 'join_stage', has parameterSpaceRef: true

      at StaticSourceSpace.entry (packages/malloy/src/lang/ast/field-space/static-space.ts:369:13)

  console.log
    [StaticSpace.map] Building map for 'duckdb:malloytest.state_facts', is StaticSourceSpace: true, has parameterSpaceRef: true

      at StaticSourceSpace.get map [as map] (packages/malloy/src/lang/ast/field-space/static-space.ts:102:15)

  console.log
    [StaticSpace.map] Adding field 'state', isJoined: false

      at StaticSourceSpace.get map [as map] (packages/malloy/src/lang/ast/field-space/static-space.ts:113:17)

  console.log
    [StaticSourceSpace.defToSpaceField] Field 'state', isJoined: false, has parameterSpaceRef: true, creation #5

      at StaticSourceSpace.defToSpaceField (packages/malloy/src/lang/ast/field-space/static-space.ts:339:13)

  console.log
    [StaticSpace.map] Adding field 'aircraft_count', isJoined: false

      at StaticSourceSpace.get map [as map] (packages/malloy/src/lang/ast/field-space/static-space.ts:113:17)

  console.log
    [StaticSourceSpace.defToSpaceField] Field 'aircraft_count', isJoined: false, has parameterSpaceRef: true, creation #5

      at StaticSourceSpace.defToSpaceField (packages/malloy/src/lang/ast/field-space/static-space.ts:339:13)

  console.log
    [StaticSpace.map] Adding field 'airport_count', isJoined: false

      at StaticSourceSpace.get map [as map] (packages/malloy/src/lang/ast/field-space/static-space.ts:113:17)

  console.log
    [StaticSourceSpace.defToSpaceField] Field 'airport_count', isJoined: false, has parameterSpaceRef: true, creation #5

      at StaticSourceSpace.defToSpaceField (packages/malloy/src/lang/ast/field-space/static-space.ts:339:13)

  console.log
    [StaticSpace.map] Adding field 'births', isJoined: false

      at StaticSourceSpace.get map [as map] (packages/malloy/src/lang/ast/field-space/static-space.ts:113:17)

  console.log
    [StaticSourceSpace.defToSpaceField] Field 'births', isJoined: false, has parameterSpaceRef: true, creation #5

      at StaticSourceSpace.defToSpaceField (packages/malloy/src/lang/ast/field-space/static-space.ts:339:13)

  console.log
    [StaticSpace.map] Adding field 'popular_name', isJoined: false

      at StaticSourceSpace.get map [as map] (packages/malloy/src/lang/ast/field-space/static-space.ts:113:17)

  console.log
    [StaticSourceSpace.defToSpaceField] Field 'popular_name', isJoined: false, has parameterSpaceRef: true, creation #5

      at StaticSourceSpace.defToSpaceField (packages/malloy/src/lang/ast/field-space/static-space.ts:339:13)

  console.log
    [StaticSpace.map] Adding field 'other', isJoined: true

      at StaticSourceSpace.get map [as map] (packages/malloy/src/lang/ast/field-space/static-space.ts:113:17)

  console.log
    [StaticSourceSpace.defToSpaceField] Field 'other', isJoined: true, has parameterSpaceRef: true, creation #1

      at StaticSourceSpace.defToSpaceField (packages/malloy/src/lang/ast/field-space/static-space.ts:339:13)

  console.log
    [StaticSourceSpace.defToSpaceField] Creating StructSpaceField with parameterSpaceRef

      at StaticSourceSpace.defToSpaceField (packages/malloy/src/lang/ast/field-space/static-space.ts:354:15)

  console.log
    [StaticSpace.map] Adding field 'join_stage', isJoined: false

      at StaticSourceSpace.get map [as map] (packages/malloy/src/lang/ast/field-space/static-space.ts:113:17)

  console.log
    [StaticSourceSpace.defToSpaceField] Field 'join_stage', isJoined: false, has parameterSpaceRef: true, creation #1

      at StaticSourceSpace.defToSpaceField (packages/malloy/src/lang/ast/field-space/static-space.ts:339:13)

  console.log
    [StaticSourceSpace.entry] Found 'join_stage' in fields

      at StaticSourceSpace.entry (packages/malloy/src/lang/ast/field-space/static-space.ts:376:15)

  console.log
    [StaticSourceSpace.lookup] Found 'join_stage'

      at StaticSourceSpace.lookup (packages/malloy/src/lang/ast/field-space/static-space.ts:415:13)

  console.log
    [QueryArrow.queryComp] Creating comp.query: {
      inputStructName: 'duckdb:malloytest.state_facts',
      inputStructType: 'table',
      inputStructArguments: [ 'state_filter' ],
      sourceArgumentsKeys: [ 'state_filter' ],
      sourceArgumentsHasValues: [ [ 'state_filter', true ] ],
      pipelineLength: 2
    }

      at QueryArrow.queryComp (packages/malloy/src/lang/ast/query-elements/query-arrow.ts:244:13)


>>> QueryModelImpl constructor called <<<
  console.log
    [QueryStruct constructor] Creating: {
      structType: 'table',
      structName: 'duckdb:malloytest.state_facts',
      parentHasStruct: false,
      parentHasModel: true,
      parentStructType: undefined,
      sourceArgKeys: []
    }

      at new QueryStruct (packages/malloy/src/model/query_node.ts:417:13)

  console.log
    [QueryStruct.setParent] Called for: {
      thisStructType: 'table',
      thisStructName: 'duckdb:malloytest.state_facts',
      parentHasStruct: false,
      parentHasModel: true,
      parentStructType: undefined,
      parentStructName: undefined
    }

      at QueryStruct.setParent (packages/malloy/src/model/query_node.ts:1054:13)

  console.log
    [QueryFieldStruct constructor] Join field arguments check: {
      fieldName: 'other',
      fieldType: 'table',
      jfdHasArguments: true,
      jfdArguments: [ 'state_filter' ],
      jfdArgumentValues: {
        state_filter: { hasValue: false, valueNode: undefined, valueType: 'object' }
      },
      sourceArguments: [ 'state_filter' ],
      sourceArgumentValues: {
        state_filter: { hasValue: false, valueNode: undefined, valueType: 'object' }
      },
      parentSourceArguments: []
    }

      at new QueryFieldStruct (packages/malloy/src/model/query_node.ts:196:13)

  console.log
    [QueryFieldStruct constructor] Using arguments: {
      source: 'sourceArguments',
      keys: [ 'state_filter' ],
      values: { state_filter: { hasValue: false, valueNode: undefined } },
      parentHasArguments: false,
      parentArgKeys: []
    }

      at new QueryFieldStruct (packages/malloy/src/model/query_node.ts:247:13)

  console.log
    [QueryFieldStruct constructor] Creating QueryStruct for join: {
      jfdName: 'other',
      jfdType: 'table',
      hasQuery: false,
      parentName: 'duckdb:malloytest.state_facts',
      parentType: 'table'
    }

      at new QueryFieldStruct (packages/malloy/src/model/query_node.ts:266:13)

  console.log
    [QueryStruct constructor] Creating: {
      structType: 'table',
      structName: 'other',
      parentHasStruct: true,
      parentHasModel: false,
      parentStructType: 'table',
      sourceArgKeys: [ 'state_filter' ]
    }

      at new QueryStruct (packages/malloy/src/model/query_node.ts:417:13)

  console.log
    [QueryStruct.setParent] Called for: {
      thisStructType: 'table',
      thisStructName: 'other',
      parentHasStruct: true,
      parentHasModel: false,
      parentStructType: 'table',
      parentStructName: 'duckdb:malloytest.state_facts'
    }

      at QueryStruct.setParent (packages/malloy/src/model/query_node.ts:1054:13)

  console.log
    [QueryStruct.setParent] Set this.parent to: { parentType: 'table', parentName: 'duckdb:malloytest.state_facts' }

      at QueryStruct.setParent (packages/malloy/src/model/query_node.ts:1067:15)

  console.log
    [QueryFieldStruct constructor] Created QueryStruct: {
      queryStructDefType: 'table',
      queryStructHasParent: true,
      queryStructParentName: 'duckdb:malloytest.state_facts'
    }

      at new QueryFieldStruct (packages/malloy/src/model/query_node.ts:284:13)

  console.log
    [QueryQuery.makeQuery] Called with parentStruct: {
      parentDefType: 'table',
      parentDefName: 'duckdb:malloytest.state_facts',
      parentHasParent: false,
      parentParentName: undefined,
      parentSourceArgs: [],
      isJoinedSubquery: false,
      callStack: 'at Function.makeQuery (/Users/catalinadler/dev/malloy-cata02/packages/malloy/src/model/query_query.ts:173:7)\n' +
        '  at Function.turtleFieldMaker (/Users/catalinadler/dev/malloy-cata02/packages/malloy/src/model/index.ts:48:14)\n' +
        '  at QueryStruct.addFieldsFromFieldList (/Users/catalinadler/dev/malloy-cata02/packages/malloy/src/model/query_node.ts:821:48)\n' +
        '  at new QueryStruct (/Users/catalinadler/dev/malloy-cata02/packages/malloy/src/model/query_node.ts:454:10)\n' +
        '  at QueryModelImpl.loadModelFromDef (/Users/catalinadler/dev/malloy-cata02/packages/malloy/src/model/query_model_impl.ts:70:14)\n' +
        '  at new QueryModelImpl (/Users/catalinadler/dev/malloy-cata02/packages/malloy/src/model/query_model_impl.ts:51:12)\n' +
        '  at PreparedQuery.getPreparedResult (/Users/catalinadler/dev/malloy-cata02/packages/malloy/src/malloy.ts:987:24)'
    }

      at Function.makeQuery (packages/malloy/src/model/query_query.ts:178:13)


>>> [compileQuery] CALLED! hasSourceArguments=true, keys=state_filter <<<
  console.log
    [compileQuery] Called with query: {
      hasSourceArguments: true,
      sourceArgumentsKeys: [ 'state_filter' ],
      sourceArgumentsStringified: '{"state_filter":{"type":"string","value":{"node":"stringLiteral","literal":"CA"},"name":"state_filter"}}'
    }

      at QueryModelImpl.compileQuery (packages/malloy/src/model/query_model_impl.ts:283:13)

  console.log
    [QueryModelImpl.loadQuery] CALLED FROM: QUERY_COMPILATION { isJoinedSubquery: false, hasArgs: true }

      at QueryModelImpl.loadQuery (packages/malloy/src/model/query_model_impl.ts:148:13)

  console.log
    [QueryModelImpl.loadQuery] query object: {
      hasStructRef: true,
      structRefType: 'string',
      structRefName: 'test_source',
      hasSourceArguments: true,
      sourceArgumentsType: 'object',
      sourceArgumentsKeys: [ 'state_filter' ],
      sourceArgumentsStringified: '{"state_filter":{"type":"string","value":{"node":"stringLiteral","literal":"CA"},"name":"state_filter"}}',
      structRefIsObject: false,
      structRefHasArguments: false,
      structRefArgumentsKeys: [],
      structRefArgumentsStringified: 'none'
    }

      at QueryModelImpl.loadQuery (packages/malloy/src/model/query_model_impl.ts:155:13)

  console.log
    [QueryStruct constructor] Creating: {
      structType: 'table',
      structName: 'duckdb:malloytest.state_facts',
      parentHasStruct: false,
      parentHasModel: true,
      parentStructType: undefined,
      sourceArgKeys: [ 'state_filter' ]
    }

      at new QueryStruct (packages/malloy/src/model/query_node.ts:417:13)

  console.log
    [QueryStruct.setParent] Called for: {
      thisStructType: 'table',
      thisStructName: 'duckdb:malloytest.state_facts',
      parentHasStruct: false,
      parentHasModel: true,
      parentStructType: undefined,
      parentStructName: undefined
    }

      at QueryStruct.setParent (packages/malloy/src/model/query_node.ts:1054:13)

  console.log
    [QueryFieldStruct constructor] Join field arguments check: {
      fieldName: 'other',
      fieldType: 'table',
      jfdHasArguments: true,
      jfdArguments: [ 'state_filter' ],
      jfdArgumentValues: {
        state_filter: { hasValue: false, valueNode: undefined, valueType: 'object' }
      },
      sourceArguments: [ 'state_filter' ],
      sourceArgumentValues: {
        state_filter: { hasValue: true, valueNode: 'stringLiteral', valueType: 'object' }
      },
      parentSourceArguments: [ 'state_filter' ]
    }

      at new QueryFieldStruct (packages/malloy/src/model/query_node.ts:196:13)

  console.log
    [QueryFieldStruct constructor] Using arguments: {
      source: 'sourceArguments',
      keys: [ 'state_filter' ],
      values: { state_filter: { hasValue: true, valueNode: 'stringLiteral' } },
      parentHasArguments: true,
      parentArgKeys: [ 'state_filter' ]
    }

      at new QueryFieldStruct (packages/malloy/src/model/query_node.ts:247:13)

  console.log
    [QueryFieldStruct constructor] Creating QueryStruct for join: {
      jfdName: 'other',
      jfdType: 'table',
      hasQuery: false,
      parentName: 'duckdb:malloytest.state_facts',
      parentType: 'table'
    }

      at new QueryFieldStruct (packages/malloy/src/model/query_node.ts:266:13)

  console.log
    [QueryStruct constructor] Creating: {
      structType: 'table',
      structName: 'other',
      parentHasStruct: true,
      parentHasModel: false,
      parentStructType: 'table',
      sourceArgKeys: [ 'state_filter' ]
    }

      at new QueryStruct (packages/malloy/src/model/query_node.ts:417:13)

  console.log
    [QueryStruct.setParent] Called for: {
      thisStructType: 'table',
      thisStructName: 'other',
      parentHasStruct: true,
      parentHasModel: false,
      parentStructType: 'table',
      parentStructName: 'duckdb:malloytest.state_facts'
    }

      at QueryStruct.setParent (packages/malloy/src/model/query_node.ts:1054:13)

  console.log
    [QueryStruct.setParent] Set this.parent to: { parentType: 'table', parentName: 'duckdb:malloytest.state_facts' }

      at QueryStruct.setParent (packages/malloy/src/model/query_node.ts:1067:15)

  console.log
    [QueryFieldStruct constructor] Created QueryStruct: {
      queryStructDefType: 'table',
      queryStructHasParent: true,
      queryStructParentName: 'duckdb:malloytest.state_facts'
    }

      at new QueryFieldStruct (packages/malloy/src/model/query_node.ts:284:13)

  console.log
    [QueryQuery.makeQuery] Called with parentStruct: {
      parentDefType: 'table',
      parentDefName: 'duckdb:malloytest.state_facts',
      parentHasParent: false,
      parentParentName: undefined,
      parentSourceArgs: [ 'state_filter' ],
      isJoinedSubquery: false,
      callStack: 'at Function.makeQuery (/Users/catalinadler/dev/malloy-cata02/packages/malloy/src/model/query_query.ts:173:7)\n' +
        '  at Function.turtleFieldMaker (/Users/catalinadler/dev/malloy-cata02/packages/malloy/src/model/index.ts:48:14)\n' +
        '  at QueryStruct.addFieldsFromFieldList (/Users/catalinadler/dev/malloy-cata02/packages/malloy/src/model/query_node.ts:821:48)\n' +
        '  at new QueryStruct (/Users/catalinadler/dev/malloy-cata02/packages/malloy/src/model/query_node.ts:454:10)\n' +
        '  at QueryModelImpl.getStructFromRef (/Users/catalinadler/dev/malloy-cata02/packages/malloy/src/model/query_model_impl.ts:100:16)\n' +
        '  at QueryModelImpl.loadQuery (/Users/catalinadler/dev/malloy-cata02/packages/malloy/src/model/query_model_impl.ts:185:30)\n' +
        '  at QueryModelImpl.compileQuery (/Users/catalinadler/dev/malloy-cata02/packages/malloy/src/model/query_model_impl.ts:299:19)'
    }

      at Function.makeQuery (packages/malloy/src/model/query_query.ts:178:13)

  console.log
    [QueryQuery.makeQuery] Called with parentStruct: {
      parentDefType: 'table',
      parentDefName: 'duckdb:malloytest.state_facts',
      parentHasParent: false,
      parentParentName: undefined,
      parentSourceArgs: [ 'state_filter' ],
      isJoinedSubquery: false,
      callStack: 'at Function.makeQuery (/Users/catalinadler/dev/malloy-cata02/packages/malloy/src/model/query_query.ts:173:7)\n' +
        '  at QueryModelImpl.loadQuery (/Users/catalinadler/dev/malloy-cata02/packages/malloy/src/model/query_model_impl.ts:208:26)\n' +
        '  at QueryModelImpl.compileQuery (/Users/catalinadler/dev/malloy-cata02/packages/malloy/src/model/query_model_impl.ts:299:19)\n' +
        '  at PreparedQuery.getPreparedResult (/Users/catalinadler/dev/malloy-cata02/packages/malloy/src/malloy.ts:988:40)\n' +
        '  at PreparedResultMaterializer._materialize (/Users/catalinadler/dev/malloy-cata02/packages/malloy/src/malloy.ts:3146:41)\n' +
        '  at async QueryMaterializer.run (/Users/catalinadler/dev/malloy-cata02/packages/malloy/src/malloy.ts:3115:28)\n' +
        '  at async runQuery (/Users/catalinadler/dev/malloy-cata02/test/src/util/db-matcher-support.ts:82:14)'
    }

      at Function.makeQuery (packages/malloy/src/model/query_query.ts:178:13)

  console.log
    [QueryQuery.prepare] About to addStructToJoin with this.parent: {
      parentDefType: 'table',
      parentDefName: 'duckdb:malloytest.state_facts',
      parentHasParent: false,
      parentSourceArgs: [ 'state_filter' ]
    }

      at QueryQueryReduce.prepare (packages/malloy/src/model/query_query.ts:565:15)

  console.log
    [addStructToJoin] Called with QueryStruct: {
      name: 'base',
      qsDefType: 'table',
      qsHasParent: false,
      qsParentName: undefined,
      qsSourceArgs: [ 'state_filter' ]
    }

      at FieldInstanceResultRoot.addStructToJoin (packages/malloy/src/model/field_instance.ts:465:13)

  console.log
    [addStructToJoin] Parent check: {
      hasQsParent: false,
      hasParentStruct: false,
      parentStructName: undefined
    }

      at FieldInstanceResultRoot.addStructToJoin (packages/malloy/src/model/field_instance.ts:488:13)

  console.log
    [addStructToJoin] Creating new JoinInstance

      at FieldInstanceResultRoot.addStructToJoin (packages/malloy/src/model/field_instance.ts:501:15)

  console.log
    [JoinInstance constructor] Creating join instance: {
      alias: 'base',
      qsDefType: 'table',
      qsDefName: 'duckdb:malloytest.state_facts',
      qsHasParent: false,
      qsParentName: undefined,
      qsParentType: undefined
    }

      at new JoinInstance (packages/malloy/src/model/join_instance.ts:25:13)

  console.log
    [getStructSourceSQL] Called with struct type: {
      type: 'table',
      name: 'duckdb:malloytest.state_facts',
      callStackSize: 0
    }

      at QueryQueryReduce.getStructSourceSQL (packages/malloy/src/model/query_query.ts:895:13)

  console.log
    [QueryStruct constructor] Creating: {
      structType: 'finalize',
      structName: '__stage0',
      parentHasStruct: false,
      parentHasModel: true,
      parentStructType: undefined,
      sourceArgKeys: [ 'state_filter' ]
    }

      at new QueryStruct (packages/malloy/src/model/query_node.ts:417:13)

  console.log
    [QueryStruct.setParent] Called for: {
      thisStructType: 'finalize',
      thisStructName: '__stage0',
      parentHasStruct: false,
      parentHasModel: true,
      parentStructType: undefined,
      parentStructName: undefined
    }

      at QueryStruct.setParent (packages/malloy/src/model/query_node.ts:1054:13)

  console.log
    [QueryQuery.makeQuery] Called with parentStruct: {
      parentDefType: 'finalize',
      parentDefName: '__stage0',
      parentHasParent: false,
      parentParentName: undefined,
      parentSourceArgs: [ 'state_filter' ],
      isJoinedSubquery: false,
      callStack: 'at Function.makeQuery (/Users/catalinadler/dev/malloy-cata02/packages/malloy/src/model/query_query.ts:173:7)\n' +
        '  at QueryQueryReduce.generateSQLFromPipeline (/Users/catalinadler/dev/malloy-cata02/packages/malloy/src/model/query_query.ts:2551:30)\n' +
        '  at QueryModelImpl.loadQuery (/Users/catalinadler/dev/malloy-cata02/packages/malloy/src/model/query_model_impl.ts:216:19)\n' +
        '  at QueryModelImpl.compileQuery (/Users/catalinadler/dev/malloy-cata02/packages/malloy/src/model/query_model_impl.ts:299:19)\n' +
        '  at PreparedQuery.getPreparedResult (/Users/catalinadler/dev/malloy-cata02/packages/malloy/src/malloy.ts:988:40)\n' +
        '  at PreparedResultMaterializer._materialize (/Users/catalinadler/dev/malloy-cata02/packages/malloy/src/malloy.ts:3146:41)\n' +
        '  at async QueryMaterializer.run (/Users/catalinadler/dev/malloy-cata02/packages/malloy/src/malloy.ts:3115:28)'
    }

      at Function.makeQuery (packages/malloy/src/model/query_query.ts:178:13)

  console.log
    [QueryQuery.prepare] About to addStructToJoin with this.parent: {
      parentDefType: 'finalize',
      parentDefName: '__stage0',
      parentHasParent: false,
      parentSourceArgs: [ 'state_filter' ]
    }

      at QueryQueryReduce.prepare (packages/malloy/src/model/query_query.ts:565:15)

  console.log
    [addStructToJoin] Called with QueryStruct: {
      name: 'base',
      qsDefType: 'finalize',
      qsHasParent: false,
      qsParentName: undefined,
      qsSourceArgs: [ 'state_filter' ]
    }

      at FieldInstanceResultRoot.addStructToJoin (packages/malloy/src/model/field_instance.ts:465:13)

  console.log
    [addStructToJoin] Parent check: {
      hasQsParent: false,
      hasParentStruct: false,
      parentStructName: undefined
    }

      at FieldInstanceResultRoot.addStructToJoin (packages/malloy/src/model/field_instance.ts:488:13)

  console.log
    [addStructToJoin] Creating new JoinInstance

      at FieldInstanceResultRoot.addStructToJoin (packages/malloy/src/model/field_instance.ts:501:15)

  console.log
    [JoinInstance constructor] Creating join instance: {
      alias: 'base',
      qsDefType: 'finalize',
      qsDefName: '__stage0',
      qsHasParent: false,
      qsParentName: undefined,
      qsParentType: undefined
    }

      at new JoinInstance (packages/malloy/src/model/join_instance.ts:25:13)

  console.log
    [getStructSourceSQL] Called with struct type: { type: 'finalize', name: '__stage0', callStackSize: 0 }

      at QueryQueryReduce.getStructSourceSQL (packages/malloy/src/model/query_query.ts:895:13)

  console.log
    [generateParameterFragment] Looking for parameter: {
      paramName: 'state_filter',
      contextStructName: '__stage0',
      contextArgs: [ 'state_filter' ],
      hasParent: false
    }

      at generateParameterFragment (packages/malloy/src/model/expression_compiler.ts:761:11)

  console.log
    [generateParameterFragment] Parent chain [0]: {
      structName: '__stage0',
      structType: 'finalize',
      hasSourceArgs: true,
      sourceArgKeys: [ 'state_filter' ],
      argKeys: [ 'state_filter' ],
      paramValue: { hasValue: true, valueNode: 'stringLiteral' }
    }

      at generateParameterFragment (packages/malloy/src/model/expression_compiler.ts:772:13)

  console.log
    [ParameterSpace constructor] Created with parameters: [ 'filter_param' ]

      at new ParameterSpace (packages/malloy/src/lang/ast/field-space/parameter-space.ts:29:13)

  console.log
    [StaticSpace.map] Building map for 'duckdb:malloytest.state_facts', is StaticSourceSpace: false, has parameterSpaceRef: N/A

      at RefinedSpace.get map [as map] (packages/malloy/src/lang/ast/field-space/static-space.ts:102:15)

  console.log
    [StaticSpace.map] Adding field 'state', isJoined: false

      at RefinedSpace.get map [as map] (packages/malloy/src/lang/ast/field-space/static-space.ts:113:17)

  console.log
    [StaticSpace.map] Adding field 'aircraft_count', isJoined: false

      at RefinedSpace.get map [as map] (packages/malloy/src/lang/ast/field-space/static-space.ts:113:17)

  console.log
    [StaticSpace.map] Adding field 'airport_count', isJoined: false

      at RefinedSpace.get map [as map] (packages/malloy/src/lang/ast/field-space/static-space.ts:113:17)

  console.log
    [StaticSpace.map] Adding field 'births', isJoined: false

      at RefinedSpace.get map [as map] (packages/malloy/src/lang/ast/field-space/static-space.ts:113:17)

  console.log
    [StaticSpace.map] Adding field 'popular_name', isJoined: false

      at RefinedSpace.get map [as map] (packages/malloy/src/lang/ast/field-space/static-space.ts:113:17)

  console.log
    [ParameterSpace constructor] Created with parameters: [ 'filter_param' ]

      at new ParameterSpace (packages/malloy/src/lang/ast/field-space/parameter-space.ts:29:13)

  console.log
    [ParameterSpace constructor] Created with parameters: [ 'filter_param' ]

      at new ParameterSpace (packages/malloy/src/lang/ast/field-space/parameter-space.ts:29:13)

  console.log
    [StaticSpace.map] Building map for 'duckdb:malloytest.state_facts', is StaticSourceSpace: false, has parameterSpaceRef: N/A

      at ReduceFieldSpace.get map [as map] (packages/malloy/src/lang/ast/field-space/static-space.ts:102:15)

  console.log
    [StaticSpace.lookup] Looking up 'state'

      at QueryInputSpace.lookup (packages/malloy/src/lang/ast/field-space/static-space.ts:176:13)

  console.log
    [QueryInputSpace.entry] Looking up 'state'

      at QueryInputSpace.entry (packages/malloy/src/lang/ast/field-space/query-input-space.ts:108:13)

  console.log
    [StaticSpace.map] Building map for 'duckdb:malloytest.state_facts', is StaticSourceSpace: false, has parameterSpaceRef: N/A

      at QueryInputSpace.get map [as map] (packages/malloy/src/lang/ast/field-space/static-space.ts:102:15)

  console.log
    [StaticSpace.map] Adding field 'state', isJoined: false

      at QueryInputSpace.get map [as map] (packages/malloy/src/lang/ast/field-space/static-space.ts:113:17)

  console.log
    [StaticSpace.map] Adding field 'aircraft_count', isJoined: false

      at QueryInputSpace.get map [as map] (packages/malloy/src/lang/ast/field-space/static-space.ts:113:17)

  console.log
    [StaticSpace.map] Adding field 'airport_count', isJoined: false

      at QueryInputSpace.get map [as map] (packages/malloy/src/lang/ast/field-space/static-space.ts:113:17)

  console.log
    [StaticSpace.map] Adding field 'births', isJoined: false

      at QueryInputSpace.get map [as map] (packages/malloy/src/lang/ast/field-space/static-space.ts:113:17)

  console.log
    [StaticSpace.map] Adding field 'popular_name', isJoined: false

      at QueryInputSpace.get map [as map] (packages/malloy/src/lang/ast/field-space/static-space.ts:113:17)

  console.log
    [QueryInputSpace.entry] Found 'state' in fields

      at QueryInputSpace.entry (packages/malloy/src/lang/ast/field-space/query-input-space.ts:112:15)

  console.log
    [StaticSpace.lookup] Found 'state'

      at QueryInputSpace.lookup (packages/malloy/src/lang/ast/field-space/static-space.ts:188:13)

  console.log
    [StaticSpace.lookup] Looking up 'state'

      at QueryInputSpace.lookup (packages/malloy/src/lang/ast/field-space/static-space.ts:176:13)

  console.log
    [QueryInputSpace.entry] Looking up 'state'

      at QueryInputSpace.entry (packages/malloy/src/lang/ast/field-space/query-input-space.ts:108:13)

  console.log
    [QueryInputSpace.entry] Found 'state' in fields

      at QueryInputSpace.entry (packages/malloy/src/lang/ast/field-space/query-input-space.ts:112:15)

  console.log
    [StaticSpace.lookup] Found 'state'

      at QueryInputSpace.lookup (packages/malloy/src/lang/ast/field-space/static-space.ts:188:13)

  console.log
    [QueryInputSpace.parameterSpace] Called

      at QueryInputSpace.parameterSpace (packages/malloy/src/lang/ast/field-space/query-input-space.ts:84:13)

  console.log
    [ParameterSpace constructor] Created with parameters: [ 'filter_param' ]

      at new ParameterSpace (packages/malloy/src/lang/ast/field-space/parameter-space.ts:29:13)

  console.log
    [QueryInputSpace.parameterSpace] Got from queryOutput: [ 'filter_param' ]

      at QueryInputSpace.parameterSpace (packages/malloy/src/lang/ast/field-space/query-input-space.ts:88:15)

  console.log
    [StaticSpace.lookup] Looking up 'state'

      at QueryInputSpace.lookup (packages/malloy/src/lang/ast/field-space/static-space.ts:176:13)

  console.log
    [QueryInputSpace.entry] Looking up 'state'

      at QueryInputSpace.entry (packages/malloy/src/lang/ast/field-space/query-input-space.ts:108:13)

  console.log
    [QueryInputSpace.entry] Found 'state' in fields

      at QueryInputSpace.entry (packages/malloy/src/lang/ast/field-space/query-input-space.ts:112:15)

  console.log
    [StaticSpace.lookup] Found 'state'

      at QueryInputSpace.lookup (packages/malloy/src/lang/ast/field-space/static-space.ts:188:13)

  console.log
    [StaticSourceSpace constructor] Created with parameterSpaceRef: true source name: query_result

      at new StaticSourceSpace (packages/malloy/src/lang/ast/field-space/static-space.ts:312:13)

  console.log
    [StaticSpace.map] Building map for 'query_result', is StaticSourceSpace: false, has parameterSpaceRef: N/A

      at ReduceFieldSpace.get map [as map] (packages/malloy/src/lang/ast/field-space/static-space.ts:102:15)

  console.log
    [StaticSpace.lookup] Looking up 'state'

      at QueryInputSpace.lookup (packages/malloy/src/lang/ast/field-space/static-space.ts:176:13)

  console.log
    [QueryInputSpace.entry] Looking up 'state'

      at QueryInputSpace.entry (packages/malloy/src/lang/ast/field-space/query-input-space.ts:108:13)

  console.log
    [StaticSpace.map] Building map for 'query_result', is StaticSourceSpace: false, has parameterSpaceRef: N/A

      at QueryInputSpace.get map [as map] (packages/malloy/src/lang/ast/field-space/static-space.ts:102:15)

  console.log
    [StaticSpace.map] Adding field 'state', isJoined: false

      at QueryInputSpace.get map [as map] (packages/malloy/src/lang/ast/field-space/static-space.ts:113:17)

  console.log
    [QueryInputSpace.entry] Found 'state' in fields

      at QueryInputSpace.entry (packages/malloy/src/lang/ast/field-space/query-input-space.ts:112:15)

  console.log
    [StaticSpace.lookup] Found 'state'

      at QueryInputSpace.lookup (packages/malloy/src/lang/ast/field-space/static-space.ts:188:13)

  console.log
    [StaticSpace.lookup] Looking up 'state'

      at QueryInputSpace.lookup (packages/malloy/src/lang/ast/field-space/static-space.ts:176:13)

  console.log
    [QueryInputSpace.entry] Looking up 'state'

      at QueryInputSpace.entry (packages/malloy/src/lang/ast/field-space/query-input-space.ts:108:13)

  console.log
    [QueryInputSpace.entry] Found 'state' in fields

      at QueryInputSpace.entry (packages/malloy/src/lang/ast/field-space/query-input-space.ts:112:15)

  console.log
    [StaticSpace.lookup] Found 'state'

      at QueryInputSpace.lookup (packages/malloy/src/lang/ast/field-space/static-space.ts:188:13)

  console.log
    [QueryInputSpace.parameterSpace] Called

      at QueryInputSpace.parameterSpace (packages/malloy/src/lang/ast/field-space/query-input-space.ts:84:13)

  console.log
    [QueryInputSpace.parameterSpace] Got from queryOutput: [ 'filter_param' ]

      at QueryInputSpace.parameterSpace (packages/malloy/src/lang/ast/field-space/query-input-space.ts:88:15)

  console.log
    [StaticSpace.lookup] Looking up 'state'

      at QueryInputSpace.lookup (packages/malloy/src/lang/ast/field-space/static-space.ts:176:13)

  console.log
    [QueryInputSpace.entry] Looking up 'state'

      at QueryInputSpace.entry (packages/malloy/src/lang/ast/field-space/query-input-space.ts:108:13)

  console.log
    [QueryInputSpace.entry] Found 'state' in fields

      at QueryInputSpace.entry (packages/malloy/src/lang/ast/field-space/query-input-space.ts:112:15)

  console.log
    [StaticSpace.lookup] Found 'state'

      at QueryInputSpace.lookup (packages/malloy/src/lang/ast/field-space/static-space.ts:188:13)

  console.log
    [StaticSourceSpace constructor] Created with parameterSpaceRef: true source name: query_result

      at new StaticSourceSpace (packages/malloy/src/lang/ast/field-space/static-space.ts:312:13)

  console.log
    [StaticSpace.map] Building map for 'query_result', is StaticSourceSpace: false, has parameterSpaceRef: N/A

      at QueryInputSpace.get map [as map] (packages/malloy/src/lang/ast/field-space/static-space.ts:102:15)

  console.log
    [StaticSpace.map] Adding field 'state', isJoined: false

      at QueryInputSpace.get map [as map] (packages/malloy/src/lang/ast/field-space/static-space.ts:113:17)

  console.log
    [StaticSpace.map] Building map for 'query_result', is StaticSourceSpace: false, has parameterSpaceRef: N/A

      at ProjectFieldSpace.get map [as map] (packages/malloy/src/lang/ast/field-space/static-space.ts:102:15)

  console.log
    [StaticSpace.lookup] Looking up 'state'

      at QueryInputSpace.lookup (packages/malloy/src/lang/ast/field-space/static-space.ts:176:13)

  console.log
    [QueryInputSpace.entry] Looking up 'state'

      at QueryInputSpace.entry (packages/malloy/src/lang/ast/field-space/query-input-space.ts:108:13)

  console.log
    [QueryInputSpace.entry] Found 'state' in fields

      at QueryInputSpace.entry (packages/malloy/src/lang/ast/field-space/query-input-space.ts:112:15)

  console.log
    [StaticSpace.lookup] Found 'state'

      at QueryInputSpace.lookup (packages/malloy/src/lang/ast/field-space/static-space.ts:188:13)

  console.log
    [StaticSpace.lookup] Looking up 'filter_param'

      at QueryInputSpace.lookup (packages/malloy/src/lang/ast/field-space/static-space.ts:176:13)

  console.log
    [QueryInputSpace.entry] Looking up 'filter_param'

      at QueryInputSpace.entry (packages/malloy/src/lang/ast/field-space/query-input-space.ts:108:13)

  console.log
    [QueryInputSpace.entry] Found 'filter_param' in fields

      at QueryInputSpace.entry (packages/malloy/src/lang/ast/field-space/query-input-space.ts:112:15)

  console.log
    [StaticSpace.lookup] Found 'filter_param'

      at QueryInputSpace.lookup (packages/malloy/src/lang/ast/field-space/static-space.ts:188:13)

  console.log
    [QueryInputSpace.parameterSpace] Called

      at QueryInputSpace.parameterSpace (packages/malloy/src/lang/ast/field-space/query-input-space.ts:84:13)

  console.log
    [QueryInputSpace.parameterSpace] Got from queryOutput: [ 'filter_param' ]

      at QueryInputSpace.parameterSpace (packages/malloy/src/lang/ast/field-space/query-input-space.ts:88:15)

  console.log
    [SQArrow.getQuery] Called

      at SQArrow.getQuery (packages/malloy/src/lang/ast/source-query-elements/sq-arrow.ts:53:13)

  console.log
    [SQArrow.getQuery] LHS is: namedSource, instanceof Source: true

      at SQArrow.getQuery (packages/malloy/src/lang/ast/source-query-elements/sq-arrow.ts:72:13)

  console.log
    [ParameterSpace constructor] Created with parameters: []

      at new ParameterSpace (packages/malloy/src/lang/ast/field-space/parameter-space.ts:29:13)

  console.log
    [SQArrow.getQuery] sourceDef.parameters: []

      at SQArrow.getQuery (packages/malloy/src/lang/ast/source-query-elements/sq-arrow.ts:80:15)

  console.log
    [SQArrow.getQuery] sourceDef.arguments: [ 'filter_param' ]

      at SQArrow.getQuery (packages/malloy/src/lang/ast/source-query-elements/sq-arrow.ts:84:15)

  console.log
    [ParameterSpace constructor] Created with parameters: [ 'filter_param' ]

      at new ParameterSpace (packages/malloy/src/lang/ast/field-space/parameter-space.ts:29:13)

  console.log
    [SQArrow.getQuery] Created parameterSpace from source arguments: [ 'filter_param' ]

      at SQArrow.getQuery (packages/malloy/src/lang/ast/source-query-elements/sq-arrow.ts:103:17)

  console.log
    [QueryArrow constructor] Created with source: namedSource, parameterSpace: [ 'filter_param' ]

      at new QueryArrow (packages/malloy/src/lang/ast/query-elements/query-arrow.ts:60:15)

  console.log
    [StaticSourceSpace constructor] Created with parameterSpaceRef: true source name: duckdb:malloytest.state_facts

      at new StaticSourceSpace (packages/malloy/src/lang/ast/field-space/static-space.ts:312:13)

  console.log
    [QueryArrow.queryComp] Source: namedSource, fieldSpace WITH parameterSpace: [ 'filter_param' ]

      at QueryArrow.queryComp (packages/malloy/src/lang/ast/query-elements/query-arrow.ts:120:17)

  console.log
    [QueryArrow.queryComp] Calling view.pipelineComp with fieldSpace

      at QueryArrow.queryComp (packages/malloy/src/lang/ast/query-elements/query-arrow.ts:161:13)

  console.log
    [StaticSourceSpace.lookup] Looking up 'three_stages'

      at StaticSourceSpace.lookup (packages/malloy/src/lang/ast/field-space/static-space.ts:403:13)

  console.log
    [StaticSourceSpace.entry] Looking up 'three_stages', has parameterSpaceRef: true

      at StaticSourceSpace.entry (packages/malloy/src/lang/ast/field-space/static-space.ts:369:13)

  console.log
    [StaticSpace.map] Building map for 'duckdb:malloytest.state_facts', is StaticSourceSpace: true, has parameterSpaceRef: true

      at StaticSourceSpace.get map [as map] (packages/malloy/src/lang/ast/field-space/static-space.ts:102:15)

  console.log
    [StaticSpace.map] Adding field 'state', isJoined: false

      at StaticSourceSpace.get map [as map] (packages/malloy/src/lang/ast/field-space/static-space.ts:113:17)

  console.log
    [StaticSourceSpace.defToSpaceField] Field 'state', isJoined: false, has parameterSpaceRef: true, creation #6

      at StaticSourceSpace.defToSpaceField (packages/malloy/src/lang/ast/field-space/static-space.ts:339:13)

  console.log
    [StaticSpace.map] Adding field 'aircraft_count', isJoined: false

      at StaticSourceSpace.get map [as map] (packages/malloy/src/lang/ast/field-space/static-space.ts:113:17)

  console.log
    [StaticSourceSpace.defToSpaceField] Field 'aircraft_count', isJoined: false, has parameterSpaceRef: true, creation #6

      at StaticSourceSpace.defToSpaceField (packages/malloy/src/lang/ast/field-space/static-space.ts:339:13)

  console.log
    [StaticSpace.map] Adding field 'airport_count', isJoined: false

      at StaticSourceSpace.get map [as map] (packages/malloy/src/lang/ast/field-space/static-space.ts:113:17)

  console.log
    [StaticSourceSpace.defToSpaceField] Field 'airport_count', isJoined: false, has parameterSpaceRef: true, creation #6

      at StaticSourceSpace.defToSpaceField (packages/malloy/src/lang/ast/field-space/static-space.ts:339:13)

  console.log
    [StaticSpace.map] Adding field 'births', isJoined: false

      at StaticSourceSpace.get map [as map] (packages/malloy/src/lang/ast/field-space/static-space.ts:113:17)

  console.log
    [StaticSourceSpace.defToSpaceField] Field 'births', isJoined: false, has parameterSpaceRef: true, creation #6

      at StaticSourceSpace.defToSpaceField (packages/malloy/src/lang/ast/field-space/static-space.ts:339:13)

  console.log
    [StaticSpace.map] Adding field 'popular_name', isJoined: false

      at StaticSourceSpace.get map [as map] (packages/malloy/src/lang/ast/field-space/static-space.ts:113:17)

  console.log
    [StaticSourceSpace.defToSpaceField] Field 'popular_name', isJoined: false, has parameterSpaceRef: true, creation #6

      at StaticSourceSpace.defToSpaceField (packages/malloy/src/lang/ast/field-space/static-space.ts:339:13)

  console.log
    [StaticSpace.map] Adding field 'three_stages', isJoined: false

      at StaticSourceSpace.get map [as map] (packages/malloy/src/lang/ast/field-space/static-space.ts:113:17)

  console.log
    [StaticSourceSpace.defToSpaceField] Field 'three_stages', isJoined: false, has parameterSpaceRef: true, creation #1

      at StaticSourceSpace.defToSpaceField (packages/malloy/src/lang/ast/field-space/static-space.ts:339:13)

  console.log
    [StaticSourceSpace.entry] Found 'three_stages' in fields

      at StaticSourceSpace.entry (packages/malloy/src/lang/ast/field-space/static-space.ts:376:15)

  console.log
    [StaticSourceSpace.lookup] Found 'three_stages'

      at StaticSourceSpace.lookup (packages/malloy/src/lang/ast/field-space/static-space.ts:415:13)

  console.log
    [QueryArrow.queryComp] Creating comp.query: {
      inputStructName: 'duckdb:malloytest.state_facts',
      inputStructType: 'table',
      inputStructArguments: [ 'filter_param' ],
      sourceArgumentsKeys: [ 'filter_param' ],
      sourceArgumentsHasValues: [ [ 'filter_param', true ] ],
      pipelineLength: 3
    }

      at QueryArrow.queryComp (packages/malloy/src/lang/ast/query-elements/query-arrow.ts:244:13)


>>> QueryModelImpl constructor called <<<
  console.log
    [QueryStruct constructor] Creating: {
      structType: 'table',
      structName: 'duckdb:malloytest.state_facts',
      parentHasStruct: false,
      parentHasModel: true,
      parentStructType: undefined,
      sourceArgKeys: []
    }

      at new QueryStruct (packages/malloy/src/model/query_node.ts:417:13)

  console.log
    [QueryStruct.setParent] Called for: {
      thisStructType: 'table',
      thisStructName: 'duckdb:malloytest.state_facts',
      parentHasStruct: false,
      parentHasModel: true,
      parentStructType: undefined,
      parentStructName: undefined
    }

      at QueryStruct.setParent (packages/malloy/src/model/query_node.ts:1054:13)

  console.log
    [QueryQuery.makeQuery] Called with parentStruct: {
      parentDefType: 'table',
      parentDefName: 'duckdb:malloytest.state_facts',
      parentHasParent: false,
      parentParentName: undefined,
      parentSourceArgs: [],
      isJoinedSubquery: false,
      callStack: 'at Function.makeQuery (/Users/catalinadler/dev/malloy-cata02/packages/malloy/src/model/query_query.ts:173:7)\n' +
        '  at Function.turtleFieldMaker (/Users/catalinadler/dev/malloy-cata02/packages/malloy/src/model/index.ts:48:14)\n' +
        '  at QueryStruct.addFieldsFromFieldList (/Users/catalinadler/dev/malloy-cata02/packages/malloy/src/model/query_node.ts:821:48)\n' +
        '  at new QueryStruct (/Users/catalinadler/dev/malloy-cata02/packages/malloy/src/model/query_node.ts:454:10)\n' +
        '  at QueryModelImpl.loadModelFromDef (/Users/catalinadler/dev/malloy-cata02/packages/malloy/src/model/query_model_impl.ts:70:14)\n' +
        '  at new QueryModelImpl (/Users/catalinadler/dev/malloy-cata02/packages/malloy/src/model/query_model_impl.ts:51:12)\n' +
        '  at PreparedQuery.getPreparedResult (/Users/catalinadler/dev/malloy-cata02/packages/malloy/src/malloy.ts:987:24)'
    }

      at Function.makeQuery (packages/malloy/src/model/query_query.ts:178:13)


>>> [compileQuery] CALLED! hasSourceArguments=true, keys=filter_param <<<
  console.log
    [compileQuery] Called with query: {
      hasSourceArguments: true,
      sourceArgumentsKeys: [ 'filter_param' ],
      sourceArgumentsStringified: '{"filter_param":{"type":"string","value":{"node":"stringLiteral","literal":"CA"},"name":"filter_param"}}'
    }

      at QueryModelImpl.compileQuery (packages/malloy/src/model/query_model_impl.ts:283:13)

  console.log
    [QueryModelImpl.loadQuery] CALLED FROM: QUERY_COMPILATION { isJoinedSubquery: false, hasArgs: true }

      at QueryModelImpl.loadQuery (packages/malloy/src/model/query_model_impl.ts:148:13)

  console.log
    [QueryModelImpl.loadQuery] query object: {
      hasStructRef: true,
      structRefType: 'string',
      structRefName: 'state_facts',
      hasSourceArguments: true,
      sourceArgumentsType: 'object',
      sourceArgumentsKeys: [ 'filter_param' ],
      sourceArgumentsStringified: '{"filter_param":{"type":"string","value":{"node":"stringLiteral","literal":"CA"},"name":"filter_param"}}',
      structRefIsObject: false,
      structRefHasArguments: false,
      structRefArgumentsKeys: [],
      structRefArgumentsStringified: 'none'
    }

      at QueryModelImpl.loadQuery (packages/malloy/src/model/query_model_impl.ts:155:13)

  console.log
    [QueryStruct constructor] Creating: {
      structType: 'table',
      structName: 'duckdb:malloytest.state_facts',
      parentHasStruct: false,
      parentHasModel: true,
      parentStructType: undefined,
      sourceArgKeys: [ 'filter_param' ]
    }

      at new QueryStruct (packages/malloy/src/model/query_node.ts:417:13)

  console.log
    [QueryStruct.setParent] Called for: {
      thisStructType: 'table',
      thisStructName: 'duckdb:malloytest.state_facts',
      parentHasStruct: false,
      parentHasModel: true,
      parentStructType: undefined,
      parentStructName: undefined
    }

      at QueryStruct.setParent (packages/malloy/src/model/query_node.ts:1054:13)

  console.log
    [QueryQuery.makeQuery] Called with parentStruct: {
      parentDefType: 'table',
      parentDefName: 'duckdb:malloytest.state_facts',
      parentHasParent: false,
      parentParentName: undefined,
      parentSourceArgs: [ 'filter_param' ],
      isJoinedSubquery: false,
      callStack: 'at Function.makeQuery (/Users/catalinadler/dev/malloy-cata02/packages/malloy/src/model/query_query.ts:173:7)\n' +
        '  at Function.turtleFieldMaker (/Users/catalinadler/dev/malloy-cata02/packages/malloy/src/model/index.ts:48:14)\n' +
        '  at QueryStruct.addFieldsFromFieldList (/Users/catalinadler/dev/malloy-cata02/packages/malloy/src/model/query_node.ts:821:48)\n' +
        '  at new QueryStruct (/Users/catalinadler/dev/malloy-cata02/packages/malloy/src/model/query_node.ts:454:10)\n' +
        '  at QueryModelImpl.getStructFromRef (/Users/catalinadler/dev/malloy-cata02/packages/malloy/src/model/query_model_impl.ts:100:16)\n' +
        '  at QueryModelImpl.loadQuery (/Users/catalinadler/dev/malloy-cata02/packages/malloy/src/model/query_model_impl.ts:185:30)\n' +
        '  at QueryModelImpl.compileQuery (/Users/catalinadler/dev/malloy-cata02/packages/malloy/src/model/query_model_impl.ts:299:19)'
    }

      at Function.makeQuery (packages/malloy/src/model/query_query.ts:178:13)

  console.log
    [QueryQuery.makeQuery] Called with parentStruct: {
      parentDefType: 'table',
      parentDefName: 'duckdb:malloytest.state_facts',
      parentHasParent: false,
      parentParentName: undefined,
      parentSourceArgs: [ 'filter_param' ],
      isJoinedSubquery: false,
      callStack: 'at Function.makeQuery (/Users/catalinadler/dev/malloy-cata02/packages/malloy/src/model/query_query.ts:173:7)\n' +
        '  at QueryModelImpl.loadQuery (/Users/catalinadler/dev/malloy-cata02/packages/malloy/src/model/query_model_impl.ts:208:26)\n' +
        '  at QueryModelImpl.compileQuery (/Users/catalinadler/dev/malloy-cata02/packages/malloy/src/model/query_model_impl.ts:299:19)\n' +
        '  at PreparedQuery.getPreparedResult (/Users/catalinadler/dev/malloy-cata02/packages/malloy/src/malloy.ts:988:40)\n' +
        '  at PreparedResultMaterializer._materialize (/Users/catalinadler/dev/malloy-cata02/packages/malloy/src/malloy.ts:3146:41)\n' +
        '  at async QueryMaterializer.run (/Users/catalinadler/dev/malloy-cata02/packages/malloy/src/malloy.ts:3115:28)\n' +
        '  at async runQuery (/Users/catalinadler/dev/malloy-cata02/test/src/util/db-matcher-support.ts:82:14)'
    }

      at Function.makeQuery (packages/malloy/src/model/query_query.ts:178:13)

  console.log
    [QueryQuery.prepare] About to addStructToJoin with this.parent: {
      parentDefType: 'table',
      parentDefName: 'duckdb:malloytest.state_facts',
      parentHasParent: false,
      parentSourceArgs: [ 'filter_param' ]
    }

      at QueryQueryReduce.prepare (packages/malloy/src/model/query_query.ts:565:15)

  console.log
    [addStructToJoin] Called with QueryStruct: {
      name: 'base',
      qsDefType: 'table',
      qsHasParent: false,
      qsParentName: undefined,
      qsSourceArgs: [ 'filter_param' ]
    }

      at FieldInstanceResultRoot.addStructToJoin (packages/malloy/src/model/field_instance.ts:465:13)

  console.log
    [addStructToJoin] Parent check: {
      hasQsParent: false,
      hasParentStruct: false,
      parentStructName: undefined
    }

      at FieldInstanceResultRoot.addStructToJoin (packages/malloy/src/model/field_instance.ts:488:13)

  console.log
    [addStructToJoin] Creating new JoinInstance

      at FieldInstanceResultRoot.addStructToJoin (packages/malloy/src/model/field_instance.ts:501:15)

  console.log
    [JoinInstance constructor] Creating join instance: {
      alias: 'base',
      qsDefType: 'table',
      qsDefName: 'duckdb:malloytest.state_facts',
      qsHasParent: false,
      qsParentName: undefined,
      qsParentType: undefined
    }

      at new JoinInstance (packages/malloy/src/model/join_instance.ts:25:13)

  console.log
    [getStructSourceSQL] Called with struct type: {
      type: 'table',
      name: 'duckdb:malloytest.state_facts',
      callStackSize: 0
    }

      at QueryQueryReduce.getStructSourceSQL (packages/malloy/src/model/query_query.ts:895:13)

  console.log
    [QueryStruct constructor] Creating: {
      structType: 'finalize',
      structName: '__stage0',
      parentHasStruct: false,
      parentHasModel: true,
      parentStructType: undefined,
      sourceArgKeys: [ 'filter_param' ]
    }

      at new QueryStruct (packages/malloy/src/model/query_node.ts:417:13)

  console.log
    [QueryStruct.setParent] Called for: {
      thisStructType: 'finalize',
      thisStructName: '__stage0',
      parentHasStruct: false,
      parentHasModel: true,
      parentStructType: undefined,
      parentStructName: undefined
    }

      at QueryStruct.setParent (packages/malloy/src/model/query_node.ts:1054:13)

  console.log
    [QueryQuery.makeQuery] Called with parentStruct: {
      parentDefType: 'finalize',
      parentDefName: '__stage0',
      parentHasParent: false,
      parentParentName: undefined,
      parentSourceArgs: [ 'filter_param' ],
      isJoinedSubquery: false,
      callStack: 'at Function.makeQuery (/Users/catalinadler/dev/malloy-cata02/packages/malloy/src/model/query_query.ts:173:7)\n' +
        '  at QueryQueryReduce.generateSQLFromPipeline (/Users/catalinadler/dev/malloy-cata02/packages/malloy/src/model/query_query.ts:2551:30)\n' +
        '  at QueryModelImpl.loadQuery (/Users/catalinadler/dev/malloy-cata02/packages/malloy/src/model/query_model_impl.ts:216:19)\n' +
        '  at QueryModelImpl.compileQuery (/Users/catalinadler/dev/malloy-cata02/packages/malloy/src/model/query_model_impl.ts:299:19)\n' +
        '  at PreparedQuery.getPreparedResult (/Users/catalinadler/dev/malloy-cata02/packages/malloy/src/malloy.ts:988:40)\n' +
        '  at PreparedResultMaterializer._materialize (/Users/catalinadler/dev/malloy-cata02/packages/malloy/src/malloy.ts:3146:41)\n' +
        '  at async QueryMaterializer.run (/Users/catalinadler/dev/malloy-cata02/packages/malloy/src/malloy.ts:3115:28)'
    }

      at Function.makeQuery (packages/malloy/src/model/query_query.ts:178:13)

  console.log
    [QueryQuery.prepare] About to addStructToJoin with this.parent: {
      parentDefType: 'finalize',
      parentDefName: '__stage0',
      parentHasParent: false,
      parentSourceArgs: [ 'filter_param' ]
    }

      at QueryQueryReduce.prepare (packages/malloy/src/model/query_query.ts:565:15)

  console.log
    [addStructToJoin] Called with QueryStruct: {
      name: 'base',
      qsDefType: 'finalize',
      qsHasParent: false,
      qsParentName: undefined,
      qsSourceArgs: [ 'filter_param' ]
    }

      at FieldInstanceResultRoot.addStructToJoin (packages/malloy/src/model/field_instance.ts:465:13)

  console.log
    [addStructToJoin] Parent check: {
      hasQsParent: false,
      hasParentStruct: false,
      parentStructName: undefined
    }

      at FieldInstanceResultRoot.addStructToJoin (packages/malloy/src/model/field_instance.ts:488:13)

  console.log
    [addStructToJoin] Creating new JoinInstance

      at FieldInstanceResultRoot.addStructToJoin (packages/malloy/src/model/field_instance.ts:501:15)

  console.log
    [JoinInstance constructor] Creating join instance: {
      alias: 'base',
      qsDefType: 'finalize',
      qsDefName: '__stage0',
      qsHasParent: false,
      qsParentName: undefined,
      qsParentType: undefined
    }

      at new JoinInstance (packages/malloy/src/model/join_instance.ts:25:13)

  console.log
    [getStructSourceSQL] Called with struct type: { type: 'finalize', name: '__stage0', callStackSize: 0 }

      at QueryQueryReduce.getStructSourceSQL (packages/malloy/src/model/query_query.ts:895:13)

  console.log
    [QueryStruct constructor] Creating: {
      structType: 'finalize',
      structName: '__stage1',
      parentHasStruct: false,
      parentHasModel: true,
      parentStructType: undefined,
      sourceArgKeys: [ 'filter_param' ]
    }

      at new QueryStruct (packages/malloy/src/model/query_node.ts:417:13)

  console.log
    [QueryStruct.setParent] Called for: {
      thisStructType: 'finalize',
      thisStructName: '__stage1',
      parentHasStruct: false,
      parentHasModel: true,
      parentStructType: undefined,
      parentStructName: undefined
    }

      at QueryStruct.setParent (packages/malloy/src/model/query_node.ts:1054:13)

  console.log
    [QueryQuery.makeQuery] Called with parentStruct: {
      parentDefType: 'finalize',
      parentDefName: '__stage1',
      parentHasParent: false,
      parentParentName: undefined,
      parentSourceArgs: [ 'filter_param' ],
      isJoinedSubquery: false,
      callStack: 'at Function.makeQuery (/Users/catalinadler/dev/malloy-cata02/packages/malloy/src/model/query_query.ts:173:7)\n' +
        '  at QueryQueryReduce.generateSQLFromPipeline (/Users/catalinadler/dev/malloy-cata02/packages/malloy/src/model/query_query.ts:2551:30)\n' +
        '  at QueryModelImpl.loadQuery (/Users/catalinadler/dev/malloy-cata02/packages/malloy/src/model/query_model_impl.ts:216:19)\n' +
        '  at QueryModelImpl.compileQuery (/Users/catalinadler/dev/malloy-cata02/packages/malloy/src/model/query_model_impl.ts:299:19)\n' +
        '  at PreparedQuery.getPreparedResult (/Users/catalinadler/dev/malloy-cata02/packages/malloy/src/malloy.ts:988:40)\n' +
        '  at PreparedResultMaterializer._materialize (/Users/catalinadler/dev/malloy-cata02/packages/malloy/src/malloy.ts:3146:41)\n' +
        '  at async QueryMaterializer.run (/Users/catalinadler/dev/malloy-cata02/packages/malloy/src/malloy.ts:3115:28)'
    }

      at Function.makeQuery (packages/malloy/src/model/query_query.ts:178:13)

  console.log
    [QueryQuery.prepare] About to addStructToJoin with this.parent: {
      parentDefType: 'finalize',
      parentDefName: '__stage1',
      parentHasParent: false,
      parentSourceArgs: [ 'filter_param' ]
    }

      at QueryQueryProject.prepare (packages/malloy/src/model/query_query.ts:565:15)

  console.log
    [addStructToJoin] Called with QueryStruct: {
      name: 'base',
      qsDefType: 'finalize',
      qsHasParent: false,
      qsParentName: undefined,
      qsSourceArgs: [ 'filter_param' ]
    }

      at FieldInstanceResultRoot.addStructToJoin (packages/malloy/src/model/field_instance.ts:465:13)

  console.log
    [addStructToJoin] Parent check: {
      hasQsParent: false,
      hasParentStruct: false,
      parentStructName: undefined
    }

      at FieldInstanceResultRoot.addStructToJoin (packages/malloy/src/model/field_instance.ts:488:13)

  console.log
    [addStructToJoin] Creating new JoinInstance

      at FieldInstanceResultRoot.addStructToJoin (packages/malloy/src/model/field_instance.ts:501:15)

  console.log
    [JoinInstance constructor] Creating join instance: {
      alias: 'base',
      qsDefType: 'finalize',
      qsDefName: '__stage1',
      qsHasParent: false,
      qsParentName: undefined,
      qsParentType: undefined
    }

      at new JoinInstance (packages/malloy/src/model/join_instance.ts:25:13)

  console.log
    [getStructSourceSQL] Called with struct type: { type: 'finalize', name: '__stage1', callStackSize: 0 }

      at QueryQueryProject.getStructSourceSQL (packages/malloy/src/model/query_query.ts:895:13)

  console.log
    [generateParameterFragment] Looking for parameter: {
      paramName: 'filter_param',
      contextStructName: '__stage1',
      contextArgs: [ 'filter_param' ],
      hasParent: false
    }

      at generateParameterFragment (packages/malloy/src/model/expression_compiler.ts:761:11)

  console.log
    [generateParameterFragment] Parent chain [0]: {
      structName: '__stage1',
      structType: 'finalize',
      hasSourceArgs: true,
      sourceArgKeys: [ 'filter_param' ],
      argKeys: [ 'filter_param' ],
      paramValue: { hasValue: true, valueNode: 'stringLiteral' }
    }

      at generateParameterFragment (packages/malloy/src/model/expression_compiler.ts:772:13)

  console.log
    [ParameterSpace constructor] Created with parameters: [ 'filter_val' ]

      at new ParameterSpace (packages/malloy/src/lang/ast/field-space/parameter-space.ts:29:13)

  console.log
    [StaticSpace.map] Building map for 'duckdb:malloytest.state_facts', is StaticSourceSpace: false, has parameterSpaceRef: N/A

      at RefinedSpace.get map [as map] (packages/malloy/src/lang/ast/field-space/static-space.ts:102:15)

  console.log
    [StaticSpace.map] Adding field 'state', isJoined: false

      at RefinedSpace.get map [as map] (packages/malloy/src/lang/ast/field-space/static-space.ts:113:17)

  console.log
    [StaticSpace.map] Adding field 'aircraft_count', isJoined: false

      at RefinedSpace.get map [as map] (packages/malloy/src/lang/ast/field-space/static-space.ts:113:17)

  console.log
    [StaticSpace.map] Adding field 'airport_count', isJoined: false

      at RefinedSpace.get map [as map] (packages/malloy/src/lang/ast/field-space/static-space.ts:113:17)

  console.log
    [StaticSpace.map] Adding field 'births', isJoined: false

      at RefinedSpace.get map [as map] (packages/malloy/src/lang/ast/field-space/static-space.ts:113:17)

  console.log
    [StaticSpace.map] Adding field 'popular_name', isJoined: false

      at RefinedSpace.get map [as map] (packages/malloy/src/lang/ast/field-space/static-space.ts:113:17)

  console.log
    [ParameterSpace constructor] Created with parameters: [ 'filter_val' ]

      at new ParameterSpace (packages/malloy/src/lang/ast/field-space/parameter-space.ts:29:13)

  console.log
    [ParameterSpace constructor] Created with parameters: [ 'filter_val' ]

      at new ParameterSpace (packages/malloy/src/lang/ast/field-space/parameter-space.ts:29:13)

  console.log
    [StaticSpace.map] Building map for 'duckdb:malloytest.state_facts', is StaticSourceSpace: false, has parameterSpaceRef: N/A

      at ReduceFieldSpace.get map [as map] (packages/malloy/src/lang/ast/field-space/static-space.ts:102:15)

  console.log
    [StaticSpace.lookup] Looking up 'state'

      at QueryInputSpace.lookup (packages/malloy/src/lang/ast/field-space/static-space.ts:176:13)

  console.log
    [QueryInputSpace.entry] Looking up 'state'

      at QueryInputSpace.entry (packages/malloy/src/lang/ast/field-space/query-input-space.ts:108:13)

  console.log
    [StaticSpace.map] Building map for 'duckdb:malloytest.state_facts', is StaticSourceSpace: false, has parameterSpaceRef: N/A

      at QueryInputSpace.get map [as map] (packages/malloy/src/lang/ast/field-space/static-space.ts:102:15)

  console.log
    [StaticSpace.map] Adding field 'state', isJoined: false

      at QueryInputSpace.get map [as map] (packages/malloy/src/lang/ast/field-space/static-space.ts:113:17)

  console.log
    [StaticSpace.map] Adding field 'aircraft_count', isJoined: false

      at QueryInputSpace.get map [as map] (packages/malloy/src/lang/ast/field-space/static-space.ts:113:17)

  console.log
    [StaticSpace.map] Adding field 'airport_count', isJoined: false

      at QueryInputSpace.get map [as map] (packages/malloy/src/lang/ast/field-space/static-space.ts:113:17)

  console.log
    [StaticSpace.map] Adding field 'births', isJoined: false

      at QueryInputSpace.get map [as map] (packages/malloy/src/lang/ast/field-space/static-space.ts:113:17)

  console.log
    [StaticSpace.map] Adding field 'popular_name', isJoined: false

      at QueryInputSpace.get map [as map] (packages/malloy/src/lang/ast/field-space/static-space.ts:113:17)

  console.log
    [QueryInputSpace.entry] Found 'state' in fields

      at QueryInputSpace.entry (packages/malloy/src/lang/ast/field-space/query-input-space.ts:112:15)

  console.log
    [StaticSpace.lookup] Found 'state'

      at QueryInputSpace.lookup (packages/malloy/src/lang/ast/field-space/static-space.ts:188:13)

  console.log
    [StaticSpace.lookup] Looking up 'state'

      at QueryInputSpace.lookup (packages/malloy/src/lang/ast/field-space/static-space.ts:176:13)

  console.log
    [QueryInputSpace.entry] Looking up 'state'

      at QueryInputSpace.entry (packages/malloy/src/lang/ast/field-space/query-input-space.ts:108:13)

  console.log
    [QueryInputSpace.entry] Found 'state' in fields

      at QueryInputSpace.entry (packages/malloy/src/lang/ast/field-space/query-input-space.ts:112:15)

  console.log
    [StaticSpace.lookup] Found 'state'

      at QueryInputSpace.lookup (packages/malloy/src/lang/ast/field-space/static-space.ts:188:13)

  console.log
    [QueryInputSpace.parameterSpace] Called

      at QueryInputSpace.parameterSpace (packages/malloy/src/lang/ast/field-space/query-input-space.ts:84:13)

  console.log
    [ParameterSpace constructor] Created with parameters: [ 'filter_val' ]

      at new ParameterSpace (packages/malloy/src/lang/ast/field-space/parameter-space.ts:29:13)

  console.log
    [QueryInputSpace.parameterSpace] Got from queryOutput: [ 'filter_val' ]

      at QueryInputSpace.parameterSpace (packages/malloy/src/lang/ast/field-space/query-input-space.ts:88:15)

  console.log
    [StaticSpace.lookup] Looking up 'state'

      at QueryInputSpace.lookup (packages/malloy/src/lang/ast/field-space/static-space.ts:176:13)

  console.log
    [QueryInputSpace.entry] Looking up 'state'

      at QueryInputSpace.entry (packages/malloy/src/lang/ast/field-space/query-input-space.ts:108:13)

  console.log
    [QueryInputSpace.entry] Found 'state' in fields

      at QueryInputSpace.entry (packages/malloy/src/lang/ast/field-space/query-input-space.ts:112:15)

  console.log
    [StaticSpace.lookup] Found 'state'

      at QueryInputSpace.lookup (packages/malloy/src/lang/ast/field-space/static-space.ts:188:13)

  console.log
    [StaticSourceSpace constructor] Created with parameterSpaceRef: true source name: query_result

      at new StaticSourceSpace (packages/malloy/src/lang/ast/field-space/static-space.ts:312:13)

  console.log
    [StaticSpace.map] Building map for 'query_result', is StaticSourceSpace: false, has parameterSpaceRef: N/A

      at ReduceFieldSpace.get map [as map] (packages/malloy/src/lang/ast/field-space/static-space.ts:102:15)

  console.log
    [StaticSpace.lookup] Looking up 'state'

      at QueryInputSpace.lookup (packages/malloy/src/lang/ast/field-space/static-space.ts:176:13)

  console.log
    [QueryInputSpace.entry] Looking up 'state'

      at QueryInputSpace.entry (packages/malloy/src/lang/ast/field-space/query-input-space.ts:108:13)

  console.log
    [StaticSpace.map] Building map for 'query_result', is StaticSourceSpace: false, has parameterSpaceRef: N/A

      at QueryInputSpace.get map [as map] (packages/malloy/src/lang/ast/field-space/static-space.ts:102:15)

  console.log
    [StaticSpace.map] Adding field 'state', isJoined: false

      at QueryInputSpace.get map [as map] (packages/malloy/src/lang/ast/field-space/static-space.ts:113:17)

  console.log
    [StaticSpace.map] Adding field 'total', isJoined: false

      at QueryInputSpace.get map [as map] (packages/malloy/src/lang/ast/field-space/static-space.ts:113:17)

  console.log
    [QueryInputSpace.entry] Found 'state' in fields

      at QueryInputSpace.entry (packages/malloy/src/lang/ast/field-space/query-input-space.ts:112:15)

  console.log
    [StaticSpace.lookup] Found 'state'

      at QueryInputSpace.lookup (packages/malloy/src/lang/ast/field-space/static-space.ts:188:13)

  console.log
    [StaticSpace.lookup] Looking up 'state'

      at QueryInputSpace.lookup (packages/malloy/src/lang/ast/field-space/static-space.ts:176:13)

  console.log
    [QueryInputSpace.entry] Looking up 'state'

      at QueryInputSpace.entry (packages/malloy/src/lang/ast/field-space/query-input-space.ts:108:13)

  console.log
    [QueryInputSpace.entry] Found 'state' in fields

      at QueryInputSpace.entry (packages/malloy/src/lang/ast/field-space/query-input-space.ts:112:15)

  console.log
    [StaticSpace.lookup] Found 'state'

      at QueryInputSpace.lookup (packages/malloy/src/lang/ast/field-space/static-space.ts:188:13)

  console.log
    [StaticSpace.lookup] Looking up 'total'

      at QueryInputSpace.lookup (packages/malloy/src/lang/ast/field-space/static-space.ts:176:13)

  console.log
    [QueryInputSpace.entry] Looking up 'total'

      at QueryInputSpace.entry (packages/malloy/src/lang/ast/field-space/query-input-space.ts:108:13)

  console.log
    [QueryInputSpace.entry] Found 'total' in fields

      at QueryInputSpace.entry (packages/malloy/src/lang/ast/field-space/query-input-space.ts:112:15)

  console.log
    [StaticSpace.lookup] Found 'total'

      at QueryInputSpace.lookup (packages/malloy/src/lang/ast/field-space/static-space.ts:188:13)

  console.log
    [StaticSpace.lookup] Looking up 'total'

      at QueryInputSpace.lookup (packages/malloy/src/lang/ast/field-space/static-space.ts:176:13)

  console.log
    [QueryInputSpace.entry] Looking up 'total'

      at QueryInputSpace.entry (packages/malloy/src/lang/ast/field-space/query-input-space.ts:108:13)

  console.log
    [QueryInputSpace.entry] Found 'total' in fields

      at QueryInputSpace.entry (packages/malloy/src/lang/ast/field-space/query-input-space.ts:112:15)

  console.log
    [StaticSpace.lookup] Found 'total'

      at QueryInputSpace.lookup (packages/malloy/src/lang/ast/field-space/static-space.ts:188:13)

  console.log
    [QueryInputSpace.parameterSpace] Called

      at QueryInputSpace.parameterSpace (packages/malloy/src/lang/ast/field-space/query-input-space.ts:84:13)

  console.log
    [QueryInputSpace.parameterSpace] Got from queryOutput: [ 'filter_val' ]

      at QueryInputSpace.parameterSpace (packages/malloy/src/lang/ast/field-space/query-input-space.ts:88:15)

  console.log
    [StaticSpace.lookup] Looking up 'state'

      at QueryInputSpace.lookup (packages/malloy/src/lang/ast/field-space/static-space.ts:176:13)

  console.log
    [QueryInputSpace.entry] Looking up 'state'

      at QueryInputSpace.entry (packages/malloy/src/lang/ast/field-space/query-input-space.ts:108:13)

  console.log
    [QueryInputSpace.entry] Found 'state' in fields

      at QueryInputSpace.entry (packages/malloy/src/lang/ast/field-space/query-input-space.ts:112:15)

  console.log
    [StaticSpace.lookup] Found 'state'

      at QueryInputSpace.lookup (packages/malloy/src/lang/ast/field-space/static-space.ts:188:13)

  console.log
    [StaticSpace.lookup] Looking up 'total'

      at QueryInputSpace.lookup (packages/malloy/src/lang/ast/field-space/static-space.ts:176:13)

  console.log
    [QueryInputSpace.entry] Looking up 'total'

      at QueryInputSpace.entry (packages/malloy/src/lang/ast/field-space/query-input-space.ts:108:13)

  console.log
    [QueryInputSpace.entry] Found 'total' in fields

      at QueryInputSpace.entry (packages/malloy/src/lang/ast/field-space/query-input-space.ts:112:15)

  console.log
    [StaticSpace.lookup] Found 'total'

      at QueryInputSpace.lookup (packages/malloy/src/lang/ast/field-space/static-space.ts:188:13)

  console.log
    [StaticSourceSpace constructor] Created with parameterSpaceRef: true source name: query_result

      at new StaticSourceSpace (packages/malloy/src/lang/ast/field-space/static-space.ts:312:13)

  console.log
    [StaticSpace.map] Building map for 'query_result', is StaticSourceSpace: false, has parameterSpaceRef: N/A

      at QueryInputSpace.get map [as map] (packages/malloy/src/lang/ast/field-space/static-space.ts:102:15)

  console.log
    [StaticSpace.map] Adding field 'state', isJoined: false

      at QueryInputSpace.get map [as map] (packages/malloy/src/lang/ast/field-space/static-space.ts:113:17)

  console.log
    [StaticSpace.map] Adding field 'total', isJoined: false

      at QueryInputSpace.get map [as map] (packages/malloy/src/lang/ast/field-space/static-space.ts:113:17)

  console.log
    [StaticSpace.map] Building map for 'query_result', is StaticSourceSpace: false, has parameterSpaceRef: N/A

      at ProjectFieldSpace.get map [as map] (packages/malloy/src/lang/ast/field-space/static-space.ts:102:15)

  console.log
    [StaticSpace.lookup] Looking up 'state'

      at QueryInputSpace.lookup (packages/malloy/src/lang/ast/field-space/static-space.ts:176:13)

  console.log
    [QueryInputSpace.entry] Looking up 'state'

      at QueryInputSpace.entry (packages/malloy/src/lang/ast/field-space/query-input-space.ts:108:13)

  console.log
    [QueryInputSpace.entry] Found 'state' in fields

      at QueryInputSpace.entry (packages/malloy/src/lang/ast/field-space/query-input-space.ts:112:15)

  console.log
    [StaticSpace.lookup] Found 'state'

      at QueryInputSpace.lookup (packages/malloy/src/lang/ast/field-space/static-space.ts:188:13)

  console.log
    [StaticSpace.lookup] Looking up 'filter_val'

      at QueryInputSpace.lookup (packages/malloy/src/lang/ast/field-space/static-space.ts:176:13)

  console.log
    [QueryInputSpace.entry] Looking up 'filter_val'

      at QueryInputSpace.entry (packages/malloy/src/lang/ast/field-space/query-input-space.ts:108:13)

  console.log
    [QueryInputSpace.entry] Found 'filter_val' in fields

      at QueryInputSpace.entry (packages/malloy/src/lang/ast/field-space/query-input-space.ts:112:15)

  console.log
    [StaticSpace.lookup] Found 'filter_val'

      at QueryInputSpace.lookup (packages/malloy/src/lang/ast/field-space/static-space.ts:188:13)

  console.log
    [QueryInputSpace.parameterSpace] Called

      at QueryInputSpace.parameterSpace (packages/malloy/src/lang/ast/field-space/query-input-space.ts:84:13)

  console.log
    [QueryInputSpace.parameterSpace] Got from queryOutput: [ 'filter_val' ]

      at QueryInputSpace.parameterSpace (packages/malloy/src/lang/ast/field-space/query-input-space.ts:88:15)

  console.log
    [SQArrow.getQuery] Called

      at SQArrow.getQuery (packages/malloy/src/lang/ast/source-query-elements/sq-arrow.ts:53:13)

  console.log
    [SQArrow.getQuery] LHS is: namedSource, instanceof Source: true

      at SQArrow.getQuery (packages/malloy/src/lang/ast/source-query-elements/sq-arrow.ts:72:13)

  console.log
    [ParameterSpace constructor] Created with parameters: []

      at new ParameterSpace (packages/malloy/src/lang/ast/field-space/parameter-space.ts:29:13)

  console.log
    [SQArrow.getQuery] sourceDef.parameters: []

      at SQArrow.getQuery (packages/malloy/src/lang/ast/source-query-elements/sq-arrow.ts:80:15)

  console.log
    [SQArrow.getQuery] sourceDef.arguments: [ 'filter_val' ]

      at SQArrow.getQuery (packages/malloy/src/lang/ast/source-query-elements/sq-arrow.ts:84:15)

  console.log
    [ParameterSpace constructor] Created with parameters: [ 'filter_val' ]

      at new ParameterSpace (packages/malloy/src/lang/ast/field-space/parameter-space.ts:29:13)

  console.log
    [SQArrow.getQuery] Created parameterSpace from source arguments: [ 'filter_val' ]

      at SQArrow.getQuery (packages/malloy/src/lang/ast/source-query-elements/sq-arrow.ts:103:17)

  console.log
    [QueryArrow constructor] Created with source: namedSource, parameterSpace: [ 'filter_val' ]

      at new QueryArrow (packages/malloy/src/lang/ast/query-elements/query-arrow.ts:60:15)

  console.log
    [StaticSourceSpace constructor] Created with parameterSpaceRef: true source name: duckdb:malloytest.state_facts

      at new StaticSourceSpace (packages/malloy/src/lang/ast/field-space/static-space.ts:312:13)

  console.log
    [QueryArrow.queryComp] Source: namedSource, fieldSpace WITH parameterSpace: [ 'filter_val' ]

      at QueryArrow.queryComp (packages/malloy/src/lang/ast/query-elements/query-arrow.ts:120:17)

  console.log
    [QueryArrow.queryComp] Calling view.pipelineComp with fieldSpace

      at QueryArrow.queryComp (packages/malloy/src/lang/ast/query-elements/query-arrow.ts:161:13)

  console.log
    [StaticSourceSpace.lookup] Looking up 'last_stage_param'

      at StaticSourceSpace.lookup (packages/malloy/src/lang/ast/field-space/static-space.ts:403:13)

  console.log
    [StaticSourceSpace.entry] Looking up 'last_stage_param', has parameterSpaceRef: true

      at StaticSourceSpace.entry (packages/malloy/src/lang/ast/field-space/static-space.ts:369:13)

  console.log
    [StaticSpace.map] Building map for 'duckdb:malloytest.state_facts', is StaticSourceSpace: true, has parameterSpaceRef: true

      at StaticSourceSpace.get map [as map] (packages/malloy/src/lang/ast/field-space/static-space.ts:102:15)

  console.log
    [StaticSpace.map] Adding field 'state', isJoined: false

      at StaticSourceSpace.get map [as map] (packages/malloy/src/lang/ast/field-space/static-space.ts:113:17)

  console.log
    [StaticSourceSpace.defToSpaceField] Field 'state', isJoined: false, has parameterSpaceRef: true, creation #7

      at StaticSourceSpace.defToSpaceField (packages/malloy/src/lang/ast/field-space/static-space.ts:339:13)

  console.log
    [StaticSpace.map] Adding field 'aircraft_count', isJoined: false

      at StaticSourceSpace.get map [as map] (packages/malloy/src/lang/ast/field-space/static-space.ts:113:17)

  console.log
    [StaticSourceSpace.defToSpaceField] Field 'aircraft_count', isJoined: false, has parameterSpaceRef: true, creation #7

      at StaticSourceSpace.defToSpaceField (packages/malloy/src/lang/ast/field-space/static-space.ts:339:13)

  console.log
    [StaticSpace.map] Adding field 'airport_count', isJoined: false

      at StaticSourceSpace.get map [as map] (packages/malloy/src/lang/ast/field-space/static-space.ts:113:17)

  console.log
    [StaticSourceSpace.defToSpaceField] Field 'airport_count', isJoined: false, has parameterSpaceRef: true, creation #7

      at StaticSourceSpace.defToSpaceField (packages/malloy/src/lang/ast/field-space/static-space.ts:339:13)

  console.log
    [StaticSpace.map] Adding field 'births', isJoined: false

      at StaticSourceSpace.get map [as map] (packages/malloy/src/lang/ast/field-space/static-space.ts:113:17)

  console.log
    [StaticSourceSpace.defToSpaceField] Field 'births', isJoined: false, has parameterSpaceRef: true, creation #7

      at StaticSourceSpace.defToSpaceField (packages/malloy/src/lang/ast/field-space/static-space.ts:339:13)

  console.log
    [StaticSpace.map] Adding field 'popular_name', isJoined: false

      at StaticSourceSpace.get map [as map] (packages/malloy/src/lang/ast/field-space/static-space.ts:113:17)

  console.log
    [StaticSourceSpace.defToSpaceField] Field 'popular_name', isJoined: false, has parameterSpaceRef: true, creation #7

      at StaticSourceSpace.defToSpaceField (packages/malloy/src/lang/ast/field-space/static-space.ts:339:13)

  console.log
    [StaticSpace.map] Adding field 'last_stage_param', isJoined: false

      at StaticSourceSpace.get map [as map] (packages/malloy/src/lang/ast/field-space/static-space.ts:113:17)

  console.log
    [StaticSourceSpace.defToSpaceField] Field 'last_stage_param', isJoined: false, has parameterSpaceRef: true, creation #1

      at StaticSourceSpace.defToSpaceField (packages/malloy/src/lang/ast/field-space/static-space.ts:339:13)

  console.log
    [StaticSourceSpace.entry] Found 'last_stage_param' in fields

      at StaticSourceSpace.entry (packages/malloy/src/lang/ast/field-space/static-space.ts:376:15)

  console.log
    [StaticSourceSpace.lookup] Found 'last_stage_param'

      at StaticSourceSpace.lookup (packages/malloy/src/lang/ast/field-space/static-space.ts:415:13)

  console.log
    [QueryArrow.queryComp] Creating comp.query: {
      inputStructName: 'duckdb:malloytest.state_facts',
      inputStructType: 'table',
      inputStructArguments: [ 'filter_val' ],
      sourceArgumentsKeys: [ 'filter_val' ],
      sourceArgumentsHasValues: [ [ 'filter_val', true ] ],
      pipelineLength: 3
    }

      at QueryArrow.queryComp (packages/malloy/src/lang/ast/query-elements/query-arrow.ts:244:13)


>>> QueryModelImpl constructor called <<<
  console.log
    [QueryStruct constructor] Creating: {
      structType: 'table',
      structName: 'duckdb:malloytest.state_facts',
      parentHasStruct: false,
      parentHasModel: true,
      parentStructType: undefined,
      sourceArgKeys: []
    }

      at new QueryStruct (packages/malloy/src/model/query_node.ts:417:13)

  console.log
    [QueryStruct.setParent] Called for: {
      thisStructType: 'table',
      thisStructName: 'duckdb:malloytest.state_facts',
      parentHasStruct: false,
      parentHasModel: true,
      parentStructType: undefined,
      parentStructName: undefined
    }

      at QueryStruct.setParent (packages/malloy/src/model/query_node.ts:1054:13)

  console.log
    [QueryQuery.makeQuery] Called with parentStruct: {
      parentDefType: 'table',
      parentDefName: 'duckdb:malloytest.state_facts',
      parentHasParent: false,
      parentParentName: undefined,
      parentSourceArgs: [],
      isJoinedSubquery: false,
      callStack: 'at Function.makeQuery (/Users/catalinadler/dev/malloy-cata02/packages/malloy/src/model/query_query.ts:173:7)\n' +
        '  at Function.turtleFieldMaker (/Users/catalinadler/dev/malloy-cata02/packages/malloy/src/model/index.ts:48:14)\n' +
        '  at QueryStruct.addFieldsFromFieldList (/Users/catalinadler/dev/malloy-cata02/packages/malloy/src/model/query_node.ts:821:48)\n' +
        '  at new QueryStruct (/Users/catalinadler/dev/malloy-cata02/packages/malloy/src/model/query_node.ts:454:10)\n' +
        '  at QueryModelImpl.loadModelFromDef (/Users/catalinadler/dev/malloy-cata02/packages/malloy/src/model/query_model_impl.ts:70:14)\n' +
        '  at new QueryModelImpl (/Users/catalinadler/dev/malloy-cata02/packages/malloy/src/model/query_model_impl.ts:51:12)\n' +
        '  at PreparedQuery.getPreparedResult (/Users/catalinadler/dev/malloy-cata02/packages/malloy/src/malloy.ts:987:24)'
    }

      at Function.makeQuery (packages/malloy/src/model/query_query.ts:178:13)


>>> [compileQuery] CALLED! hasSourceArguments=true, keys=filter_val <<<
  console.log
    [compileQuery] Called with query: {
      hasSourceArguments: true,
      sourceArgumentsKeys: [ 'filter_val' ],
      sourceArgumentsStringified: '{"filter_val":{"type":"string","value":{"node":"stringLiteral","literal":"CA"},"name":"filter_val"}}'
    }

      at QueryModelImpl.compileQuery (packages/malloy/src/model/query_model_impl.ts:283:13)

  console.log
    [QueryModelImpl.loadQuery] CALLED FROM: QUERY_COMPILATION { isJoinedSubquery: false, hasArgs: true }

      at QueryModelImpl.loadQuery (packages/malloy/src/model/query_model_impl.ts:148:13)

  console.log
    [QueryModelImpl.loadQuery] query object: {
      hasStructRef: true,
      structRefType: 'string',
      structRefName: 'state_facts',
      hasSourceArguments: true,
      sourceArgumentsType: 'object',
      sourceArgumentsKeys: [ 'filter_val' ],
      sourceArgumentsStringified: '{"filter_val":{"type":"string","value":{"node":"stringLiteral","literal":"CA"},"name":"filter_val"}}',
      structRefIsObject: false,
      structRefHasArguments: false,
      structRefArgumentsKeys: [],
      structRefArgumentsStringified: 'none'
    }

      at QueryModelImpl.loadQuery (packages/malloy/src/model/query_model_impl.ts:155:13)

  console.log
    [QueryStruct constructor] Creating: {
      structType: 'table',
      structName: 'duckdb:malloytest.state_facts',
      parentHasStruct: false,
      parentHasModel: true,
      parentStructType: undefined,
      sourceArgKeys: [ 'filter_val' ]
    }

      at new QueryStruct (packages/malloy/src/model/query_node.ts:417:13)

  console.log
    [QueryStruct.setParent] Called for: {
      thisStructType: 'table',
      thisStructName: 'duckdb:malloytest.state_facts',
      parentHasStruct: false,
      parentHasModel: true,
      parentStructType: undefined,
      parentStructName: undefined
    }

      at QueryStruct.setParent (packages/malloy/src/model/query_node.ts:1054:13)

  console.log
    [QueryQuery.makeQuery] Called with parentStruct: {
      parentDefType: 'table',
      parentDefName: 'duckdb:malloytest.state_facts',
      parentHasParent: false,
      parentParentName: undefined,
      parentSourceArgs: [ 'filter_val' ],
      isJoinedSubquery: false,
      callStack: 'at Function.makeQuery (/Users/catalinadler/dev/malloy-cata02/packages/malloy/src/model/query_query.ts:173:7)\n' +
        '  at Function.turtleFieldMaker (/Users/catalinadler/dev/malloy-cata02/packages/malloy/src/model/index.ts:48:14)\n' +
        '  at QueryStruct.addFieldsFromFieldList (/Users/catalinadler/dev/malloy-cata02/packages/malloy/src/model/query_node.ts:821:48)\n' +
        '  at new QueryStruct (/Users/catalinadler/dev/malloy-cata02/packages/malloy/src/model/query_node.ts:454:10)\n' +
        '  at QueryModelImpl.getStructFromRef (/Users/catalinadler/dev/malloy-cata02/packages/malloy/src/model/query_model_impl.ts:100:16)\n' +
        '  at QueryModelImpl.loadQuery (/Users/catalinadler/dev/malloy-cata02/packages/malloy/src/model/query_model_impl.ts:185:30)\n' +
        '  at QueryModelImpl.compileQuery (/Users/catalinadler/dev/malloy-cata02/packages/malloy/src/model/query_model_impl.ts:299:19)'
    }

      at Function.makeQuery (packages/malloy/src/model/query_query.ts:178:13)

  console.log
    [QueryQuery.makeQuery] Called with parentStruct: {
      parentDefType: 'table',
      parentDefName: 'duckdb:malloytest.state_facts',
      parentHasParent: false,
      parentParentName: undefined,
      parentSourceArgs: [ 'filter_val' ],
      isJoinedSubquery: false,
      callStack: 'at Function.makeQuery (/Users/catalinadler/dev/malloy-cata02/packages/malloy/src/model/query_query.ts:173:7)\n' +
        '  at QueryModelImpl.loadQuery (/Users/catalinadler/dev/malloy-cata02/packages/malloy/src/model/query_model_impl.ts:208:26)\n' +
        '  at QueryModelImpl.compileQuery (/Users/catalinadler/dev/malloy-cata02/packages/malloy/src/model/query_model_impl.ts:299:19)\n' +
        '  at PreparedQuery.getPreparedResult (/Users/catalinadler/dev/malloy-cata02/packages/malloy/src/malloy.ts:988:40)\n' +
        '  at PreparedResultMaterializer._materialize (/Users/catalinadler/dev/malloy-cata02/packages/malloy/src/malloy.ts:3146:41)\n' +
        '  at async QueryMaterializer.run (/Users/catalinadler/dev/malloy-cata02/packages/malloy/src/malloy.ts:3115:28)\n' +
        '  at async runQuery (/Users/catalinadler/dev/malloy-cata02/test/src/util/db-matcher-support.ts:82:14)'
    }

      at Function.makeQuery (packages/malloy/src/model/query_query.ts:178:13)

  console.log
    [QueryQuery.prepare] About to addStructToJoin with this.parent: {
      parentDefType: 'table',
      parentDefName: 'duckdb:malloytest.state_facts',
      parentHasParent: false,
      parentSourceArgs: [ 'filter_val' ]
    }

      at QueryQueryReduce.prepare (packages/malloy/src/model/query_query.ts:565:15)

  console.log
    [addStructToJoin] Called with QueryStruct: {
      name: 'base',
      qsDefType: 'table',
      qsHasParent: false,
      qsParentName: undefined,
      qsSourceArgs: [ 'filter_val' ]
    }

      at FieldInstanceResultRoot.addStructToJoin (packages/malloy/src/model/field_instance.ts:465:13)

  console.log
    [addStructToJoin] Parent check: {
      hasQsParent: false,
      hasParentStruct: false,
      parentStructName: undefined
    }

      at FieldInstanceResultRoot.addStructToJoin (packages/malloy/src/model/field_instance.ts:488:13)

  console.log
    [addStructToJoin] Creating new JoinInstance

      at FieldInstanceResultRoot.addStructToJoin (packages/malloy/src/model/field_instance.ts:501:15)

  console.log
    [JoinInstance constructor] Creating join instance: {
      alias: 'base',
      qsDefType: 'table',
      qsDefName: 'duckdb:malloytest.state_facts',
      qsHasParent: false,
      qsParentName: undefined,
      qsParentType: undefined
    }

      at new JoinInstance (packages/malloy/src/model/join_instance.ts:25:13)

  console.log
    [addStructToJoin] Called with QueryStruct: {
      name: 'base',
      qsDefType: 'table',
      qsHasParent: false,
      qsParentName: undefined,
      qsSourceArgs: [ 'filter_val' ]
    }

      at FieldInstanceResultRoot.addStructToJoin (packages/malloy/src/model/field_instance.ts:465:13)

  console.log
    [addStructToJoin] Join already exists, updating uniqueKeyRequirement

      at FieldInstanceResultRoot.addStructToJoin (packages/malloy/src/model/field_instance.ts:475:15)

  console.log
    [getStructSourceSQL] Called with struct type: {
      type: 'table',
      name: 'duckdb:malloytest.state_facts',
      callStackSize: 0
    }

      at QueryQueryReduce.getStructSourceSQL (packages/malloy/src/model/query_query.ts:895:13)

  console.log
    [QueryStruct constructor] Creating: {
      structType: 'finalize',
      structName: '__stage0',
      parentHasStruct: false,
      parentHasModel: true,
      parentStructType: undefined,
      sourceArgKeys: [ 'filter_val' ]
    }

      at new QueryStruct (packages/malloy/src/model/query_node.ts:417:13)

  console.log
    [QueryStruct.setParent] Called for: {
      thisStructType: 'finalize',
      thisStructName: '__stage0',
      parentHasStruct: false,
      parentHasModel: true,
      parentStructType: undefined,
      parentStructName: undefined
    }

      at QueryStruct.setParent (packages/malloy/src/model/query_node.ts:1054:13)

  console.log
    [QueryQuery.makeQuery] Called with parentStruct: {
      parentDefType: 'finalize',
      parentDefName: '__stage0',
      parentHasParent: false,
      parentParentName: undefined,
      parentSourceArgs: [ 'filter_val' ],
      isJoinedSubquery: false,
      callStack: 'at Function.makeQuery (/Users/catalinadler/dev/malloy-cata02/packages/malloy/src/model/query_query.ts:173:7)\n' +
        '  at QueryQueryReduce.generateSQLFromPipeline (/Users/catalinadler/dev/malloy-cata02/packages/malloy/src/model/query_query.ts:2551:30)\n' +
        '  at QueryModelImpl.loadQuery (/Users/catalinadler/dev/malloy-cata02/packages/malloy/src/model/query_model_impl.ts:216:19)\n' +
        '  at QueryModelImpl.compileQuery (/Users/catalinadler/dev/malloy-cata02/packages/malloy/src/model/query_model_impl.ts:299:19)\n' +
        '  at PreparedQuery.getPreparedResult (/Users/catalinadler/dev/malloy-cata02/packages/malloy/src/malloy.ts:988:40)\n' +
        '  at PreparedResultMaterializer._materialize (/Users/catalinadler/dev/malloy-cata02/packages/malloy/src/malloy.ts:3146:41)\n' +
        '  at async QueryMaterializer.run (/Users/catalinadler/dev/malloy-cata02/packages/malloy/src/malloy.ts:3115:28)'
    }

      at Function.makeQuery (packages/malloy/src/model/query_query.ts:178:13)

  console.log
    [QueryQuery.prepare] About to addStructToJoin with this.parent: {
      parentDefType: 'finalize',
      parentDefName: '__stage0',
      parentHasParent: false,
      parentSourceArgs: [ 'filter_val' ]
    }

      at QueryQueryReduce.prepare (packages/malloy/src/model/query_query.ts:565:15)

  console.log
    [addStructToJoin] Called with QueryStruct: {
      name: 'base',
      qsDefType: 'finalize',
      qsHasParent: false,
      qsParentName: undefined,
      qsSourceArgs: [ 'filter_val' ]
    }

      at FieldInstanceResultRoot.addStructToJoin (packages/malloy/src/model/field_instance.ts:465:13)

  console.log
    [addStructToJoin] Parent check: {
      hasQsParent: false,
      hasParentStruct: false,
      parentStructName: undefined
    }

      at FieldInstanceResultRoot.addStructToJoin (packages/malloy/src/model/field_instance.ts:488:13)

  console.log
    [addStructToJoin] Creating new JoinInstance

      at FieldInstanceResultRoot.addStructToJoin (packages/malloy/src/model/field_instance.ts:501:15)

  console.log
    [JoinInstance constructor] Creating join instance: {
      alias: 'base',
      qsDefType: 'finalize',
      qsDefName: '__stage0',
      qsHasParent: false,
      qsParentName: undefined,
      qsParentType: undefined
    }

      at new JoinInstance (packages/malloy/src/model/join_instance.ts:25:13)

  console.log
    [getStructSourceSQL] Called with struct type: { type: 'finalize', name: '__stage0', callStackSize: 0 }

      at QueryQueryReduce.getStructSourceSQL (packages/malloy/src/model/query_query.ts:895:13)

  console.log
    [QueryStruct constructor] Creating: {
      structType: 'finalize',
      structName: '__stage1',
      parentHasStruct: false,
      parentHasModel: true,
      parentStructType: undefined,
      sourceArgKeys: [ 'filter_val' ]
    }

      at new QueryStruct (packages/malloy/src/model/query_node.ts:417:13)

  console.log
    [QueryStruct.setParent] Called for: {
      thisStructType: 'finalize',
      thisStructName: '__stage1',
      parentHasStruct: false,
      parentHasModel: true,
      parentStructType: undefined,
      parentStructName: undefined
    }

      at QueryStruct.setParent (packages/malloy/src/model/query_node.ts:1054:13)

  console.log
    [QueryQuery.makeQuery] Called with parentStruct: {
      parentDefType: 'finalize',
      parentDefName: '__stage1',
      parentHasParent: false,
      parentParentName: undefined,
      parentSourceArgs: [ 'filter_val' ],
      isJoinedSubquery: false,
      callStack: 'at Function.makeQuery (/Users/catalinadler/dev/malloy-cata02/packages/malloy/src/model/query_query.ts:173:7)\n' +
        '  at QueryQueryReduce.generateSQLFromPipeline (/Users/catalinadler/dev/malloy-cata02/packages/malloy/src/model/query_query.ts:2551:30)\n' +
        '  at QueryModelImpl.loadQuery (/Users/catalinadler/dev/malloy-cata02/packages/malloy/src/model/query_model_impl.ts:216:19)\n' +
        '  at QueryModelImpl.compileQuery (/Users/catalinadler/dev/malloy-cata02/packages/malloy/src/model/query_model_impl.ts:299:19)\n' +
        '  at PreparedQuery.getPreparedResult (/Users/catalinadler/dev/malloy-cata02/packages/malloy/src/malloy.ts:988:40)\n' +
        '  at PreparedResultMaterializer._materialize (/Users/catalinadler/dev/malloy-cata02/packages/malloy/src/malloy.ts:3146:41)\n' +
        '  at async QueryMaterializer.run (/Users/catalinadler/dev/malloy-cata02/packages/malloy/src/malloy.ts:3115:28)'
    }

      at Function.makeQuery (packages/malloy/src/model/query_query.ts:178:13)

  console.log
    [QueryQuery.prepare] About to addStructToJoin with this.parent: {
      parentDefType: 'finalize',
      parentDefName: '__stage1',
      parentHasParent: false,
      parentSourceArgs: [ 'filter_val' ]
    }

      at QueryQueryProject.prepare (packages/malloy/src/model/query_query.ts:565:15)

  console.log
    [addStructToJoin] Called with QueryStruct: {
      name: 'base',
      qsDefType: 'finalize',
      qsHasParent: false,
      qsParentName: undefined,
      qsSourceArgs: [ 'filter_val' ]
    }

      at FieldInstanceResultRoot.addStructToJoin (packages/malloy/src/model/field_instance.ts:465:13)

  console.log
    [addStructToJoin] Parent check: {
      hasQsParent: false,
      hasParentStruct: false,
      parentStructName: undefined
    }

      at FieldInstanceResultRoot.addStructToJoin (packages/malloy/src/model/field_instance.ts:488:13)

  console.log
    [addStructToJoin] Creating new JoinInstance

      at FieldInstanceResultRoot.addStructToJoin (packages/malloy/src/model/field_instance.ts:501:15)

  console.log
    [JoinInstance constructor] Creating join instance: {
      alias: 'base',
      qsDefType: 'finalize',
      qsDefName: '__stage1',
      qsHasParent: false,
      qsParentName: undefined,
      qsParentType: undefined
    }

      at new JoinInstance (packages/malloy/src/model/join_instance.ts:25:13)

  console.log
    [getStructSourceSQL] Called with struct type: { type: 'finalize', name: '__stage1', callStackSize: 0 }

      at QueryQueryProject.getStructSourceSQL (packages/malloy/src/model/query_query.ts:895:13)

  console.log
    [generateParameterFragment] Looking for parameter: {
      paramName: 'filter_val',
      contextStructName: '__stage1',
      contextArgs: [ 'filter_val' ],
      hasParent: false
    }

      at generateParameterFragment (packages/malloy/src/model/expression_compiler.ts:761:11)

  console.log
    [generateParameterFragment] Parent chain [0]: {
      structName: '__stage1',
      structType: 'finalize',
      hasSourceArgs: true,
      sourceArgKeys: [ 'filter_val' ],
      argKeys: [ 'filter_val' ],
      paramValue: { hasValue: true, valueNode: 'stringLiteral' }
    }

      at generateParameterFragment (packages/malloy/src/model/expression_compiler.ts:772:13)

  console.log
    [ParameterSpace constructor] Created with parameters: [ 'state_filter' ]

      at new ParameterSpace (packages/malloy/src/lang/ast/field-space/parameter-space.ts:29:13)

  console.log
    [StaticSpace.map] Building map for 'duckdb:malloytest.state_facts', is StaticSourceSpace: false, has parameterSpaceRef: N/A

      at RefinedSpace.get map [as map] (packages/malloy/src/lang/ast/field-space/static-space.ts:102:15)

  console.log
    [StaticSpace.map] Adding field 'state', isJoined: false

      at RefinedSpace.get map [as map] (packages/malloy/src/lang/ast/field-space/static-space.ts:113:17)

  console.log
    [StaticSpace.map] Adding field 'aircraft_count', isJoined: false

      at RefinedSpace.get map [as map] (packages/malloy/src/lang/ast/field-space/static-space.ts:113:17)

  console.log
    [StaticSpace.map] Adding field 'airport_count', isJoined: false

      at RefinedSpace.get map [as map] (packages/malloy/src/lang/ast/field-space/static-space.ts:113:17)

  console.log
    [StaticSpace.map] Adding field 'births', isJoined: false

      at RefinedSpace.get map [as map] (packages/malloy/src/lang/ast/field-space/static-space.ts:113:17)

  console.log
    [StaticSpace.map] Adding field 'popular_name', isJoined: false

      at RefinedSpace.get map [as map] (packages/malloy/src/lang/ast/field-space/static-space.ts:113:17)

  console.log
    [StaticSpace.lookup] Looking up 'state'

      at RefinedSpace.lookup (packages/malloy/src/lang/ast/field-space/static-space.ts:176:13)

  console.log
    [StaticSpace.lookup] Found 'state'

      at RefinedSpace.lookup (packages/malloy/src/lang/ast/field-space/static-space.ts:188:13)

  console.log
    [ParameterSpace constructor] Created with parameters: [ 'state_filter' ]

      at new ParameterSpace (packages/malloy/src/lang/ast/field-space/parameter-space.ts:29:13)

  console.log
    [StaticSpace.lookup] Looking up 'state'

      at RefinedSpace.lookup (packages/malloy/src/lang/ast/field-space/static-space.ts:176:13)

  console.log
    [StaticSpace.lookup] Found 'state'

      at RefinedSpace.lookup (packages/malloy/src/lang/ast/field-space/static-space.ts:188:13)

  console.log
    [StaticSpace.lookup] Looking up 'state_filter'

      at RefinedSpace.lookup (packages/malloy/src/lang/ast/field-space/static-space.ts:176:13)

  console.log
    [StaticSpace.lookup] Found 'state_filter'

      at RefinedSpace.lookup (packages/malloy/src/lang/ast/field-space/static-space.ts:188:13)

  console.log
    [ParameterSpace constructor] Created with parameters: [ 'state_filter2' ]

      at new ParameterSpace (packages/malloy/src/lang/ast/field-space/parameter-space.ts:29:13)

  console.log
    [StaticSpace.map] Building map for 'duckdb:malloytest.state_facts', is StaticSourceSpace: false, has parameterSpaceRef: N/A

      at RefinedSpace.get map [as map] (packages/malloy/src/lang/ast/field-space/static-space.ts:102:15)

  console.log
    [StaticSpace.map] Adding field 'state', isJoined: false

      at RefinedSpace.get map [as map] (packages/malloy/src/lang/ast/field-space/static-space.ts:113:17)

  console.log
    [StaticSpace.map] Adding field 'aircraft_count', isJoined: false

      at RefinedSpace.get map [as map] (packages/malloy/src/lang/ast/field-space/static-space.ts:113:17)

  console.log
    [StaticSpace.map] Adding field 'airport_count', isJoined: false

      at RefinedSpace.get map [as map] (packages/malloy/src/lang/ast/field-space/static-space.ts:113:17)

  console.log
    [StaticSpace.map] Adding field 'births', isJoined: false

      at RefinedSpace.get map [as map] (packages/malloy/src/lang/ast/field-space/static-space.ts:113:17)

  console.log
    [StaticSpace.map] Adding field 'popular_name', isJoined: false

      at RefinedSpace.get map [as map] (packages/malloy/src/lang/ast/field-space/static-space.ts:113:17)

  console.log
    [ParameterSpace constructor] Created with parameters: [ 'state_filter2' ]

      at new ParameterSpace (packages/malloy/src/lang/ast/field-space/parameter-space.ts:29:13)

  console.log
    [SQArrow.getQuery] Called

      at SQArrow.getQuery (packages/malloy/src/lang/ast/source-query-elements/sq-arrow.ts:53:13)

  console.log
    [SQArrow.getQuery] LHS is: namedSource, instanceof Source: true

      at SQArrow.getQuery (packages/malloy/src/lang/ast/source-query-elements/sq-arrow.ts:72:13)

  console.log
    [ParameterSpace constructor] Created with parameters: []

      at new ParameterSpace (packages/malloy/src/lang/ast/field-space/parameter-space.ts:29:13)

  console.log
    [ParameterSpace.entry] Looking up 'state_filter2', available: [] found: false

      at ParameterSpace.entry (packages/malloy/src/lang/ast/field-space/parameter-space.ts:44:13)

  console.log
    [SQArrow.getQuery] sourceDef.parameters: []

      at SQArrow.getQuery (packages/malloy/src/lang/ast/source-query-elements/sq-arrow.ts:80:15)

  console.log
    [SQArrow.getQuery] sourceDef.arguments: [ 'state_filter' ]

      at SQArrow.getQuery (packages/malloy/src/lang/ast/source-query-elements/sq-arrow.ts:84:15)

  console.log
    [ParameterSpace constructor] Created with parameters: [ 'state_filter' ]

      at new ParameterSpace (packages/malloy/src/lang/ast/field-space/parameter-space.ts:29:13)

  console.log
    [SQArrow.getQuery] Created parameterSpace from source arguments: [ 'state_filter' ]

      at SQArrow.getQuery (packages/malloy/src/lang/ast/source-query-elements/sq-arrow.ts:103:17)

  console.log
    [QueryArrow constructor] Created with source: namedSource, parameterSpace: [ 'state_filter' ]

      at new QueryArrow (packages/malloy/src/lang/ast/query-elements/query-arrow.ts:60:15)

  console.log
    [ExpressionJoin.getStructDef] Passing parameterSpace to querySource with params: [ 'state_filter2' ]

      at ExpressionJoin.getStructDef (packages/malloy/src/lang/ast/source-properties/join.ts:266:15)

  console.log
    [QuerySource.withParameters] Received parameterSpace with params: [ 'state_filter2' ]

      at QuerySource.withParameters (packages/malloy/src/lang/ast/source-elements/query-source.ts:61:15)

  console.log
    [QuerySource.withParameters] Assigned parameterSpace to query element

      at QuerySource.withParameters (packages/malloy/src/lang/ast/source-elements/query-source.ts:71:13)

  console.log
    [ParameterSpace.entry] Looking up 'state_filter2', available: [ 'state_filter2' ] found: true

      at ParameterSpace.entry (packages/malloy/src/lang/ast/field-space/parameter-space.ts:44:13)

  console.log
    [ParameterSpace.entry] Looking up 'state_filter2', available: [ 'state_filter2' ] found: true

      at ParameterSpace.entry (packages/malloy/src/lang/ast/field-space/parameter-space.ts:44:13)

  console.log
    [StaticSourceSpace constructor] Created with parameterSpaceRef: true source name: duckdb:malloytest.state_facts

      at new StaticSourceSpace (packages/malloy/src/lang/ast/field-space/static-space.ts:312:13)

  console.log
    [QueryArrow.queryComp] Source: namedSource, fieldSpace WITH parameterSpace: [ 'state_filter2' ]

      at QueryArrow.queryComp (packages/malloy/src/lang/ast/query-elements/query-arrow.ts:120:17)

  console.log
    [QueryArrow.queryComp] Calling view.pipelineComp with fieldSpace

      at QueryArrow.queryComp (packages/malloy/src/lang/ast/query-elements/query-arrow.ts:161:13)

  console.log
    [StaticSpace.map] Building map for 'duckdb:malloytest.state_facts', is StaticSourceSpace: false, has parameterSpaceRef: N/A

      at QueryInputSpace.get map [as map] (packages/malloy/src/lang/ast/field-space/static-space.ts:102:15)

  console.log
    [StaticSpace.map] Adding field 'state', isJoined: false

      at QueryInputSpace.get map [as map] (packages/malloy/src/lang/ast/field-space/static-space.ts:113:17)

  console.log
    [StaticSpace.map] Adding field 'aircraft_count', isJoined: false

      at QueryInputSpace.get map [as map] (packages/malloy/src/lang/ast/field-space/static-space.ts:113:17)

  console.log
    [StaticSpace.map] Adding field 'airport_count', isJoined: false

      at QueryInputSpace.get map [as map] (packages/malloy/src/lang/ast/field-space/static-space.ts:113:17)

  console.log
    [StaticSpace.map] Adding field 'births', isJoined: false

      at QueryInputSpace.get map [as map] (packages/malloy/src/lang/ast/field-space/static-space.ts:113:17)

  console.log
    [StaticSpace.map] Adding field 'popular_name', isJoined: false

      at QueryInputSpace.get map [as map] (packages/malloy/src/lang/ast/field-space/static-space.ts:113:17)

  console.log
    [StaticSpace.map] Building map for 'duckdb:malloytest.state_facts', is StaticSourceSpace: false, has parameterSpaceRef: N/A

      at ProjectFieldSpace.get map [as map] (packages/malloy/src/lang/ast/field-space/static-space.ts:102:15)

  console.log
    [QueryInputSpace.parameterSpace] Called

      at QueryInputSpace.parameterSpace (packages/malloy/src/lang/ast/field-space/query-input-space.ts:84:13)

  console.log
    [QueryInputSpace.parameterSpace] Got from queryOutput: [ 'state_filter2' ]

      at QueryInputSpace.parameterSpace (packages/malloy/src/lang/ast/field-space/query-input-space.ts:88:15)

  console.log
    [QueryArrow.queryComp] Creating comp.query: {
      inputStructName: 'duckdb:malloytest.state_facts',
      inputStructType: 'table',
      inputStructArguments: [ 'state_filter' ],
      sourceArgumentsKeys: [ 'state_filter' ],
      sourceArgumentsHasValues: [ [ 'state_filter', true ] ],
      pipelineLength: 1
    }

      at QueryArrow.queryComp (packages/malloy/src/lang/ast/query-elements/query-arrow.ts:244:13)

  console.log
    [ExpressionJoin.getStructDef] hasExistingArguments: true, sourceDef.arguments: [ 'state_filter' ]

      at ExpressionJoin.getStructDef (packages/malloy/src/lang/ast/source-properties/join.ts:284:13)

  console.log
    [JoinSpaceField constructor] Created for join with parameterSpace: true

      at new JoinSpaceField (packages/malloy/src/lang/ast/field-space/join-space-field.ts:36:13)

  console.log
    [ParameterSpace constructor] Created with parameters: [ 'state_filter2' ]

      at new ParameterSpace (packages/malloy/src/lang/ast/field-space/parameter-space.ts:29:13)

  console.log
    [SQArrow.getQuery] Called

      at SQArrow.getQuery (packages/malloy/src/lang/ast/source-query-elements/sq-arrow.ts:53:13)

  console.log
    [SQArrow.getQuery] LHS is: namedSource, instanceof Source: true

      at SQArrow.getQuery (packages/malloy/src/lang/ast/source-query-elements/sq-arrow.ts:72:13)

  console.log
    [ParameterSpace constructor] Created with parameters: []

      at new ParameterSpace (packages/malloy/src/lang/ast/field-space/parameter-space.ts:29:13)

  console.log
    [ParameterSpace.entry] Looking up 'state_filter2', available: [] found: false

      at ParameterSpace.entry (packages/malloy/src/lang/ast/field-space/parameter-space.ts:44:13)

  console.log
    [SQArrow.getQuery] sourceDef.parameters: []

      at SQArrow.getQuery (packages/malloy/src/lang/ast/source-query-elements/sq-arrow.ts:80:15)

  console.log
    [SQArrow.getQuery] sourceDef.arguments: [ 'state_filter' ]

      at SQArrow.getQuery (packages/malloy/src/lang/ast/source-query-elements/sq-arrow.ts:84:15)

  console.log
    [ParameterSpace constructor] Created with parameters: [ 'state_filter' ]

      at new ParameterSpace (packages/malloy/src/lang/ast/field-space/parameter-space.ts:29:13)

  console.log
    [SQArrow.getQuery] Created parameterSpace from source arguments: [ 'state_filter' ]

      at SQArrow.getQuery (packages/malloy/src/lang/ast/source-query-elements/sq-arrow.ts:103:17)

  console.log
    [QueryArrow constructor] Created with source: namedSource, parameterSpace: [ 'state_filter' ]

      at new QueryArrow (packages/malloy/src/lang/ast/query-elements/query-arrow.ts:60:15)

  console.log
    [ExpressionJoin.getStructDef] Passing parameterSpace to querySource with params: [ 'state_filter2' ]

      at ExpressionJoin.getStructDef (packages/malloy/src/lang/ast/source-properties/join.ts:266:15)

  console.log
    [QuerySource.withParameters] Received parameterSpace with params: [ 'state_filter2' ]

      at QuerySource.withParameters (packages/malloy/src/lang/ast/source-elements/query-source.ts:61:15)

  console.log
    [QuerySource.withParameters] Assigned parameterSpace to query element

      at QuerySource.withParameters (packages/malloy/src/lang/ast/source-elements/query-source.ts:71:13)

  console.log
    [ParameterSpace.entry] Looking up 'state_filter2', available: [ 'state_filter2' ] found: true

      at ParameterSpace.entry (packages/malloy/src/lang/ast/field-space/parameter-space.ts:44:13)

  console.log
    [ParameterSpace.entry] Looking up 'state_filter2', available: [ 'state_filter2' ] found: true

      at ParameterSpace.entry (packages/malloy/src/lang/ast/field-space/parameter-space.ts:44:13)

  console.log
    [StaticSourceSpace constructor] Created with parameterSpaceRef: true source name: duckdb:malloytest.state_facts

      at new StaticSourceSpace (packages/malloy/src/lang/ast/field-space/static-space.ts:312:13)

  console.log
    [QueryArrow.queryComp] Source: namedSource, fieldSpace WITH parameterSpace: [ 'state_filter2' ]

      at QueryArrow.queryComp (packages/malloy/src/lang/ast/query-elements/query-arrow.ts:120:17)

  console.log
    [QueryArrow.queryComp] Calling view.pipelineComp with fieldSpace

      at QueryArrow.queryComp (packages/malloy/src/lang/ast/query-elements/query-arrow.ts:161:13)

  console.log
    [StaticSpace.map] Building map for 'duckdb:malloytest.state_facts', is StaticSourceSpace: false, has parameterSpaceRef: N/A

      at QueryInputSpace.get map [as map] (packages/malloy/src/lang/ast/field-space/static-space.ts:102:15)

  console.log
    [StaticSpace.map] Adding field 'state', isJoined: false

      at QueryInputSpace.get map [as map] (packages/malloy/src/lang/ast/field-space/static-space.ts:113:17)

  console.log
    [StaticSpace.map] Adding field 'aircraft_count', isJoined: false

      at QueryInputSpace.get map [as map] (packages/malloy/src/lang/ast/field-space/static-space.ts:113:17)

  console.log
    [StaticSpace.map] Adding field 'airport_count', isJoined: false

      at QueryInputSpace.get map [as map] (packages/malloy/src/lang/ast/field-space/static-space.ts:113:17)

  console.log
    [StaticSpace.map] Adding field 'births', isJoined: false

      at QueryInputSpace.get map [as map] (packages/malloy/src/lang/ast/field-space/static-space.ts:113:17)

  console.log
    [StaticSpace.map] Adding field 'popular_name', isJoined: false

      at QueryInputSpace.get map [as map] (packages/malloy/src/lang/ast/field-space/static-space.ts:113:17)

  console.log
    [StaticSpace.map] Building map for 'duckdb:malloytest.state_facts', is StaticSourceSpace: false, has parameterSpaceRef: N/A

      at ProjectFieldSpace.get map [as map] (packages/malloy/src/lang/ast/field-space/static-space.ts:102:15)

  console.log
    [QueryInputSpace.parameterSpace] Called

      at QueryInputSpace.parameterSpace (packages/malloy/src/lang/ast/field-space/query-input-space.ts:84:13)

  console.log
    [QueryInputSpace.parameterSpace] Got from queryOutput: [ 'state_filter2' ]

      at QueryInputSpace.parameterSpace (packages/malloy/src/lang/ast/field-space/query-input-space.ts:88:15)

  console.log
    [QueryArrow.queryComp] Creating comp.query: {
      inputStructName: 'duckdb:malloytest.state_facts',
      inputStructType: 'table',
      inputStructArguments: [ 'state_filter' ],
      sourceArgumentsKeys: [ 'state_filter' ],
      sourceArgumentsHasValues: [ [ 'state_filter', true ] ],
      pipelineLength: 1
    }

      at QueryArrow.queryComp (packages/malloy/src/lang/ast/query-elements/query-arrow.ts:244:13)

  console.log
    [ExpressionJoin.getStructDef] hasExistingArguments: true, sourceDef.arguments: [ 'state_filter' ]

      at ExpressionJoin.getStructDef (packages/malloy/src/lang/ast/source-properties/join.ts:284:13)

  console.log
    [SQArrow.getQuery] Called

      at SQArrow.getQuery (packages/malloy/src/lang/ast/source-query-elements/sq-arrow.ts:53:13)

  console.log
    [SQArrow.getQuery] LHS is: namedSource, instanceof Source: true

      at SQArrow.getQuery (packages/malloy/src/lang/ast/source-query-elements/sq-arrow.ts:72:13)

  console.log
    [ParameterSpace constructor] Created with parameters: []

      at new ParameterSpace (packages/malloy/src/lang/ast/field-space/parameter-space.ts:29:13)

  console.log
    [SQArrow.getQuery] sourceDef.parameters: []

      at SQArrow.getQuery (packages/malloy/src/lang/ast/source-query-elements/sq-arrow.ts:80:15)

  console.log
    [SQArrow.getQuery] sourceDef.arguments: [ 'state_filter2' ]

      at SQArrow.getQuery (packages/malloy/src/lang/ast/source-query-elements/sq-arrow.ts:84:15)

  console.log
    [ParameterSpace constructor] Created with parameters: [ 'state_filter2' ]

      at new ParameterSpace (packages/malloy/src/lang/ast/field-space/parameter-space.ts:29:13)

  console.log
    [SQArrow.getQuery] Created parameterSpace from source arguments: [ 'state_filter2' ]

      at SQArrow.getQuery (packages/malloy/src/lang/ast/source-query-elements/sq-arrow.ts:103:17)

  console.log
    [QueryArrow constructor] Created with source: namedSource, parameterSpace: [ 'state_filter2' ]

      at new QueryArrow (packages/malloy/src/lang/ast/query-elements/query-arrow.ts:60:15)

  console.log
    [StaticSourceSpace constructor] Created with parameterSpaceRef: true source name: duckdb:malloytest.state_facts

      at new StaticSourceSpace (packages/malloy/src/lang/ast/field-space/static-space.ts:312:13)

  console.log
    [QueryArrow.queryComp] Source: namedSource, fieldSpace WITH parameterSpace: [ 'state_filter2' ]

      at QueryArrow.queryComp (packages/malloy/src/lang/ast/query-elements/query-arrow.ts:120:17)

  console.log
    [QueryArrow.queryComp] Calling view.pipelineComp with fieldSpace

      at QueryArrow.queryComp (packages/malloy/src/lang/ast/query-elements/query-arrow.ts:161:13)

  console.log
    [StaticSpace.map] Building map for 'duckdb:malloytest.state_facts', is StaticSourceSpace: false, has parameterSpaceRef: N/A

      at ReduceFieldSpace.get map [as map] (packages/malloy/src/lang/ast/field-space/static-space.ts:102:15)

  console.log
    [StaticSpace.lookup] Looking up 'state'

      at QueryInputSpace.lookup (packages/malloy/src/lang/ast/field-space/static-space.ts:176:13)

  console.log
    [QueryInputSpace.entry] Looking up 'state'

      at QueryInputSpace.entry (packages/malloy/src/lang/ast/field-space/query-input-space.ts:108:13)

  console.log
    [StaticSpace.map] Building map for 'duckdb:malloytest.state_facts', is StaticSourceSpace: false, has parameterSpaceRef: N/A

      at QueryInputSpace.get map [as map] (packages/malloy/src/lang/ast/field-space/static-space.ts:102:15)

  console.log
    [StaticSpace.map] Adding field 'state', isJoined: false

      at QueryInputSpace.get map [as map] (packages/malloy/src/lang/ast/field-space/static-space.ts:113:17)

  console.log
    [StaticSpace.map] Adding field 'aircraft_count', isJoined: false

      at QueryInputSpace.get map [as map] (packages/malloy/src/lang/ast/field-space/static-space.ts:113:17)

  console.log
    [StaticSpace.map] Adding field 'airport_count', isJoined: false

      at QueryInputSpace.get map [as map] (packages/malloy/src/lang/ast/field-space/static-space.ts:113:17)

  console.log
    [StaticSpace.map] Adding field 'births', isJoined: false

      at QueryInputSpace.get map [as map] (packages/malloy/src/lang/ast/field-space/static-space.ts:113:17)

  console.log
    [StaticSpace.map] Adding field 'popular_name', isJoined: false

      at QueryInputSpace.get map [as map] (packages/malloy/src/lang/ast/field-space/static-space.ts:113:17)

  console.log
    [StaticSpace.map] Adding field 'filtered_facts', isJoined: true

      at QueryInputSpace.get map [as map] (packages/malloy/src/lang/ast/field-space/static-space.ts:113:17)

  console.log
    [QueryInputSpace.entry] Found 'state' in fields

      at QueryInputSpace.entry (packages/malloy/src/lang/ast/field-space/query-input-space.ts:112:15)

  console.log
    [StaticSpace.lookup] Found 'state'

      at QueryInputSpace.lookup (packages/malloy/src/lang/ast/field-space/static-space.ts:188:13)

  console.log
    [StaticSpace.lookup] Looking up 'filtered_facts'

      at QueryInputSpace.lookup (packages/malloy/src/lang/ast/field-space/static-space.ts:176:13)

  console.log
    [QueryInputSpace.entry] Looking up 'filtered_facts'

      at QueryInputSpace.entry (packages/malloy/src/lang/ast/field-space/query-input-space.ts:108:13)

  console.log
    [QueryInputSpace.entry] Found 'filtered_facts' in fields

      at QueryInputSpace.entry (packages/malloy/src/lang/ast/field-space/query-input-space.ts:112:15)

  console.log
    [StaticSpace.lookup] Found 'filtered_facts'

      at QueryInputSpace.lookup (packages/malloy/src/lang/ast/field-space/static-space.ts:188:13)

  console.log
    [StructSpaceField.fieldSpace] Join 'filtered_facts', isSourceDef: true, type: query_source, has parameterSpaceRef: false

      at StructSpaceField.get fieldSpace [as fieldSpace] (packages/malloy/src/lang/ast/field-space/static-space.ts:279:13)

  console.log
    [StaticSourceSpace constructor] Created with parameterSpaceRef: false source name: filtered_facts

      at new StaticSourceSpace (packages/malloy/src/lang/ast/field-space/static-space.ts:312:13)

  console.log
    [StructSpaceField.fieldSpace] Join 'filtered_facts', isSourceDef: true, type: query_source, has parameterSpaceRef: false

      at StructSpaceField.get fieldSpace [as fieldSpace] (packages/malloy/src/lang/ast/field-space/static-space.ts:279:13)

  console.log
    [StaticSourceSpace constructor] Created with parameterSpaceRef: false source name: filtered_facts

      at new StaticSourceSpace (packages/malloy/src/lang/ast/field-space/static-space.ts:312:13)

  console.log
    [StaticSourceSpace.lookup] Looking up 'state'

      at StaticSourceSpace.lookup (packages/malloy/src/lang/ast/field-space/static-space.ts:403:13)

  console.log
    [StaticSourceSpace.entry] Looking up 'state', has parameterSpaceRef: false

      at StaticSourceSpace.entry (packages/malloy/src/lang/ast/field-space/static-space.ts:369:13)

  console.log
    [StaticSpace.map] Building map for 'filtered_facts', is StaticSourceSpace: true, has parameterSpaceRef: false

      at StaticSourceSpace.get map [as map] (packages/malloy/src/lang/ast/field-space/static-space.ts:102:15)

  console.log
    [StaticSpace.map] Adding field 'aircraft_count', isJoined: false

      at StaticSourceSpace.get map [as map] (packages/malloy/src/lang/ast/field-space/static-space.ts:113:17)

  console.log
    [StaticSourceSpace.defToSpaceField] Field 'aircraft_count', isJoined: false, has parameterSpaceRef: false, creation #1

      at StaticSourceSpace.defToSpaceField (packages/malloy/src/lang/ast/field-space/static-space.ts:339:13)

  console.log
    [StaticSpace.map] Adding field 'airport_count', isJoined: false

      at StaticSourceSpace.get map [as map] (packages/malloy/src/lang/ast/field-space/static-space.ts:113:17)

  console.log
    [StaticSourceSpace.defToSpaceField] Field 'airport_count', isJoined: false, has parameterSpaceRef: false, creation #1

      at StaticSourceSpace.defToSpaceField (packages/malloy/src/lang/ast/field-space/static-space.ts:339:13)

  console.log
    [StaticSpace.map] Adding field 'births', isJoined: false

      at StaticSourceSpace.get map [as map] (packages/malloy/src/lang/ast/field-space/static-space.ts:113:17)

  console.log
    [StaticSourceSpace.defToSpaceField] Field 'births', isJoined: false, has parameterSpaceRef: false, creation #1

      at StaticSourceSpace.defToSpaceField (packages/malloy/src/lang/ast/field-space/static-space.ts:339:13)

  console.log
    [StaticSpace.map] Adding field 'popular_name', isJoined: false

      at StaticSourceSpace.get map [as map] (packages/malloy/src/lang/ast/field-space/static-space.ts:113:17)

  console.log
    [StaticSourceSpace.defToSpaceField] Field 'popular_name', isJoined: false, has parameterSpaceRef: false, creation #1

      at StaticSourceSpace.defToSpaceField (packages/malloy/src/lang/ast/field-space/static-space.ts:339:13)

  console.log
    [StaticSpace.map] Adding field 'state', isJoined: false

      at StaticSourceSpace.get map [as map] (packages/malloy/src/lang/ast/field-space/static-space.ts:113:17)

  console.log
    [StaticSourceSpace.defToSpaceField] Field 'state', isJoined: false, has parameterSpaceRef: false, creation #1

      at StaticSourceSpace.defToSpaceField (packages/malloy/src/lang/ast/field-space/static-space.ts:339:13)

  console.log
    [StaticSourceSpace.entry] Found 'state' in fields

      at StaticSourceSpace.entry (packages/malloy/src/lang/ast/field-space/static-space.ts:376:15)

  console.log
    [StaticSourceSpace.lookup] Found 'state'

      at StaticSourceSpace.lookup (packages/malloy/src/lang/ast/field-space/static-space.ts:415:13)

  console.log
    [QueryInputSpace.parameterSpace] Called

      at QueryInputSpace.parameterSpace (packages/malloy/src/lang/ast/field-space/query-input-space.ts:84:13)

  console.log
    [QueryInputSpace.parameterSpace] Got from queryOutput: [ 'state_filter2' ]

      at QueryInputSpace.parameterSpace (packages/malloy/src/lang/ast/field-space/query-input-space.ts:88:15)

  console.log
    [QueryArrow.queryComp] Creating comp.query: {
      inputStructName: 'duckdb:malloytest.state_facts',
      inputStructType: 'table',
      inputStructArguments: [ 'state_filter2' ],
      sourceArgumentsKeys: [ 'state_filter2' ],
      sourceArgumentsHasValues: [ [ 'state_filter2', true ] ],
      pipelineLength: 1
    }

      at QueryArrow.queryComp (packages/malloy/src/lang/ast/query-elements/query-arrow.ts:244:13)

  console.log
    [ParameterSpace constructor] Created with parameters: [ 'state_filter' ]

      at new ParameterSpace (packages/malloy/src/lang/ast/field-space/parameter-space.ts:29:13)

  console.log
    [StaticSpace.map] Building map for 'duckdb:malloytest.state_facts', is StaticSourceSpace: false, has parameterSpaceRef: N/A

      at RefinedSpace.get map [as map] (packages/malloy/src/lang/ast/field-space/static-space.ts:102:15)

  console.log
    [StaticSpace.map] Adding field 'state', isJoined: false

      at RefinedSpace.get map [as map] (packages/malloy/src/lang/ast/field-space/static-space.ts:113:17)

  console.log
    [StaticSpace.map] Adding field 'aircraft_count', isJoined: false

      at RefinedSpace.get map [as map] (packages/malloy/src/lang/ast/field-space/static-space.ts:113:17)

  console.log
    [StaticSpace.map] Adding field 'airport_count', isJoined: false

      at RefinedSpace.get map [as map] (packages/malloy/src/lang/ast/field-space/static-space.ts:113:17)

  console.log
    [StaticSpace.map] Adding field 'births', isJoined: false

      at RefinedSpace.get map [as map] (packages/malloy/src/lang/ast/field-space/static-space.ts:113:17)

  console.log
    [StaticSpace.map] Adding field 'popular_name', isJoined: false

      at RefinedSpace.get map [as map] (packages/malloy/src/lang/ast/field-space/static-space.ts:113:17)

  console.log
    [StaticSpace.lookup] Looking up 'state'

      at RefinedSpace.lookup (packages/malloy/src/lang/ast/field-space/static-space.ts:176:13)

  console.log
    [StaticSpace.lookup] Found 'state'

      at RefinedSpace.lookup (packages/malloy/src/lang/ast/field-space/static-space.ts:188:13)

  console.log
    [ParameterSpace constructor] Created with parameters: [ 'state_filter' ]

      at new ParameterSpace (packages/malloy/src/lang/ast/field-space/parameter-space.ts:29:13)

  console.log
    [StaticSpace.lookup] Looking up 'state'

      at RefinedSpace.lookup (packages/malloy/src/lang/ast/field-space/static-space.ts:176:13)

  console.log
    [StaticSpace.lookup] Found 'state'

      at RefinedSpace.lookup (packages/malloy/src/lang/ast/field-space/static-space.ts:188:13)

  console.log
    [StaticSpace.lookup] Looking up 'state_filter'

      at RefinedSpace.lookup (packages/malloy/src/lang/ast/field-space/static-space.ts:176:13)

  console.log
    [StaticSpace.lookup] Found 'state_filter'

      at RefinedSpace.lookup (packages/malloy/src/lang/ast/field-space/static-space.ts:188:13)

  console.log
    [ParameterSpace constructor] Created with parameters: [ 'state_filter3' ]

      at new ParameterSpace (packages/malloy/src/lang/ast/field-space/parameter-space.ts:29:13)

  console.log
    [StaticSpace.map] Building map for 'duckdb:malloytest.state_facts', is StaticSourceSpace: false, has parameterSpaceRef: N/A

      at RefinedSpace.get map [as map] (packages/malloy/src/lang/ast/field-space/static-space.ts:102:15)

  console.log
    [StaticSpace.map] Adding field 'state', isJoined: false

      at RefinedSpace.get map [as map] (packages/malloy/src/lang/ast/field-space/static-space.ts:113:17)

  console.log
    [StaticSpace.map] Adding field 'aircraft_count', isJoined: false

      at RefinedSpace.get map [as map] (packages/malloy/src/lang/ast/field-space/static-space.ts:113:17)

  console.log
    [StaticSpace.map] Adding field 'airport_count', isJoined: false

      at RefinedSpace.get map [as map] (packages/malloy/src/lang/ast/field-space/static-space.ts:113:17)

  console.log
    [StaticSpace.map] Adding field 'births', isJoined: false

      at RefinedSpace.get map [as map] (packages/malloy/src/lang/ast/field-space/static-space.ts:113:17)

  console.log
    [StaticSpace.map] Adding field 'popular_name', isJoined: false

      at RefinedSpace.get map [as map] (packages/malloy/src/lang/ast/field-space/static-space.ts:113:17)

  console.log
    [ParameterSpace constructor] Created with parameters: [ 'state_filter3' ]

      at new ParameterSpace (packages/malloy/src/lang/ast/field-space/parameter-space.ts:29:13)

  console.log
    [SQArrow.getQuery] Called

      at SQArrow.getQuery (packages/malloy/src/lang/ast/source-query-elements/sq-arrow.ts:53:13)

  console.log
    [SQArrow.getQuery] LHS is: namedSource, instanceof Source: true

      at SQArrow.getQuery (packages/malloy/src/lang/ast/source-query-elements/sq-arrow.ts:72:13)

  console.log
    [ParameterSpace constructor] Created with parameters: []

      at new ParameterSpace (packages/malloy/src/lang/ast/field-space/parameter-space.ts:29:13)

  console.log
    [ParameterSpace.entry] Looking up 'state_filter3', available: [] found: false

      at ParameterSpace.entry (packages/malloy/src/lang/ast/field-space/parameter-space.ts:44:13)

  console.log
    [SQArrow.getQuery] sourceDef.parameters: []

      at SQArrow.getQuery (packages/malloy/src/lang/ast/source-query-elements/sq-arrow.ts:80:15)

  console.log
    [SQArrow.getQuery] sourceDef.arguments: [ 'state_filter' ]

      at SQArrow.getQuery (packages/malloy/src/lang/ast/source-query-elements/sq-arrow.ts:84:15)

  console.log
    [ParameterSpace constructor] Created with parameters: [ 'state_filter' ]

      at new ParameterSpace (packages/malloy/src/lang/ast/field-space/parameter-space.ts:29:13)

  console.log
    [SQArrow.getQuery] Created parameterSpace from source arguments: [ 'state_filter' ]

      at SQArrow.getQuery (packages/malloy/src/lang/ast/source-query-elements/sq-arrow.ts:103:17)

  console.log
    [QueryArrow constructor] Created with source: namedSource, parameterSpace: [ 'state_filter' ]

      at new QueryArrow (packages/malloy/src/lang/ast/query-elements/query-arrow.ts:60:15)

  console.log
    [ExpressionJoin.getStructDef] Passing parameterSpace to querySource with params: [ 'state_filter3' ]

      at ExpressionJoin.getStructDef (packages/malloy/src/lang/ast/source-properties/join.ts:266:15)

  console.log
    [QuerySource.withParameters] Received parameterSpace with params: [ 'state_filter3' ]

      at QuerySource.withParameters (packages/malloy/src/lang/ast/source-elements/query-source.ts:61:15)

  console.log
    [QuerySource.withParameters] Assigned parameterSpace to query element

      at QuerySource.withParameters (packages/malloy/src/lang/ast/source-elements/query-source.ts:71:13)

  console.log
    [ParameterSpace.entry] Looking up 'state_filter3', available: [ 'state_filter3' ] found: true

      at ParameterSpace.entry (packages/malloy/src/lang/ast/field-space/parameter-space.ts:44:13)

  console.log
    [ParameterSpace.entry] Looking up 'state_filter3', available: [ 'state_filter3' ] found: true

      at ParameterSpace.entry (packages/malloy/src/lang/ast/field-space/parameter-space.ts:44:13)

  console.log
    [StaticSourceSpace constructor] Created with parameterSpaceRef: true source name: duckdb:malloytest.state_facts

      at new StaticSourceSpace (packages/malloy/src/lang/ast/field-space/static-space.ts:312:13)

  console.log
    [QueryArrow.queryComp] Source: namedSource, fieldSpace WITH parameterSpace: [ 'state_filter3' ]

      at QueryArrow.queryComp (packages/malloy/src/lang/ast/query-elements/query-arrow.ts:120:17)

  console.log
    [QueryArrow.queryComp] Calling view.pipelineComp with fieldSpace

      at QueryArrow.queryComp (packages/malloy/src/lang/ast/query-elements/query-arrow.ts:161:13)

  console.log
    [StaticSpace.map] Building map for 'duckdb:malloytest.state_facts', is StaticSourceSpace: false, has parameterSpaceRef: N/A

      at QueryInputSpace.get map [as map] (packages/malloy/src/lang/ast/field-space/static-space.ts:102:15)

  console.log
    [StaticSpace.map] Adding field 'state', isJoined: false

      at QueryInputSpace.get map [as map] (packages/malloy/src/lang/ast/field-space/static-space.ts:113:17)

  console.log
    [StaticSpace.map] Adding field 'aircraft_count', isJoined: false

      at QueryInputSpace.get map [as map] (packages/malloy/src/lang/ast/field-space/static-space.ts:113:17)

  console.log
    [StaticSpace.map] Adding field 'airport_count', isJoined: false

      at QueryInputSpace.get map [as map] (packages/malloy/src/lang/ast/field-space/static-space.ts:113:17)

  console.log
    [StaticSpace.map] Adding field 'births', isJoined: false

      at QueryInputSpace.get map [as map] (packages/malloy/src/lang/ast/field-space/static-space.ts:113:17)

  console.log
    [StaticSpace.map] Adding field 'popular_name', isJoined: false

      at QueryInputSpace.get map [as map] (packages/malloy/src/lang/ast/field-space/static-space.ts:113:17)

  console.log
    [StaticSpace.map] Building map for 'duckdb:malloytest.state_facts', is StaticSourceSpace: false, has parameterSpaceRef: N/A

      at ProjectFieldSpace.get map [as map] (packages/malloy/src/lang/ast/field-space/static-space.ts:102:15)

  console.log
    [QueryInputSpace.parameterSpace] Called

      at QueryInputSpace.parameterSpace (packages/malloy/src/lang/ast/field-space/query-input-space.ts:84:13)

  console.log
    [QueryInputSpace.parameterSpace] Got from queryOutput: [ 'state_filter3' ]

      at QueryInputSpace.parameterSpace (packages/malloy/src/lang/ast/field-space/query-input-space.ts:88:15)

  console.log
    [QueryArrow.queryComp] Creating comp.query: {
      inputStructName: 'duckdb:malloytest.state_facts',
      inputStructType: 'table',
      inputStructArguments: [ 'state_filter' ],
      sourceArgumentsKeys: [ 'state_filter' ],
      sourceArgumentsHasValues: [ [ 'state_filter', true ] ],
      pipelineLength: 1
    }

      at QueryArrow.queryComp (packages/malloy/src/lang/ast/query-elements/query-arrow.ts:244:13)

  console.log
    [ExpressionJoin.getStructDef] hasExistingArguments: true, sourceDef.arguments: [ 'state_filter' ]

      at ExpressionJoin.getStructDef (packages/malloy/src/lang/ast/source-properties/join.ts:284:13)

  console.log
    [JoinSpaceField constructor] Created for join with parameterSpace: true

      at new JoinSpaceField (packages/malloy/src/lang/ast/field-space/join-space-field.ts:36:13)

  console.log
    [ParameterSpace constructor] Created with parameters: [ 'state_filter3' ]

      at new ParameterSpace (packages/malloy/src/lang/ast/field-space/parameter-space.ts:29:13)

  console.log
    [SQArrow.getQuery] Called

      at SQArrow.getQuery (packages/malloy/src/lang/ast/source-query-elements/sq-arrow.ts:53:13)

  console.log
    [SQArrow.getQuery] LHS is: namedSource, instanceof Source: true

      at SQArrow.getQuery (packages/malloy/src/lang/ast/source-query-elements/sq-arrow.ts:72:13)

  console.log
    [ParameterSpace constructor] Created with parameters: []

      at new ParameterSpace (packages/malloy/src/lang/ast/field-space/parameter-space.ts:29:13)

  console.log
    [ParameterSpace.entry] Looking up 'state_filter3', available: [] found: false

      at ParameterSpace.entry (packages/malloy/src/lang/ast/field-space/parameter-space.ts:44:13)

  console.log
    [SQArrow.getQuery] sourceDef.parameters: []

      at SQArrow.getQuery (packages/malloy/src/lang/ast/source-query-elements/sq-arrow.ts:80:15)

  console.log
    [SQArrow.getQuery] sourceDef.arguments: [ 'state_filter' ]

      at SQArrow.getQuery (packages/malloy/src/lang/ast/source-query-elements/sq-arrow.ts:84:15)

  console.log
    [ParameterSpace constructor] Created with parameters: [ 'state_filter' ]

      at new ParameterSpace (packages/malloy/src/lang/ast/field-space/parameter-space.ts:29:13)

  console.log
    [SQArrow.getQuery] Created parameterSpace from source arguments: [ 'state_filter' ]

      at SQArrow.getQuery (packages/malloy/src/lang/ast/source-query-elements/sq-arrow.ts:103:17)

  console.log
    [QueryArrow constructor] Created with source: namedSource, parameterSpace: [ 'state_filter' ]

      at new QueryArrow (packages/malloy/src/lang/ast/query-elements/query-arrow.ts:60:15)

  console.log
    [ExpressionJoin.getStructDef] Passing parameterSpace to querySource with params: [ 'state_filter3' ]

      at ExpressionJoin.getStructDef (packages/malloy/src/lang/ast/source-properties/join.ts:266:15)

  console.log
    [QuerySource.withParameters] Received parameterSpace with params: [ 'state_filter3' ]

      at QuerySource.withParameters (packages/malloy/src/lang/ast/source-elements/query-source.ts:61:15)

  console.log
    [QuerySource.withParameters] Assigned parameterSpace to query element

      at QuerySource.withParameters (packages/malloy/src/lang/ast/source-elements/query-source.ts:71:13)

  console.log
    [ParameterSpace.entry] Looking up 'state_filter3', available: [ 'state_filter3' ] found: true

      at ParameterSpace.entry (packages/malloy/src/lang/ast/field-space/parameter-space.ts:44:13)

  console.log
    [ParameterSpace.entry] Looking up 'state_filter3', available: [ 'state_filter3' ] found: true

      at ParameterSpace.entry (packages/malloy/src/lang/ast/field-space/parameter-space.ts:44:13)

  console.log
    [StaticSourceSpace constructor] Created with parameterSpaceRef: true source name: duckdb:malloytest.state_facts

      at new StaticSourceSpace (packages/malloy/src/lang/ast/field-space/static-space.ts:312:13)

  console.log
    [QueryArrow.queryComp] Source: namedSource, fieldSpace WITH parameterSpace: [ 'state_filter3' ]

      at QueryArrow.queryComp (packages/malloy/src/lang/ast/query-elements/query-arrow.ts:120:17)

  console.log
    [QueryArrow.queryComp] Calling view.pipelineComp with fieldSpace

      at QueryArrow.queryComp (packages/malloy/src/lang/ast/query-elements/query-arrow.ts:161:13)

  console.log
    [StaticSpace.map] Building map for 'duckdb:malloytest.state_facts', is StaticSourceSpace: false, has parameterSpaceRef: N/A

      at QueryInputSpace.get map [as map] (packages/malloy/src/lang/ast/field-space/static-space.ts:102:15)

  console.log
    [StaticSpace.map] Adding field 'state', isJoined: false

      at QueryInputSpace.get map [as map] (packages/malloy/src/lang/ast/field-space/static-space.ts:113:17)

  console.log
    [StaticSpace.map] Adding field 'aircraft_count', isJoined: false

      at QueryInputSpace.get map [as map] (packages/malloy/src/lang/ast/field-space/static-space.ts:113:17)

  console.log
    [StaticSpace.map] Adding field 'airport_count', isJoined: false

      at QueryInputSpace.get map [as map] (packages/malloy/src/lang/ast/field-space/static-space.ts:113:17)

  console.log
    [StaticSpace.map] Adding field 'births', isJoined: false

      at QueryInputSpace.get map [as map] (packages/malloy/src/lang/ast/field-space/static-space.ts:113:17)

  console.log
    [StaticSpace.map] Adding field 'popular_name', isJoined: false

      at QueryInputSpace.get map [as map] (packages/malloy/src/lang/ast/field-space/static-space.ts:113:17)

  console.log
    [StaticSpace.map] Building map for 'duckdb:malloytest.state_facts', is StaticSourceSpace: false, has parameterSpaceRef: N/A

      at ProjectFieldSpace.get map [as map] (packages/malloy/src/lang/ast/field-space/static-space.ts:102:15)

  console.log
    [QueryInputSpace.parameterSpace] Called

      at QueryInputSpace.parameterSpace (packages/malloy/src/lang/ast/field-space/query-input-space.ts:84:13)

  console.log
    [QueryInputSpace.parameterSpace] Got from queryOutput: [ 'state_filter3' ]

      at QueryInputSpace.parameterSpace (packages/malloy/src/lang/ast/field-space/query-input-space.ts:88:15)

  console.log
    [QueryArrow.queryComp] Creating comp.query: {
      inputStructName: 'duckdb:malloytest.state_facts',
      inputStructType: 'table',
      inputStructArguments: [ 'state_filter' ],
      sourceArgumentsKeys: [ 'state_filter' ],
      sourceArgumentsHasValues: [ [ 'state_filter', true ] ],
      pipelineLength: 1
    }

      at QueryArrow.queryComp (packages/malloy/src/lang/ast/query-elements/query-arrow.ts:244:13)

  console.log
    [ExpressionJoin.getStructDef] hasExistingArguments: true, sourceDef.arguments: [ 'state_filter' ]

      at ExpressionJoin.getStructDef (packages/malloy/src/lang/ast/source-properties/join.ts:284:13)

  console.log
    [SQArrow.getQuery] Called

      at SQArrow.getQuery (packages/malloy/src/lang/ast/source-query-elements/sq-arrow.ts:53:13)

  console.log
    [SQArrow.getQuery] LHS is: namedSource, instanceof Source: true

      at SQArrow.getQuery (packages/malloy/src/lang/ast/source-query-elements/sq-arrow.ts:72:13)

  console.log
    [ParameterSpace constructor] Created with parameters: []

      at new ParameterSpace (packages/malloy/src/lang/ast/field-space/parameter-space.ts:29:13)

  console.log
    [SQArrow.getQuery] sourceDef.parameters: []

      at SQArrow.getQuery (packages/malloy/src/lang/ast/source-query-elements/sq-arrow.ts:80:15)

  console.log
    [SQArrow.getQuery] sourceDef.arguments: [ 'state_filter3' ]

      at SQArrow.getQuery (packages/malloy/src/lang/ast/source-query-elements/sq-arrow.ts:84:15)

  console.log
    [ParameterSpace constructor] Created with parameters: [ 'state_filter3' ]

      at new ParameterSpace (packages/malloy/src/lang/ast/field-space/parameter-space.ts:29:13)

  console.log
    [SQArrow.getQuery] Created parameterSpace from source arguments: [ 'state_filter3' ]

      at SQArrow.getQuery (packages/malloy/src/lang/ast/source-query-elements/sq-arrow.ts:103:17)

  console.log
    [QueryArrow constructor] Created with source: namedSource, parameterSpace: [ 'state_filter3' ]

      at new QueryArrow (packages/malloy/src/lang/ast/query-elements/query-arrow.ts:60:15)

  console.log
    [StaticSourceSpace constructor] Created with parameterSpaceRef: true source name: duckdb:malloytest.state_facts

      at new StaticSourceSpace (packages/malloy/src/lang/ast/field-space/static-space.ts:312:13)

  console.log
    [QueryArrow.queryComp] Source: namedSource, fieldSpace WITH parameterSpace: [ 'state_filter3' ]

      at QueryArrow.queryComp (packages/malloy/src/lang/ast/query-elements/query-arrow.ts:120:17)

  console.log
    [QueryArrow.queryComp] Calling view.pipelineComp with fieldSpace

      at QueryArrow.queryComp (packages/malloy/src/lang/ast/query-elements/query-arrow.ts:161:13)

  console.log
    [StaticSpace.map] Building map for 'duckdb:malloytest.state_facts', is StaticSourceSpace: false, has parameterSpaceRef: N/A

      at ReduceFieldSpace.get map [as map] (packages/malloy/src/lang/ast/field-space/static-space.ts:102:15)

  console.log
    [StaticSpace.lookup] Looking up 'filtered'

      at QueryInputSpace.lookup (packages/malloy/src/lang/ast/field-space/static-space.ts:176:13)

  console.log
    [QueryInputSpace.entry] Looking up 'filtered'

      at QueryInputSpace.entry (packages/malloy/src/lang/ast/field-space/query-input-space.ts:108:13)

  console.log
    [StaticSpace.map] Building map for 'duckdb:malloytest.state_facts', is StaticSourceSpace: false, has parameterSpaceRef: N/A

      at QueryInputSpace.get map [as map] (packages/malloy/src/lang/ast/field-space/static-space.ts:102:15)

  console.log
    [StaticSpace.map] Adding field 'state', isJoined: false

      at QueryInputSpace.get map [as map] (packages/malloy/src/lang/ast/field-space/static-space.ts:113:17)

  console.log
    [StaticSpace.map] Adding field 'aircraft_count', isJoined: false

      at QueryInputSpace.get map [as map] (packages/malloy/src/lang/ast/field-space/static-space.ts:113:17)

  console.log
    [StaticSpace.map] Adding field 'airport_count', isJoined: false

      at QueryInputSpace.get map [as map] (packages/malloy/src/lang/ast/field-space/static-space.ts:113:17)

  console.log
    [StaticSpace.map] Adding field 'births', isJoined: false

      at QueryInputSpace.get map [as map] (packages/malloy/src/lang/ast/field-space/static-space.ts:113:17)

  console.log
    [StaticSpace.map] Adding field 'popular_name', isJoined: false

      at QueryInputSpace.get map [as map] (packages/malloy/src/lang/ast/field-space/static-space.ts:113:17)

  console.log
    [StaticSpace.map] Adding field 'filtered', isJoined: true

      at QueryInputSpace.get map [as map] (packages/malloy/src/lang/ast/field-space/static-space.ts:113:17)

  console.log
    [QueryInputSpace.entry] Found 'filtered' in fields

      at QueryInputSpace.entry (packages/malloy/src/lang/ast/field-space/query-input-space.ts:112:15)

  console.log
    [StaticSpace.lookup] Found 'filtered'

      at QueryInputSpace.lookup (packages/malloy/src/lang/ast/field-space/static-space.ts:188:13)

  console.log
    [StructSpaceField.fieldSpace] Join 'filtered', isSourceDef: true, type: query_source, has parameterSpaceRef: false

      at StructSpaceField.get fieldSpace [as fieldSpace] (packages/malloy/src/lang/ast/field-space/static-space.ts:279:13)

  console.log
    [StaticSourceSpace constructor] Created with parameterSpaceRef: false source name: filtered

      at new StaticSourceSpace (packages/malloy/src/lang/ast/field-space/static-space.ts:312:13)

  console.log
    [StructSpaceField.fieldSpace] Join 'filtered', isSourceDef: true, type: query_source, has parameterSpaceRef: false

      at StructSpaceField.get fieldSpace [as fieldSpace] (packages/malloy/src/lang/ast/field-space/static-space.ts:279:13)

  console.log
    [StaticSourceSpace constructor] Created with parameterSpaceRef: false source name: filtered

      at new StaticSourceSpace (packages/malloy/src/lang/ast/field-space/static-space.ts:312:13)

  console.log
    [StaticSourceSpace.lookup] Looking up 'state'

      at StaticSourceSpace.lookup (packages/malloy/src/lang/ast/field-space/static-space.ts:403:13)

  console.log
    [StaticSourceSpace.entry] Looking up 'state', has parameterSpaceRef: false

      at StaticSourceSpace.entry (packages/malloy/src/lang/ast/field-space/static-space.ts:369:13)

  console.log
    [StaticSpace.map] Building map for 'filtered', is StaticSourceSpace: true, has parameterSpaceRef: false

      at StaticSourceSpace.get map [as map] (packages/malloy/src/lang/ast/field-space/static-space.ts:102:15)

  console.log
    [StaticSpace.map] Adding field 'aircraft_count', isJoined: false

      at StaticSourceSpace.get map [as map] (packages/malloy/src/lang/ast/field-space/static-space.ts:113:17)

  console.log
    [StaticSourceSpace.defToSpaceField] Field 'aircraft_count', isJoined: false, has parameterSpaceRef: false, creation #1

      at StaticSourceSpace.defToSpaceField (packages/malloy/src/lang/ast/field-space/static-space.ts:339:13)

  console.log
    [StaticSpace.map] Adding field 'airport_count', isJoined: false

      at StaticSourceSpace.get map [as map] (packages/malloy/src/lang/ast/field-space/static-space.ts:113:17)

  console.log
    [StaticSourceSpace.defToSpaceField] Field 'airport_count', isJoined: false, has parameterSpaceRef: false, creation #1

      at StaticSourceSpace.defToSpaceField (packages/malloy/src/lang/ast/field-space/static-space.ts:339:13)

  console.log
    [StaticSpace.map] Adding field 'births', isJoined: false

      at StaticSourceSpace.get map [as map] (packages/malloy/src/lang/ast/field-space/static-space.ts:113:17)

  console.log
    [StaticSourceSpace.defToSpaceField] Field 'births', isJoined: false, has parameterSpaceRef: false, creation #1

      at StaticSourceSpace.defToSpaceField (packages/malloy/src/lang/ast/field-space/static-space.ts:339:13)

  console.log
    [StaticSpace.map] Adding field 'popular_name', isJoined: false

      at StaticSourceSpace.get map [as map] (packages/malloy/src/lang/ast/field-space/static-space.ts:113:17)

  console.log
    [StaticSourceSpace.defToSpaceField] Field 'popular_name', isJoined: false, has parameterSpaceRef: false, creation #1

      at StaticSourceSpace.defToSpaceField (packages/malloy/src/lang/ast/field-space/static-space.ts:339:13)

  console.log
    [StaticSpace.map] Adding field 'state', isJoined: false

      at StaticSourceSpace.get map [as map] (packages/malloy/src/lang/ast/field-space/static-space.ts:113:17)

  console.log
    [StaticSourceSpace.defToSpaceField] Field 'state', isJoined: false, has parameterSpaceRef: false, creation #1

      at StaticSourceSpace.defToSpaceField (packages/malloy/src/lang/ast/field-space/static-space.ts:339:13)

  console.log
    [StaticSourceSpace.entry] Found 'state' in fields

      at StaticSourceSpace.entry (packages/malloy/src/lang/ast/field-space/static-space.ts:376:15)

  console.log
    [StaticSourceSpace.lookup] Found 'state'

      at StaticSourceSpace.lookup (packages/malloy/src/lang/ast/field-space/static-space.ts:415:13)

  console.log
    [QueryInputSpace.parameterSpace] Called

      at QueryInputSpace.parameterSpace (packages/malloy/src/lang/ast/field-space/query-input-space.ts:84:13)

  console.log
    [QueryInputSpace.parameterSpace] Got from queryOutput: [ 'state_filter3' ]

      at QueryInputSpace.parameterSpace (packages/malloy/src/lang/ast/field-space/query-input-space.ts:88:15)

  console.log
    [QueryArrow.queryComp] Creating comp.query: {
      inputStructName: 'duckdb:malloytest.state_facts',
      inputStructType: 'table',
      inputStructArguments: [ 'state_filter3' ],
      sourceArgumentsKeys: [ 'state_filter3' ],
      sourceArgumentsHasValues: [ [ 'state_filter3', true ] ],
      pipelineLength: 1
    }

      at QueryArrow.queryComp (packages/malloy/src/lang/ast/query-elements/query-arrow.ts:244:13)

  console.log
    TEST STARTED: join_one simple source with pipeline referencing outer param

      at Object.<anonymous> (test/src/core/parameters.spec.ts:503:13)

  console.log
    [ParameterSpace constructor] Created with parameters: [ 'state_filter' ]

      at new ParameterSpace (packages/malloy/src/lang/ast/field-space/parameter-space.ts:29:13)

  console.log
    [StaticSpace.map] Building map for 'duckdb:malloytest.state_facts', is StaticSourceSpace: false, has parameterSpaceRef: N/A

      at RefinedSpace.get map [as map] (packages/malloy/src/lang/ast/field-space/static-space.ts:102:15)

  console.log
    [StaticSpace.map] Adding field 'state', isJoined: false

      at RefinedSpace.get map [as map] (packages/malloy/src/lang/ast/field-space/static-space.ts:113:17)

  console.log
    [StaticSpace.map] Adding field 'aircraft_count', isJoined: false

      at RefinedSpace.get map [as map] (packages/malloy/src/lang/ast/field-space/static-space.ts:113:17)

  console.log
    [StaticSpace.map] Adding field 'airport_count', isJoined: false

      at RefinedSpace.get map [as map] (packages/malloy/src/lang/ast/field-space/static-space.ts:113:17)

  console.log
    [StaticSpace.map] Adding field 'births', isJoined: false

      at RefinedSpace.get map [as map] (packages/malloy/src/lang/ast/field-space/static-space.ts:113:17)

  console.log
    [StaticSpace.map] Adding field 'popular_name', isJoined: false

      at RefinedSpace.get map [as map] (packages/malloy/src/lang/ast/field-space/static-space.ts:113:17)

  console.log
    [ParameterSpace constructor] Created with parameters: [ 'state_filter' ]

      at new ParameterSpace (packages/malloy/src/lang/ast/field-space/parameter-space.ts:29:13)

  console.log
    [SQArrow.getQuery] Called

      at SQArrow.getQuery (packages/malloy/src/lang/ast/source-query-elements/sq-arrow.ts:53:13)

  console.log
    [SQArrow.getQuery] LHS is: tableMethodSource, instanceof Source: true

      at SQArrow.getQuery (packages/malloy/src/lang/ast/source-query-elements/sq-arrow.ts:72:13)

  console.log
    [SQArrow.getQuery] sourceDef.parameters: none

      at SQArrow.getQuery (packages/malloy/src/lang/ast/source-query-elements/sq-arrow.ts:80:15)

  console.log
    [SQArrow.getQuery] sourceDef.arguments: none

      at SQArrow.getQuery (packages/malloy/src/lang/ast/source-query-elements/sq-arrow.ts:84:15)

  console.log
    [QueryArrow constructor] Created with source: tableMethodSource, NO parameterSpace

      at new QueryArrow (packages/malloy/src/lang/ast/query-elements/query-arrow.ts:65:15)

  console.log
    [ExpressionJoin.getStructDef] Passing parameterSpace to querySource with params: [ 'state_filter' ]

      at ExpressionJoin.getStructDef (packages/malloy/src/lang/ast/source-properties/join.ts:266:15)

  console.log
    [QuerySource.withParameters] Received parameterSpace with params: [ 'state_filter' ]

      at QuerySource.withParameters (packages/malloy/src/lang/ast/source-elements/query-source.ts:61:15)

  console.log
    [QuerySource.withParameters] Assigned parameterSpace to query element

      at QuerySource.withParameters (packages/malloy/src/lang/ast/source-elements/query-source.ts:71:13)

  console.log
    [StaticSourceSpace constructor] Created with parameterSpaceRef: true source name: duckdb:malloytest.state_facts

      at new StaticSourceSpace (packages/malloy/src/lang/ast/field-space/static-space.ts:312:13)

  console.log
    [QueryArrow.queryComp] Source: tableMethodSource, fieldSpace WITH parameterSpace: [ 'state_filter' ]

      at QueryArrow.queryComp (packages/malloy/src/lang/ast/query-elements/query-arrow.ts:120:17)

  console.log
    [QueryArrow.queryComp] Calling view.pipelineComp with fieldSpace

      at QueryArrow.queryComp (packages/malloy/src/lang/ast/query-elements/query-arrow.ts:161:13)

  console.log
    [StaticSpace.map] Building map for 'duckdb:malloytest.state_facts', is StaticSourceSpace: false, has parameterSpaceRef: N/A

      at QueryInputSpace.get map [as map] (packages/malloy/src/lang/ast/field-space/static-space.ts:102:15)

  console.log
    [StaticSpace.map] Adding field 'state', isJoined: false

      at QueryInputSpace.get map [as map] (packages/malloy/src/lang/ast/field-space/static-space.ts:113:17)

  console.log
    [StaticSpace.map] Adding field 'aircraft_count', isJoined: false

      at QueryInputSpace.get map [as map] (packages/malloy/src/lang/ast/field-space/static-space.ts:113:17)

  console.log
    [StaticSpace.map] Adding field 'airport_count', isJoined: false

      at QueryInputSpace.get map [as map] (packages/malloy/src/lang/ast/field-space/static-space.ts:113:17)

  console.log
    [StaticSpace.map] Adding field 'births', isJoined: false

      at QueryInputSpace.get map [as map] (packages/malloy/src/lang/ast/field-space/static-space.ts:113:17)

  console.log
    [StaticSpace.map] Adding field 'popular_name', isJoined: false

      at QueryInputSpace.get map [as map] (packages/malloy/src/lang/ast/field-space/static-space.ts:113:17)

  console.log
    [StaticSpace.map] Building map for 'duckdb:malloytest.state_facts', is StaticSourceSpace: false, has parameterSpaceRef: N/A

      at ProjectFieldSpace.get map [as map] (packages/malloy/src/lang/ast/field-space/static-space.ts:102:15)

  console.log
    [StaticSpace.lookup] Looking up 'state'

      at QueryInputSpace.lookup (packages/malloy/src/lang/ast/field-space/static-space.ts:176:13)

  console.log
    [QueryInputSpace.entry] Looking up 'state'

      at QueryInputSpace.entry (packages/malloy/src/lang/ast/field-space/query-input-space.ts:108:13)

  console.log
    [QueryInputSpace.entry] Found 'state' in fields

      at QueryInputSpace.entry (packages/malloy/src/lang/ast/field-space/query-input-space.ts:112:15)

  console.log
    [StaticSpace.lookup] Found 'state'

      at QueryInputSpace.lookup (packages/malloy/src/lang/ast/field-space/static-space.ts:188:13)

  console.log
    [StaticSpace.lookup] Looking up 'state_filter'

      at QueryInputSpace.lookup (packages/malloy/src/lang/ast/field-space/static-space.ts:176:13)

  console.log
    [QueryInputSpace.entry] Looking up 'state_filter'

      at QueryInputSpace.entry (packages/malloy/src/lang/ast/field-space/query-input-space.ts:108:13)

  console.log
    [QueryInputSpace.parameterSpace] Called

      at QueryInputSpace.parameterSpace (packages/malloy/src/lang/ast/field-space/query-input-space.ts:84:13)

  console.log
    [QueryInputSpace.parameterSpace] Got from queryOutput: [ 'state_filter' ]

      at QueryInputSpace.parameterSpace (packages/malloy/src/lang/ast/field-space/query-input-space.ts:88:15)

  console.log
    [QueryInputSpace.entry] Checking parameterSpace for 'state_filter'

      at QueryInputSpace.entry (packages/malloy/src/lang/ast/field-space/query-input-space.ts:118:15)

  console.log
    [ParameterSpace.entry] Looking up 'state_filter', available: [ 'state_filter' ] found: true

      at ParameterSpace.entry (packages/malloy/src/lang/ast/field-space/parameter-space.ts:44:13)

  console.log
    [QueryInputSpace.entry] Found 'state_filter' in parameterSpace

      at QueryInputSpace.entry (packages/malloy/src/lang/ast/field-space/query-input-space.ts:123:17)

  console.log
    [StaticSpace.lookup] Found 'state_filter'

      at QueryInputSpace.lookup (packages/malloy/src/lang/ast/field-space/static-space.ts:188:13)

  console.log
    [QueryInputSpace.parameterSpace] Called

      at QueryInputSpace.parameterSpace (packages/malloy/src/lang/ast/field-space/query-input-space.ts:84:13)

  console.log
    [QueryInputSpace.parameterSpace] Got from queryOutput: [ 'state_filter' ]

      at QueryInputSpace.parameterSpace (packages/malloy/src/lang/ast/field-space/query-input-space.ts:88:15)

  console.log
    [QueryArrow.queryComp] Creating comp.query: {
      inputStructName: 'duckdb:malloytest.state_facts',
      inputStructType: 'table',
      inputStructArguments: [],
      sourceArgumentsKeys: [],
      sourceArgumentsHasValues: [],
      pipelineLength: 1
    }

      at QueryArrow.queryComp (packages/malloy/src/lang/ast/query-elements/query-arrow.ts:244:13)

  console.log
    [ExpressionJoin.getStructDef] hasExistingArguments: false, sourceDef.arguments: []

      at ExpressionJoin.getStructDef (packages/malloy/src/lang/ast/source-properties/join.ts:284:13)

  console.log
    [ExpressionJoin.getStructDef] Merging outer arguments: [ 'state_filter' ]

      at ExpressionJoin.getStructDef (packages/malloy/src/lang/ast/source-properties/join.ts:298:15)

  console.log
    [JoinSpaceField constructor] Created for join with parameterSpace: true

      at new JoinSpaceField (packages/malloy/src/lang/ast/field-space/join-space-field.ts:36:13)

  console.log
    [StaticSpace.lookup] Looking up 'state'

      at RefinedSpace.lookup (packages/malloy/src/lang/ast/field-space/static-space.ts:176:13)

  console.log
    [StaticSpace.lookup] Found 'state'

      at RefinedSpace.lookup (packages/malloy/src/lang/ast/field-space/static-space.ts:188:13)

  console.log
    [ParameterSpace constructor] Created with parameters: [ 'state_filter' ]

      at new ParameterSpace (packages/malloy/src/lang/ast/field-space/parameter-space.ts:29:13)

  console.log
    [SQArrow.getQuery] Called

      at SQArrow.getQuery (packages/malloy/src/lang/ast/source-query-elements/sq-arrow.ts:53:13)

  console.log
    [SQArrow.getQuery] LHS is: tableMethodSource, instanceof Source: true

      at SQArrow.getQuery (packages/malloy/src/lang/ast/source-query-elements/sq-arrow.ts:72:13)

  console.log
    [SQArrow.getQuery] sourceDef.parameters: none

      at SQArrow.getQuery (packages/malloy/src/lang/ast/source-query-elements/sq-arrow.ts:80:15)

  console.log
    [SQArrow.getQuery] sourceDef.arguments: none

      at SQArrow.getQuery (packages/malloy/src/lang/ast/source-query-elements/sq-arrow.ts:84:15)

  console.log
    [QueryArrow constructor] Created with source: tableMethodSource, NO parameterSpace

      at new QueryArrow (packages/malloy/src/lang/ast/query-elements/query-arrow.ts:65:15)

  console.log
    [ExpressionJoin.getStructDef] Passing parameterSpace to querySource with params: [ 'state_filter' ]

      at ExpressionJoin.getStructDef (packages/malloy/src/lang/ast/source-properties/join.ts:266:15)

  console.log
    [QuerySource.withParameters] Received parameterSpace with params: [ 'state_filter' ]

      at QuerySource.withParameters (packages/malloy/src/lang/ast/source-elements/query-source.ts:61:15)

  console.log
    [QuerySource.withParameters] Assigned parameterSpace to query element

      at QuerySource.withParameters (packages/malloy/src/lang/ast/source-elements/query-source.ts:71:13)

  console.log
    [StaticSourceSpace constructor] Created with parameterSpaceRef: true source name: duckdb:malloytest.state_facts

      at new StaticSourceSpace (packages/malloy/src/lang/ast/field-space/static-space.ts:312:13)

  console.log
    [QueryArrow.queryComp] Source: tableMethodSource, fieldSpace WITH parameterSpace: [ 'state_filter' ]

      at QueryArrow.queryComp (packages/malloy/src/lang/ast/query-elements/query-arrow.ts:120:17)

  console.log
    [QueryArrow.queryComp] Calling view.pipelineComp with fieldSpace

      at QueryArrow.queryComp (packages/malloy/src/lang/ast/query-elements/query-arrow.ts:161:13)

  console.log
    [StaticSpace.map] Building map for 'duckdb:malloytest.state_facts', is StaticSourceSpace: false, has parameterSpaceRef: N/A

      at QueryInputSpace.get map [as map] (packages/malloy/src/lang/ast/field-space/static-space.ts:102:15)

  console.log
    [StaticSpace.map] Adding field 'state', isJoined: false

      at QueryInputSpace.get map [as map] (packages/malloy/src/lang/ast/field-space/static-space.ts:113:17)

  console.log
    [StaticSpace.map] Adding field 'aircraft_count', isJoined: false

      at QueryInputSpace.get map [as map] (packages/malloy/src/lang/ast/field-space/static-space.ts:113:17)

  console.log
    [StaticSpace.map] Adding field 'airport_count', isJoined: false

      at QueryInputSpace.get map [as map] (packages/malloy/src/lang/ast/field-space/static-space.ts:113:17)

  console.log
    [StaticSpace.map] Adding field 'births', isJoined: false

      at QueryInputSpace.get map [as map] (packages/malloy/src/lang/ast/field-space/static-space.ts:113:17)

  console.log
    [StaticSpace.map] Adding field 'popular_name', isJoined: false

      at QueryInputSpace.get map [as map] (packages/malloy/src/lang/ast/field-space/static-space.ts:113:17)

  console.log
    [StaticSpace.map] Building map for 'duckdb:malloytest.state_facts', is StaticSourceSpace: false, has parameterSpaceRef: N/A

      at ProjectFieldSpace.get map [as map] (packages/malloy/src/lang/ast/field-space/static-space.ts:102:15)

  console.log
    [StaticSpace.lookup] Looking up 'state'

      at QueryInputSpace.lookup (packages/malloy/src/lang/ast/field-space/static-space.ts:176:13)

  console.log
    [QueryInputSpace.entry] Looking up 'state'

      at QueryInputSpace.entry (packages/malloy/src/lang/ast/field-space/query-input-space.ts:108:13)

  console.log
    [QueryInputSpace.entry] Found 'state' in fields

      at QueryInputSpace.entry (packages/malloy/src/lang/ast/field-space/query-input-space.ts:112:15)

  console.log
    [StaticSpace.lookup] Found 'state'

      at QueryInputSpace.lookup (packages/malloy/src/lang/ast/field-space/static-space.ts:188:13)

  console.log
    [StaticSpace.lookup] Looking up 'state_filter'

      at QueryInputSpace.lookup (packages/malloy/src/lang/ast/field-space/static-space.ts:176:13)

  console.log
    [QueryInputSpace.entry] Looking up 'state_filter'

      at QueryInputSpace.entry (packages/malloy/src/lang/ast/field-space/query-input-space.ts:108:13)

  console.log
    [QueryInputSpace.parameterSpace] Called

      at QueryInputSpace.parameterSpace (packages/malloy/src/lang/ast/field-space/query-input-space.ts:84:13)

  console.log
    [QueryInputSpace.parameterSpace] Got from queryOutput: [ 'state_filter' ]

      at QueryInputSpace.parameterSpace (packages/malloy/src/lang/ast/field-space/query-input-space.ts:88:15)

  console.log
    [QueryInputSpace.entry] Checking parameterSpace for 'state_filter'

      at QueryInputSpace.entry (packages/malloy/src/lang/ast/field-space/query-input-space.ts:118:15)

  console.log
    [ParameterSpace.entry] Looking up 'state_filter', available: [ 'state_filter' ] found: true

      at ParameterSpace.entry (packages/malloy/src/lang/ast/field-space/parameter-space.ts:44:13)

  console.log
    [QueryInputSpace.entry] Found 'state_filter' in parameterSpace

      at QueryInputSpace.entry (packages/malloy/src/lang/ast/field-space/query-input-space.ts:123:17)

  console.log
    [StaticSpace.lookup] Found 'state_filter'

      at QueryInputSpace.lookup (packages/malloy/src/lang/ast/field-space/static-space.ts:188:13)

  console.log
    [QueryInputSpace.parameterSpace] Called

      at QueryInputSpace.parameterSpace (packages/malloy/src/lang/ast/field-space/query-input-space.ts:84:13)

  console.log
    [QueryInputSpace.parameterSpace] Got from queryOutput: [ 'state_filter' ]

      at QueryInputSpace.parameterSpace (packages/malloy/src/lang/ast/field-space/query-input-space.ts:88:15)

  console.log
    [QueryArrow.queryComp] Creating comp.query: {
      inputStructName: 'duckdb:malloytest.state_facts',
      inputStructType: 'table',
      inputStructArguments: [],
      sourceArgumentsKeys: [],
      sourceArgumentsHasValues: [],
      pipelineLength: 1
    }

      at QueryArrow.queryComp (packages/malloy/src/lang/ast/query-elements/query-arrow.ts:244:13)

  console.log
    [ExpressionJoin.getStructDef] hasExistingArguments: false, sourceDef.arguments: []

      at ExpressionJoin.getStructDef (packages/malloy/src/lang/ast/source-properties/join.ts:284:13)

  console.log
    [ExpressionJoin.getStructDef] Merging outer arguments: [ 'state_filter' ]

      at ExpressionJoin.getStructDef (packages/malloy/src/lang/ast/source-properties/join.ts:298:15)

  console.log
    [SQArrow.getQuery] Called

      at SQArrow.getQuery (packages/malloy/src/lang/ast/source-query-elements/sq-arrow.ts:53:13)

  console.log
    [SQArrow.getQuery] LHS is: namedSource, instanceof Source: true

      at SQArrow.getQuery (packages/malloy/src/lang/ast/source-query-elements/sq-arrow.ts:72:13)

  console.log
    [ParameterSpace constructor] Created with parameters: []

      at new ParameterSpace (packages/malloy/src/lang/ast/field-space/parameter-space.ts:29:13)

  console.log
    [SQArrow.getQuery] sourceDef.parameters: []

      at SQArrow.getQuery (packages/malloy/src/lang/ast/source-query-elements/sq-arrow.ts:80:15)

  console.log
    [SQArrow.getQuery] sourceDef.arguments: [ 'state_filter' ]

      at SQArrow.getQuery (packages/malloy/src/lang/ast/source-query-elements/sq-arrow.ts:84:15)

  console.log
    [ParameterSpace constructor] Created with parameters: [ 'state_filter' ]

      at new ParameterSpace (packages/malloy/src/lang/ast/field-space/parameter-space.ts:29:13)

  console.log
    [SQArrow.getQuery] Created parameterSpace from source arguments: [ 'state_filter' ]

      at SQArrow.getQuery (packages/malloy/src/lang/ast/source-query-elements/sq-arrow.ts:103:17)

  console.log
    [QueryArrow constructor] Created with source: namedSource, parameterSpace: [ 'state_filter' ]

      at new QueryArrow (packages/malloy/src/lang/ast/query-elements/query-arrow.ts:60:15)

  console.log
    [StaticSourceSpace constructor] Created with parameterSpaceRef: true source name: duckdb:malloytest.state_facts

      at new StaticSourceSpace (packages/malloy/src/lang/ast/field-space/static-space.ts:312:13)

  console.log
    [QueryArrow.queryComp] Source: namedSource, fieldSpace WITH parameterSpace: [ 'state_filter' ]

      at QueryArrow.queryComp (packages/malloy/src/lang/ast/query-elements/query-arrow.ts:120:17)

  console.log
    [QueryArrow.queryComp] Calling view.pipelineComp with fieldSpace

      at QueryArrow.queryComp (packages/malloy/src/lang/ast/query-elements/query-arrow.ts:161:13)

  console.log
    [StaticSpace.map] Building map for 'duckdb:malloytest.state_facts', is StaticSourceSpace: false, has parameterSpaceRef: N/A

      at ReduceFieldSpace.get map [as map] (packages/malloy/src/lang/ast/field-space/static-space.ts:102:15)

  console.log
    [StaticSpace.lookup] Looking up 'sf'

      at QueryInputSpace.lookup (packages/malloy/src/lang/ast/field-space/static-space.ts:176:13)

  console.log
    [QueryInputSpace.entry] Looking up 'sf'

      at QueryInputSpace.entry (packages/malloy/src/lang/ast/field-space/query-input-space.ts:108:13)

  console.log
    [StaticSpace.map] Building map for 'duckdb:malloytest.state_facts', is StaticSourceSpace: false, has parameterSpaceRef: N/A

      at QueryInputSpace.get map [as map] (packages/malloy/src/lang/ast/field-space/static-space.ts:102:15)

  console.log
    [StaticSpace.map] Adding field 'state', isJoined: false

      at QueryInputSpace.get map [as map] (packages/malloy/src/lang/ast/field-space/static-space.ts:113:17)

  console.log
    [StaticSpace.map] Adding field 'aircraft_count', isJoined: false

      at QueryInputSpace.get map [as map] (packages/malloy/src/lang/ast/field-space/static-space.ts:113:17)

  console.log
    [StaticSpace.map] Adding field 'airport_count', isJoined: false

      at QueryInputSpace.get map [as map] (packages/malloy/src/lang/ast/field-space/static-space.ts:113:17)

  console.log
    [StaticSpace.map] Adding field 'births', isJoined: false

      at QueryInputSpace.get map [as map] (packages/malloy/src/lang/ast/field-space/static-space.ts:113:17)

  console.log
    [StaticSpace.map] Adding field 'popular_name', isJoined: false

      at QueryInputSpace.get map [as map] (packages/malloy/src/lang/ast/field-space/static-space.ts:113:17)

  console.log
    [StaticSpace.map] Adding field 'sf', isJoined: true

      at QueryInputSpace.get map [as map] (packages/malloy/src/lang/ast/field-space/static-space.ts:113:17)

  console.log
    [QueryInputSpace.entry] Found 'sf' in fields

      at QueryInputSpace.entry (packages/malloy/src/lang/ast/field-space/query-input-space.ts:112:15)

  console.log
    [StaticSpace.lookup] Found 'sf'

      at QueryInputSpace.lookup (packages/malloy/src/lang/ast/field-space/static-space.ts:188:13)

  console.log
    [StructSpaceField.fieldSpace] Join 'sf', isSourceDef: true, type: query_source, has parameterSpaceRef: false

      at StructSpaceField.get fieldSpace [as fieldSpace] (packages/malloy/src/lang/ast/field-space/static-space.ts:279:13)

  console.log
    [StaticSourceSpace constructor] Created with parameterSpaceRef: false source name: sf

      at new StaticSourceSpace (packages/malloy/src/lang/ast/field-space/static-space.ts:312:13)

  console.log
    [StructSpaceField.fieldSpace] Join 'sf', isSourceDef: true, type: query_source, has parameterSpaceRef: false

      at StructSpaceField.get fieldSpace [as fieldSpace] (packages/malloy/src/lang/ast/field-space/static-space.ts:279:13)

  console.log
    [StaticSourceSpace constructor] Created with parameterSpaceRef: false source name: sf

      at new StaticSourceSpace (packages/malloy/src/lang/ast/field-space/static-space.ts:312:13)

  console.log
    [StaticSourceSpace.lookup] Looking up 'state'

      at StaticSourceSpace.lookup (packages/malloy/src/lang/ast/field-space/static-space.ts:403:13)

  console.log
    [StaticSourceSpace.entry] Looking up 'state', has parameterSpaceRef: false

      at StaticSourceSpace.entry (packages/malloy/src/lang/ast/field-space/static-space.ts:369:13)

  console.log
    [StaticSpace.map] Building map for 'sf', is StaticSourceSpace: true, has parameterSpaceRef: false

      at StaticSourceSpace.get map [as map] (packages/malloy/src/lang/ast/field-space/static-space.ts:102:15)

  console.log
    [StaticSpace.map] Adding field 'aircraft_count', isJoined: false

      at StaticSourceSpace.get map [as map] (packages/malloy/src/lang/ast/field-space/static-space.ts:113:17)

  console.log
    [StaticSourceSpace.defToSpaceField] Field 'aircraft_count', isJoined: false, has parameterSpaceRef: false, creation #1

      at StaticSourceSpace.defToSpaceField (packages/malloy/src/lang/ast/field-space/static-space.ts:339:13)

  console.log
    [StaticSpace.map] Adding field 'airport_count', isJoined: false

      at StaticSourceSpace.get map [as map] (packages/malloy/src/lang/ast/field-space/static-space.ts:113:17)

  console.log
    [StaticSourceSpace.defToSpaceField] Field 'airport_count', isJoined: false, has parameterSpaceRef: false, creation #1

      at StaticSourceSpace.defToSpaceField (packages/malloy/src/lang/ast/field-space/static-space.ts:339:13)

  console.log
    [StaticSpace.map] Adding field 'births', isJoined: false

      at StaticSourceSpace.get map [as map] (packages/malloy/src/lang/ast/field-space/static-space.ts:113:17)

  console.log
    [StaticSourceSpace.defToSpaceField] Field 'births', isJoined: false, has parameterSpaceRef: false, creation #1

      at StaticSourceSpace.defToSpaceField (packages/malloy/src/lang/ast/field-space/static-space.ts:339:13)

  console.log
    [StaticSpace.map] Adding field 'popular_name', isJoined: false

      at StaticSourceSpace.get map [as map] (packages/malloy/src/lang/ast/field-space/static-space.ts:113:17)

  console.log
    [StaticSourceSpace.defToSpaceField] Field 'popular_name', isJoined: false, has parameterSpaceRef: false, creation #1

      at StaticSourceSpace.defToSpaceField (packages/malloy/src/lang/ast/field-space/static-space.ts:339:13)

  console.log
    [StaticSpace.map] Adding field 'state', isJoined: false

      at StaticSourceSpace.get map [as map] (packages/malloy/src/lang/ast/field-space/static-space.ts:113:17)

  console.log
    [StaticSourceSpace.defToSpaceField] Field 'state', isJoined: false, has parameterSpaceRef: false, creation #1

      at StaticSourceSpace.defToSpaceField (packages/malloy/src/lang/ast/field-space/static-space.ts:339:13)

  console.log
    [StaticSourceSpace.entry] Found 'state' in fields

      at StaticSourceSpace.entry (packages/malloy/src/lang/ast/field-space/static-space.ts:376:15)

  console.log
    [StaticSourceSpace.lookup] Found 'state'

      at StaticSourceSpace.lookup (packages/malloy/src/lang/ast/field-space/static-space.ts:415:13)

  console.log
    [QueryInputSpace.parameterSpace] Called

      at QueryInputSpace.parameterSpace (packages/malloy/src/lang/ast/field-space/query-input-space.ts:84:13)

  console.log
    [QueryInputSpace.parameterSpace] Got from queryOutput: [ 'state_filter' ]

      at QueryInputSpace.parameterSpace (packages/malloy/src/lang/ast/field-space/query-input-space.ts:88:15)

  console.log
    [QueryArrow.queryComp] Creating comp.query: {
      inputStructName: 'duckdb:malloytest.state_facts',
      inputStructType: 'table',
      inputStructArguments: [ 'state_filter' ],
      sourceArgumentsKeys: [ 'state_filter' ],
      sourceArgumentsHasValues: [ [ 'state_filter', true ] ],
      pipelineLength: 1
    }

      at QueryArrow.queryComp (packages/malloy/src/lang/ast/query-elements/query-arrow.ts:244:13)


>>> QueryModelImpl constructor called <<<
  console.log
    [QueryStruct constructor] Creating: {
      structType: 'table',
      structName: 'duckdb:malloytest.state_facts',
      parentHasStruct: false,
      parentHasModel: true,
      parentStructType: undefined,
      sourceArgKeys: []
    }

      at new QueryStruct (packages/malloy/src/model/query_node.ts:417:13)

  console.log
    [QueryStruct.setParent] Called for: {
      thisStructType: 'table',
      thisStructName: 'duckdb:malloytest.state_facts',
      parentHasStruct: false,
      parentHasModel: true,
      parentStructType: undefined,
      parentStructName: undefined
    }

      at QueryStruct.setParent (packages/malloy/src/model/query_node.ts:1054:13)

  console.log
    [QueryFieldStruct constructor] Join field arguments check: {
      fieldName: 'sf',
      fieldType: 'query_source',
      jfdHasArguments: true,
      jfdArguments: [ 'state_filter' ],
      jfdArgumentValues: {
        state_filter: { hasValue: false, valueNode: undefined, valueType: 'object' }
      },
      sourceArguments: [ 'state_filter' ],
      sourceArgumentValues: {
        state_filter: { hasValue: false, valueNode: undefined, valueType: 'object' }
      },
      parentSourceArguments: []
    }

      at new QueryFieldStruct (packages/malloy/src/model/query_node.ts:196:13)

  console.log
    [QueryFieldStruct constructor] Using arguments: {
      source: 'sourceArguments',
      keys: [ 'state_filter' ],
      values: { state_filter: { hasValue: false, valueNode: undefined } },
      parentHasArguments: false,
      parentArgKeys: []
    }

      at new QueryFieldStruct (packages/malloy/src/model/query_node.ts:247:13)

  console.log
    [QueryFieldStruct constructor] Creating QueryStruct for join: {
      jfdName: 'sf',
      jfdType: 'query_source',
      hasQuery: true,
      parentName: 'duckdb:malloytest.state_facts',
      parentType: 'table'
    }

      at new QueryFieldStruct (packages/malloy/src/model/query_node.ts:266:13)

  console.log
    [QueryStruct constructor] Creating: {
      structType: 'query_source',
      structName: 'sf',
      parentHasStruct: true,
      parentHasModel: false,
      parentStructType: 'table',
      sourceArgKeys: [ 'state_filter' ]
    }

      at new QueryStruct (packages/malloy/src/model/query_node.ts:417:13)

  console.log
    [QueryStruct.setParent] Called for: {
      thisStructType: 'query_source',
      thisStructName: 'sf',
      parentHasStruct: true,
      parentHasModel: false,
      parentStructType: 'table',
      parentStructName: 'duckdb:malloytest.state_facts'
    }

      at QueryStruct.setParent (packages/malloy/src/model/query_node.ts:1054:13)

  console.log
    [QueryStruct.setParent] Set this.parent to: { parentType: 'table', parentName: 'duckdb:malloytest.state_facts' }

      at QueryStruct.setParent (packages/malloy/src/model/query_node.ts:1067:15)

  console.log
    [QueryFieldStruct constructor] Created QueryStruct: {
      queryStructDefType: 'query_source',
      queryStructHasParent: true,
      queryStructParentName: 'duckdb:malloytest.state_facts'
    }

      at new QueryFieldStruct (packages/malloy/src/model/query_node.ts:284:13)

  console.log
    [resolveQueryFields] Processing query_source: {
      sourceName: 'sf',
      hasParameters: true,
      parameterKeys: [ 'state_filter' ],
      hasArguments: true,
      argumentKeys: [ 'state_filter' ],
      queryHasSourceArgs: true,
      querySourceArgKeys: []
    }

      at QueryStruct.resolveQueryFields (packages/malloy/src/model/query_node.ts:990:15)

  console.log
    [QueryModelImpl.loadQuery] CALLED FROM: MODEL_LOADING { isJoinedSubquery: false, hasArgs: false }

      at QueryModelImpl.loadQuery (packages/malloy/src/model/query_model_impl.ts:148:13)

  console.log
    [QueryModelImpl.loadQuery] query object: {
      hasStructRef: true,
      structRefType: 'object',
      structRefName: 'duckdb:malloytest.state_facts',
      hasSourceArguments: true,
      sourceArgumentsType: 'object',
      sourceArgumentsKeys: [],
      sourceArgumentsStringified: '{}',
      structRefIsObject: true,
      structRefHasArguments: false,
      structRefArgumentsKeys: [],
      structRefArgumentsStringified: 'none'
    }

      at QueryModelImpl.loadQuery (packages/malloy/src/model/query_model_impl.ts:155:13)

  console.log
    [QueryStruct constructor] Creating: {
      structType: 'table',
      structName: 'duckdb:malloytest.state_facts',
      parentHasStruct: false,
      parentHasModel: true,
      parentStructType: undefined,
      sourceArgKeys: []
    }

      at new QueryStruct (packages/malloy/src/model/query_node.ts:417:13)

  console.log
    [QueryStruct.setParent] Called for: {
      thisStructType: 'table',
      thisStructName: 'duckdb:malloytest.state_facts',
      parentHasStruct: false,
      parentHasModel: true,
      parentStructType: undefined,
      parentStructName: undefined
    }

      at QueryStruct.setParent (packages/malloy/src/model/query_node.ts:1054:13)

  console.log
    [QueryQuery.makeQuery] Called with parentStruct: {
      parentDefType: 'table',
      parentDefName: 'duckdb:malloytest.state_facts',
      parentHasParent: false,
      parentParentName: undefined,
      parentSourceArgs: [],
      isJoinedSubquery: false,
      callStack: 'at Function.makeQuery (/Users/catalinadler/dev/malloy-cata02/packages/malloy/src/model/query_query.ts:173:7)\n' +
        '  at QueryModelImpl.loadQuery (/Users/catalinadler/dev/malloy-cata02/packages/malloy/src/model/query_model_impl.ts:208:26)\n' +
        '  at QueryModelImpl.getFinalOutputStruct (/Users/catalinadler/dev/malloy-cata02/packages/malloy/src/model/query_model_impl.ts:61:25)\n' +
        '  at /Users/catalinadler/dev/malloy-cata02/packages/malloy/src/model/query_model_impl.ts:73:16\n' +
        '  at QueryStruct.resolveQueryFields (/Users/catalinadler/dev/malloy-cata02/packages/malloy/src/model/query_node.ts:1006:28)\n' +
        '  at QueryStruct.resolveQueryFields (/Users/catalinadler/dev/malloy-cata02/packages/malloy/src/model/query_node.ts:1031:23)\n' +
        '  at QueryModelImpl.loadModelFromDef (/Users/catalinadler/dev/malloy-cata02/packages/malloy/src/model/query_model_impl.ts:72:12)'
    }

      at Function.makeQuery (packages/malloy/src/model/query_query.ts:178:13)

  console.log
    [QueryQuery.prepare] About to addStructToJoin with this.parent: {
      parentDefType: 'table',
      parentDefName: 'duckdb:malloytest.state_facts',
      parentHasParent: false,
      parentSourceArgs: []
    }

      at QueryQueryProject.prepare (packages/malloy/src/model/query_query.ts:565:15)

  console.log
    [addStructToJoin] Called with QueryStruct: {
      name: 'base',
      qsDefType: 'table',
      qsHasParent: false,
      qsParentName: undefined,
      qsSourceArgs: []
    }

      at FieldInstanceResultRoot.addStructToJoin (packages/malloy/src/model/field_instance.ts:465:13)

  console.log
    [addStructToJoin] Parent check: {
      hasQsParent: false,
      hasParentStruct: false,
      parentStructName: undefined
    }

      at FieldInstanceResultRoot.addStructToJoin (packages/malloy/src/model/field_instance.ts:488:13)

  console.log
    [addStructToJoin] Creating new JoinInstance

      at FieldInstanceResultRoot.addStructToJoin (packages/malloy/src/model/field_instance.ts:501:15)

  console.log
    [JoinInstance constructor] Creating join instance: {
      alias: 'base',
      qsDefType: 'table',
      qsDefName: 'duckdb:malloytest.state_facts',
      qsHasParent: false,
      qsParentName: undefined,
      qsParentType: undefined
    }

      at new JoinInstance (packages/malloy/src/model/join_instance.ts:25:13)

  console.log
    [getStructSourceSQL] Called with struct type: {
      type: 'table',
      name: 'duckdb:malloytest.state_facts',
      callStackSize: 0
    }

      at QueryQueryProject.getStructSourceSQL (packages/malloy/src/model/query_query.ts:895:13)

  console.log
    [generateParameterFragment] Looking for parameter: {
      paramName: 'state_filter',
      contextStructName: 'duckdb:malloytest.state_facts',
      contextArgs: [],
      hasParent: false
    }

      at generateParameterFragment (packages/malloy/src/model/expression_compiler.ts:761:11)

  console.log
    [generateParameterFragment] Parent chain [0]: {
      structName: 'duckdb:malloytest.state_facts',
      structType: 'table',
      hasSourceArgs: true,
      sourceArgKeys: [],
      argKeys: [],
      paramValue: 'not found'
    }

      at generateParameterFragment (packages/malloy/src/model/expression_compiler.ts:772:13)

  console.log
    [generateParameterFragment] Parameter 'state_filter' not in context.arguments(), but in schema resolution mode - using generic placeholder

      at generateParameterFragment (packages/malloy/src/model/expression_compiler.ts:833:13)


>>> [compileQuery] CALLED! hasSourceArguments=true, keys=state_filter <<<
  console.log
    [compileQuery] Called with query: {
      hasSourceArguments: true,
      sourceArgumentsKeys: [ 'state_filter' ],
      sourceArgumentsStringified: '{"state_filter":{"type":"string","value":{"node":"stringLiteral","literal":"CA"},"name":"state_filter"}}'
    }

      at QueryModelImpl.compileQuery (packages/malloy/src/model/query_model_impl.ts:283:13)

  console.log
    [QueryModelImpl.loadQuery] CALLED FROM: QUERY_COMPILATION { isJoinedSubquery: false, hasArgs: true }

      at QueryModelImpl.loadQuery (packages/malloy/src/model/query_model_impl.ts:148:13)

  console.log
    [QueryModelImpl.loadQuery] query object: {
      hasStructRef: true,
      structRefType: 'string',
      structRefName: 'sf_outer',
      hasSourceArguments: true,
      sourceArgumentsType: 'object',
      sourceArgumentsKeys: [ 'state_filter' ],
      sourceArgumentsStringified: '{"state_filter":{"type":"string","value":{"node":"stringLiteral","literal":"CA"},"name":"state_filter"}}',
      structRefIsObject: false,
      structRefHasArguments: false,
      structRefArgumentsKeys: [],
      structRefArgumentsStringified: 'none'
    }

      at QueryModelImpl.loadQuery (packages/malloy/src/model/query_model_impl.ts:155:13)

  console.log
    [QueryStruct constructor] Creating: {
      structType: 'table',
      structName: 'duckdb:malloytest.state_facts',
      parentHasStruct: false,
      parentHasModel: true,
      parentStructType: undefined,
      sourceArgKeys: [ 'state_filter' ]
    }

      at new QueryStruct (packages/malloy/src/model/query_node.ts:417:13)

  console.log
    [QueryStruct.setParent] Called for: {
      thisStructType: 'table',
      thisStructName: 'duckdb:malloytest.state_facts',
      parentHasStruct: false,
      parentHasModel: true,
      parentStructType: undefined,
      parentStructName: undefined
    }

      at QueryStruct.setParent (packages/malloy/src/model/query_node.ts:1054:13)

  console.log
    [QueryFieldStruct constructor] Join field arguments check: {
      fieldName: 'sf',
      fieldType: 'query_source',
      jfdHasArguments: true,
      jfdArguments: [ 'state_filter' ],
      jfdArgumentValues: {
        state_filter: { hasValue: false, valueNode: undefined, valueType: 'object' }
      },
      sourceArguments: [ 'state_filter' ],
      sourceArgumentValues: {
        state_filter: { hasValue: true, valueNode: 'stringLiteral', valueType: 'object' }
      },
      parentSourceArguments: [ 'state_filter' ]
    }

      at new QueryFieldStruct (packages/malloy/src/model/query_node.ts:196:13)

  console.log
    [QueryFieldStruct constructor] Using arguments: {
      source: 'sourceArguments',
      keys: [ 'state_filter' ],
      values: { state_filter: { hasValue: true, valueNode: 'stringLiteral' } },
      parentHasArguments: true,
      parentArgKeys: [ 'state_filter' ]
    }

      at new QueryFieldStruct (packages/malloy/src/model/query_node.ts:247:13)

  console.log
    [QueryFieldStruct constructor] Creating QueryStruct for join: {
      jfdName: 'sf',
      jfdType: 'query_source',
      hasQuery: true,
      parentName: 'duckdb:malloytest.state_facts',
      parentType: 'table'
    }

      at new QueryFieldStruct (packages/malloy/src/model/query_node.ts:266:13)

  console.log
    [QueryStruct constructor] Creating: {
      structType: 'query_source',
      structName: 'sf',
      parentHasStruct: true,
      parentHasModel: false,
      parentStructType: 'table',
      sourceArgKeys: [ 'state_filter' ]
    }

      at new QueryStruct (packages/malloy/src/model/query_node.ts:417:13)

  console.log
    [QueryStruct.setParent] Called for: {
      thisStructType: 'query_source',
      thisStructName: 'sf',
      parentHasStruct: true,
      parentHasModel: false,
      parentStructType: 'table',
      parentStructName: 'duckdb:malloytest.state_facts'
    }

      at QueryStruct.setParent (packages/malloy/src/model/query_node.ts:1054:13)

  console.log
    [QueryStruct.setParent] Set this.parent to: { parentType: 'table', parentName: 'duckdb:malloytest.state_facts' }

      at QueryStruct.setParent (packages/malloy/src/model/query_node.ts:1067:15)

  console.log
    [QueryFieldStruct constructor] Created QueryStruct: {
      queryStructDefType: 'query_source',
      queryStructHasParent: true,
      queryStructParentName: 'duckdb:malloytest.state_facts'
    }

      at new QueryFieldStruct (packages/malloy/src/model/query_node.ts:284:13)

  console.log
    [QueryQuery.makeQuery] Called with parentStruct: {
      parentDefType: 'table',
      parentDefName: 'duckdb:malloytest.state_facts',
      parentHasParent: false,
      parentParentName: undefined,
      parentSourceArgs: [ 'state_filter' ],
      isJoinedSubquery: false,
      callStack: 'at Function.makeQuery (/Users/catalinadler/dev/malloy-cata02/packages/malloy/src/model/query_query.ts:173:7)\n' +
        '  at QueryModelImpl.loadQuery (/Users/catalinadler/dev/malloy-cata02/packages/malloy/src/model/query_model_impl.ts:208:26)\n' +
        '  at QueryModelImpl.compileQuery (/Users/catalinadler/dev/malloy-cata02/packages/malloy/src/model/query_model_impl.ts:299:19)\n' +
        '  at PreparedQuery.getPreparedResult (/Users/catalinadler/dev/malloy-cata02/packages/malloy/src/malloy.ts:988:40)\n' +
        '  at PreparedResultMaterializer._materialize (/Users/catalinadler/dev/malloy-cata02/packages/malloy/src/malloy.ts:3146:41)\n' +
        '  at async QueryMaterializer.run (/Users/catalinadler/dev/malloy-cata02/packages/malloy/src/malloy.ts:3115:28)\n' +
        '  at async runQuery (/Users/catalinadler/dev/malloy-cata02/test/src/util/db-matcher-support.ts:82:14)'
    }

      at Function.makeQuery (packages/malloy/src/model/query_query.ts:178:13)

  console.log
    [QueryQuery.prepare] About to addStructToJoin with this.parent: {
      parentDefType: 'table',
      parentDefName: 'duckdb:malloytest.state_facts',
      parentHasParent: false,
      parentSourceArgs: [ 'state_filter' ]
    }

      at QueryQueryReduce.prepare (packages/malloy/src/model/query_query.ts:565:15)

  console.log
    [addStructToJoin] Called with QueryStruct: {
      name: 'base',
      qsDefType: 'table',
      qsHasParent: false,
      qsParentName: undefined,
      qsSourceArgs: [ 'state_filter' ]
    }

      at FieldInstanceResultRoot.addStructToJoin (packages/malloy/src/model/field_instance.ts:465:13)

  console.log
    [addStructToJoin] Parent check: {
      hasQsParent: false,
      hasParentStruct: false,
      parentStructName: undefined
    }

      at FieldInstanceResultRoot.addStructToJoin (packages/malloy/src/model/field_instance.ts:488:13)

  console.log
    [addStructToJoin] Creating new JoinInstance

      at FieldInstanceResultRoot.addStructToJoin (packages/malloy/src/model/field_instance.ts:501:15)

  console.log
    [JoinInstance constructor] Creating join instance: {
      alias: 'base',
      qsDefType: 'table',
      qsDefName: 'duckdb:malloytest.state_facts',
      qsHasParent: false,
      qsParentName: undefined,
      qsParentType: undefined
    }

      at new JoinInstance (packages/malloy/src/model/join_instance.ts:25:13)

  console.log
    [QueryStruct.getChildByName] Returning QueryFieldStruct: {
      name: 'sf',
      thisStructDefType: 'table',
      thisStructDefName: 'duckdb:malloytest.state_facts',
      resultFieldDefType: 'query_source',
      resultQueryStructDefType: 'query_source',
      resultQueryStructHasParent: true
    }

      at QueryStruct.getChildByName (packages/malloy/src/model/query_node.ts:1156:15)

  console.log
    [addStructToJoin] Called with QueryStruct: {
      name: 'sf_0',
      qsDefType: 'query_source',
      qsHasParent: true,
      qsParentName: 'duckdb:malloytest.state_facts',
      qsSourceArgs: [ 'state_filter' ]
    }

      at FieldInstanceResultRoot.addStructToJoin (packages/malloy/src/model/field_instance.ts:465:13)

  console.log
    [addStructToJoin] Parent check: {
      hasQsParent: true,
      hasParentStruct: true,
      parentStructName: 'duckdb:malloytest.state_facts'
    }

      at FieldInstanceResultRoot.addStructToJoin (packages/malloy/src/model/field_instance.ts:488:13)

  console.log
    [addStructToJoin] Called with QueryStruct: {
      name: 'base',
      qsDefType: 'table',
      qsHasParent: false,
      qsParentName: undefined,
      qsSourceArgs: [ 'state_filter' ]
    }

      at FieldInstanceResultRoot.addStructToJoin (packages/malloy/src/model/field_instance.ts:465:13)

  console.log
    [addStructToJoin] Join already exists, updating uniqueKeyRequirement

      at FieldInstanceResultRoot.addStructToJoin (packages/malloy/src/model/field_instance.ts:475:15)

  console.log
    [addStructToJoin] Creating new JoinInstance

      at FieldInstanceResultRoot.addStructToJoin (packages/malloy/src/model/field_instance.ts:501:15)

  console.log
    [JoinInstance constructor] Creating join instance: {
      alias: 'sf_0',
      qsDefType: 'query_source',
      qsDefName: 'sf',
      qsHasParent: true,
      qsParentName: 'duckdb:malloytest.state_facts',
      qsParentType: 'table'
    }

      at new JoinInstance (packages/malloy/src/model/join_instance.ts:25:13)

  console.log
    [addStructToJoin] Called with QueryStruct: {
      name: 'base',
      qsDefType: 'table',
      qsHasParent: false,
      qsParentName: undefined,
      qsSourceArgs: [ 'state_filter' ]
    }

      at FieldInstanceResultRoot.addStructToJoin (packages/malloy/src/model/field_instance.ts:465:13)

  console.log
    [addStructToJoin] Join already exists, updating uniqueKeyRequirement

      at FieldInstanceResultRoot.addStructToJoin (packages/malloy/src/model/field_instance.ts:475:15)

  console.log
    [QueryStruct.getChildByName] Returning QueryFieldStruct: {
      name: 'sf',
      thisStructDefType: 'table',
      thisStructDefName: 'duckdb:malloytest.state_facts',
      resultFieldDefType: 'query_source',
      resultQueryStructDefType: 'query_source',
      resultQueryStructHasParent: true
    }

      at QueryStruct.getChildByName (packages/malloy/src/model/query_node.ts:1156:15)

  console.log
    [getStructSourceSQL] Called with struct type: {
      type: 'table',
      name: 'duckdb:malloytest.state_facts',
      callStackSize: 0
    }

      at QueryQueryReduce.getStructSourceSQL (packages/malloy/src/model/query_query.ts:895:13)

  console.log
    [generateSQLJoinBlock] Processing join: {
      qsDefType: 'query_source',
      qsDefName: 'sf',
      qsHasParent: true,
      qsParentName: 'duckdb:malloytest.state_facts'
    }

      at QueryQueryReduce.generateSQLJoinBlock (packages/malloy/src/model/query_query.ts:1229:13)

  console.log
    [getStructSourceSQL] Called with struct type: { type: 'query_source', name: 'sf', callStackSize: 0 }

      at QueryQueryReduce.getStructSourceSQL (packages/malloy/src/model/query_query.ts:895:13)

  console.log
    [getStructSourceSQL] Processing query_source: {
      querySourceName: 'sf',
      queryStructRef: {
        type: 'table',
        name: 'duckdb:malloytest.state_facts',
        dialect: 'duckdb',
        tablePath: 'malloytest.state_facts',
        connection: 'duckdb',
        fields: [ [Object], [Object], [Object], [Object], [Object] ],
        location: { url: 'internal://internal.malloy', range: [Object] },
        modelAnnotation: { notes: [Array], id: '659d90c7-1350-5882-b2e8-3845810daa99' }
      },
      queryStructRefType: 'object',
      queryStructRefName: 'duckdb:malloytest.state_facts'
    }

      at QueryQueryReduce._getStructSourceSQLImpl (packages/malloy/src/model/query_query.ts:931:17)

  console.log
    [getStructSourceSQL] query_source structRef type: {
      isString: false,
      structRefType: 'object',
      structRefName: 'duckdb:malloytest.state_facts',
      queryName: undefined
    }

      at QueryQueryReduce._getStructSourceSQLImpl (packages/malloy/src/model/query_query.ts:964:19)

  console.log
    [QueryStruct constructor] Creating: {
      structType: 'table',
      structName: 'duckdb:malloytest.state_facts',
      parentHasStruct: true,
      parentHasModel: false,
      parentStructType: 'query_source',
      sourceArgKeys: [ 'state_filter' ]
    }

      at new QueryStruct (packages/malloy/src/model/query_node.ts:417:13)

  console.log
    [QueryStruct.setParent] Called for: {
      thisStructType: 'table',
      thisStructName: 'duckdb:malloytest.state_facts',
      parentHasStruct: true,
      parentHasModel: false,
      parentStructType: 'query_source',
      parentStructName: 'sf'
    }

      at QueryStruct.setParent (packages/malloy/src/model/query_node.ts:1054:13)

  console.log
    [QueryStruct.setParent] Set this.parent to: { parentType: 'query_source', parentName: 'sf' }

      at QueryStruct.setParent (packages/malloy/src/model/query_node.ts:1067:15)

  console.log
    [getStructSourceSQL] Created sourceStruct for base table: {
      sourceStructDefType: 'table',
      sourceStructDefName: 'duckdb:malloytest.state_facts',
      sourceStructHasParent: true,
      sourceStructParentName: 'sf',
      sourceStructParentType: 'query_source',
      sourceStructArgs: [ 'state_filter' ],
      originalQsDefType: 'query_source',
      originalQsName: 'sf',
      originalQsHasParent: true,
      originalQsParentName: 'duckdb:malloytest.state_facts'
    }

      at QueryQueryReduce._getStructSourceSQLImpl (packages/malloy/src/model/query_query.ts:1169:19)

  console.log
    [QueryQuery.makeQuery] Called with parentStruct: {
      parentDefType: 'table',
      parentDefName: 'duckdb:malloytest.state_facts',
      parentHasParent: true,
      parentParentName: 'sf',
      parentSourceArgs: [ 'state_filter' ],
      isJoinedSubquery: true,
      callStack: 'at Function.makeQuery (/Users/catalinadler/dev/malloy-cata02/packages/malloy/src/model/query_query.ts:173:7)\n' +
        '  at QueryQueryReduce._getStructSourceSQLImpl (/Users/catalinadler/dev/malloy-cata02/packages/malloy/src/model/query_query.ts:1199:32)\n' +
        '  at QueryQueryReduce.getStructSourceSQL (/Users/catalinadler/dev/malloy-cata02/packages/malloy/src/model/query_query.ts:910:19)\n' +
        '  at QueryQueryReduce.generateSQLJoinBlock (/Users/catalinadler/dev/malloy-cata02/packages/malloy/src/model/query_query.ts:1254:28)\n' +
        '  at QueryQueryReduce.generateSQLJoins (/Users/catalinadler/dev/malloy-cata02/packages/malloy/src/model/query_query.ts:1467:17)\n' +
        '  at QueryQueryReduce.generateSimpleSQL (/Users/catalinadler/dev/malloy-cata02/packages/malloy/src/model/query_query.ts:1559:15)\n' +
        '  at QueryQueryReduce.generateSQL (/Users/catalinadler/dev/malloy-cata02/packages/malloy/src/model/query_query.ts:2465:19)'
    }

      at Function.makeQuery (packages/malloy/src/model/query_query.ts:178:13)

  console.log
    [QueryQuery.prepare] About to addStructToJoin with this.parent: {
      parentDefType: 'table',
      parentDefName: 'duckdb:malloytest.state_facts',
      parentHasParent: true,
      parentSourceArgs: [ 'state_filter' ]
    }

      at QueryQueryProject.prepare (packages/malloy/src/model/query_query.ts:565:15)

  console.log
    [addStructToJoin] Called with QueryStruct: {
      name: 'base',
      qsDefType: 'table',
      qsHasParent: true,
      qsParentName: 'sf',
      qsSourceArgs: [ 'state_filter' ]
    }

      at FieldInstanceResultRoot.addStructToJoin (packages/malloy/src/model/field_instance.ts:465:13)

  console.log
    [addStructToJoin] Parent check: { hasQsParent: true, hasParentStruct: true, parentStructName: 'sf' }

      at FieldInstanceResultRoot.addStructToJoin (packages/malloy/src/model/field_instance.ts:488:13)

  console.log
    [addStructToJoin] Called with QueryStruct: {
      name: 'sf_0',
      qsDefType: 'query_source',
      qsHasParent: true,
      qsParentName: 'duckdb:malloytest.state_facts',
      qsSourceArgs: [ 'state_filter' ]
    }

      at FieldInstanceResultRoot.addStructToJoin (packages/malloy/src/model/field_instance.ts:465:13)

  console.log
    [addStructToJoin] Parent check: {
      hasQsParent: true,
      hasParentStruct: true,
      parentStructName: 'duckdb:malloytest.state_facts'
    }

      at FieldInstanceResultRoot.addStructToJoin (packages/malloy/src/model/field_instance.ts:488:13)

  console.log
    [addStructToJoin] Called with QueryStruct: {
      name: 'base',
      qsDefType: 'table',
      qsHasParent: false,
      qsParentName: undefined,
      qsSourceArgs: [ 'state_filter' ]
    }

      at FieldInstanceResultRoot.addStructToJoin (packages/malloy/src/model/field_instance.ts:465:13)

  console.log
    [addStructToJoin] Parent check: {
      hasQsParent: false,
      hasParentStruct: false,
      parentStructName: undefined
    }

      at FieldInstanceResultRoot.addStructToJoin (packages/malloy/src/model/field_instance.ts:488:13)

  console.log
    [addStructToJoin] Creating new JoinInstance

      at FieldInstanceResultRoot.addStructToJoin (packages/malloy/src/model/field_instance.ts:501:15)

  console.log
    [JoinInstance constructor] Creating join instance: {
      alias: 'base',
      qsDefType: 'table',
      qsDefName: 'duckdb:malloytest.state_facts',
      qsHasParent: false,
      qsParentName: undefined,
      qsParentType: undefined
    }

      at new JoinInstance (packages/malloy/src/model/join_instance.ts:25:13)

  console.log
    [addStructToJoin] Creating new JoinInstance

      at FieldInstanceResultRoot.addStructToJoin (packages/malloy/src/model/field_instance.ts:501:15)

  console.log
    [JoinInstance constructor] Creating join instance: {
      alias: 'sf_0',
      qsDefType: 'query_source',
      qsDefName: 'sf',
      qsHasParent: true,
      qsParentName: 'duckdb:malloytest.state_facts',
      qsParentType: 'table'
    }

      at new JoinInstance (packages/malloy/src/model/join_instance.ts:25:13)

  console.log
    [getStructSourceSQL] Called with struct type: {
      type: 'table',
      name: 'duckdb:malloytest.state_facts',
      callStackSize: 1
    }

      at QueryQueryProject.getStructSourceSQL (packages/malloy/src/model/query_query.ts:895:13)

  console.log
    [generateSQLJoinBlock] Processing join: {
      qsDefType: 'query_source',
      qsDefName: 'sf',
      qsHasParent: true,
      qsParentName: 'duckdb:malloytest.state_facts'
    }

      at QueryQueryProject.generateSQLJoinBlock (packages/malloy/src/model/query_query.ts:1229:13)

  console.log
    [getStructSourceSQL] Called with struct type: { type: 'query_source', name: 'sf', callStackSize: 1 }

      at QueryQueryProject.getStructSourceSQL (packages/malloy/src/model/query_query.ts:895:13)

  console.error
    ⚠️⚠️⚠️  CYCLE DETECTED in getStructSourceSQL for: query_source:sf

      901 |     // Detect infinite recursion
      902 |     if (structSQLCallStack.has(structKey)) {
    > 903 |       console.error(`⚠️⚠️⚠️  CYCLE DETECTED in getStructSourceSQL for: ${structKey}`);
          |               ^
      904 |       console.error('Call stack:', Array.from(structSQLCallStack));
      905 |       throw new Error(`Infinite recursion detected in SQL generation for: ${structKey}`);
      906 |     }

      at QueryQueryProject.getStructSourceSQL (packages/malloy/src/model/query_query.ts:903:15)
      at QueryQueryProject.generateSQLJoinBlock (packages/malloy/src/model/query_query.ts:1254:28)
      at QueryQueryProject.generateSQLJoins (packages/malloy/src/model/query_query.ts:1467:17)
      at QueryQueryProject.generateSimpleSQL (packages/malloy/src/model/query_query.ts:1559:15)
      at QueryQueryProject.generateSQL (packages/malloy/src/model/query_query.ts:2465:19)
      at QueryQueryProject.generateSQLFromPipeline (packages/malloy/src/model/query_query.ts:2476:30)
      at QueryQueryReduce._getStructSourceSQLImpl (packages/malloy/src/model/query_query.ts:1207:25)
      at QueryQueryReduce.getStructSourceSQL (packages/malloy/src/model/query_query.ts:910:19)
      at QueryQueryReduce.generateSQLJoinBlock (packages/malloy/src/model/query_query.ts:1254:28)
      at QueryQueryReduce.generateSQLJoins (packages/malloy/src/model/query_query.ts:1467:17)
      at QueryQueryReduce.generateSimpleSQL (packages/malloy/src/model/query_query.ts:1559:15)
      at QueryQueryReduce.generateSQL (packages/malloy/src/model/query_query.ts:2465:19)
      at QueryQueryReduce.generateSQLFromPipeline (packages/malloy/src/model/query_query.ts:2476:30)
      at QueryModelImpl.loadQuery (packages/malloy/src/model/query_model_impl.ts:216:19)
      at QueryModelImpl.compileQuery (packages/malloy/src/model/query_model_impl.ts:299:19)
      at PreparedQuery.getPreparedResult (packages/malloy/src/malloy.ts:988:40)
      at PreparedResultMaterializer._materialize (packages/malloy/src/malloy.ts:3146:41)
      at async QueryMaterializer.run (packages/malloy/src/malloy.ts:3115:28)
      at async runQuery (test/src/util/db-matcher-support.ts:82:14)
      at async Object.malloyResultMatches (test/src/util/db-jest-matchers.ts:165:49)
      at async Object.<anonymous> (test/src/core/parameters.spec.ts:506:5)

  console.error
    Call stack: [ 'query_source:sf' ]

      902 |     if (structSQLCallStack.has(structKey)) {
      903 |       console.error(`⚠️⚠️⚠️  CYCLE DETECTED in getStructSourceSQL for: ${structKey}`);
    > 904 |       console.error('Call stack:', Array.from(structSQLCallStack));
          |               ^
      905 |       throw new Error(`Infinite recursion detected in SQL generation for: ${structKey}`);
      906 |     }
      907 |

      at QueryQueryProject.getStructSourceSQL (packages/malloy/src/model/query_query.ts:904:15)
      at QueryQueryProject.generateSQLJoinBlock (packages/malloy/src/model/query_query.ts:1254:28)
      at QueryQueryProject.generateSQLJoins (packages/malloy/src/model/query_query.ts:1467:17)
      at QueryQueryProject.generateSimpleSQL (packages/malloy/src/model/query_query.ts:1559:15)
      at QueryQueryProject.generateSQL (packages/malloy/src/model/query_query.ts:2465:19)
      at QueryQueryProject.generateSQLFromPipeline (packages/malloy/src/model/query_query.ts:2476:30)
      at QueryQueryReduce._getStructSourceSQLImpl (packages/malloy/src/model/query_query.ts:1207:25)
      at QueryQueryReduce.getStructSourceSQL (packages/malloy/src/model/query_query.ts:910:19)
      at QueryQueryReduce.generateSQLJoinBlock (packages/malloy/src/model/query_query.ts:1254:28)
      at QueryQueryReduce.generateSQLJoins (packages/malloy/src/model/query_query.ts:1467:17)
      at QueryQueryReduce.generateSimpleSQL (packages/malloy/src/model/query_query.ts:1559:15)
      at QueryQueryReduce.generateSQL (packages/malloy/src/model/query_query.ts:2465:19)
      at QueryQueryReduce.generateSQLFromPipeline (packages/malloy/src/model/query_query.ts:2476:30)
      at QueryModelImpl.loadQuery (packages/malloy/src/model/query_model_impl.ts:216:19)
      at QueryModelImpl.compileQuery (packages/malloy/src/model/query_model_impl.ts:299:19)
      at PreparedQuery.getPreparedResult (packages/malloy/src/malloy.ts:988:40)
      at PreparedResultMaterializer._materialize (packages/malloy/src/malloy.ts:3146:41)
      at async QueryMaterializer.run (packages/malloy/src/malloy.ts:3115:28)
      at async runQuery (test/src/util/db-matcher-support.ts:82:14)
      at async Object.malloyResultMatches (test/src/util/db-jest-matchers.ts:165:49)
      at async Object.<anonymous> (test/src/core/parameters.spec.ts:506:5)


>>> QueryModelImpl constructor called <<<
  console.log
    [QueryStruct constructor] Creating: {
      structType: 'table',
      structName: 'duckdb:malloytest.state_facts',
      parentHasStruct: false,
      parentHasModel: true,
      parentStructType: undefined,
      sourceArgKeys: []
    }

      at new QueryStruct (packages/malloy/src/model/query_node.ts:417:13)

  console.log
    [QueryStruct.setParent] Called for: {
      thisStructType: 'table',
      thisStructName: 'duckdb:malloytest.state_facts',
      parentHasStruct: false,
      parentHasModel: true,
      parentStructType: undefined,
      parentStructName: undefined
    }

      at QueryStruct.setParent (packages/malloy/src/model/query_node.ts:1054:13)

  console.log
    [QueryFieldStruct constructor] Join field arguments check: {
      fieldName: 'sf',
      fieldType: 'query_source',
      jfdHasArguments: true,
      jfdArguments: [ 'state_filter' ],
      jfdArgumentValues: {
        state_filter: { hasValue: false, valueNode: undefined, valueType: 'object' }
      },
      sourceArguments: [ 'state_filter' ],
      sourceArgumentValues: {
        state_filter: { hasValue: false, valueNode: undefined, valueType: 'object' }
      },
      parentSourceArguments: []
    }

      at new QueryFieldStruct (packages/malloy/src/model/query_node.ts:196:13)

  console.log
    [QueryFieldStruct constructor] Using arguments: {
      source: 'sourceArguments',
      keys: [ 'state_filter' ],
      values: { state_filter: { hasValue: false, valueNode: undefined } },
      parentHasArguments: false,
      parentArgKeys: []
    }

      at new QueryFieldStruct (packages/malloy/src/model/query_node.ts:247:13)

  console.log
    [QueryFieldStruct constructor] Creating QueryStruct for join: {
      jfdName: 'sf',
      jfdType: 'query_source',
      hasQuery: true,
      parentName: 'duckdb:malloytest.state_facts',
      parentType: 'table'
    }

      at new QueryFieldStruct (packages/malloy/src/model/query_node.ts:266:13)

  console.log
    [QueryStruct constructor] Creating: {
      structType: 'query_source',
      structName: 'sf',
      parentHasStruct: true,
      parentHasModel: false,
      parentStructType: 'table',
      sourceArgKeys: [ 'state_filter' ]
    }

      at new QueryStruct (packages/malloy/src/model/query_node.ts:417:13)

  console.log
    [QueryStruct.setParent] Called for: {
      thisStructType: 'query_source',
      thisStructName: 'sf',
      parentHasStruct: true,
      parentHasModel: false,
      parentStructType: 'table',
      parentStructName: 'duckdb:malloytest.state_facts'
    }

      at QueryStruct.setParent (packages/malloy/src/model/query_node.ts:1054:13)

  console.log
    [QueryStruct.setParent] Set this.parent to: { parentType: 'table', parentName: 'duckdb:malloytest.state_facts' }

      at QueryStruct.setParent (packages/malloy/src/model/query_node.ts:1067:15)

  console.log
    [QueryFieldStruct constructor] Created QueryStruct: {
      queryStructDefType: 'query_source',
      queryStructHasParent: true,
      queryStructParentName: 'duckdb:malloytest.state_facts'
    }

      at new QueryFieldStruct (packages/malloy/src/model/query_node.ts:284:13)

  console.log
    [resolveQueryFields] Processing query_source: {
      sourceName: 'sf',
      hasParameters: true,
      parameterKeys: [ 'state_filter' ],
      hasArguments: true,
      argumentKeys: [ 'state_filter' ],
      queryHasSourceArgs: true,
      querySourceArgKeys: []
    }

      at QueryStruct.resolveQueryFields (packages/malloy/src/model/query_node.ts:990:15)

  console.log
    [QueryModelImpl.loadQuery] CALLED FROM: MODEL_LOADING { isJoinedSubquery: false, hasArgs: false }

      at QueryModelImpl.loadQuery (packages/malloy/src/model/query_model_impl.ts:148:13)

  console.log
    [QueryModelImpl.loadQuery] query object: {
      hasStructRef: true,
      structRefType: 'object',
      structRefName: 'duckdb:malloytest.state_facts',
      hasSourceArguments: true,
      sourceArgumentsType: 'object',
      sourceArgumentsKeys: [],
      sourceArgumentsStringified: '{}',
      structRefIsObject: true,
      structRefHasArguments: false,
      structRefArgumentsKeys: [],
      structRefArgumentsStringified: 'none'
    }

      at QueryModelImpl.loadQuery (packages/malloy/src/model/query_model_impl.ts:155:13)

  console.log
    [QueryStruct constructor] Creating: {
      structType: 'table',
      structName: 'duckdb:malloytest.state_facts',
      parentHasStruct: false,
      parentHasModel: true,
      parentStructType: undefined,
      sourceArgKeys: []
    }

      at new QueryStruct (packages/malloy/src/model/query_node.ts:417:13)

  console.log
    [QueryStruct.setParent] Called for: {
      thisStructType: 'table',
      thisStructName: 'duckdb:malloytest.state_facts',
      parentHasStruct: false,
      parentHasModel: true,
      parentStructType: undefined,
      parentStructName: undefined
    }

      at QueryStruct.setParent (packages/malloy/src/model/query_node.ts:1054:13)

  console.log
    [QueryQuery.makeQuery] Called with parentStruct: {
      parentDefType: 'table',
      parentDefName: 'duckdb:malloytest.state_facts',
      parentHasParent: false,
      parentParentName: undefined,
      parentSourceArgs: [],
      isJoinedSubquery: false,
      callStack: 'at Function.makeQuery (/Users/catalinadler/dev/malloy-cata02/packages/malloy/src/model/query_query.ts:173:7)\n' +
        '  at QueryModelImpl.loadQuery (/Users/catalinadler/dev/malloy-cata02/packages/malloy/src/model/query_model_impl.ts:208:26)\n' +
        '  at QueryModelImpl.getFinalOutputStruct (/Users/catalinadler/dev/malloy-cata02/packages/malloy/src/model/query_model_impl.ts:61:25)\n' +
        '  at /Users/catalinadler/dev/malloy-cata02/packages/malloy/src/model/query_model_impl.ts:73:16\n' +
        '  at QueryStruct.resolveQueryFields (/Users/catalinadler/dev/malloy-cata02/packages/malloy/src/model/query_node.ts:1006:28)\n' +
        '  at QueryStruct.resolveQueryFields (/Users/catalinadler/dev/malloy-cata02/packages/malloy/src/model/query_node.ts:1031:23)\n' +
        '  at QueryModelImpl.loadModelFromDef (/Users/catalinadler/dev/malloy-cata02/packages/malloy/src/model/query_model_impl.ts:72:12)'
    }

      at Function.makeQuery (packages/malloy/src/model/query_query.ts:178:13)

  console.log
    [QueryQuery.prepare] About to addStructToJoin with this.parent: {
      parentDefType: 'table',
      parentDefName: 'duckdb:malloytest.state_facts',
      parentHasParent: false,
      parentSourceArgs: []
    }

      at QueryQueryProject.prepare (packages/malloy/src/model/query_query.ts:565:15)

  console.log
    [addStructToJoin] Called with QueryStruct: {
      name: 'base',
      qsDefType: 'table',
      qsHasParent: false,
      qsParentName: undefined,
      qsSourceArgs: []
    }

      at FieldInstanceResultRoot.addStructToJoin (packages/malloy/src/model/field_instance.ts:465:13)

  console.log
    [addStructToJoin] Parent check: {
      hasQsParent: false,
      hasParentStruct: false,
      parentStructName: undefined
    }

      at FieldInstanceResultRoot.addStructToJoin (packages/malloy/src/model/field_instance.ts:488:13)

  console.log
    [addStructToJoin] Creating new JoinInstance

      at FieldInstanceResultRoot.addStructToJoin (packages/malloy/src/model/field_instance.ts:501:15)

  console.log
    [JoinInstance constructor] Creating join instance: {
      alias: 'base',
      qsDefType: 'table',
      qsDefName: 'duckdb:malloytest.state_facts',
      qsHasParent: false,
      qsParentName: undefined,
      qsParentType: undefined
    }

      at new JoinInstance (packages/malloy/src/model/join_instance.ts:25:13)

  console.log
    [getStructSourceSQL] Called with struct type: {
      type: 'table',
      name: 'duckdb:malloytest.state_facts',
      callStackSize: 0
    }

      at QueryQueryProject.getStructSourceSQL (packages/malloy/src/model/query_query.ts:895:13)

  console.log
    [generateParameterFragment] Looking for parameter: {
      paramName: 'state_filter',
      contextStructName: 'duckdb:malloytest.state_facts',
      contextArgs: [],
      hasParent: false
    }

      at generateParameterFragment (packages/malloy/src/model/expression_compiler.ts:761:11)

  console.log
    [generateParameterFragment] Parent chain [0]: {
      structName: 'duckdb:malloytest.state_facts',
      structType: 'table',
      hasSourceArgs: true,
      sourceArgKeys: [],
      argKeys: [],
      paramValue: 'not found'
    }

      at generateParameterFragment (packages/malloy/src/model/expression_compiler.ts:772:13)

  console.log
    [generateParameterFragment] Parameter 'state_filter' not in context.arguments(), but in schema resolution mode - using generic placeholder

      at generateParameterFragment (packages/malloy/src/model/expression_compiler.ts:833:13)


>>> [compileQuery] CALLED! hasSourceArguments=true, keys=state_filter <<<
  console.log
    [compileQuery] Called with query: {
      hasSourceArguments: true,
      sourceArgumentsKeys: [ 'state_filter' ],
      sourceArgumentsStringified: '{"state_filter":{"type":"string","value":{"node":"stringLiteral","literal":"CA"},"name":"state_filter"}}'
    }

      at QueryModelImpl.compileQuery (packages/malloy/src/model/query_model_impl.ts:283:13)

  console.log
    [QueryModelImpl.loadQuery] CALLED FROM: QUERY_COMPILATION { isJoinedSubquery: false, hasArgs: true }

      at QueryModelImpl.loadQuery (packages/malloy/src/model/query_model_impl.ts:148:13)

  console.log
    [QueryModelImpl.loadQuery] query object: {
      hasStructRef: true,
      structRefType: 'string',
      structRefName: 'sf_outer',
      hasSourceArguments: true,
      sourceArgumentsType: 'object',
      sourceArgumentsKeys: [ 'state_filter' ],
      sourceArgumentsStringified: '{"state_filter":{"type":"string","value":{"node":"stringLiteral","literal":"CA"},"name":"state_filter"}}',
      structRefIsObject: false,
      structRefHasArguments: false,
      structRefArgumentsKeys: [],
      structRefArgumentsStringified: 'none'
    }

      at QueryModelImpl.loadQuery (packages/malloy/src/model/query_model_impl.ts:155:13)

  console.log
    [QueryStruct constructor] Creating: {
      structType: 'table',
      structName: 'duckdb:malloytest.state_facts',
      parentHasStruct: false,
      parentHasModel: true,
      parentStructType: undefined,
      sourceArgKeys: [ 'state_filter' ]
    }

      at new QueryStruct (packages/malloy/src/model/query_node.ts:417:13)

  console.log
    [QueryStruct.setParent] Called for: {
      thisStructType: 'table',
      thisStructName: 'duckdb:malloytest.state_facts',
      parentHasStruct: false,
      parentHasModel: true,
      parentStructType: undefined,
      parentStructName: undefined
    }

      at QueryStruct.setParent (packages/malloy/src/model/query_node.ts:1054:13)

  console.log
    [QueryFieldStruct constructor] Join field arguments check: {
      fieldName: 'sf',
      fieldType: 'query_source',
      jfdHasArguments: true,
      jfdArguments: [ 'state_filter' ],
      jfdArgumentValues: {
        state_filter: { hasValue: false, valueNode: undefined, valueType: 'object' }
      },
      sourceArguments: [ 'state_filter' ],
      sourceArgumentValues: {
        state_filter: { hasValue: true, valueNode: 'stringLiteral', valueType: 'object' }
      },
      parentSourceArguments: [ 'state_filter' ]
    }

      at new QueryFieldStruct (packages/malloy/src/model/query_node.ts:196:13)

  console.log
    [QueryFieldStruct constructor] Using arguments: {
      source: 'sourceArguments',
      keys: [ 'state_filter' ],
      values: { state_filter: { hasValue: true, valueNode: 'stringLiteral' } },
      parentHasArguments: true,
      parentArgKeys: [ 'state_filter' ]
    }

      at new QueryFieldStruct (packages/malloy/src/model/query_node.ts:247:13)

  console.log
    [QueryFieldStruct constructor] Creating QueryStruct for join: {
      jfdName: 'sf',
      jfdType: 'query_source',
      hasQuery: true,
      parentName: 'duckdb:malloytest.state_facts',
      parentType: 'table'
    }

      at new QueryFieldStruct (packages/malloy/src/model/query_node.ts:266:13)

  console.log
    [QueryStruct constructor] Creating: {
      structType: 'query_source',
      structName: 'sf',
      parentHasStruct: true,
      parentHasModel: false,
      parentStructType: 'table',
      sourceArgKeys: [ 'state_filter' ]
    }

      at new QueryStruct (packages/malloy/src/model/query_node.ts:417:13)

  console.log
    [QueryStruct.setParent] Called for: {
      thisStructType: 'query_source',
      thisStructName: 'sf',
      parentHasStruct: true,
      parentHasModel: false,
      parentStructType: 'table',
      parentStructName: 'duckdb:malloytest.state_facts'
    }

      at QueryStruct.setParent (packages/malloy/src/model/query_node.ts:1054:13)

  console.log
    [QueryStruct.setParent] Set this.parent to: { parentType: 'table', parentName: 'duckdb:malloytest.state_facts' }

      at QueryStruct.setParent (packages/malloy/src/model/query_node.ts:1067:15)

  console.log
    [QueryFieldStruct constructor] Created QueryStruct: {
      queryStructDefType: 'query_source',
      queryStructHasParent: true,
      queryStructParentName: 'duckdb:malloytest.state_facts'
    }

      at new QueryFieldStruct (packages/malloy/src/model/query_node.ts:284:13)

  console.log
    [QueryQuery.makeQuery] Called with parentStruct: {
      parentDefType: 'table',
      parentDefName: 'duckdb:malloytest.state_facts',
      parentHasParent: false,
      parentParentName: undefined,
      parentSourceArgs: [ 'state_filter' ],
      isJoinedSubquery: false,
      callStack: 'at Function.makeQuery (/Users/catalinadler/dev/malloy-cata02/packages/malloy/src/model/query_query.ts:173:7)\n' +
        '  at QueryModelImpl.loadQuery (/Users/catalinadler/dev/malloy-cata02/packages/malloy/src/model/query_model_impl.ts:208:26)\n' +
        '  at QueryModelImpl.compileQuery (/Users/catalinadler/dev/malloy-cata02/packages/malloy/src/model/query_model_impl.ts:299:19)\n' +
        '  at PreparedQuery.getPreparedResult (/Users/catalinadler/dev/malloy-cata02/packages/malloy/src/malloy.ts:988:40)\n' +
        '  at PreparedResultMaterializer._materialize (/Users/catalinadler/dev/malloy-cata02/packages/malloy/src/malloy.ts:3146:41)\n' +
        '  at async QueryMaterializer.getSQL (/Users/catalinadler/dev/malloy-cata02/packages/malloy/src/malloy.ts:3171:13)\n' +
        '  at async runQuery (/Users/catalinadler/dev/malloy-cata02/test/src/util/db-matcher-support.ts:93:30)'
    }

      at Function.makeQuery (packages/malloy/src/model/query_query.ts:178:13)

  console.log
    [QueryQuery.prepare] About to addStructToJoin with this.parent: {
      parentDefType: 'table',
      parentDefName: 'duckdb:malloytest.state_facts',
      parentHasParent: false,
      parentSourceArgs: [ 'state_filter' ]
    }

      at QueryQueryReduce.prepare (packages/malloy/src/model/query_query.ts:565:15)

  console.log
    [addStructToJoin] Called with QueryStruct: {
      name: 'base',
      qsDefType: 'table',
      qsHasParent: false,
      qsParentName: undefined,
      qsSourceArgs: [ 'state_filter' ]
    }

      at FieldInstanceResultRoot.addStructToJoin (packages/malloy/src/model/field_instance.ts:465:13)

  console.log
    [addStructToJoin] Parent check: {
      hasQsParent: false,
      hasParentStruct: false,
      parentStructName: undefined
    }

      at FieldInstanceResultRoot.addStructToJoin (packages/malloy/src/model/field_instance.ts:488:13)

  console.log
    [addStructToJoin] Creating new JoinInstance

      at FieldInstanceResultRoot.addStructToJoin (packages/malloy/src/model/field_instance.ts:501:15)

  console.log
    [JoinInstance constructor] Creating join instance: {
      alias: 'base',
      qsDefType: 'table',
      qsDefName: 'duckdb:malloytest.state_facts',
      qsHasParent: false,
      qsParentName: undefined,
      qsParentType: undefined
    }

      at new JoinInstance (packages/malloy/src/model/join_instance.ts:25:13)

  console.log
    [QueryStruct.getChildByName] Returning QueryFieldStruct: {
      name: 'sf',
      thisStructDefType: 'table',
      thisStructDefName: 'duckdb:malloytest.state_facts',
      resultFieldDefType: 'query_source',
      resultQueryStructDefType: 'query_source',
      resultQueryStructHasParent: true
    }

      at QueryStruct.getChildByName (packages/malloy/src/model/query_node.ts:1156:15)

  console.log
    [addStructToJoin] Called with QueryStruct: {
      name: 'sf_0',
      qsDefType: 'query_source',
      qsHasParent: true,
      qsParentName: 'duckdb:malloytest.state_facts',
      qsSourceArgs: [ 'state_filter' ]
    }

      at FieldInstanceResultRoot.addStructToJoin (packages/malloy/src/model/field_instance.ts:465:13)

  console.log
    [addStructToJoin] Parent check: {
      hasQsParent: true,
      hasParentStruct: true,
      parentStructName: 'duckdb:malloytest.state_facts'
    }

      at FieldInstanceResultRoot.addStructToJoin (packages/malloy/src/model/field_instance.ts:488:13)

  console.log
    [addStructToJoin] Called with QueryStruct: {
      name: 'base',
      qsDefType: 'table',
      qsHasParent: false,
      qsParentName: undefined,
      qsSourceArgs: [ 'state_filter' ]
    }

      at FieldInstanceResultRoot.addStructToJoin (packages/malloy/src/model/field_instance.ts:465:13)

  console.log
    [addStructToJoin] Join already exists, updating uniqueKeyRequirement

      at FieldInstanceResultRoot.addStructToJoin (packages/malloy/src/model/field_instance.ts:475:15)

  console.log
    [addStructToJoin] Creating new JoinInstance

      at FieldInstanceResultRoot.addStructToJoin (packages/malloy/src/model/field_instance.ts:501:15)

  console.log
    [JoinInstance constructor] Creating join instance: {
      alias: 'sf_0',
      qsDefType: 'query_source',
      qsDefName: 'sf',
      qsHasParent: true,
      qsParentName: 'duckdb:malloytest.state_facts',
      qsParentType: 'table'
    }

      at new JoinInstance (packages/malloy/src/model/join_instance.ts:25:13)

  console.log
    [addStructToJoin] Called with QueryStruct: {
      name: 'base',
      qsDefType: 'table',
      qsHasParent: false,
      qsParentName: undefined,
      qsSourceArgs: [ 'state_filter' ]
    }

      at FieldInstanceResultRoot.addStructToJoin (packages/malloy/src/model/field_instance.ts:465:13)

  console.log
    [addStructToJoin] Join already exists, updating uniqueKeyRequirement

      at FieldInstanceResultRoot.addStructToJoin (packages/malloy/src/model/field_instance.ts:475:15)

  console.log
    [QueryStruct.getChildByName] Returning QueryFieldStruct: {
      name: 'sf',
      thisStructDefType: 'table',
      thisStructDefName: 'duckdb:malloytest.state_facts',
      resultFieldDefType: 'query_source',
      resultQueryStructDefType: 'query_source',
      resultQueryStructHasParent: true
    }

      at QueryStruct.getChildByName (packages/malloy/src/model/query_node.ts:1156:15)

  console.log
    [getStructSourceSQL] Called with struct type: {
      type: 'table',
      name: 'duckdb:malloytest.state_facts',
      callStackSize: 0
    }

      at QueryQueryReduce.getStructSourceSQL (packages/malloy/src/model/query_query.ts:895:13)

  console.log
    [generateSQLJoinBlock] Processing join: {
      qsDefType: 'query_source',
      qsDefName: 'sf',
      qsHasParent: true,
      qsParentName: 'duckdb:malloytest.state_facts'
    }

      at QueryQueryReduce.generateSQLJoinBlock (packages/malloy/src/model/query_query.ts:1229:13)

  console.log
    [getStructSourceSQL] Called with struct type: { type: 'query_source', name: 'sf', callStackSize: 0 }

      at QueryQueryReduce.getStructSourceSQL (packages/malloy/src/model/query_query.ts:895:13)

  console.log
    [getStructSourceSQL] Processing query_source: {
      querySourceName: 'sf',
      queryStructRef: {
        type: 'table',
        name: 'duckdb:malloytest.state_facts',
        dialect: 'duckdb',
        tablePath: 'malloytest.state_facts',
        connection: 'duckdb',
        fields: [ [Object], [Object], [Object], [Object], [Object] ],
        location: { url: 'internal://internal.malloy', range: [Object] },
        modelAnnotation: { notes: [Array], id: '659d90c7-1350-5882-b2e8-3845810daa99' }
      },
      queryStructRefType: 'object',
      queryStructRefName: 'duckdb:malloytest.state_facts'
    }

      at QueryQueryReduce._getStructSourceSQLImpl (packages/malloy/src/model/query_query.ts:931:17)

  console.log
    [getStructSourceSQL] query_source structRef type: {
      isString: false,
      structRefType: 'object',
      structRefName: 'duckdb:malloytest.state_facts',
      queryName: undefined
    }

      at QueryQueryReduce._getStructSourceSQLImpl (packages/malloy/src/model/query_query.ts:964:19)

  console.log
    [QueryStruct constructor] Creating: {
      structType: 'table',
      structName: 'duckdb:malloytest.state_facts',
      parentHasStruct: true,
      parentHasModel: false,
      parentStructType: 'query_source',
      sourceArgKeys: [ 'state_filter' ]
    }

      at new QueryStruct (packages/malloy/src/model/query_node.ts:417:13)

  console.log
    [QueryStruct.setParent] Called for: {
      thisStructType: 'table',
      thisStructName: 'duckdb:malloytest.state_facts',
      parentHasStruct: true,
      parentHasModel: false,
      parentStructType: 'query_source',
      parentStructName: 'sf'
    }

      at QueryStruct.setParent (packages/malloy/src/model/query_node.ts:1054:13)

  console.log
    [QueryStruct.setParent] Set this.parent to: { parentType: 'query_source', parentName: 'sf' }

      at QueryStruct.setParent (packages/malloy/src/model/query_node.ts:1067:15)

  console.log
    [getStructSourceSQL] Created sourceStruct for base table: {
      sourceStructDefType: 'table',
      sourceStructDefName: 'duckdb:malloytest.state_facts',
      sourceStructHasParent: true,
      sourceStructParentName: 'sf',
      sourceStructParentType: 'query_source',
      sourceStructArgs: [ 'state_filter' ],
      originalQsDefType: 'query_source',
      originalQsName: 'sf',
      originalQsHasParent: true,
      originalQsParentName: 'duckdb:malloytest.state_facts'
    }

      at QueryQueryReduce._getStructSourceSQLImpl (packages/malloy/src/model/query_query.ts:1169:19)

  console.log
    [QueryQuery.makeQuery] Called with parentStruct: {
      parentDefType: 'table',
      parentDefName: 'duckdb:malloytest.state_facts',
      parentHasParent: true,
      parentParentName: 'sf',
      parentSourceArgs: [ 'state_filter' ],
      isJoinedSubquery: true,
      callStack: 'at Function.makeQuery (/Users/catalinadler/dev/malloy-cata02/packages/malloy/src/model/query_query.ts:173:7)\n' +
        '  at QueryQueryReduce._getStructSourceSQLImpl (/Users/catalinadler/dev/malloy-cata02/packages/malloy/src/model/query_query.ts:1199:32)\n' +
        '  at QueryQueryReduce.getStructSourceSQL (/Users/catalinadler/dev/malloy-cata02/packages/malloy/src/model/query_query.ts:910:19)\n' +
        '  at QueryQueryReduce.generateSQLJoinBlock (/Users/catalinadler/dev/malloy-cata02/packages/malloy/src/model/query_query.ts:1254:28)\n' +
        '  at QueryQueryReduce.generateSQLJoins (/Users/catalinadler/dev/malloy-cata02/packages/malloy/src/model/query_query.ts:1467:17)\n' +
        '  at QueryQueryReduce.generateSimpleSQL (/Users/catalinadler/dev/malloy-cata02/packages/malloy/src/model/query_query.ts:1559:15)\n' +
        '  at QueryQueryReduce.generateSQL (/Users/catalinadler/dev/malloy-cata02/packages/malloy/src/model/query_query.ts:2465:19)'
    }

      at Function.makeQuery (packages/malloy/src/model/query_query.ts:178:13)

  console.log
    [QueryQuery.prepare] About to addStructToJoin with this.parent: {
      parentDefType: 'table',
      parentDefName: 'duckdb:malloytest.state_facts',
      parentHasParent: true,
      parentSourceArgs: [ 'state_filter' ]
    }

      at QueryQueryProject.prepare (packages/malloy/src/model/query_query.ts:565:15)

  console.log
    [addStructToJoin] Called with QueryStruct: {
      name: 'base',
      qsDefType: 'table',
      qsHasParent: true,
      qsParentName: 'sf',
      qsSourceArgs: [ 'state_filter' ]
    }

      at FieldInstanceResultRoot.addStructToJoin (packages/malloy/src/model/field_instance.ts:465:13)

  console.log
    [addStructToJoin] Parent check: { hasQsParent: true, hasParentStruct: true, parentStructName: 'sf' }

      at FieldInstanceResultRoot.addStructToJoin (packages/malloy/src/model/field_instance.ts:488:13)

  console.log
    [addStructToJoin] Called with QueryStruct: {
      name: 'sf_0',
      qsDefType: 'query_source',
      qsHasParent: true,
      qsParentName: 'duckdb:malloytest.state_facts',
      qsSourceArgs: [ 'state_filter' ]
    }

      at FieldInstanceResultRoot.addStructToJoin (packages/malloy/src/model/field_instance.ts:465:13)

  console.log
    [addStructToJoin] Parent check: {
      hasQsParent: true,
      hasParentStruct: true,
      parentStructName: 'duckdb:malloytest.state_facts'
    }

      at FieldInstanceResultRoot.addStructToJoin (packages/malloy/src/model/field_instance.ts:488:13)

  console.log
    [addStructToJoin] Called with QueryStruct: {
      name: 'base',
      qsDefType: 'table',
      qsHasParent: false,
      qsParentName: undefined,
      qsSourceArgs: [ 'state_filter' ]
    }

      at FieldInstanceResultRoot.addStructToJoin (packages/malloy/src/model/field_instance.ts:465:13)

  console.log
    [addStructToJoin] Parent check: {
      hasQsParent: false,
      hasParentStruct: false,
      parentStructName: undefined
    }

      at FieldInstanceResultRoot.addStructToJoin (packages/malloy/src/model/field_instance.ts:488:13)

  console.log
    [addStructToJoin] Creating new JoinInstance

      at FieldInstanceResultRoot.addStructToJoin (packages/malloy/src/model/field_instance.ts:501:15)

  console.log
    [JoinInstance constructor] Creating join instance: {
      alias: 'base',
      qsDefType: 'table',
      qsDefName: 'duckdb:malloytest.state_facts',
      qsHasParent: false,
      qsParentName: undefined,
      qsParentType: undefined
    }

      at new JoinInstance (packages/malloy/src/model/join_instance.ts:25:13)

  console.log
    [addStructToJoin] Creating new JoinInstance

      at FieldInstanceResultRoot.addStructToJoin (packages/malloy/src/model/field_instance.ts:501:15)

  console.log
    [JoinInstance constructor] Creating join instance: {
      alias: 'sf_0',
      qsDefType: 'query_source',
      qsDefName: 'sf',
      qsHasParent: true,
      qsParentName: 'duckdb:malloytest.state_facts',
      qsParentType: 'table'
    }

      at new JoinInstance (packages/malloy/src/model/join_instance.ts:25:13)

  console.log
    [getStructSourceSQL] Called with struct type: {
      type: 'table',
      name: 'duckdb:malloytest.state_facts',
      callStackSize: 1
    }

      at QueryQueryProject.getStructSourceSQL (packages/malloy/src/model/query_query.ts:895:13)

  console.log
    [generateSQLJoinBlock] Processing join: {
      qsDefType: 'query_source',
      qsDefName: 'sf',
      qsHasParent: true,
      qsParentName: 'duckdb:malloytest.state_facts'
    }

      at QueryQueryProject.generateSQLJoinBlock (packages/malloy/src/model/query_query.ts:1229:13)

  console.log
    [getStructSourceSQL] Called with struct type: { type: 'query_source', name: 'sf', callStackSize: 1 }

      at QueryQueryProject.getStructSourceSQL (packages/malloy/src/model/query_query.ts:895:13)

  console.error
    ⚠️⚠️⚠️  CYCLE DETECTED in getStructSourceSQL for: query_source:sf

      901 |     // Detect infinite recursion
      902 |     if (structSQLCallStack.has(structKey)) {
    > 903 |       console.error(`⚠️⚠️⚠️  CYCLE DETECTED in getStructSourceSQL for: ${structKey}`);
          |               ^
      904 |       console.error('Call stack:', Array.from(structSQLCallStack));
      905 |       throw new Error(`Infinite recursion detected in SQL generation for: ${structKey}`);
      906 |     }

      at QueryQueryProject.getStructSourceSQL (packages/malloy/src/model/query_query.ts:903:15)
      at QueryQueryProject.generateSQLJoinBlock (packages/malloy/src/model/query_query.ts:1254:28)
      at QueryQueryProject.generateSQLJoins (packages/malloy/src/model/query_query.ts:1467:17)
      at QueryQueryProject.generateSimpleSQL (packages/malloy/src/model/query_query.ts:1559:15)
      at QueryQueryProject.generateSQL (packages/malloy/src/model/query_query.ts:2465:19)
      at QueryQueryProject.generateSQLFromPipeline (packages/malloy/src/model/query_query.ts:2476:30)
      at QueryQueryReduce._getStructSourceSQLImpl (packages/malloy/src/model/query_query.ts:1207:25)
      at QueryQueryReduce.getStructSourceSQL (packages/malloy/src/model/query_query.ts:910:19)
      at QueryQueryReduce.generateSQLJoinBlock (packages/malloy/src/model/query_query.ts:1254:28)
      at QueryQueryReduce.generateSQLJoins (packages/malloy/src/model/query_query.ts:1467:17)
      at QueryQueryReduce.generateSimpleSQL (packages/malloy/src/model/query_query.ts:1559:15)
      at QueryQueryReduce.generateSQL (packages/malloy/src/model/query_query.ts:2465:19)
      at QueryQueryReduce.generateSQLFromPipeline (packages/malloy/src/model/query_query.ts:2476:30)
      at QueryModelImpl.loadQuery (packages/malloy/src/model/query_model_impl.ts:216:19)
      at QueryModelImpl.compileQuery (packages/malloy/src/model/query_model_impl.ts:299:19)
      at PreparedQuery.getPreparedResult (packages/malloy/src/malloy.ts:988:40)
      at PreparedResultMaterializer._materialize (packages/malloy/src/malloy.ts:3146:41)
      at async QueryMaterializer.getSQL (packages/malloy/src/malloy.ts:3171:13)
      at async runQuery (test/src/util/db-matcher-support.ts:93:30)
      at async Object.malloyResultMatches (test/src/util/db-jest-matchers.ts:165:49)
      at async Object.<anonymous> (test/src/core/parameters.spec.ts:506:5)

  console.error
    Call stack: [ 'query_source:sf' ]

      902 |     if (structSQLCallStack.has(structKey)) {
      903 |       console.error(`⚠️⚠️⚠️  CYCLE DETECTED in getStructSourceSQL for: ${structKey}`);
    > 904 |       console.error('Call stack:', Array.from(structSQLCallStack));
          |               ^
      905 |       throw new Error(`Infinite recursion detected in SQL generation for: ${structKey}`);
      906 |     }
      907 |

      at QueryQueryProject.getStructSourceSQL (packages/malloy/src/model/query_query.ts:904:15)
      at QueryQueryProject.generateSQLJoinBlock (packages/malloy/src/model/query_query.ts:1254:28)
      at QueryQueryProject.generateSQLJoins (packages/malloy/src/model/query_query.ts:1467:17)
      at QueryQueryProject.generateSimpleSQL (packages/malloy/src/model/query_query.ts:1559:15)
      at QueryQueryProject.generateSQL (packages/malloy/src/model/query_query.ts:2465:19)
      at QueryQueryProject.generateSQLFromPipeline (packages/malloy/src/model/query_query.ts:2476:30)
      at QueryQueryReduce._getStructSourceSQLImpl (packages/malloy/src/model/query_query.ts:1207:25)
      at QueryQueryReduce.getStructSourceSQL (packages/malloy/src/model/query_query.ts:910:19)
      at QueryQueryReduce.generateSQLJoinBlock (packages/malloy/src/model/query_query.ts:1254:28)
      at QueryQueryReduce.generateSQLJoins (packages/malloy/src/model/query_query.ts:1467:17)
      at QueryQueryReduce.generateSimpleSQL (packages/malloy/src/model/query_query.ts:1559:15)
      at QueryQueryReduce.generateSQL (packages/malloy/src/model/query_query.ts:2465:19)
      at QueryQueryReduce.generateSQLFromPipeline (packages/malloy/src/model/query_query.ts:2476:30)
      at QueryModelImpl.loadQuery (packages/malloy/src/model/query_model_impl.ts:216:19)
      at QueryModelImpl.compileQuery (packages/malloy/src/model/query_model_impl.ts:299:19)
      at PreparedQuery.getPreparedResult (packages/malloy/src/malloy.ts:988:40)
      at PreparedResultMaterializer._materialize (packages/malloy/src/malloy.ts:3146:41)
      at async QueryMaterializer.getSQL (packages/malloy/src/malloy.ts:3171:13)
      at async runQuery (test/src/util/db-matcher-support.ts:93:30)
      at async Object.malloyResultMatches (test/src/util/db-jest-matchers.ts:165:49)
      at async Object.<anonymous> (test/src/core/parameters.spec.ts:506:5)

  console.log
    [ParameterSpace constructor] Created with parameters: [ 'state_filter' ]

      at new ParameterSpace (packages/malloy/src/lang/ast/field-space/parameter-space.ts:29:13)

  console.log
    [StaticSpace.map] Building map for 'duckdb:malloytest.state_facts', is StaticSourceSpace: false, has parameterSpaceRef: N/A

      at RefinedSpace.get map [as map] (packages/malloy/src/lang/ast/field-space/static-space.ts:102:15)

  console.log
    [StaticSpace.map] Adding field 'state', isJoined: false

      at RefinedSpace.get map [as map] (packages/malloy/src/lang/ast/field-space/static-space.ts:113:17)

  console.log
    [StaticSpace.map] Adding field 'aircraft_count', isJoined: false

      at RefinedSpace.get map [as map] (packages/malloy/src/lang/ast/field-space/static-space.ts:113:17)

  console.log
    [StaticSpace.map] Adding field 'airport_count', isJoined: false

      at RefinedSpace.get map [as map] (packages/malloy/src/lang/ast/field-space/static-space.ts:113:17)

  console.log
    [StaticSpace.map] Adding field 'births', isJoined: false

      at RefinedSpace.get map [as map] (packages/malloy/src/lang/ast/field-space/static-space.ts:113:17)

  console.log
    [StaticSpace.map] Adding field 'popular_name', isJoined: false

      at RefinedSpace.get map [as map] (packages/malloy/src/lang/ast/field-space/static-space.ts:113:17)

  console.log
    [ParameterSpace constructor] Created with parameters: [ 'state_filter' ]

      at new ParameterSpace (packages/malloy/src/lang/ast/field-space/parameter-space.ts:29:13)

  console.log
    [ParameterSpace constructor] Created with parameters: [ 'state_filter' ]

      at new ParameterSpace (packages/malloy/src/lang/ast/field-space/parameter-space.ts:29:13)

  console.log
    [StaticSpace.map] Building map for 'duckdb:malloytest.state_facts', is StaticSourceSpace: false, has parameterSpaceRef: N/A

      at ReduceFieldSpace.get map [as map] (packages/malloy/src/lang/ast/field-space/static-space.ts:102:15)

  console.log
    [StaticSpace.lookup] Looking up 'state'

      at QueryInputSpace.lookup (packages/malloy/src/lang/ast/field-space/static-space.ts:176:13)

  console.log
    [QueryInputSpace.entry] Looking up 'state'

      at QueryInputSpace.entry (packages/malloy/src/lang/ast/field-space/query-input-space.ts:108:13)

  console.log
    [StaticSpace.map] Building map for 'duckdb:malloytest.state_facts', is StaticSourceSpace: false, has parameterSpaceRef: N/A

      at QueryInputSpace.get map [as map] (packages/malloy/src/lang/ast/field-space/static-space.ts:102:15)

  console.log
    [StaticSpace.map] Adding field 'state', isJoined: false

      at QueryInputSpace.get map [as map] (packages/malloy/src/lang/ast/field-space/static-space.ts:113:17)

  console.log
    [StaticSpace.map] Adding field 'aircraft_count', isJoined: false

      at QueryInputSpace.get map [as map] (packages/malloy/src/lang/ast/field-space/static-space.ts:113:17)

  console.log
    [StaticSpace.map] Adding field 'airport_count', isJoined: false

      at QueryInputSpace.get map [as map] (packages/malloy/src/lang/ast/field-space/static-space.ts:113:17)

  console.log
    [StaticSpace.map] Adding field 'births', isJoined: false

      at QueryInputSpace.get map [as map] (packages/malloy/src/lang/ast/field-space/static-space.ts:113:17)

  console.log
    [StaticSpace.map] Adding field 'popular_name', isJoined: false

      at QueryInputSpace.get map [as map] (packages/malloy/src/lang/ast/field-space/static-space.ts:113:17)

  console.log
    [QueryInputSpace.entry] Found 'state' in fields

      at QueryInputSpace.entry (packages/malloy/src/lang/ast/field-space/query-input-space.ts:112:15)

  console.log
    [StaticSpace.lookup] Found 'state'

      at QueryInputSpace.lookup (packages/malloy/src/lang/ast/field-space/static-space.ts:188:13)

  console.log
    [StaticSpace.lookup] Looking up 'state'

      at QueryInputSpace.lookup (packages/malloy/src/lang/ast/field-space/static-space.ts:176:13)

  console.log
    [QueryInputSpace.entry] Looking up 'state'

      at QueryInputSpace.entry (packages/malloy/src/lang/ast/field-space/query-input-space.ts:108:13)

  console.log
    [QueryInputSpace.entry] Found 'state' in fields

      at QueryInputSpace.entry (packages/malloy/src/lang/ast/field-space/query-input-space.ts:112:15)

  console.log
    [StaticSpace.lookup] Found 'state'

      at QueryInputSpace.lookup (packages/malloy/src/lang/ast/field-space/static-space.ts:188:13)

  console.log
    [QueryInputSpace.parameterSpace] Called

      at QueryInputSpace.parameterSpace (packages/malloy/src/lang/ast/field-space/query-input-space.ts:84:13)

  console.log
    [ParameterSpace constructor] Created with parameters: [ 'state_filter' ]

      at new ParameterSpace (packages/malloy/src/lang/ast/field-space/parameter-space.ts:29:13)

  console.log
    [QueryInputSpace.parameterSpace] Got from queryOutput: [ 'state_filter' ]

      at QueryInputSpace.parameterSpace (packages/malloy/src/lang/ast/field-space/query-input-space.ts:88:15)

  console.log
    [StaticSpace.lookup] Looking up 'state'

      at QueryInputSpace.lookup (packages/malloy/src/lang/ast/field-space/static-space.ts:176:13)

  console.log
    [QueryInputSpace.entry] Looking up 'state'

      at QueryInputSpace.entry (packages/malloy/src/lang/ast/field-space/query-input-space.ts:108:13)

  console.log
    [QueryInputSpace.entry] Found 'state' in fields

      at QueryInputSpace.entry (packages/malloy/src/lang/ast/field-space/query-input-space.ts:112:15)

  console.log
    [StaticSpace.lookup] Found 'state'

      at QueryInputSpace.lookup (packages/malloy/src/lang/ast/field-space/static-space.ts:188:13)

  console.log
    [SQArrow.getQuery] Called

      at SQArrow.getQuery (packages/malloy/src/lang/ast/source-query-elements/sq-arrow.ts:53:13)

  console.log
    [SQArrow.getQuery] LHS is: namedSource, instanceof Source: true

      at SQArrow.getQuery (packages/malloy/src/lang/ast/source-query-elements/sq-arrow.ts:72:13)

  console.log
    [ParameterSpace constructor] Created with parameters: []

      at new ParameterSpace (packages/malloy/src/lang/ast/field-space/parameter-space.ts:29:13)

  console.log
    [SQArrow.getQuery] sourceDef.parameters: []

      at SQArrow.getQuery (packages/malloy/src/lang/ast/source-query-elements/sq-arrow.ts:80:15)

  console.log
    [SQArrow.getQuery] sourceDef.arguments: [ 'state_filter' ]

      at SQArrow.getQuery (packages/malloy/src/lang/ast/source-query-elements/sq-arrow.ts:84:15)

  console.log
    [ParameterSpace constructor] Created with parameters: [ 'state_filter' ]

      at new ParameterSpace (packages/malloy/src/lang/ast/field-space/parameter-space.ts:29:13)

  console.log
    [SQArrow.getQuery] Created parameterSpace from source arguments: [ 'state_filter' ]

      at SQArrow.getQuery (packages/malloy/src/lang/ast/source-query-elements/sq-arrow.ts:103:17)

  console.log
    [QueryArrow constructor] Created with source: namedSource, parameterSpace: [ 'state_filter' ]

      at new QueryArrow (packages/malloy/src/lang/ast/query-elements/query-arrow.ts:60:15)

  console.log
    [StaticSourceSpace constructor] Created with parameterSpaceRef: true source name: duckdb:malloytest.state_facts

      at new StaticSourceSpace (packages/malloy/src/lang/ast/field-space/static-space.ts:312:13)

  console.log
    [QueryArrow.queryComp] Source: namedSource, fieldSpace WITH parameterSpace: [ 'state_filter' ]

      at QueryArrow.queryComp (packages/malloy/src/lang/ast/query-elements/query-arrow.ts:120:17)

  console.log
    [QueryArrow.queryComp] Calling view.pipelineComp with fieldSpace

      at QueryArrow.queryComp (packages/malloy/src/lang/ast/query-elements/query-arrow.ts:161:13)

  console.log
    [StaticSourceSpace.lookup] Looking up 'base'

      at StaticSourceSpace.lookup (packages/malloy/src/lang/ast/field-space/static-space.ts:403:13)

  console.log
    [StaticSourceSpace.entry] Looking up 'base', has parameterSpaceRef: true

      at StaticSourceSpace.entry (packages/malloy/src/lang/ast/field-space/static-space.ts:369:13)

  console.log
    [StaticSpace.map] Building map for 'duckdb:malloytest.state_facts', is StaticSourceSpace: true, has parameterSpaceRef: true

      at StaticSourceSpace.get map [as map] (packages/malloy/src/lang/ast/field-space/static-space.ts:102:15)

  console.log
    [StaticSpace.map] Adding field 'state', isJoined: false

      at StaticSourceSpace.get map [as map] (packages/malloy/src/lang/ast/field-space/static-space.ts:113:17)

  console.log
    [StaticSourceSpace.defToSpaceField] Field 'state', isJoined: false, has parameterSpaceRef: true, creation #8

      at StaticSourceSpace.defToSpaceField (packages/malloy/src/lang/ast/field-space/static-space.ts:339:13)

  console.log
    [StaticSpace.map] Adding field 'aircraft_count', isJoined: false

      at StaticSourceSpace.get map [as map] (packages/malloy/src/lang/ast/field-space/static-space.ts:113:17)

  console.log
    [StaticSourceSpace.defToSpaceField] Field 'aircraft_count', isJoined: false, has parameterSpaceRef: true, creation #8

      at StaticSourceSpace.defToSpaceField (packages/malloy/src/lang/ast/field-space/static-space.ts:339:13)

  console.log
    [StaticSpace.map] Adding field 'airport_count', isJoined: false

      at StaticSourceSpace.get map [as map] (packages/malloy/src/lang/ast/field-space/static-space.ts:113:17)

  console.log
    [StaticSourceSpace.defToSpaceField] Field 'airport_count', isJoined: false, has parameterSpaceRef: true, creation #8

      at StaticSourceSpace.defToSpaceField (packages/malloy/src/lang/ast/field-space/static-space.ts:339:13)

  console.log
    [StaticSpace.map] Adding field 'births', isJoined: false

      at StaticSourceSpace.get map [as map] (packages/malloy/src/lang/ast/field-space/static-space.ts:113:17)

  console.log
    [StaticSourceSpace.defToSpaceField] Field 'births', isJoined: false, has parameterSpaceRef: true, creation #8

      at StaticSourceSpace.defToSpaceField (packages/malloy/src/lang/ast/field-space/static-space.ts:339:13)

  console.log
    [StaticSpace.map] Adding field 'popular_name', isJoined: false

      at StaticSourceSpace.get map [as map] (packages/malloy/src/lang/ast/field-space/static-space.ts:113:17)

  console.log
    [StaticSourceSpace.defToSpaceField] Field 'popular_name', isJoined: false, has parameterSpaceRef: true, creation #8

      at StaticSourceSpace.defToSpaceField (packages/malloy/src/lang/ast/field-space/static-space.ts:339:13)

  console.log
    [StaticSpace.map] Adding field 'base', isJoined: false

      at StaticSourceSpace.get map [as map] (packages/malloy/src/lang/ast/field-space/static-space.ts:113:17)

  console.log
    [StaticSourceSpace.defToSpaceField] Field 'base', isJoined: false, has parameterSpaceRef: true, creation #1

      at StaticSourceSpace.defToSpaceField (packages/malloy/src/lang/ast/field-space/static-space.ts:339:13)

  console.log
    [StaticSourceSpace.entry] Found 'base' in fields

      at StaticSourceSpace.entry (packages/malloy/src/lang/ast/field-space/static-space.ts:376:15)

  console.log
    [StaticSourceSpace.lookup] Found 'base'

      at StaticSourceSpace.lookup (packages/malloy/src/lang/ast/field-space/static-space.ts:415:13)

  console.log
    [StaticSourceSpace constructor] Created with parameterSpaceRef: false source name: query_result

      at new StaticSourceSpace (packages/malloy/src/lang/ast/field-space/static-space.ts:312:13)

  console.log
    [StaticSpace.lookup] Looking up 'state'

      at QueryInputSpace.lookup (packages/malloy/src/lang/ast/field-space/static-space.ts:176:13)

  console.log
    [QueryInputSpace.entry] Looking up 'state'

      at QueryInputSpace.entry (packages/malloy/src/lang/ast/field-space/query-input-space.ts:108:13)

  console.log
    [StaticSpace.map] Building map for 'query_result', is StaticSourceSpace: false, has parameterSpaceRef: N/A

      at QueryInputSpace.get map [as map] (packages/malloy/src/lang/ast/field-space/static-space.ts:102:15)

  console.log
    [StaticSpace.map] Adding field 'state', isJoined: false

      at QueryInputSpace.get map [as map] (packages/malloy/src/lang/ast/field-space/static-space.ts:113:17)

  console.log
    [StaticSpace.map] Adding field 'c', isJoined: false

      at QueryInputSpace.get map [as map] (packages/malloy/src/lang/ast/field-space/static-space.ts:113:17)

  console.log
    [QueryInputSpace.entry] Found 'state' in fields

      at QueryInputSpace.entry (packages/malloy/src/lang/ast/field-space/query-input-space.ts:112:15)

  console.log
    [StaticSpace.lookup] Found 'state'

      at QueryInputSpace.lookup (packages/malloy/src/lang/ast/field-space/static-space.ts:188:13)

  console.log
    [StaticSpace.lookup] Looking up 'state_filter'

      at QueryInputSpace.lookup (packages/malloy/src/lang/ast/field-space/static-space.ts:176:13)

  console.log
    [QueryInputSpace.entry] Looking up 'state_filter'

      at QueryInputSpace.entry (packages/malloy/src/lang/ast/field-space/query-input-space.ts:108:13)

  console.log
    [QueryInputSpace.entry] Found 'state_filter' in fields

      at QueryInputSpace.entry (packages/malloy/src/lang/ast/field-space/query-input-space.ts:112:15)

  console.log
    [StaticSpace.lookup] Found 'state_filter'

      at QueryInputSpace.lookup (packages/malloy/src/lang/ast/field-space/static-space.ts:188:13)

  console.log
    [QueryInputSpace.parameterSpace] Called

      at QueryInputSpace.parameterSpace (packages/malloy/src/lang/ast/field-space/query-input-space.ts:84:13)

  console.log
    [ParameterSpace constructor] Created with parameters: [ 'state_filter' ]

      at new ParameterSpace (packages/malloy/src/lang/ast/field-space/parameter-space.ts:29:13)

  console.log
    [QueryInputSpace.parameterSpace] Got from queryOutput: [ 'state_filter' ]

      at QueryInputSpace.parameterSpace (packages/malloy/src/lang/ast/field-space/query-input-space.ts:88:15)

  console.log
    [QueryArrow.queryComp] Creating comp.query: {
      inputStructName: 'duckdb:malloytest.state_facts',
      inputStructType: 'table',
      inputStructArguments: [ 'state_filter' ],
      sourceArgumentsKeys: [ 'state_filter' ],
      sourceArgumentsHasValues: [ [ 'state_filter', true ] ],
      pipelineLength: 2
    }

      at QueryArrow.queryComp (packages/malloy/src/lang/ast/query-elements/query-arrow.ts:244:13)

  console.log
    [ParameterSpace constructor] Created with parameters: [ 'state_filter' ]

      at new ParameterSpace (packages/malloy/src/lang/ast/field-space/parameter-space.ts:29:13)

  console.log
    [StaticSpace.map] Building map for 'duckdb:malloytest.state_facts', is StaticSourceSpace: false, has parameterSpaceRef: N/A

      at RefinedSpace.get map [as map] (packages/malloy/src/lang/ast/field-space/static-space.ts:102:15)

  console.log
    [StaticSpace.map] Adding field 'state', isJoined: false

      at RefinedSpace.get map [as map] (packages/malloy/src/lang/ast/field-space/static-space.ts:113:17)

  console.log
    [StaticSpace.map] Adding field 'aircraft_count', isJoined: false

      at RefinedSpace.get map [as map] (packages/malloy/src/lang/ast/field-space/static-space.ts:113:17)

  console.log
    [StaticSpace.map] Adding field 'airport_count', isJoined: false

      at RefinedSpace.get map [as map] (packages/malloy/src/lang/ast/field-space/static-space.ts:113:17)

  console.log
    [StaticSpace.map] Adding field 'births', isJoined: false

      at RefinedSpace.get map [as map] (packages/malloy/src/lang/ast/field-space/static-space.ts:113:17)

  console.log
    [StaticSpace.map] Adding field 'popular_name', isJoined: false

      at RefinedSpace.get map [as map] (packages/malloy/src/lang/ast/field-space/static-space.ts:113:17)

  console.log
    [ParameterSpace constructor] Created with parameters: [ 'state_filter' ]

      at new ParameterSpace (packages/malloy/src/lang/ast/field-space/parameter-space.ts:29:13)

  console.log
    [ParameterSpace constructor] Created with parameters: [ 'state_filter' ]

      at new ParameterSpace (packages/malloy/src/lang/ast/field-space/parameter-space.ts:29:13)

  console.log
    [StaticSpace.map] Building map for 'duckdb:malloytest.state_facts', is StaticSourceSpace: false, has parameterSpaceRef: N/A

      at ReduceFieldSpace.get map [as map] (packages/malloy/src/lang/ast/field-space/static-space.ts:102:15)

  console.log
    [StaticSpace.lookup] Looking up 'state'

      at QueryInputSpace.lookup (packages/malloy/src/lang/ast/field-space/static-space.ts:176:13)

  console.log
    [QueryInputSpace.entry] Looking up 'state'

      at QueryInputSpace.entry (packages/malloy/src/lang/ast/field-space/query-input-space.ts:108:13)

  console.log
    [StaticSpace.map] Building map for 'duckdb:malloytest.state_facts', is StaticSourceSpace: false, has parameterSpaceRef: N/A

      at QueryInputSpace.get map [as map] (packages/malloy/src/lang/ast/field-space/static-space.ts:102:15)

  console.log
    [StaticSpace.map] Adding field 'state', isJoined: false

      at QueryInputSpace.get map [as map] (packages/malloy/src/lang/ast/field-space/static-space.ts:113:17)

  console.log
    [StaticSpace.map] Adding field 'aircraft_count', isJoined: false

      at QueryInputSpace.get map [as map] (packages/malloy/src/lang/ast/field-space/static-space.ts:113:17)

  console.log
    [StaticSpace.map] Adding field 'airport_count', isJoined: false

      at QueryInputSpace.get map [as map] (packages/malloy/src/lang/ast/field-space/static-space.ts:113:17)

  console.log
    [StaticSpace.map] Adding field 'births', isJoined: false

      at QueryInputSpace.get map [as map] (packages/malloy/src/lang/ast/field-space/static-space.ts:113:17)

  console.log
    [StaticSpace.map] Adding field 'popular_name', isJoined: false

      at QueryInputSpace.get map [as map] (packages/malloy/src/lang/ast/field-space/static-space.ts:113:17)

  console.log
    [QueryInputSpace.entry] Found 'state' in fields

      at QueryInputSpace.entry (packages/malloy/src/lang/ast/field-space/query-input-space.ts:112:15)

  console.log
    [StaticSpace.lookup] Found 'state'

      at QueryInputSpace.lookup (packages/malloy/src/lang/ast/field-space/static-space.ts:188:13)

  console.log
    [StaticSpace.lookup] Looking up 'state_filter'

      at QueryInputSpace.lookup (packages/malloy/src/lang/ast/field-space/static-space.ts:176:13)

  console.log
    [QueryInputSpace.entry] Looking up 'state_filter'

      at QueryInputSpace.entry (packages/malloy/src/lang/ast/field-space/query-input-space.ts:108:13)

  console.log
    [QueryInputSpace.entry] Found 'state_filter' in fields

      at QueryInputSpace.entry (packages/malloy/src/lang/ast/field-space/query-input-space.ts:112:15)

  console.log
    [StaticSpace.lookup] Found 'state_filter'

      at QueryInputSpace.lookup (packages/malloy/src/lang/ast/field-space/static-space.ts:188:13)

  console.log
    [StaticSpace.lookup] Looking up 'state'

      at QueryInputSpace.lookup (packages/malloy/src/lang/ast/field-space/static-space.ts:176:13)

  console.log
    [QueryInputSpace.entry] Looking up 'state'

      at QueryInputSpace.entry (packages/malloy/src/lang/ast/field-space/query-input-space.ts:108:13)

  console.log
    [QueryInputSpace.entry] Found 'state' in fields

      at QueryInputSpace.entry (packages/malloy/src/lang/ast/field-space/query-input-space.ts:112:15)

  console.log
    [StaticSpace.lookup] Found 'state'

      at QueryInputSpace.lookup (packages/malloy/src/lang/ast/field-space/static-space.ts:188:13)

  console.log
    [StaticSpace.lookup] Looking up 'state'

      at QueryInputSpace.lookup (packages/malloy/src/lang/ast/field-space/static-space.ts:176:13)

  console.log
    [QueryInputSpace.entry] Looking up 'state'

      at QueryInputSpace.entry (packages/malloy/src/lang/ast/field-space/query-input-space.ts:108:13)

  console.log
    [QueryInputSpace.entry] Found 'state' in fields

      at QueryInputSpace.entry (packages/malloy/src/lang/ast/field-space/query-input-space.ts:112:15)

  console.log
    [StaticSpace.lookup] Found 'state'

      at QueryInputSpace.lookup (packages/malloy/src/lang/ast/field-space/static-space.ts:188:13)

  console.log
    [QueryInputSpace.parameterSpace] Called

      at QueryInputSpace.parameterSpace (packages/malloy/src/lang/ast/field-space/query-input-space.ts:84:13)

  console.log
    [ParameterSpace constructor] Created with parameters: [ 'state_filter' ]

      at new ParameterSpace (packages/malloy/src/lang/ast/field-space/parameter-space.ts:29:13)

  console.log
    [QueryInputSpace.parameterSpace] Got from queryOutput: [ 'state_filter' ]

      at QueryInputSpace.parameterSpace (packages/malloy/src/lang/ast/field-space/query-input-space.ts:88:15)

  console.log
    [StaticSpace.lookup] Looking up 'state'

      at QueryInputSpace.lookup (packages/malloy/src/lang/ast/field-space/static-space.ts:176:13)

  console.log
    [QueryInputSpace.entry] Looking up 'state'

      at QueryInputSpace.entry (packages/malloy/src/lang/ast/field-space/query-input-space.ts:108:13)

  console.log
    [QueryInputSpace.entry] Found 'state' in fields

      at QueryInputSpace.entry (packages/malloy/src/lang/ast/field-space/query-input-space.ts:112:15)

  console.log
    [StaticSpace.lookup] Found 'state'

      at QueryInputSpace.lookup (packages/malloy/src/lang/ast/field-space/static-space.ts:188:13)

  console.log
    [SQArrow.getQuery] Called

      at SQArrow.getQuery (packages/malloy/src/lang/ast/source-query-elements/sq-arrow.ts:53:13)

  console.log
    [SQArrow.getQuery] LHS is: namedSource, instanceof Source: true

      at SQArrow.getQuery (packages/malloy/src/lang/ast/source-query-elements/sq-arrow.ts:72:13)

  console.log
    [ParameterSpace constructor] Created with parameters: []

      at new ParameterSpace (packages/malloy/src/lang/ast/field-space/parameter-space.ts:29:13)

  console.log
    [SQArrow.getQuery] sourceDef.parameters: []

      at SQArrow.getQuery (packages/malloy/src/lang/ast/source-query-elements/sq-arrow.ts:80:15)

  console.log
    [SQArrow.getQuery] sourceDef.arguments: [ 'state_filter' ]

      at SQArrow.getQuery (packages/malloy/src/lang/ast/source-query-elements/sq-arrow.ts:84:15)

  console.log
    [ParameterSpace constructor] Created with parameters: [ 'state_filter' ]

      at new ParameterSpace (packages/malloy/src/lang/ast/field-space/parameter-space.ts:29:13)

  console.log
    [SQArrow.getQuery] Created parameterSpace from source arguments: [ 'state_filter' ]

      at SQArrow.getQuery (packages/malloy/src/lang/ast/source-query-elements/sq-arrow.ts:103:17)

  console.log
    [QueryArrow constructor] Created with source: namedSource, parameterSpace: [ 'state_filter' ]

      at new QueryArrow (packages/malloy/src/lang/ast/query-elements/query-arrow.ts:60:15)

  console.log
    [StaticSourceSpace constructor] Created with parameterSpaceRef: true source name: duckdb:malloytest.state_facts

      at new StaticSourceSpace (packages/malloy/src/lang/ast/field-space/static-space.ts:312:13)

  console.log
    [QueryArrow.queryComp] Source: namedSource, fieldSpace WITH parameterSpace: [ 'state_filter' ]

      at QueryArrow.queryComp (packages/malloy/src/lang/ast/query-elements/query-arrow.ts:120:17)

  console.log
    [QueryArrow.queryComp] Calling view.pipelineComp with fieldSpace

      at QueryArrow.queryComp (packages/malloy/src/lang/ast/query-elements/query-arrow.ts:161:13)

  console.log
    [StaticSourceSpace.lookup] Looking up 'base'

      at StaticSourceSpace.lookup (packages/malloy/src/lang/ast/field-space/static-space.ts:403:13)

  console.log
    [StaticSourceSpace.entry] Looking up 'base', has parameterSpaceRef: true

      at StaticSourceSpace.entry (packages/malloy/src/lang/ast/field-space/static-space.ts:369:13)

  console.log
    [StaticSpace.map] Building map for 'duckdb:malloytest.state_facts', is StaticSourceSpace: true, has parameterSpaceRef: true

      at StaticSourceSpace.get map [as map] (packages/malloy/src/lang/ast/field-space/static-space.ts:102:15)

  console.log
    [StaticSpace.map] Adding field 'state', isJoined: false

      at StaticSourceSpace.get map [as map] (packages/malloy/src/lang/ast/field-space/static-space.ts:113:17)

  console.log
    [StaticSourceSpace.defToSpaceField] Field 'state', isJoined: false, has parameterSpaceRef: true, creation #9

      at StaticSourceSpace.defToSpaceField (packages/malloy/src/lang/ast/field-space/static-space.ts:339:13)

  console.log
    [StaticSpace.map] Adding field 'aircraft_count', isJoined: false

      at StaticSourceSpace.get map [as map] (packages/malloy/src/lang/ast/field-space/static-space.ts:113:17)

  console.log
    [StaticSourceSpace.defToSpaceField] Field 'aircraft_count', isJoined: false, has parameterSpaceRef: true, creation #9

      at StaticSourceSpace.defToSpaceField (packages/malloy/src/lang/ast/field-space/static-space.ts:339:13)

  console.log
    [StaticSpace.map] Adding field 'airport_count', isJoined: false

      at StaticSourceSpace.get map [as map] (packages/malloy/src/lang/ast/field-space/static-space.ts:113:17)

  console.log
    [StaticSourceSpace.defToSpaceField] Field 'airport_count', isJoined: false, has parameterSpaceRef: true, creation #9

      at StaticSourceSpace.defToSpaceField (packages/malloy/src/lang/ast/field-space/static-space.ts:339:13)

  console.log
    [StaticSpace.map] Adding field 'births', isJoined: false

      at StaticSourceSpace.get map [as map] (packages/malloy/src/lang/ast/field-space/static-space.ts:113:17)

  console.log
    [StaticSourceSpace.defToSpaceField] Field 'births', isJoined: false, has parameterSpaceRef: true, creation #9

      at StaticSourceSpace.defToSpaceField (packages/malloy/src/lang/ast/field-space/static-space.ts:339:13)

  console.log
    [StaticSpace.map] Adding field 'popular_name', isJoined: false

      at StaticSourceSpace.get map [as map] (packages/malloy/src/lang/ast/field-space/static-space.ts:113:17)

  console.log
    [StaticSourceSpace.defToSpaceField] Field 'popular_name', isJoined: false, has parameterSpaceRef: true, creation #9

      at StaticSourceSpace.defToSpaceField (packages/malloy/src/lang/ast/field-space/static-space.ts:339:13)

  console.log
    [StaticSpace.map] Adding field 'base', isJoined: false

      at StaticSourceSpace.get map [as map] (packages/malloy/src/lang/ast/field-space/static-space.ts:113:17)

  console.log
    [StaticSourceSpace.defToSpaceField] Field 'base', isJoined: false, has parameterSpaceRef: true, creation #2

      at StaticSourceSpace.defToSpaceField (packages/malloy/src/lang/ast/field-space/static-space.ts:339:13)

  console.log
    [StaticSourceSpace.entry] Found 'base' in fields

      at StaticSourceSpace.entry (packages/malloy/src/lang/ast/field-space/static-space.ts:376:15)

  console.log
    [StaticSourceSpace.lookup] Found 'base'

      at StaticSourceSpace.lookup (packages/malloy/src/lang/ast/field-space/static-space.ts:415:13)

  console.log
    [StaticSourceSpace constructor] Created with parameterSpaceRef: false source name: query_result

      at new StaticSourceSpace (packages/malloy/src/lang/ast/field-space/static-space.ts:312:13)

  console.log
    [StaticSpace.lookup] Looking up 'state'

      at QueryInputSpace.lookup (packages/malloy/src/lang/ast/field-space/static-space.ts:176:13)

  console.log
    [QueryInputSpace.entry] Looking up 'state'

      at QueryInputSpace.entry (packages/malloy/src/lang/ast/field-space/query-input-space.ts:108:13)

  console.log
    [StaticSpace.map] Building map for 'query_result', is StaticSourceSpace: false, has parameterSpaceRef: N/A

      at QueryInputSpace.get map [as map] (packages/malloy/src/lang/ast/field-space/static-space.ts:102:15)

  console.log
    [StaticSpace.map] Adding field 'state', isJoined: false

      at QueryInputSpace.get map [as map] (packages/malloy/src/lang/ast/field-space/static-space.ts:113:17)

  console.log
    [QueryInputSpace.entry] Found 'state' in fields

      at QueryInputSpace.entry (packages/malloy/src/lang/ast/field-space/query-input-space.ts:112:15)

  console.log
    [StaticSpace.lookup] Found 'state'

      at QueryInputSpace.lookup (packages/malloy/src/lang/ast/field-space/static-space.ts:188:13)

  console.log
    [StaticSpace.lookup] Looking up 'missing_param'

      at QueryInputSpace.lookup (packages/malloy/src/lang/ast/field-space/static-space.ts:176:13)

  console.log
    [QueryInputSpace.entry] Looking up 'missing_param'

      at QueryInputSpace.entry (packages/malloy/src/lang/ast/field-space/query-input-space.ts:108:13)

  console.log
    [QueryInputSpace.parameterSpace] Called

      at QueryInputSpace.parameterSpace (packages/malloy/src/lang/ast/field-space/query-input-space.ts:84:13)

  console.log
    [ParameterSpace constructor] Created with parameters: [ 'state_filter' ]

      at new ParameterSpace (packages/malloy/src/lang/ast/field-space/parameter-space.ts:29:13)

  console.log
    [QueryInputSpace.parameterSpace] Got from queryOutput: [ 'state_filter' ]

      at QueryInputSpace.parameterSpace (packages/malloy/src/lang/ast/field-space/query-input-space.ts:88:15)

  console.log
    [QueryInputSpace.entry] Checking parameterSpace for 'missing_param'

      at QueryInputSpace.entry (packages/malloy/src/lang/ast/field-space/query-input-space.ts:118:15)

  console.log
    [ParameterSpace.entry] Looking up 'missing_param', available: [ 'state_filter' ] found: false

      at ParameterSpace.entry (packages/malloy/src/lang/ast/field-space/parameter-space.ts:44:13)

  console.log
    [QueryInputSpace.entry] 'missing_param' not found anywhere

      at QueryInputSpace.entry (packages/malloy/src/lang/ast/field-space/query-input-space.ts:129:13)

  console.log
    [StaticSpace.lookup] NOT FOUND: 'missing_param'

      at QueryInputSpace.lookup (packages/malloy/src/lang/ast/field-space/static-space.ts:179:15)

  console.log
    [QueryInputSpace.parameterSpace] Called

      at QueryInputSpace.parameterSpace (packages/malloy/src/lang/ast/field-space/query-input-space.ts:84:13)

  console.log
    [ParameterSpace constructor] Created with parameters: [ 'state_filter' ]

      at new ParameterSpace (packages/malloy/src/lang/ast/field-space/parameter-space.ts:29:13)

  console.log
    [QueryInputSpace.parameterSpace] Got from queryOutput: [ 'state_filter' ]

      at QueryInputSpace.parameterSpace (packages/malloy/src/lang/ast/field-space/query-input-space.ts:88:15)

  console.log
    [QueryArrow.queryComp] Creating comp.query: {
      inputStructName: 'duckdb:malloytest.state_facts',
      inputStructType: 'table',
      inputStructArguments: [ 'state_filter' ],
      sourceArgumentsKeys: [ 'state_filter' ],
      sourceArgumentsHasValues: [ [ 'state_filter', true ] ],
      pipelineLength: 2
    }

      at QueryArrow.queryComp (packages/malloy/src/lang/ast/query-elements/query-arrow.ts:244:13)

  console.log
    [ParameterSpace constructor] Created with parameters: [ 'state_filter' ]

      at new ParameterSpace (packages/malloy/src/lang/ast/field-space/parameter-space.ts:29:13)

  console.log
    [StaticSpace.map] Building map for 'duckdb:malloytest.state_facts', is StaticSourceSpace: false, has parameterSpaceRef: N/A

      at RefinedSpace.get map [as map] (packages/malloy/src/lang/ast/field-space/static-space.ts:102:15)

  console.log
    [StaticSpace.map] Adding field 'state', isJoined: false

      at RefinedSpace.get map [as map] (packages/malloy/src/lang/ast/field-space/static-space.ts:113:17)

  console.log
    [StaticSpace.map] Adding field 'aircraft_count', isJoined: false

      at RefinedSpace.get map [as map] (packages/malloy/src/lang/ast/field-space/static-space.ts:113:17)

  console.log
    [StaticSpace.map] Adding field 'airport_count', isJoined: false

      at RefinedSpace.get map [as map] (packages/malloy/src/lang/ast/field-space/static-space.ts:113:17)

  console.log
    [StaticSpace.map] Adding field 'births', isJoined: false

      at RefinedSpace.get map [as map] (packages/malloy/src/lang/ast/field-space/static-space.ts:113:17)

  console.log
    [StaticSpace.map] Adding field 'popular_name', isJoined: false

      at RefinedSpace.get map [as map] (packages/malloy/src/lang/ast/field-space/static-space.ts:113:17)

  console.log
    [ParameterSpace constructor] Created with parameters: [ 'state_filter' ]

      at new ParameterSpace (packages/malloy/src/lang/ast/field-space/parameter-space.ts:29:13)

  console.log
    [ParameterSpace constructor] Created with parameters: [ 'state_filter' ]

      at new ParameterSpace (packages/malloy/src/lang/ast/field-space/parameter-space.ts:29:13)

  console.log
    [StaticSpace.map] Building map for 'duckdb:malloytest.state_facts', is StaticSourceSpace: false, has parameterSpaceRef: N/A

      at ReduceFieldSpace.get map [as map] (packages/malloy/src/lang/ast/field-space/static-space.ts:102:15)

  console.log
    [StaticSpace.lookup] Looking up 'state'

      at QueryInputSpace.lookup (packages/malloy/src/lang/ast/field-space/static-space.ts:176:13)

  console.log
    [QueryInputSpace.entry] Looking up 'state'

      at QueryInputSpace.entry (packages/malloy/src/lang/ast/field-space/query-input-space.ts:108:13)

  console.log
    [StaticSpace.map] Building map for 'duckdb:malloytest.state_facts', is StaticSourceSpace: false, has parameterSpaceRef: N/A

      at QueryInputSpace.get map [as map] (packages/malloy/src/lang/ast/field-space/static-space.ts:102:15)

  console.log
    [StaticSpace.map] Adding field 'state', isJoined: false

      at QueryInputSpace.get map [as map] (packages/malloy/src/lang/ast/field-space/static-space.ts:113:17)

  console.log
    [StaticSpace.map] Adding field 'aircraft_count', isJoined: false

      at QueryInputSpace.get map [as map] (packages/malloy/src/lang/ast/field-space/static-space.ts:113:17)

  console.log
    [StaticSpace.map] Adding field 'airport_count', isJoined: false

      at QueryInputSpace.get map [as map] (packages/malloy/src/lang/ast/field-space/static-space.ts:113:17)

  console.log
    [StaticSpace.map] Adding field 'births', isJoined: false

      at QueryInputSpace.get map [as map] (packages/malloy/src/lang/ast/field-space/static-space.ts:113:17)

  console.log
    [StaticSpace.map] Adding field 'popular_name', isJoined: false

      at QueryInputSpace.get map [as map] (packages/malloy/src/lang/ast/field-space/static-space.ts:113:17)

  console.log
    [QueryInputSpace.entry] Found 'state' in fields

      at QueryInputSpace.entry (packages/malloy/src/lang/ast/field-space/query-input-space.ts:112:15)

  console.log
    [StaticSpace.lookup] Found 'state'

      at QueryInputSpace.lookup (packages/malloy/src/lang/ast/field-space/static-space.ts:188:13)

  console.log
    [StaticSpace.lookup] Looking up 'state_filter'

      at QueryInputSpace.lookup (packages/malloy/src/lang/ast/field-space/static-space.ts:176:13)

  console.log
    [QueryInputSpace.entry] Looking up 'state_filter'

      at QueryInputSpace.entry (packages/malloy/src/lang/ast/field-space/query-input-space.ts:108:13)

  console.log
    [QueryInputSpace.entry] Found 'state_filter' in fields

      at QueryInputSpace.entry (packages/malloy/src/lang/ast/field-space/query-input-space.ts:112:15)

  console.log
    [StaticSpace.lookup] Found 'state_filter'

      at QueryInputSpace.lookup (packages/malloy/src/lang/ast/field-space/static-space.ts:188:13)

  console.log
    [StaticSpace.lookup] Looking up 'state'

      at QueryInputSpace.lookup (packages/malloy/src/lang/ast/field-space/static-space.ts:176:13)

  console.log
    [QueryInputSpace.entry] Looking up 'state'

      at QueryInputSpace.entry (packages/malloy/src/lang/ast/field-space/query-input-space.ts:108:13)

  console.log
    [QueryInputSpace.entry] Found 'state' in fields

      at QueryInputSpace.entry (packages/malloy/src/lang/ast/field-space/query-input-space.ts:112:15)

  console.log
    [StaticSpace.lookup] Found 'state'

      at QueryInputSpace.lookup (packages/malloy/src/lang/ast/field-space/static-space.ts:188:13)

  console.log
    [StaticSpace.lookup] Looking up 'state'

      at QueryInputSpace.lookup (packages/malloy/src/lang/ast/field-space/static-space.ts:176:13)

  console.log
    [QueryInputSpace.entry] Looking up 'state'

      at QueryInputSpace.entry (packages/malloy/src/lang/ast/field-space/query-input-space.ts:108:13)

  console.log
    [QueryInputSpace.entry] Found 'state' in fields

      at QueryInputSpace.entry (packages/malloy/src/lang/ast/field-space/query-input-space.ts:112:15)

  console.log
    [StaticSpace.lookup] Found 'state'

      at QueryInputSpace.lookup (packages/malloy/src/lang/ast/field-space/static-space.ts:188:13)

  console.log
    [QueryInputSpace.parameterSpace] Called

      at QueryInputSpace.parameterSpace (packages/malloy/src/lang/ast/field-space/query-input-space.ts:84:13)

  console.log
    [ParameterSpace constructor] Created with parameters: [ 'state_filter' ]

      at new ParameterSpace (packages/malloy/src/lang/ast/field-space/parameter-space.ts:29:13)

  console.log
    [QueryInputSpace.parameterSpace] Got from queryOutput: [ 'state_filter' ]

      at QueryInputSpace.parameterSpace (packages/malloy/src/lang/ast/field-space/query-input-space.ts:88:15)

  console.log
    [StaticSpace.lookup] Looking up 'state'

      at QueryInputSpace.lookup (packages/malloy/src/lang/ast/field-space/static-space.ts:176:13)

  console.log
    [QueryInputSpace.entry] Looking up 'state'

      at QueryInputSpace.entry (packages/malloy/src/lang/ast/field-space/query-input-space.ts:108:13)

  console.log
    [QueryInputSpace.entry] Found 'state' in fields

      at QueryInputSpace.entry (packages/malloy/src/lang/ast/field-space/query-input-space.ts:112:15)

  console.log
    [StaticSpace.lookup] Found 'state'

      at QueryInputSpace.lookup (packages/malloy/src/lang/ast/field-space/static-space.ts:188:13)

  console.log
    [SQArrow.getQuery] Called

      at SQArrow.getQuery (packages/malloy/src/lang/ast/source-query-elements/sq-arrow.ts:53:13)

  console.log
    [SQArrow.getQuery] LHS is: namedSource, instanceof Source: true

      at SQArrow.getQuery (packages/malloy/src/lang/ast/source-query-elements/sq-arrow.ts:72:13)

  console.log
    [ParameterSpace constructor] Created with parameters: []

      at new ParameterSpace (packages/malloy/src/lang/ast/field-space/parameter-space.ts:29:13)

  console.log
    [SQArrow.getQuery] sourceDef.parameters: []

      at SQArrow.getQuery (packages/malloy/src/lang/ast/source-query-elements/sq-arrow.ts:80:15)

  console.log
    [SQArrow.getQuery] sourceDef.arguments: [ 'state_filter' ]

      at SQArrow.getQuery (packages/malloy/src/lang/ast/source-query-elements/sq-arrow.ts:84:15)

  console.log
    [ParameterSpace constructor] Created with parameters: [ 'state_filter' ]

      at new ParameterSpace (packages/malloy/src/lang/ast/field-space/parameter-space.ts:29:13)

  console.log
    [SQArrow.getQuery] Created parameterSpace from source arguments: [ 'state_filter' ]

      at SQArrow.getQuery (packages/malloy/src/lang/ast/source-query-elements/sq-arrow.ts:103:17)

  console.log
    [QueryArrow constructor] Created with source: namedSource, parameterSpace: [ 'state_filter' ]

      at new QueryArrow (packages/malloy/src/lang/ast/query-elements/query-arrow.ts:60:15)

  console.log
    [StaticSourceSpace constructor] Created with parameterSpaceRef: true source name: duckdb:malloytest.state_facts

      at new StaticSourceSpace (packages/malloy/src/lang/ast/field-space/static-space.ts:312:13)

  console.log
    [QueryArrow.queryComp] Source: namedSource, fieldSpace WITH parameterSpace: [ 'state_filter' ]

      at QueryArrow.queryComp (packages/malloy/src/lang/ast/query-elements/query-arrow.ts:120:17)

  console.log
    [QueryArrow.queryComp] Calling view.pipelineComp with fieldSpace

      at QueryArrow.queryComp (packages/malloy/src/lang/ast/query-elements/query-arrow.ts:161:13)

  console.log
    [StaticSourceSpace.lookup] Looking up 'base'

      at StaticSourceSpace.lookup (packages/malloy/src/lang/ast/field-space/static-space.ts:403:13)

  console.log
    [StaticSourceSpace.entry] Looking up 'base', has parameterSpaceRef: true

      at StaticSourceSpace.entry (packages/malloy/src/lang/ast/field-space/static-space.ts:369:13)

  console.log
    [StaticSpace.map] Building map for 'duckdb:malloytest.state_facts', is StaticSourceSpace: true, has parameterSpaceRef: true

      at StaticSourceSpace.get map [as map] (packages/malloy/src/lang/ast/field-space/static-space.ts:102:15)

  console.log
    [StaticSpace.map] Adding field 'state', isJoined: false

      at StaticSourceSpace.get map [as map] (packages/malloy/src/lang/ast/field-space/static-space.ts:113:17)

  console.log
    [StaticSourceSpace.defToSpaceField] Field 'state', isJoined: false, has parameterSpaceRef: true, creation #10

      at StaticSourceSpace.defToSpaceField (packages/malloy/src/lang/ast/field-space/static-space.ts:339:13)

  console.log
    [StaticSpace.map] Adding field 'aircraft_count', isJoined: false

      at StaticSourceSpace.get map [as map] (packages/malloy/src/lang/ast/field-space/static-space.ts:113:17)

  console.log
    [StaticSourceSpace.defToSpaceField] Field 'aircraft_count', isJoined: false, has parameterSpaceRef: true, creation #10

      at StaticSourceSpace.defToSpaceField (packages/malloy/src/lang/ast/field-space/static-space.ts:339:13)

  console.log
    [StaticSpace.map] Adding field 'airport_count', isJoined: false

      at StaticSourceSpace.get map [as map] (packages/malloy/src/lang/ast/field-space/static-space.ts:113:17)

  console.log
    [StaticSourceSpace.defToSpaceField] Field 'airport_count', isJoined: false, has parameterSpaceRef: true, creation #10

      at StaticSourceSpace.defToSpaceField (packages/malloy/src/lang/ast/field-space/static-space.ts:339:13)

  console.log
    [StaticSpace.map] Adding field 'births', isJoined: false

      at StaticSourceSpace.get map [as map] (packages/malloy/src/lang/ast/field-space/static-space.ts:113:17)

  console.log
    [StaticSourceSpace.defToSpaceField] Field 'births', isJoined: false, has parameterSpaceRef: true, creation #10

      at StaticSourceSpace.defToSpaceField (packages/malloy/src/lang/ast/field-space/static-space.ts:339:13)

  console.log
    [StaticSpace.map] Adding field 'popular_name', isJoined: false

      at StaticSourceSpace.get map [as map] (packages/malloy/src/lang/ast/field-space/static-space.ts:113:17)

  console.log
    [StaticSourceSpace.defToSpaceField] Field 'popular_name', isJoined: false, has parameterSpaceRef: true, creation #10

      at StaticSourceSpace.defToSpaceField (packages/malloy/src/lang/ast/field-space/static-space.ts:339:13)

  console.log
    [StaticSpace.map] Adding field 'base', isJoined: false

      at StaticSourceSpace.get map [as map] (packages/malloy/src/lang/ast/field-space/static-space.ts:113:17)

  console.log
    [StaticSourceSpace.defToSpaceField] Field 'base', isJoined: false, has parameterSpaceRef: true, creation #3

      at StaticSourceSpace.defToSpaceField (packages/malloy/src/lang/ast/field-space/static-space.ts:339:13)

  console.log
    [StaticSourceSpace.entry] Found 'base' in fields

      at StaticSourceSpace.entry (packages/malloy/src/lang/ast/field-space/static-space.ts:376:15)

  console.log
    [StaticSourceSpace.lookup] Found 'base'

      at StaticSourceSpace.lookup (packages/malloy/src/lang/ast/field-space/static-space.ts:415:13)

  console.log
    [StaticSourceSpace constructor] Created with parameterSpaceRef: false source name: query_result

      at new StaticSourceSpace (packages/malloy/src/lang/ast/field-space/static-space.ts:312:13)

  console.log
    [StaticSpace.map] Building map for 'query_result', is StaticSourceSpace: false, has parameterSpaceRef: N/A

      at QueryInputSpace.get map [as map] (packages/malloy/src/lang/ast/field-space/static-space.ts:102:15)

  console.log
    [StaticSpace.map] Adding field 'state', isJoined: false

      at QueryInputSpace.get map [as map] (packages/malloy/src/lang/ast/field-space/static-space.ts:113:17)

  console.log
    [QueryInputSpace.parameterSpace] Called

      at QueryInputSpace.parameterSpace (packages/malloy/src/lang/ast/field-space/query-input-space.ts:84:13)

  console.log
    [ParameterSpace constructor] Created with parameters: [ 'state_filter' ]

      at new ParameterSpace (packages/malloy/src/lang/ast/field-space/parameter-space.ts:29:13)

  console.log
    [QueryInputSpace.parameterSpace] Got from queryOutput: [ 'state_filter' ]

      at QueryInputSpace.parameterSpace (packages/malloy/src/lang/ast/field-space/query-input-space.ts:88:15)

  console.log
    [QueryArrow.queryComp] Creating comp.query: {
      inputStructName: 'duckdb:malloytest.state_facts',
      inputStructType: 'table',
      inputStructArguments: [ 'state_filter' ],
      sourceArgumentsKeys: [ 'state_filter' ],
      sourceArgumentsHasValues: [ [ 'state_filter', true ] ],
      pipelineLength: 2
    }

      at QueryArrow.queryComp (packages/malloy/src/lang/ast/query-elements/query-arrow.ts:244:13)

  console.log
    [ParameterSpace constructor] Created with parameters: [ 'state_filter' ]

      at new ParameterSpace (packages/malloy/src/lang/ast/field-space/parameter-space.ts:29:13)

  console.log
    [StaticSpace.map] Building map for 'duckdb:malloytest.state_facts', is StaticSourceSpace: false, has parameterSpaceRef: N/A

      at RefinedSpace.get map [as map] (packages/malloy/src/lang/ast/field-space/static-space.ts:102:15)

  console.log
    [StaticSpace.map] Adding field 'state', isJoined: false

      at RefinedSpace.get map [as map] (packages/malloy/src/lang/ast/field-space/static-space.ts:113:17)

  console.log
    [StaticSpace.map] Adding field 'aircraft_count', isJoined: false

      at RefinedSpace.get map [as map] (packages/malloy/src/lang/ast/field-space/static-space.ts:113:17)

  console.log
    [StaticSpace.map] Adding field 'airport_count', isJoined: false

      at RefinedSpace.get map [as map] (packages/malloy/src/lang/ast/field-space/static-space.ts:113:17)

  console.log
    [StaticSpace.map] Adding field 'births', isJoined: false

      at RefinedSpace.get map [as map] (packages/malloy/src/lang/ast/field-space/static-space.ts:113:17)

  console.log
    [StaticSpace.map] Adding field 'popular_name', isJoined: false

      at RefinedSpace.get map [as map] (packages/malloy/src/lang/ast/field-space/static-space.ts:113:17)

  console.log
    [ParameterSpace constructor] Created with parameters: [ 'state_filter' ]

      at new ParameterSpace (packages/malloy/src/lang/ast/field-space/parameter-space.ts:29:13)

  console.log
    [StaticSpace.lookup] Looking up 'state'

      at RefinedSpace.lookup (packages/malloy/src/lang/ast/field-space/static-space.ts:176:13)

  console.log
    [StaticSpace.lookup] Found 'state'

      at RefinedSpace.lookup (packages/malloy/src/lang/ast/field-space/static-space.ts:188:13)

  console.log
    [StaticSpace.lookup] Looking up 'state_filter'

      at RefinedSpace.lookup (packages/malloy/src/lang/ast/field-space/static-space.ts:176:13)

  console.log
    [StaticSpace.lookup] Found 'state_filter'

      at RefinedSpace.lookup (packages/malloy/src/lang/ast/field-space/static-space.ts:188:13)

  console.log
    [SQArrow.getQuery] Called

      at SQArrow.getQuery (packages/malloy/src/lang/ast/source-query-elements/sq-arrow.ts:53:13)

  console.log
    [SQArrow.getQuery] LHS is: namedSource, instanceof Source: true

      at SQArrow.getQuery (packages/malloy/src/lang/ast/source-query-elements/sq-arrow.ts:72:13)

  console.log
    [ParameterSpace constructor] Created with parameters: []

      at new ParameterSpace (packages/malloy/src/lang/ast/field-space/parameter-space.ts:29:13)

  console.log
    [SQArrow.getQuery] sourceDef.parameters: []

      at SQArrow.getQuery (packages/malloy/src/lang/ast/source-query-elements/sq-arrow.ts:80:15)

  console.log
    [SQArrow.getQuery] sourceDef.arguments: [ 'state_filter' ]

      at SQArrow.getQuery (packages/malloy/src/lang/ast/source-query-elements/sq-arrow.ts:84:15)

  console.log
    [ParameterSpace constructor] Created with parameters: [ 'state_filter' ]

      at new ParameterSpace (packages/malloy/src/lang/ast/field-space/parameter-space.ts:29:13)

  console.log
    [SQArrow.getQuery] Created parameterSpace from source arguments: [ 'state_filter' ]

      at SQArrow.getQuery (packages/malloy/src/lang/ast/source-query-elements/sq-arrow.ts:103:17)

  console.log
    [QueryArrow constructor] Created with source: namedSource, parameterSpace: [ 'state_filter' ]

      at new QueryArrow (packages/malloy/src/lang/ast/query-elements/query-arrow.ts:60:15)

  console.log
    [StaticSourceSpace constructor] Created with parameterSpaceRef: true source name: duckdb:malloytest.state_facts

      at new StaticSourceSpace (packages/malloy/src/lang/ast/field-space/static-space.ts:312:13)

  console.log
    [QueryArrow.queryComp] Source: namedSource, fieldSpace WITH parameterSpace: [ 'state_filter' ]

      at QueryArrow.queryComp (packages/malloy/src/lang/ast/query-elements/query-arrow.ts:120:17)

  console.log
    [QueryArrow.queryComp] Calling view.pipelineComp with fieldSpace

      at QueryArrow.queryComp (packages/malloy/src/lang/ast/query-elements/query-arrow.ts:161:13)

  console.log
    [StaticSpace.map] Building map for 'duckdb:malloytest.state_facts', is StaticSourceSpace: false, has parameterSpaceRef: N/A

      at ReduceFieldSpace.get map [as map] (packages/malloy/src/lang/ast/field-space/static-space.ts:102:15)

  console.log
    [StaticSpace.lookup] Looking up 'state'

      at QueryInputSpace.lookup (packages/malloy/src/lang/ast/field-space/static-space.ts:176:13)

  console.log
    [QueryInputSpace.entry] Looking up 'state'

      at QueryInputSpace.entry (packages/malloy/src/lang/ast/field-space/query-input-space.ts:108:13)

  console.log
    [StaticSpace.map] Building map for 'duckdb:malloytest.state_facts', is StaticSourceSpace: false, has parameterSpaceRef: N/A

      at QueryInputSpace.get map [as map] (packages/malloy/src/lang/ast/field-space/static-space.ts:102:15)

  console.log
    [StaticSpace.map] Adding field 'state', isJoined: false

      at QueryInputSpace.get map [as map] (packages/malloy/src/lang/ast/field-space/static-space.ts:113:17)

  console.log
    [StaticSpace.map] Adding field 'aircraft_count', isJoined: false

      at QueryInputSpace.get map [as map] (packages/malloy/src/lang/ast/field-space/static-space.ts:113:17)

  console.log
    [StaticSpace.map] Adding field 'airport_count', isJoined: false

      at QueryInputSpace.get map [as map] (packages/malloy/src/lang/ast/field-space/static-space.ts:113:17)

  console.log
    [StaticSpace.map] Adding field 'births', isJoined: false

      at QueryInputSpace.get map [as map] (packages/malloy/src/lang/ast/field-space/static-space.ts:113:17)

  console.log
    [StaticSpace.map] Adding field 'popular_name', isJoined: false

      at QueryInputSpace.get map [as map] (packages/malloy/src/lang/ast/field-space/static-space.ts:113:17)

  console.log
    [QueryInputSpace.entry] Found 'state' in fields

      at QueryInputSpace.entry (packages/malloy/src/lang/ast/field-space/query-input-space.ts:112:15)

  console.log
    [StaticSpace.lookup] Found 'state'

      at QueryInputSpace.lookup (packages/malloy/src/lang/ast/field-space/static-space.ts:188:13)

  console.log
    [StaticSpace.lookup] Looking up 'state'

      at QueryInputSpace.lookup (packages/malloy/src/lang/ast/field-space/static-space.ts:176:13)

  console.log
    [QueryInputSpace.entry] Looking up 'state'

      at QueryInputSpace.entry (packages/malloy/src/lang/ast/field-space/query-input-space.ts:108:13)

  console.log
    [QueryInputSpace.entry] Found 'state' in fields

      at QueryInputSpace.entry (packages/malloy/src/lang/ast/field-space/query-input-space.ts:112:15)

  console.log
    [StaticSpace.lookup] Found 'state'

      at QueryInputSpace.lookup (packages/malloy/src/lang/ast/field-space/static-space.ts:188:13)

  console.log
    [QueryInputSpace.parameterSpace] Called

      at QueryInputSpace.parameterSpace (packages/malloy/src/lang/ast/field-space/query-input-space.ts:84:13)

  console.log
    [QueryInputSpace.parameterSpace] Got from queryOutput: [ 'state_filter' ]

      at QueryInputSpace.parameterSpace (packages/malloy/src/lang/ast/field-space/query-input-space.ts:88:15)

  console.log
    [StaticSpace.lookup] Looking up 'state'

      at QueryInputSpace.lookup (packages/malloy/src/lang/ast/field-space/static-space.ts:176:13)

  console.log
    [QueryInputSpace.entry] Looking up 'state'

      at QueryInputSpace.entry (packages/malloy/src/lang/ast/field-space/query-input-space.ts:108:13)

  console.log
    [QueryInputSpace.entry] Found 'state' in fields

      at QueryInputSpace.entry (packages/malloy/src/lang/ast/field-space/query-input-space.ts:112:15)

  console.log
    [StaticSpace.lookup] Found 'state'

      at QueryInputSpace.lookup (packages/malloy/src/lang/ast/field-space/static-space.ts:188:13)

  console.log
    [QueryArrow.queryComp] Creating comp.query: {
      inputStructName: 'duckdb:malloytest.state_facts',
      inputStructType: 'table',
      inputStructArguments: [ 'state_filter' ],
      sourceArgumentsKeys: [ 'state_filter' ],
      sourceArgumentsHasValues: [ [ 'state_filter', true ] ],
      pipelineLength: 1
    }

      at QueryArrow.queryComp (packages/malloy/src/lang/ast/query-elements/query-arrow.ts:244:13)


>>> QueryModelImpl constructor called <<<
  console.log
    [QueryStruct constructor] Creating: {
      structType: 'table',
      structName: 'duckdb:malloytest.state_facts',
      parentHasStruct: false,
      parentHasModel: true,
      parentStructType: undefined,
      sourceArgKeys: []
    }

      at new QueryStruct (packages/malloy/src/model/query_node.ts:417:13)

  console.log
    [QueryStruct.setParent] Called for: {
      thisStructType: 'table',
      thisStructName: 'duckdb:malloytest.state_facts',
      parentHasStruct: false,
      parentHasModel: true,
      parentStructType: undefined,
      parentStructName: undefined
    }

      at QueryStruct.setParent (packages/malloy/src/model/query_node.ts:1054:13)


>>> [compileQuery] CALLED! hasSourceArguments=true, keys=state_filter <<<
  console.log
    [compileQuery] Called with query: {
      hasSourceArguments: true,
      sourceArgumentsKeys: [ 'state_filter' ],
      sourceArgumentsStringified: '{"state_filter":{"type":"filter expression","filterType":"string","value":{"node":"filterLiteral","filterSrc":"CA"},"name":"state_filter"}}'
    }

      at QueryModelImpl.compileQuery (packages/malloy/src/model/query_model_impl.ts:283:13)

  console.log
    [QueryModelImpl.loadQuery] CALLED FROM: QUERY_COMPILATION { isJoinedSubquery: false, hasArgs: true }

      at QueryModelImpl.loadQuery (packages/malloy/src/model/query_model_impl.ts:148:13)

  console.log
    [QueryModelImpl.loadQuery] query object: {
      hasStructRef: true,
      structRefType: 'string',
      structRefName: 'state_facts',
      hasSourceArguments: true,
      sourceArgumentsType: 'object',
      sourceArgumentsKeys: [ 'state_filter' ],
      sourceArgumentsStringified: '{"state_filter":{"type":"filter expression","filterType":"string","value":{"node":"filterLiteral","filterSrc":"CA"},"name":"state_filter"}}',
      structRefIsObject: false,
      structRefHasArguments: false,
      structRefArgumentsKeys: [],
      structRefArgumentsStringified: 'none'
    }

      at QueryModelImpl.loadQuery (packages/malloy/src/model/query_model_impl.ts:155:13)

  console.log
    [QueryStruct constructor] Creating: {
      structType: 'table',
      structName: 'duckdb:malloytest.state_facts',
      parentHasStruct: false,
      parentHasModel: true,
      parentStructType: undefined,
      sourceArgKeys: [ 'state_filter' ]
    }

      at new QueryStruct (packages/malloy/src/model/query_node.ts:417:13)

  console.log
    [QueryStruct.setParent] Called for: {
      thisStructType: 'table',
      thisStructName: 'duckdb:malloytest.state_facts',
      parentHasStruct: false,
      parentHasModel: true,
      parentStructType: undefined,
      parentStructName: undefined
    }

      at QueryStruct.setParent (packages/malloy/src/model/query_node.ts:1054:13)

  console.log
    [QueryQuery.makeQuery] Called with parentStruct: {
      parentDefType: 'table',
      parentDefName: 'duckdb:malloytest.state_facts',
      parentHasParent: false,
      parentParentName: undefined,
      parentSourceArgs: [ 'state_filter' ],
      isJoinedSubquery: false,
      callStack: 'at Function.makeQuery (/Users/catalinadler/dev/malloy-cata02/packages/malloy/src/model/query_query.ts:173:7)\n' +
        '  at QueryModelImpl.loadQuery (/Users/catalinadler/dev/malloy-cata02/packages/malloy/src/model/query_model_impl.ts:208:26)\n' +
        '  at QueryModelImpl.compileQuery (/Users/catalinadler/dev/malloy-cata02/packages/malloy/src/model/query_model_impl.ts:299:19)\n' +
        '  at PreparedQuery.getPreparedResult (/Users/catalinadler/dev/malloy-cata02/packages/malloy/src/malloy.ts:988:40)\n' +
        '  at PreparedResultMaterializer._materialize (/Users/catalinadler/dev/malloy-cata02/packages/malloy/src/malloy.ts:3146:41)\n' +
        '  at async QueryMaterializer.run (/Users/catalinadler/dev/malloy-cata02/packages/malloy/src/malloy.ts:3115:28)\n' +
        '  at async runQuery (/Users/catalinadler/dev/malloy-cata02/test/src/util/db-matcher-support.ts:82:14)'
    }

      at Function.makeQuery (packages/malloy/src/model/query_query.ts:178:13)

  console.log
    [QueryQuery.prepare] About to addStructToJoin with this.parent: {
      parentDefType: 'table',
      parentDefName: 'duckdb:malloytest.state_facts',
      parentHasParent: false,
      parentSourceArgs: [ 'state_filter' ]
    }

      at QueryQueryReduce.prepare (packages/malloy/src/model/query_query.ts:565:15)

  console.log
    [addStructToJoin] Called with QueryStruct: {
      name: 'base',
      qsDefType: 'table',
      qsHasParent: false,
      qsParentName: undefined,
      qsSourceArgs: [ 'state_filter' ]
    }

      at FieldInstanceResultRoot.addStructToJoin (packages/malloy/src/model/field_instance.ts:465:13)

  console.log
    [addStructToJoin] Parent check: {
      hasQsParent: false,
      hasParentStruct: false,
      parentStructName: undefined
    }

      at FieldInstanceResultRoot.addStructToJoin (packages/malloy/src/model/field_instance.ts:488:13)

  console.log
    [addStructToJoin] Creating new JoinInstance

      at FieldInstanceResultRoot.addStructToJoin (packages/malloy/src/model/field_instance.ts:501:15)

  console.log
    [JoinInstance constructor] Creating join instance: {
      alias: 'base',
      qsDefType: 'table',
      qsDefName: 'duckdb:malloytest.state_facts',
      qsHasParent: false,
      qsParentName: undefined,
      qsParentType: undefined
    }

      at new JoinInstance (packages/malloy/src/model/join_instance.ts:25:13)

  console.log
    [getStructSourceSQL] Called with struct type: {
      type: 'table',
      name: 'duckdb:malloytest.state_facts',
      callStackSize: 0
    }

      at QueryQueryReduce.getStructSourceSQL (packages/malloy/src/model/query_query.ts:895:13)

  console.log
    [generateParameterFragment] Looking for parameter: {
      paramName: 'state_filter',
      contextStructName: 'duckdb:malloytest.state_facts',
      contextArgs: [ 'state_filter' ],
      hasParent: false
    }

      at generateParameterFragment (packages/malloy/src/model/expression_compiler.ts:761:11)

  console.log
    [generateParameterFragment] Parent chain [0]: {
      structName: 'duckdb:malloytest.state_facts',
      structType: 'table',
      hasSourceArgs: true,
      sourceArgKeys: [ 'state_filter' ],
      argKeys: [ 'state_filter' ],
      paramValue: { hasValue: true, valueNode: 'filterLiteral' }
    }

      at generateParameterFragment (packages/malloy/src/model/expression_compiler.ts:772:13)

  console.log
    [ParameterSpace constructor] Created with parameters: [ 'state_filter', 'min_count' ]

      at new ParameterSpace (packages/malloy/src/lang/ast/field-space/parameter-space.ts:29:13)

  console.log
    [StaticSpace.map] Building map for 'duckdb:malloytest.state_facts', is StaticSourceSpace: false, has parameterSpaceRef: N/A

      at RefinedSpace.get map [as map] (packages/malloy/src/lang/ast/field-space/static-space.ts:102:15)

  console.log
    [StaticSpace.map] Adding field 'state', isJoined: false

      at RefinedSpace.get map [as map] (packages/malloy/src/lang/ast/field-space/static-space.ts:113:17)

  console.log
    [StaticSpace.map] Adding field 'aircraft_count', isJoined: false

      at RefinedSpace.get map [as map] (packages/malloy/src/lang/ast/field-space/static-space.ts:113:17)

  console.log
    [StaticSpace.map] Adding field 'airport_count', isJoined: false

      at RefinedSpace.get map [as map] (packages/malloy/src/lang/ast/field-space/static-space.ts:113:17)

  console.log
    [StaticSpace.map] Adding field 'births', isJoined: false

      at RefinedSpace.get map [as map] (packages/malloy/src/lang/ast/field-space/static-space.ts:113:17)

  console.log
    [StaticSpace.map] Adding field 'popular_name', isJoined: false

      at RefinedSpace.get map [as map] (packages/malloy/src/lang/ast/field-space/static-space.ts:113:17)

  console.log
    [ParameterSpace constructor] Created with parameters: [ 'state_filter', 'min_count' ]

      at new ParameterSpace (packages/malloy/src/lang/ast/field-space/parameter-space.ts:29:13)

  console.log
    [ParameterSpace constructor] Created with parameters: [ 'state_filter', 'min_count' ]

      at new ParameterSpace (packages/malloy/src/lang/ast/field-space/parameter-space.ts:29:13)

  console.log
    [StaticSpace.map] Building map for 'duckdb:malloytest.state_facts', is StaticSourceSpace: false, has parameterSpaceRef: N/A

      at ReduceFieldSpace.get map [as map] (packages/malloy/src/lang/ast/field-space/static-space.ts:102:15)

  console.log
    [StaticSpace.lookup] Looking up 'c'

      at ReduceFieldSpace.lookup (packages/malloy/src/lang/ast/field-space/static-space.ts:176:13)

  console.log
    [StaticSpace.lookup] Found 'c'

      at ReduceFieldSpace.lookup (packages/malloy/src/lang/ast/field-space/static-space.ts:188:13)

  console.log
    [StaticSpace.lookup] Looking up 'min_count'

      at ReduceFieldSpace.lookup (packages/malloy/src/lang/ast/field-space/static-space.ts:176:13)

  console.log
    [StaticSpace.lookup] NOT FOUND: 'min_count'

      at ReduceFieldSpace.lookup (packages/malloy/src/lang/ast/field-space/static-space.ts:179:15)

  console.log
    [StaticSpace.lookup] Looking up 'min_count'

      at QueryInputSpace.lookup (packages/malloy/src/lang/ast/field-space/static-space.ts:176:13)

  console.log
    [QueryInputSpace.entry] Looking up 'min_count'

      at QueryInputSpace.entry (packages/malloy/src/lang/ast/field-space/query-input-space.ts:108:13)

  console.log
    [StaticSpace.map] Building map for 'duckdb:malloytest.state_facts', is StaticSourceSpace: false, has parameterSpaceRef: N/A

      at QueryInputSpace.get map [as map] (packages/malloy/src/lang/ast/field-space/static-space.ts:102:15)

  console.log
    [StaticSpace.map] Adding field 'state', isJoined: false

      at QueryInputSpace.get map [as map] (packages/malloy/src/lang/ast/field-space/static-space.ts:113:17)

  console.log
    [StaticSpace.map] Adding field 'aircraft_count', isJoined: false

      at QueryInputSpace.get map [as map] (packages/malloy/src/lang/ast/field-space/static-space.ts:113:17)

  console.log
    [StaticSpace.map] Adding field 'airport_count', isJoined: false

      at QueryInputSpace.get map [as map] (packages/malloy/src/lang/ast/field-space/static-space.ts:113:17)

  console.log
    [StaticSpace.map] Adding field 'births', isJoined: false

      at QueryInputSpace.get map [as map] (packages/malloy/src/lang/ast/field-space/static-space.ts:113:17)

  console.log
    [StaticSpace.map] Adding field 'popular_name', isJoined: false

      at QueryInputSpace.get map [as map] (packages/malloy/src/lang/ast/field-space/static-space.ts:113:17)

  console.log
    [QueryInputSpace.entry] Found 'min_count' in fields

      at QueryInputSpace.entry (packages/malloy/src/lang/ast/field-space/query-input-space.ts:112:15)

  console.log
    [StaticSpace.lookup] Found 'min_count'

      at QueryInputSpace.lookup (packages/malloy/src/lang/ast/field-space/static-space.ts:188:13)

  console.log
    [StaticSpace.lookup] Looking up 'state'

      at QueryInputSpace.lookup (packages/malloy/src/lang/ast/field-space/static-space.ts:176:13)

  console.log
    [QueryInputSpace.entry] Looking up 'state'

      at QueryInputSpace.entry (packages/malloy/src/lang/ast/field-space/query-input-space.ts:108:13)

  console.log
    [QueryInputSpace.entry] Found 'state' in fields

      at QueryInputSpace.entry (packages/malloy/src/lang/ast/field-space/query-input-space.ts:112:15)

  console.log
    [StaticSpace.lookup] Found 'state'

      at QueryInputSpace.lookup (packages/malloy/src/lang/ast/field-space/static-space.ts:188:13)

  console.log
    [StaticSpace.lookup] Looking up 'state'

      at QueryInputSpace.lookup (packages/malloy/src/lang/ast/field-space/static-space.ts:176:13)

  console.log
    [QueryInputSpace.entry] Looking up 'state'

      at QueryInputSpace.entry (packages/malloy/src/lang/ast/field-space/query-input-space.ts:108:13)

  console.log
    [QueryInputSpace.entry] Found 'state' in fields

      at QueryInputSpace.entry (packages/malloy/src/lang/ast/field-space/query-input-space.ts:112:15)

  console.log
    [StaticSpace.lookup] Found 'state'

      at QueryInputSpace.lookup (packages/malloy/src/lang/ast/field-space/static-space.ts:188:13)

  console.log
    [QueryInputSpace.parameterSpace] Called

      at QueryInputSpace.parameterSpace (packages/malloy/src/lang/ast/field-space/query-input-space.ts:84:13)

  console.log
    [ParameterSpace constructor] Created with parameters: [ 'state_filter', 'min_count' ]

      at new ParameterSpace (packages/malloy/src/lang/ast/field-space/parameter-space.ts:29:13)

  console.log
    [QueryInputSpace.parameterSpace] Got from queryOutput: [ 'state_filter', 'min_count' ]

      at QueryInputSpace.parameterSpace (packages/malloy/src/lang/ast/field-space/query-input-space.ts:88:15)

  console.log
    [StaticSpace.lookup] Looking up 'state'

      at QueryInputSpace.lookup (packages/malloy/src/lang/ast/field-space/static-space.ts:176:13)

  console.log
    [QueryInputSpace.entry] Looking up 'state'

      at QueryInputSpace.entry (packages/malloy/src/lang/ast/field-space/query-input-space.ts:108:13)

  console.log
    [QueryInputSpace.entry] Found 'state' in fields

      at QueryInputSpace.entry (packages/malloy/src/lang/ast/field-space/query-input-space.ts:112:15)

  console.log
    [StaticSpace.lookup] Found 'state'

      at QueryInputSpace.lookup (packages/malloy/src/lang/ast/field-space/static-space.ts:188:13)

  console.log
    [StaticSpace.lookup] Looking up 'state'

      at RefinedSpace.lookup (packages/malloy/src/lang/ast/field-space/static-space.ts:176:13)

  console.log
    [StaticSpace.lookup] Found 'state'

      at RefinedSpace.lookup (packages/malloy/src/lang/ast/field-space/static-space.ts:188:13)

  console.log
    [StaticSpace.lookup] Looking up 'state_filter'

      at RefinedSpace.lookup (packages/malloy/src/lang/ast/field-space/static-space.ts:176:13)

  console.log
    [StaticSpace.lookup] Found 'state_filter'

      at RefinedSpace.lookup (packages/malloy/src/lang/ast/field-space/static-space.ts:188:13)

  console.log
    [SQArrow.getQuery] Called

      at SQArrow.getQuery (packages/malloy/src/lang/ast/source-query-elements/sq-arrow.ts:53:13)

  console.log
    [SQArrow.getQuery] LHS is: namedSource, instanceof Source: true

      at SQArrow.getQuery (packages/malloy/src/lang/ast/source-query-elements/sq-arrow.ts:72:13)

  console.log
    [ParameterSpace constructor] Created with parameters: []

      at new ParameterSpace (packages/malloy/src/lang/ast/field-space/parameter-space.ts:29:13)

  console.log
    [ParameterSpace constructor] Created with parameters: []

      at new ParameterSpace (packages/malloy/src/lang/ast/field-space/parameter-space.ts:29:13)

  console.log
    [SQArrow.getQuery] sourceDef.parameters: []

      at SQArrow.getQuery (packages/malloy/src/lang/ast/source-query-elements/sq-arrow.ts:80:15)

  console.log
    [SQArrow.getQuery] sourceDef.arguments: [ 'state_filter', 'min_count' ]

      at SQArrow.getQuery (packages/malloy/src/lang/ast/source-query-elements/sq-arrow.ts:84:15)

  console.log
    [ParameterSpace constructor] Created with parameters: [ 'state_filter', 'min_count' ]

      at new ParameterSpace (packages/malloy/src/lang/ast/field-space/parameter-space.ts:29:13)

  console.log
    [SQArrow.getQuery] Created parameterSpace from source arguments: [ 'state_filter', 'min_count' ]

      at SQArrow.getQuery (packages/malloy/src/lang/ast/source-query-elements/sq-arrow.ts:103:17)

  console.log
    [QueryArrow constructor] Created with source: namedSource, parameterSpace: [ 'state_filter', 'min_count' ]

      at new QueryArrow (packages/malloy/src/lang/ast/query-elements/query-arrow.ts:60:15)

  console.log
    [StaticSourceSpace constructor] Created with parameterSpaceRef: true source name: duckdb:malloytest.state_facts

      at new StaticSourceSpace (packages/malloy/src/lang/ast/field-space/static-space.ts:312:13)

  console.log
    [QueryArrow.queryComp] Source: namedSource, fieldSpace WITH parameterSpace: [ 'state_filter', 'min_count' ]

      at QueryArrow.queryComp (packages/malloy/src/lang/ast/query-elements/query-arrow.ts:120:17)

  console.log
    [QueryArrow.queryComp] Calling view.pipelineComp with fieldSpace

      at QueryArrow.queryComp (packages/malloy/src/lang/ast/query-elements/query-arrow.ts:161:13)

  console.log
    [StaticSourceSpace.lookup] Looking up 'filtered'

      at StaticSourceSpace.lookup (packages/malloy/src/lang/ast/field-space/static-space.ts:403:13)

  console.log
    [StaticSourceSpace.entry] Looking up 'filtered', has parameterSpaceRef: true

      at StaticSourceSpace.entry (packages/malloy/src/lang/ast/field-space/static-space.ts:369:13)

  console.log
    [StaticSpace.map] Building map for 'duckdb:malloytest.state_facts', is StaticSourceSpace: true, has parameterSpaceRef: true

      at StaticSourceSpace.get map [as map] (packages/malloy/src/lang/ast/field-space/static-space.ts:102:15)

  console.log
    [StaticSpace.map] Adding field 'state', isJoined: false

      at StaticSourceSpace.get map [as map] (packages/malloy/src/lang/ast/field-space/static-space.ts:113:17)

  console.log
    [StaticSourceSpace.defToSpaceField] Field 'state', isJoined: false, has parameterSpaceRef: true, creation #11

      at StaticSourceSpace.defToSpaceField (packages/malloy/src/lang/ast/field-space/static-space.ts:339:13)

  console.error
    ⚠️⚠️⚠️  INFINITE LOOP DETECTED! Created 'duckdb:malloytest.state_facts.state' 11 times!

      345 |
      346 |     if (count > 10) {
    > 347 |       console.error(
          |               ^
      348 |         `⚠️⚠️⚠️  INFINITE LOOP DETECTED! Created '${key}' ${count} times!`
      349 |       );
      350 |       throw new Error(`Infinite loop detected creating join field '${key}'`);

      at StaticSourceSpace.defToSpaceField (packages/malloy/src/lang/ast/field-space/static-space.ts:347:15)
      at StaticSourceSpace.get map [as map] (packages/malloy/src/lang/ast/field-space/static-space.ts:116:35)
      at StaticSourceSpace.entry (packages/malloy/src/lang/ast/field-space/static-space.ts:147:17)
      at StaticSourceSpace.entry (packages/malloy/src/lang/ast/field-space/static-space.ts:374:30)
      at StaticSourceSpace.lookup (packages/malloy/src/lang/ast/field-space/static-space.ts:404:22)
      at ViewOrScalarFieldReference.getField (packages/malloy/src/lang/ast/query-items/field-references.ts:124:23)
      at ReferenceView._pipelineComp (packages/malloy/src/lang/ast/view-elements/reference-view.ts:79:35)
      at ReferenceView.pipelineComp (packages/malloy/src/lang/ast/view-elements/reference-view.ts:72:17)
      at QueryArrow.queryComp (packages/malloy/src/lang/ast/query-elements/query-arrow.ts:169:19)
      at QueryArrow.query (packages/malloy/src/lang/ast/query-elements/query-base.ts:85:25)
      at AnonymousQuery.execute (packages/malloy/src/lang/ast/query-elements/anonymous-query.ts:56:37)
      at DocStatementList.executeList (packages/malloy/src/lang/ast/types/malloy-element.ts:458:12)
      at Document.compile (packages/malloy/src/lang/ast/types/malloy-element.ts:540:35)
      at TranslateStep.step (packages/malloy/src/lang/parse-malloy.ts:599:32)
      at MalloyTranslator.translate (packages/malloy/src/lang/parse-malloy.ts:895:40)
      at Function.compile (packages/malloy/src/malloy.ts:368:33)
      at async QueryMaterializer.makeQueryMaterializer [as _materialize] (packages/malloy/src/malloy.ts:2800:17)
      at async runQuery (test/src/util/db-matcher-support.ts:63:24)
      at async Object.malloyResultMatches (test/src/util/db-jest-matchers.ts:165:49)
      at async Object.<anonymous> (test/src/core/parameters.spec.ts:572:5)

  console.log
    [ParameterSpace constructor] Created with parameters: [ 'p' ]

      at new ParameterSpace (packages/malloy/src/lang/ast/field-space/parameter-space.ts:29:13)

  console.log
    [StaticSpace.map] Building map for 'duckdb:malloytest.state_facts', is StaticSourceSpace: false, has parameterSpaceRef: N/A

      at RefinedSpace.get map [as map] (packages/malloy/src/lang/ast/field-space/static-space.ts:102:15)

  console.log
    [StaticSpace.map] Adding field 'state', isJoined: false

      at RefinedSpace.get map [as map] (packages/malloy/src/lang/ast/field-space/static-space.ts:113:17)

  console.log
    [StaticSpace.map] Adding field 'aircraft_count', isJoined: false

      at RefinedSpace.get map [as map] (packages/malloy/src/lang/ast/field-space/static-space.ts:113:17)

  console.log
    [StaticSpace.map] Adding field 'airport_count', isJoined: false

      at RefinedSpace.get map [as map] (packages/malloy/src/lang/ast/field-space/static-space.ts:113:17)

  console.log
    [StaticSpace.map] Adding field 'births', isJoined: false

      at RefinedSpace.get map [as map] (packages/malloy/src/lang/ast/field-space/static-space.ts:113:17)

  console.log
    [StaticSpace.map] Adding field 'popular_name', isJoined: false

      at RefinedSpace.get map [as map] (packages/malloy/src/lang/ast/field-space/static-space.ts:113:17)

  console.log
    [ParameterSpace constructor] Created with parameters: [ 'p' ]

      at new ParameterSpace (packages/malloy/src/lang/ast/field-space/parameter-space.ts:29:13)

  console.log
    [ParameterSpace constructor] Created with parameters: [ 'p' ]

      at new ParameterSpace (packages/malloy/src/lang/ast/field-space/parameter-space.ts:29:13)

  console.log
    [QueryInputSpace.parameterSpace] Called

      at QueryInputSpace.parameterSpace (packages/malloy/src/lang/ast/field-space/query-input-space.ts:84:13)

  console.log
    [ParameterSpace constructor] Created with parameters: [ 'p' ]

      at new ParameterSpace (packages/malloy/src/lang/ast/field-space/parameter-space.ts:29:13)

  console.log
    [QueryInputSpace.parameterSpace] Got from queryOutput: [ 'p' ]

      at QueryInputSpace.parameterSpace (packages/malloy/src/lang/ast/field-space/query-input-space.ts:88:15)

  console.log
    [ExpressionJoin.getStructDef] Passing parameterSpace to namedSource with params: [ 'p' ]

      at ExpressionJoin.getStructDef (packages/malloy/src/lang/ast/source-properties/join.ts:266:15)

  console.log
    [ExpressionJoin.getStructDef] hasExistingArguments: false, sourceDef.arguments: []

      at ExpressionJoin.getStructDef (packages/malloy/src/lang/ast/source-properties/join.ts:284:13)

  console.log
    [ExpressionJoin.getStructDef] Merging outer arguments: [ 'p' ]

      at ExpressionJoin.getStructDef (packages/malloy/src/lang/ast/source-properties/join.ts:298:15)

  console.log
    [JoinSpaceField constructor] Created for join with parameterSpace: true

      at new JoinSpaceField (packages/malloy/src/lang/ast/field-space/join-space-field.ts:36:13)

  console.log
    [QueryInputSpace.entry] Looking up 'i'

      at QueryInputSpace.entry (packages/malloy/src/lang/ast/field-space/query-input-space.ts:108:13)

  console.log
    [StaticSpace.map] Building map for 'duckdb:malloytest.state_facts', is StaticSourceSpace: false, has parameterSpaceRef: N/A

      at QueryInputSpace.get map [as map] (packages/malloy/src/lang/ast/field-space/static-space.ts:102:15)

  console.log
    [StaticSpace.map] Adding field 'state', isJoined: false

      at QueryInputSpace.get map [as map] (packages/malloy/src/lang/ast/field-space/static-space.ts:113:17)

  console.log
    [StaticSpace.map] Adding field 'aircraft_count', isJoined: false

      at QueryInputSpace.get map [as map] (packages/malloy/src/lang/ast/field-space/static-space.ts:113:17)

  console.log
    [StaticSpace.map] Adding field 'airport_count', isJoined: false

      at QueryInputSpace.get map [as map] (packages/malloy/src/lang/ast/field-space/static-space.ts:113:17)

  console.log
    [StaticSpace.map] Adding field 'births', isJoined: false

      at QueryInputSpace.get map [as map] (packages/malloy/src/lang/ast/field-space/static-space.ts:113:17)

  console.log
    [StaticSpace.map] Adding field 'popular_name', isJoined: false

      at QueryInputSpace.get map [as map] (packages/malloy/src/lang/ast/field-space/static-space.ts:113:17)

  console.log
    [QueryInputSpace.parameterSpace] Called

      at QueryInputSpace.parameterSpace (packages/malloy/src/lang/ast/field-space/query-input-space.ts:84:13)

  console.log
    [ParameterSpace constructor] Created with parameters: [ 'p' ]

      at new ParameterSpace (packages/malloy/src/lang/ast/field-space/parameter-space.ts:29:13)

  console.log
    [QueryInputSpace.parameterSpace] Got from queryOutput: [ 'p' ]

      at QueryInputSpace.parameterSpace (packages/malloy/src/lang/ast/field-space/query-input-space.ts:88:15)

  console.log
    [QueryInputSpace.entry] Checking parameterSpace for 'i'

      at QueryInputSpace.entry (packages/malloy/src/lang/ast/field-space/query-input-space.ts:118:15)

  console.log
    [ParameterSpace.entry] Looking up 'i', available: [ 'p' ] found: false

      at ParameterSpace.entry (packages/malloy/src/lang/ast/field-space/parameter-space.ts:44:13)

  console.log
    [QueryInputSpace.entry] 'i' not found anywhere

      at QueryInputSpace.entry (packages/malloy/src/lang/ast/field-space/query-input-space.ts:129:13)

  console.log
    [StaticSpace.lookup] Looking up 'state'

      at QueryInputSpace.lookup (packages/malloy/src/lang/ast/field-space/static-space.ts:176:13)

  console.log
    [QueryInputSpace.entry] Looking up 'state'

      at QueryInputSpace.entry (packages/malloy/src/lang/ast/field-space/query-input-space.ts:108:13)

  console.log
    [QueryInputSpace.entry] Found 'state' in fields

      at QueryInputSpace.entry (packages/malloy/src/lang/ast/field-space/query-input-space.ts:112:15)

  console.log
    [StaticSpace.lookup] Found 'state'

      at QueryInputSpace.lookup (packages/malloy/src/lang/ast/field-space/static-space.ts:188:13)

  console.log
    [StaticSpace.lookup] Looking up 'p'

      at QueryInputSpace.lookup (packages/malloy/src/lang/ast/field-space/static-space.ts:176:13)

  console.log
    [QueryInputSpace.entry] Looking up 'p'

      at QueryInputSpace.entry (packages/malloy/src/lang/ast/field-space/query-input-space.ts:108:13)

  console.log
    [QueryInputSpace.entry] Found 'p' in fields

      at QueryInputSpace.entry (packages/malloy/src/lang/ast/field-space/query-input-space.ts:112:15)

  console.log
    [StaticSpace.lookup] Found 'p'

      at QueryInputSpace.lookup (packages/malloy/src/lang/ast/field-space/static-space.ts:188:13)

  console.log
    [StaticSpace.map] Building map for 'duckdb:malloytest.state_facts', is StaticSourceSpace: false, has parameterSpaceRef: N/A

      at ReduceFieldSpace.get map [as map] (packages/malloy/src/lang/ast/field-space/static-space.ts:102:15)

  console.log
    [StaticSpace.lookup] Looking up 'state'

      at QueryInputSpace.lookup (packages/malloy/src/lang/ast/field-space/static-space.ts:176:13)

  console.log
    [QueryInputSpace.entry] Looking up 'state'

      at QueryInputSpace.entry (packages/malloy/src/lang/ast/field-space/query-input-space.ts:108:13)

  console.log
    [QueryInputSpace.entry] Found 'state' in fields

      at QueryInputSpace.entry (packages/malloy/src/lang/ast/field-space/query-input-space.ts:112:15)

  console.log
    [StaticSpace.lookup] Found 'state'

      at QueryInputSpace.lookup (packages/malloy/src/lang/ast/field-space/static-space.ts:188:13)

  console.log
    [StaticSpace.lookup] Looking up 'state'

      at QueryInputSpace.lookup (packages/malloy/src/lang/ast/field-space/static-space.ts:176:13)

  console.log
    [QueryInputSpace.entry] Looking up 'state'

      at QueryInputSpace.entry (packages/malloy/src/lang/ast/field-space/query-input-space.ts:108:13)

  console.log
    [QueryInputSpace.entry] Found 'state' in fields

      at QueryInputSpace.entry (packages/malloy/src/lang/ast/field-space/query-input-space.ts:112:15)

  console.log
    [StaticSpace.lookup] Found 'state'

      at QueryInputSpace.lookup (packages/malloy/src/lang/ast/field-space/static-space.ts:188:13)

  console.log
    [StaticSpace.lookup] Looking up 'i'

      at QueryInputSpace.lookup (packages/malloy/src/lang/ast/field-space/static-space.ts:176:13)

  console.log
    [QueryInputSpace.entry] Looking up 'i'

      at QueryInputSpace.entry (packages/malloy/src/lang/ast/field-space/query-input-space.ts:108:13)

  console.log
    [QueryInputSpace.entry] Found 'i' in fields

      at QueryInputSpace.entry (packages/malloy/src/lang/ast/field-space/query-input-space.ts:112:15)

  console.log
    [StaticSpace.lookup] Found 'i'

      at QueryInputSpace.lookup (packages/malloy/src/lang/ast/field-space/static-space.ts:188:13)

  console.log
    [JoinSpaceField.fieldSpace] Getting fieldSpace, has parameterSpace: true

      at JoinSpaceField.get fieldSpace [as fieldSpace] (packages/malloy/src/lang/ast/field-space/join-space-field.ts:43:13)

  console.log
    [StructSpaceField.fieldSpace] Join 'i', isSourceDef: true, type: table, has parameterSpaceRef: false

      at JoinSpaceField.get fieldSpace (packages/malloy/src/lang/ast/field-space/static-space.ts:279:13)

  console.log
    [StaticSourceSpace constructor] Created with parameterSpaceRef: false source name: i

      at new StaticSourceSpace (packages/malloy/src/lang/ast/field-space/static-space.ts:312:13)

  console.log
    [JoinSpaceField.fieldSpace] Wrapping StaticSourceSpace with parameterSpace

      at JoinSpaceField.get fieldSpace [as fieldSpace] (packages/malloy/src/lang/ast/field-space/join-space-field.ts:49:15)

  console.log
    [StaticSourceSpace constructor] Created with parameterSpaceRef: true source name: i

      at new StaticSourceSpace (packages/malloy/src/lang/ast/field-space/static-space.ts:312:13)

  console.log
    [JoinSpaceField.fieldSpace] Getting fieldSpace, has parameterSpace: true

      at JoinSpaceField.get fieldSpace [as fieldSpace] (packages/malloy/src/lang/ast/field-space/join-space-field.ts:43:13)

  console.log
    [StructSpaceField.fieldSpace] Join 'i', isSourceDef: true, type: table, has parameterSpaceRef: false

      at JoinSpaceField.get fieldSpace (packages/malloy/src/lang/ast/field-space/static-space.ts:279:13)

  console.log
    [StaticSourceSpace constructor] Created with parameterSpaceRef: false source name: i

      at new StaticSourceSpace (packages/malloy/src/lang/ast/field-space/static-space.ts:312:13)

  console.log
    [JoinSpaceField.fieldSpace] Wrapping StaticSourceSpace with parameterSpace

      at JoinSpaceField.get fieldSpace [as fieldSpace] (packages/malloy/src/lang/ast/field-space/join-space-field.ts:49:15)

  console.log
    [StaticSourceSpace constructor] Created with parameterSpaceRef: true source name: i

      at new StaticSourceSpace (packages/malloy/src/lang/ast/field-space/static-space.ts:312:13)

  console.log
    [StaticSourceSpace.lookup] Looking up 'state'

      at StaticSourceSpace.lookup (packages/malloy/src/lang/ast/field-space/static-space.ts:403:13)

  console.log
    [StaticSourceSpace.entry] Looking up 'state', has parameterSpaceRef: true

      at StaticSourceSpace.entry (packages/malloy/src/lang/ast/field-space/static-space.ts:369:13)

  console.log
    [StaticSpace.map] Building map for 'i', is StaticSourceSpace: true, has parameterSpaceRef: true

      at StaticSourceSpace.get map [as map] (packages/malloy/src/lang/ast/field-space/static-space.ts:102:15)

  console.log
    [StaticSpace.map] Adding field 'state', isJoined: false

      at StaticSourceSpace.get map [as map] (packages/malloy/src/lang/ast/field-space/static-space.ts:113:17)

  console.log
    [StaticSourceSpace.defToSpaceField] Field 'state', isJoined: false, has parameterSpaceRef: true, creation #1

      at StaticSourceSpace.defToSpaceField (packages/malloy/src/lang/ast/field-space/static-space.ts:339:13)

  console.log
    [StaticSpace.map] Adding field 'aircraft_count', isJoined: false

      at StaticSourceSpace.get map [as map] (packages/malloy/src/lang/ast/field-space/static-space.ts:113:17)

  console.log
    [StaticSourceSpace.defToSpaceField] Field 'aircraft_count', isJoined: false, has parameterSpaceRef: true, creation #1

      at StaticSourceSpace.defToSpaceField (packages/malloy/src/lang/ast/field-space/static-space.ts:339:13)

  console.log
    [StaticSpace.map] Adding field 'airport_count', isJoined: false

      at StaticSourceSpace.get map [as map] (packages/malloy/src/lang/ast/field-space/static-space.ts:113:17)

  console.log
    [StaticSourceSpace.defToSpaceField] Field 'airport_count', isJoined: false, has parameterSpaceRef: true, creation #1

      at StaticSourceSpace.defToSpaceField (packages/malloy/src/lang/ast/field-space/static-space.ts:339:13)

  console.log
    [StaticSpace.map] Adding field 'births', isJoined: false

      at StaticSourceSpace.get map [as map] (packages/malloy/src/lang/ast/field-space/static-space.ts:113:17)

  console.log
    [StaticSourceSpace.defToSpaceField] Field 'births', isJoined: false, has parameterSpaceRef: true, creation #1

      at StaticSourceSpace.defToSpaceField (packages/malloy/src/lang/ast/field-space/static-space.ts:339:13)

  console.log
    [StaticSpace.map] Adding field 'popular_name', isJoined: false

      at StaticSourceSpace.get map [as map] (packages/malloy/src/lang/ast/field-space/static-space.ts:113:17)

  console.log
    [StaticSourceSpace.defToSpaceField] Field 'popular_name', isJoined: false, has parameterSpaceRef: true, creation #1

      at StaticSourceSpace.defToSpaceField (packages/malloy/src/lang/ast/field-space/static-space.ts:339:13)

  console.log
    [StaticSourceSpace.entry] Found 'state' in fields

      at StaticSourceSpace.entry (packages/malloy/src/lang/ast/field-space/static-space.ts:376:15)

  console.log
    [StaticSourceSpace.lookup] Found 'state'

      at StaticSourceSpace.lookup (packages/malloy/src/lang/ast/field-space/static-space.ts:415:13)

  console.log
    [QueryInputSpace.parameterSpace] Called

      at QueryInputSpace.parameterSpace (packages/malloy/src/lang/ast/field-space/query-input-space.ts:84:13)

  console.log
    [ParameterSpace constructor] Created with parameters: [ 'p' ]

      at new ParameterSpace (packages/malloy/src/lang/ast/field-space/parameter-space.ts:29:13)

  console.log
    [QueryInputSpace.parameterSpace] Got from queryOutput: [ 'p' ]

      at QueryInputSpace.parameterSpace (packages/malloy/src/lang/ast/field-space/query-input-space.ts:88:15)

  console.log
    [ExpressionJoin.getStructDef] Passing parameterSpace to namedSource with params: [ 'p' ]

      at ExpressionJoin.getStructDef (packages/malloy/src/lang/ast/source-properties/join.ts:266:15)

  console.log
    [ExpressionJoin.getStructDef] hasExistingArguments: false, sourceDef.arguments: []

      at ExpressionJoin.getStructDef (packages/malloy/src/lang/ast/source-properties/join.ts:284:13)

  console.log
    [ExpressionJoin.getStructDef] Merging outer arguments: [ 'p' ]

      at ExpressionJoin.getStructDef (packages/malloy/src/lang/ast/source-properties/join.ts:298:15)

  console.log
    [StaticSpace.lookup] Looking up 'i'

      at QueryInputSpace.lookup (packages/malloy/src/lang/ast/field-space/static-space.ts:176:13)

  console.log
    [QueryInputSpace.entry] Looking up 'i'

      at QueryInputSpace.entry (packages/malloy/src/lang/ast/field-space/query-input-space.ts:108:13)

  console.log
    [QueryInputSpace.entry] Found 'i' in fields

      at QueryInputSpace.entry (packages/malloy/src/lang/ast/field-space/query-input-space.ts:112:15)

  console.log
    [StaticSpace.lookup] Found 'i'

      at QueryInputSpace.lookup (packages/malloy/src/lang/ast/field-space/static-space.ts:188:13)

  console.log
    [JoinSpaceField.fieldSpace] Getting fieldSpace, has parameterSpace: true

      at JoinSpaceField.get fieldSpace [as fieldSpace] (packages/malloy/src/lang/ast/field-space/join-space-field.ts:43:13)

  console.log
    [StructSpaceField.fieldSpace] Join 'i', isSourceDef: true, type: table, has parameterSpaceRef: false

      at JoinSpaceField.get fieldSpace (packages/malloy/src/lang/ast/field-space/static-space.ts:279:13)

  console.log
    [StaticSourceSpace constructor] Created with parameterSpaceRef: false source name: i

      at new StaticSourceSpace (packages/malloy/src/lang/ast/field-space/static-space.ts:312:13)

  console.log
    [JoinSpaceField.fieldSpace] Wrapping StaticSourceSpace with parameterSpace

      at JoinSpaceField.get fieldSpace [as fieldSpace] (packages/malloy/src/lang/ast/field-space/join-space-field.ts:49:15)

  console.log
    [StaticSourceSpace constructor] Created with parameterSpaceRef: true source name: i

      at new StaticSourceSpace (packages/malloy/src/lang/ast/field-space/static-space.ts:312:13)

  console.log
    [JoinSpaceField.fieldSpace] Getting fieldSpace, has parameterSpace: true

      at JoinSpaceField.get fieldSpace [as fieldSpace] (packages/malloy/src/lang/ast/field-space/join-space-field.ts:43:13)

  console.log
    [StructSpaceField.fieldSpace] Join 'i', isSourceDef: true, type: table, has parameterSpaceRef: false

      at JoinSpaceField.get fieldSpace (packages/malloy/src/lang/ast/field-space/static-space.ts:279:13)

  console.log
    [StaticSourceSpace constructor] Created with parameterSpaceRef: false source name: i

      at new StaticSourceSpace (packages/malloy/src/lang/ast/field-space/static-space.ts:312:13)

  console.log
    [JoinSpaceField.fieldSpace] Wrapping StaticSourceSpace with parameterSpace

      at JoinSpaceField.get fieldSpace [as fieldSpace] (packages/malloy/src/lang/ast/field-space/join-space-field.ts:49:15)

  console.log
    [StaticSourceSpace constructor] Created with parameterSpaceRef: true source name: i

      at new StaticSourceSpace (packages/malloy/src/lang/ast/field-space/static-space.ts:312:13)

  console.log
    [StaticSourceSpace.lookup] Looking up 'state'

      at StaticSourceSpace.lookup (packages/malloy/src/lang/ast/field-space/static-space.ts:403:13)

  console.log
    [StaticSourceSpace.entry] Looking up 'state', has parameterSpaceRef: true

      at StaticSourceSpace.entry (packages/malloy/src/lang/ast/field-space/static-space.ts:369:13)

  console.log
    [StaticSpace.map] Building map for 'i', is StaticSourceSpace: true, has parameterSpaceRef: true

      at StaticSourceSpace.get map [as map] (packages/malloy/src/lang/ast/field-space/static-space.ts:102:15)

  console.log
    [StaticSpace.map] Adding field 'state', isJoined: false

      at StaticSourceSpace.get map [as map] (packages/malloy/src/lang/ast/field-space/static-space.ts:113:17)

  console.log
    [StaticSourceSpace.defToSpaceField] Field 'state', isJoined: false, has parameterSpaceRef: true, creation #2

      at StaticSourceSpace.defToSpaceField (packages/malloy/src/lang/ast/field-space/static-space.ts:339:13)

  console.log
    [StaticSpace.map] Adding field 'aircraft_count', isJoined: false

      at StaticSourceSpace.get map [as map] (packages/malloy/src/lang/ast/field-space/static-space.ts:113:17)

  console.log
    [StaticSourceSpace.defToSpaceField] Field 'aircraft_count', isJoined: false, has parameterSpaceRef: true, creation #2

      at StaticSourceSpace.defToSpaceField (packages/malloy/src/lang/ast/field-space/static-space.ts:339:13)

  console.log
    [StaticSpace.map] Adding field 'airport_count', isJoined: false

      at StaticSourceSpace.get map [as map] (packages/malloy/src/lang/ast/field-space/static-space.ts:113:17)

  console.log
    [StaticSourceSpace.defToSpaceField] Field 'airport_count', isJoined: false, has parameterSpaceRef: true, creation #2

      at StaticSourceSpace.defToSpaceField (packages/malloy/src/lang/ast/field-space/static-space.ts:339:13)

  console.log
    [StaticSpace.map] Adding field 'births', isJoined: false

      at StaticSourceSpace.get map [as map] (packages/malloy/src/lang/ast/field-space/static-space.ts:113:17)

  console.log
    [StaticSourceSpace.defToSpaceField] Field 'births', isJoined: false, has parameterSpaceRef: true, creation #2

      at StaticSourceSpace.defToSpaceField (packages/malloy/src/lang/ast/field-space/static-space.ts:339:13)

  console.log
    [StaticSpace.map] Adding field 'popular_name', isJoined: false

      at StaticSourceSpace.get map [as map] (packages/malloy/src/lang/ast/field-space/static-space.ts:113:17)

  console.log
    [StaticSourceSpace.defToSpaceField] Field 'popular_name', isJoined: false, has parameterSpaceRef: true, creation #2

      at StaticSourceSpace.defToSpaceField (packages/malloy/src/lang/ast/field-space/static-space.ts:339:13)

  console.log
    [StaticSourceSpace.entry] Found 'state' in fields

      at StaticSourceSpace.entry (packages/malloy/src/lang/ast/field-space/static-space.ts:376:15)

  console.log
    [StaticSourceSpace.lookup] Found 'state'

      at StaticSourceSpace.lookup (packages/malloy/src/lang/ast/field-space/static-space.ts:415:13)

  console.log
    [StaticSpace.lookup] Looking up 'p'

      at QueryInputSpace.lookup (packages/malloy/src/lang/ast/field-space/static-space.ts:176:13)

  console.log
    [QueryInputSpace.entry] Looking up 'p'

      at QueryInputSpace.entry (packages/malloy/src/lang/ast/field-space/query-input-space.ts:108:13)

  console.log
    [QueryInputSpace.entry] Found 'p' in fields

      at QueryInputSpace.entry (packages/malloy/src/lang/ast/field-space/query-input-space.ts:112:15)

  console.log
    [StaticSpace.lookup] Found 'p'

      at QueryInputSpace.lookup (packages/malloy/src/lang/ast/field-space/static-space.ts:188:13)

  console.log
    [StaticSpace.lookup] Looking up 'state'

      at QueryInputSpace.lookup (packages/malloy/src/lang/ast/field-space/static-space.ts:176:13)

  console.log
    [QueryInputSpace.entry] Looking up 'state'

      at QueryInputSpace.entry (packages/malloy/src/lang/ast/field-space/query-input-space.ts:108:13)

  console.log
    [QueryInputSpace.entry] Found 'state' in fields

      at QueryInputSpace.entry (packages/malloy/src/lang/ast/field-space/query-input-space.ts:112:15)

  console.log
    [StaticSpace.lookup] Found 'state'

      at QueryInputSpace.lookup (packages/malloy/src/lang/ast/field-space/static-space.ts:188:13)

  console.log
    [SQArrow.getQuery] Called

      at SQArrow.getQuery (packages/malloy/src/lang/ast/source-query-elements/sq-arrow.ts:53:13)

  console.log
    [SQArrow.getQuery] LHS is: namedSource, instanceof Source: true

      at SQArrow.getQuery (packages/malloy/src/lang/ast/source-query-elements/sq-arrow.ts:72:13)

  console.log
    [ParameterSpace constructor] Created with parameters: []

      at new ParameterSpace (packages/malloy/src/lang/ast/field-space/parameter-space.ts:29:13)

  console.log
    [SQArrow.getQuery] sourceDef.parameters: []

      at SQArrow.getQuery (packages/malloy/src/lang/ast/source-query-elements/sq-arrow.ts:80:15)

  console.log
    [SQArrow.getQuery] sourceDef.arguments: [ 'p' ]

      at SQArrow.getQuery (packages/malloy/src/lang/ast/source-query-elements/sq-arrow.ts:84:15)

  console.log
    [ParameterSpace constructor] Created with parameters: [ 'p' ]

      at new ParameterSpace (packages/malloy/src/lang/ast/field-space/parameter-space.ts:29:13)

  console.log
    [SQArrow.getQuery] Created parameterSpace from source arguments: [ 'p' ]

      at SQArrow.getQuery (packages/malloy/src/lang/ast/source-query-elements/sq-arrow.ts:103:17)

  console.log
    [QueryArrow constructor] Created with source: namedSource, parameterSpace: [ 'p' ]

      at new QueryArrow (packages/malloy/src/lang/ast/query-elements/query-arrow.ts:60:15)

  console.log
    [StaticSourceSpace constructor] Created with parameterSpaceRef: true source name: duckdb:malloytest.state_facts

      at new StaticSourceSpace (packages/malloy/src/lang/ast/field-space/static-space.ts:312:13)

  console.log
    [QueryArrow.queryComp] Source: namedSource, fieldSpace WITH parameterSpace: [ 'p' ]

      at QueryArrow.queryComp (packages/malloy/src/lang/ast/query-elements/query-arrow.ts:120:17)

  console.log
    [QueryArrow.queryComp] Calling view.pipelineComp with fieldSpace

      at QueryArrow.queryComp (packages/malloy/src/lang/ast/query-elements/query-arrow.ts:161:13)

  console.log
    [StaticSourceSpace.lookup] Looking up 'v'

      at StaticSourceSpace.lookup (packages/malloy/src/lang/ast/field-space/static-space.ts:403:13)

  console.log
    [StaticSourceSpace.entry] Looking up 'v', has parameterSpaceRef: true

      at StaticSourceSpace.entry (packages/malloy/src/lang/ast/field-space/static-space.ts:369:13)

  console.log
    [StaticSpace.map] Building map for 'duckdb:malloytest.state_facts', is StaticSourceSpace: true, has parameterSpaceRef: true

      at StaticSourceSpace.get map [as map] (packages/malloy/src/lang/ast/field-space/static-space.ts:102:15)

  console.log
    [StaticSpace.map] Adding field 'state', isJoined: false

      at StaticSourceSpace.get map [as map] (packages/malloy/src/lang/ast/field-space/static-space.ts:113:17)

  console.log
    [StaticSourceSpace.defToSpaceField] Field 'state', isJoined: false, has parameterSpaceRef: true, creation #12

      at StaticSourceSpace.defToSpaceField (packages/malloy/src/lang/ast/field-space/static-space.ts:339:13)

  console.error
    ⚠️⚠️⚠️  INFINITE LOOP DETECTED! Created 'duckdb:malloytest.state_facts.state' 12 times!

      345 |
      346 |     if (count > 10) {
    > 347 |       console.error(
          |               ^
      348 |         `⚠️⚠️⚠️  INFINITE LOOP DETECTED! Created '${key}' ${count} times!`
      349 |       );
      350 |       throw new Error(`Infinite loop detected creating join field '${key}'`);

      at StaticSourceSpace.defToSpaceField (packages/malloy/src/lang/ast/field-space/static-space.ts:347:15)
      at StaticSourceSpace.get map [as map] (packages/malloy/src/lang/ast/field-space/static-space.ts:116:35)
      at StaticSourceSpace.entry (packages/malloy/src/lang/ast/field-space/static-space.ts:147:17)
      at StaticSourceSpace.entry (packages/malloy/src/lang/ast/field-space/static-space.ts:374:30)
      at StaticSourceSpace.lookup (packages/malloy/src/lang/ast/field-space/static-space.ts:404:22)
      at ViewOrScalarFieldReference.getField (packages/malloy/src/lang/ast/query-items/field-references.ts:124:23)
      at ReferenceView._pipelineComp (packages/malloy/src/lang/ast/view-elements/reference-view.ts:79:35)
      at ReferenceView.pipelineComp (packages/malloy/src/lang/ast/view-elements/reference-view.ts:72:17)
      at QueryArrow.queryComp (packages/malloy/src/lang/ast/query-elements/query-arrow.ts:169:19)
      at QueryArrow.query (packages/malloy/src/lang/ast/query-elements/query-base.ts:85:25)
      at AnonymousQuery.execute (packages/malloy/src/lang/ast/query-elements/anonymous-query.ts:56:37)
      at DocStatementList.executeList (packages/malloy/src/lang/ast/types/malloy-element.ts:458:12)
      at Document.compile (packages/malloy/src/lang/ast/types/malloy-element.ts:540:35)
      at TranslateStep.step (packages/malloy/src/lang/parse-malloy.ts:599:32)
      at MalloyTranslator.translate (packages/malloy/src/lang/parse-malloy.ts:895:40)
      at Function.compile (packages/malloy/src/malloy.ts:368:33)
      at async QueryMaterializer.makeQueryMaterializer [as _materialize] (packages/malloy/src/malloy.ts:2800:17)
      at async runQuery (test/src/util/db-matcher-support.ts:63:24)
      at async Object.malloyResultMatches (test/src/util/db-jest-matchers.ts:165:49)
      at async Object.<anonymous> (test/src/core/parameters.spec.ts:612:5)

  console.log
    [ParameterSpace constructor] Created with parameters: [ 'p' ]

      at new ParameterSpace (packages/malloy/src/lang/ast/field-space/parameter-space.ts:29:13)

  console.log
    [StaticSpace.map] Building map for 'duckdb:malloytest.state_facts', is StaticSourceSpace: false, has parameterSpaceRef: N/A

      at RefinedSpace.get map [as map] (packages/malloy/src/lang/ast/field-space/static-space.ts:102:15)

  console.log
    [StaticSpace.map] Adding field 'state', isJoined: false

      at RefinedSpace.get map [as map] (packages/malloy/src/lang/ast/field-space/static-space.ts:113:17)

  console.log
    [StaticSpace.map] Adding field 'aircraft_count', isJoined: false

      at RefinedSpace.get map [as map] (packages/malloy/src/lang/ast/field-space/static-space.ts:113:17)

  console.log
    [StaticSpace.map] Adding field 'airport_count', isJoined: false

      at RefinedSpace.get map [as map] (packages/malloy/src/lang/ast/field-space/static-space.ts:113:17)

  console.log
    [StaticSpace.map] Adding field 'births', isJoined: false

      at RefinedSpace.get map [as map] (packages/malloy/src/lang/ast/field-space/static-space.ts:113:17)

  console.log
    [StaticSpace.map] Adding field 'popular_name', isJoined: false

      at RefinedSpace.get map [as map] (packages/malloy/src/lang/ast/field-space/static-space.ts:113:17)

  console.log
    [ParameterSpace constructor] Created with parameters: [ 'p' ]

      at new ParameterSpace (packages/malloy/src/lang/ast/field-space/parameter-space.ts:29:13)

  console.log
    [ParameterSpace constructor] Created with parameters: [ 'p' ]

      at new ParameterSpace (packages/malloy/src/lang/ast/field-space/parameter-space.ts:29:13)

  console.log
    [StaticSpace.map] Building map for 'duckdb:malloytest.state_facts', is StaticSourceSpace: false, has parameterSpaceRef: N/A

      at ReduceFieldSpace.get map [as map] (packages/malloy/src/lang/ast/field-space/static-space.ts:102:15)

  console.log
    [StaticSpace.lookup] Looking up 'state'

      at QueryInputSpace.lookup (packages/malloy/src/lang/ast/field-space/static-space.ts:176:13)

  console.log
    [QueryInputSpace.entry] Looking up 'state'

      at QueryInputSpace.entry (packages/malloy/src/lang/ast/field-space/query-input-space.ts:108:13)

  console.log
    [StaticSpace.map] Building map for 'duckdb:malloytest.state_facts', is StaticSourceSpace: false, has parameterSpaceRef: N/A

      at QueryInputSpace.get map [as map] (packages/malloy/src/lang/ast/field-space/static-space.ts:102:15)

  console.log
    [StaticSpace.map] Adding field 'state', isJoined: false

      at QueryInputSpace.get map [as map] (packages/malloy/src/lang/ast/field-space/static-space.ts:113:17)

  console.log
    [StaticSpace.map] Adding field 'aircraft_count', isJoined: false

      at QueryInputSpace.get map [as map] (packages/malloy/src/lang/ast/field-space/static-space.ts:113:17)

  console.log
    [StaticSpace.map] Adding field 'airport_count', isJoined: false

      at QueryInputSpace.get map [as map] (packages/malloy/src/lang/ast/field-space/static-space.ts:113:17)

  console.log
    [StaticSpace.map] Adding field 'births', isJoined: false

      at QueryInputSpace.get map [as map] (packages/malloy/src/lang/ast/field-space/static-space.ts:113:17)

  console.log
    [StaticSpace.map] Adding field 'popular_name', isJoined: false

      at QueryInputSpace.get map [as map] (packages/malloy/src/lang/ast/field-space/static-space.ts:113:17)

  console.log
    [QueryInputSpace.entry] Found 'state' in fields

      at QueryInputSpace.entry (packages/malloy/src/lang/ast/field-space/query-input-space.ts:112:15)

  console.log
    [StaticSpace.lookup] Found 'state'

      at QueryInputSpace.lookup (packages/malloy/src/lang/ast/field-space/static-space.ts:188:13)

  console.log
    [StaticSpace.lookup] Looking up 'p'

      at QueryInputSpace.lookup (packages/malloy/src/lang/ast/field-space/static-space.ts:176:13)

  console.log
    [QueryInputSpace.entry] Looking up 'p'

      at QueryInputSpace.entry (packages/malloy/src/lang/ast/field-space/query-input-space.ts:108:13)

  console.log
    [QueryInputSpace.entry] Found 'p' in fields

      at QueryInputSpace.entry (packages/malloy/src/lang/ast/field-space/query-input-space.ts:112:15)

  console.log
    [StaticSpace.lookup] Found 'p'

      at QueryInputSpace.lookup (packages/malloy/src/lang/ast/field-space/static-space.ts:188:13)

  console.log
    [StaticSpace.lookup] Looking up 'state'

      at QueryInputSpace.lookup (packages/malloy/src/lang/ast/field-space/static-space.ts:176:13)

  console.log
    [QueryInputSpace.entry] Looking up 'state'

      at QueryInputSpace.entry (packages/malloy/src/lang/ast/field-space/query-input-space.ts:108:13)

  console.log
    [QueryInputSpace.entry] Found 'state' in fields

      at QueryInputSpace.entry (packages/malloy/src/lang/ast/field-space/query-input-space.ts:112:15)

  console.log
    [StaticSpace.lookup] Found 'state'

      at QueryInputSpace.lookup (packages/malloy/src/lang/ast/field-space/static-space.ts:188:13)

  console.log
    [StaticSpace.lookup] Looking up 'state'

      at QueryInputSpace.lookup (packages/malloy/src/lang/ast/field-space/static-space.ts:176:13)

  console.log
    [QueryInputSpace.entry] Looking up 'state'

      at QueryInputSpace.entry (packages/malloy/src/lang/ast/field-space/query-input-space.ts:108:13)

  console.log
    [QueryInputSpace.entry] Found 'state' in fields

      at QueryInputSpace.entry (packages/malloy/src/lang/ast/field-space/query-input-space.ts:112:15)

  console.log
    [StaticSpace.lookup] Found 'state'

      at QueryInputSpace.lookup (packages/malloy/src/lang/ast/field-space/static-space.ts:188:13)

  console.log
    [QueryInputSpace.parameterSpace] Called

      at QueryInputSpace.parameterSpace (packages/malloy/src/lang/ast/field-space/query-input-space.ts:84:13)

  console.log
    [ParameterSpace constructor] Created with parameters: [ 'p' ]

      at new ParameterSpace (packages/malloy/src/lang/ast/field-space/parameter-space.ts:29:13)

  console.log
    [QueryInputSpace.parameterSpace] Got from queryOutput: [ 'p' ]

      at QueryInputSpace.parameterSpace (packages/malloy/src/lang/ast/field-space/query-input-space.ts:88:15)

  console.log
    [StaticSpace.lookup] Looking up 'state'

      at QueryInputSpace.lookup (packages/malloy/src/lang/ast/field-space/static-space.ts:176:13)

  console.log
    [QueryInputSpace.entry] Looking up 'state'

      at QueryInputSpace.entry (packages/malloy/src/lang/ast/field-space/query-input-space.ts:108:13)

  console.log
    [QueryInputSpace.entry] Found 'state' in fields

      at QueryInputSpace.entry (packages/malloy/src/lang/ast/field-space/query-input-space.ts:112:15)

  console.log
    [StaticSpace.lookup] Found 'state'

      at QueryInputSpace.lookup (packages/malloy/src/lang/ast/field-space/static-space.ts:188:13)

  console.log
    [SQArrow.getQuery] Called

      at SQArrow.getQuery (packages/malloy/src/lang/ast/source-query-elements/sq-arrow.ts:53:13)

  console.log
    [SQArrow.getQuery] LHS is: namedSource, instanceof Source: true

      at SQArrow.getQuery (packages/malloy/src/lang/ast/source-query-elements/sq-arrow.ts:72:13)

  console.log
    [ParameterSpace constructor] Created with parameters: []

      at new ParameterSpace (packages/malloy/src/lang/ast/field-space/parameter-space.ts:29:13)

  console.log
    [SQArrow.getQuery] sourceDef.parameters: []

      at SQArrow.getQuery (packages/malloy/src/lang/ast/source-query-elements/sq-arrow.ts:80:15)

  console.log
    [SQArrow.getQuery] sourceDef.arguments: [ 'p' ]

      at SQArrow.getQuery (packages/malloy/src/lang/ast/source-query-elements/sq-arrow.ts:84:15)

  console.log
    [ParameterSpace constructor] Created with parameters: [ 'p' ]

      at new ParameterSpace (packages/malloy/src/lang/ast/field-space/parameter-space.ts:29:13)

  console.log
    [SQArrow.getQuery] Created parameterSpace from source arguments: [ 'p' ]

      at SQArrow.getQuery (packages/malloy/src/lang/ast/source-query-elements/sq-arrow.ts:103:17)

  console.log
    [QueryArrow constructor] Created with source: namedSource, parameterSpace: [ 'p' ]

      at new QueryArrow (packages/malloy/src/lang/ast/query-elements/query-arrow.ts:60:15)

  console.log
    [StaticSourceSpace constructor] Created with parameterSpaceRef: true source name: duckdb:malloytest.state_facts

      at new StaticSourceSpace (packages/malloy/src/lang/ast/field-space/static-space.ts:312:13)

  console.log
    [QueryArrow.queryComp] Source: namedSource, fieldSpace WITH parameterSpace: [ 'p' ]

      at QueryArrow.queryComp (packages/malloy/src/lang/ast/query-elements/query-arrow.ts:120:17)

  console.log
    [QueryArrow.queryComp] Calling view.pipelineComp with fieldSpace

      at QueryArrow.queryComp (packages/malloy/src/lang/ast/query-elements/query-arrow.ts:161:13)

  console.log
    [StaticSourceSpace.lookup] Looking up 'v'

      at StaticSourceSpace.lookup (packages/malloy/src/lang/ast/field-space/static-space.ts:403:13)

  console.log
    [StaticSourceSpace.entry] Looking up 'v', has parameterSpaceRef: true

      at StaticSourceSpace.entry (packages/malloy/src/lang/ast/field-space/static-space.ts:369:13)

  console.log
    [StaticSpace.map] Building map for 'duckdb:malloytest.state_facts', is StaticSourceSpace: true, has parameterSpaceRef: true

      at StaticSourceSpace.get map [as map] (packages/malloy/src/lang/ast/field-space/static-space.ts:102:15)

  console.log
    [StaticSpace.map] Adding field 'state', isJoined: false

      at StaticSourceSpace.get map [as map] (packages/malloy/src/lang/ast/field-space/static-space.ts:113:17)

  console.log
    [StaticSourceSpace.defToSpaceField] Field 'state', isJoined: false, has parameterSpaceRef: true, creation #13

      at StaticSourceSpace.defToSpaceField (packages/malloy/src/lang/ast/field-space/static-space.ts:339:13)

  console.error
    ⚠️⚠️⚠️  INFINITE LOOP DETECTED! Created 'duckdb:malloytest.state_facts.state' 13 times!

      345 |
      346 |     if (count > 10) {
    > 347 |       console.error(
          |               ^
      348 |         `⚠️⚠️⚠️  INFINITE LOOP DETECTED! Created '${key}' ${count} times!`
      349 |       );
      350 |       throw new Error(`Infinite loop detected creating join field '${key}'`);

      at StaticSourceSpace.defToSpaceField (packages/malloy/src/lang/ast/field-space/static-space.ts:347:15)
      at StaticSourceSpace.get map [as map] (packages/malloy/src/lang/ast/field-space/static-space.ts:116:35)
      at StaticSourceSpace.entry (packages/malloy/src/lang/ast/field-space/static-space.ts:147:17)
      at StaticSourceSpace.entry (packages/malloy/src/lang/ast/field-space/static-space.ts:374:30)
      at StaticSourceSpace.lookup (packages/malloy/src/lang/ast/field-space/static-space.ts:404:22)
      at ViewOrScalarFieldReference.getField (packages/malloy/src/lang/ast/query-items/field-references.ts:124:23)
      at ReferenceView._pipelineComp (packages/malloy/src/lang/ast/view-elements/reference-view.ts:79:35)
      at ReferenceView.pipelineComp (packages/malloy/src/lang/ast/view-elements/reference-view.ts:72:17)
      at QueryArrow.queryComp (packages/malloy/src/lang/ast/query-elements/query-arrow.ts:169:19)
      at QueryArrow.query (packages/malloy/src/lang/ast/query-elements/query-base.ts:85:25)
      at AnonymousQuery.execute (packages/malloy/src/lang/ast/query-elements/anonymous-query.ts:56:37)
      at DocStatementList.executeList (packages/malloy/src/lang/ast/types/malloy-element.ts:458:12)
      at Document.compile (packages/malloy/src/lang/ast/types/malloy-element.ts:540:35)
      at TranslateStep.step (packages/malloy/src/lang/parse-malloy.ts:599:32)
      at MalloyTranslator.translate (packages/malloy/src/lang/parse-malloy.ts:895:40)
      at Function.compile (packages/malloy/src/malloy.ts:368:33)
      at async QueryMaterializer.makeQueryMaterializer [as _materialize] (packages/malloy/src/malloy.ts:2800:17)
      at async runQuery (test/src/util/db-matcher-support.ts:63:24)
      at async Object.malloyResultMatches (test/src/util/db-jest-matchers.ts:165:49)
      at async Object.<anonymous> (test/src/core/parameters.spec.ts:644:5)

  console.log
    [ParameterSpace constructor] Created with parameters: [ 'p' ]

      at new ParameterSpace (packages/malloy/src/lang/ast/field-space/parameter-space.ts:29:13)

  console.log
    [StaticSpace.map] Building map for 'duckdb:malloytest.state_facts', is StaticSourceSpace: false, has parameterSpaceRef: N/A

      at RefinedSpace.get map [as map] (packages/malloy/src/lang/ast/field-space/static-space.ts:102:15)

  console.log
    [StaticSpace.map] Adding field 'state', isJoined: false

      at RefinedSpace.get map [as map] (packages/malloy/src/lang/ast/field-space/static-space.ts:113:17)

  console.log
    [StaticSpace.map] Adding field 'aircraft_count', isJoined: false

      at RefinedSpace.get map [as map] (packages/malloy/src/lang/ast/field-space/static-space.ts:113:17)

  console.log
    [StaticSpace.map] Adding field 'airport_count', isJoined: false

      at RefinedSpace.get map [as map] (packages/malloy/src/lang/ast/field-space/static-space.ts:113:17)

  console.log
    [StaticSpace.map] Adding field 'births', isJoined: false

      at RefinedSpace.get map [as map] (packages/malloy/src/lang/ast/field-space/static-space.ts:113:17)

  console.log
    [StaticSpace.map] Adding field 'popular_name', isJoined: false

      at RefinedSpace.get map [as map] (packages/malloy/src/lang/ast/field-space/static-space.ts:113:17)

  console.log
    [ParameterSpace constructor] Created with parameters: [ 'p' ]

      at new ParameterSpace (packages/malloy/src/lang/ast/field-space/parameter-space.ts:29:13)

  console.log
    [ParameterSpace constructor] Created with parameters: [ 'p' ]

      at new ParameterSpace (packages/malloy/src/lang/ast/field-space/parameter-space.ts:29:13)

  console.log
    [QueryInputSpace.parameterSpace] Called

      at QueryInputSpace.parameterSpace (packages/malloy/src/lang/ast/field-space/query-input-space.ts:84:13)

  console.log
    [ParameterSpace constructor] Created with parameters: [ 'p' ]

      at new ParameterSpace (packages/malloy/src/lang/ast/field-space/parameter-space.ts:29:13)

  console.log
    [QueryInputSpace.parameterSpace] Got from queryOutput: [ 'p' ]

      at QueryInputSpace.parameterSpace (packages/malloy/src/lang/ast/field-space/query-input-space.ts:88:15)

  console.log
    [ExpressionJoin.getStructDef] Passing parameterSpace to namedSource with params: [ 'p' ]

      at ExpressionJoin.getStructDef (packages/malloy/src/lang/ast/source-properties/join.ts:266:15)

  console.log
    [ExpressionJoin.getStructDef] hasExistingArguments: false, sourceDef.arguments: []

      at ExpressionJoin.getStructDef (packages/malloy/src/lang/ast/source-properties/join.ts:284:13)

  console.log
    [ExpressionJoin.getStructDef] Merging outer arguments: [ 'p' ]

      at ExpressionJoin.getStructDef (packages/malloy/src/lang/ast/source-properties/join.ts:298:15)

  console.log
    [JoinSpaceField constructor] Created for join with parameterSpace: true

      at new JoinSpaceField (packages/malloy/src/lang/ast/field-space/join-space-field.ts:36:13)

  console.log
    [QueryInputSpace.entry] Looking up 'i'

      at QueryInputSpace.entry (packages/malloy/src/lang/ast/field-space/query-input-space.ts:108:13)

  console.log
    [StaticSpace.map] Building map for 'duckdb:malloytest.state_facts', is StaticSourceSpace: false, has parameterSpaceRef: N/A

      at QueryInputSpace.get map [as map] (packages/malloy/src/lang/ast/field-space/static-space.ts:102:15)

  console.log
    [StaticSpace.map] Adding field 'state', isJoined: false

      at QueryInputSpace.get map [as map] (packages/malloy/src/lang/ast/field-space/static-space.ts:113:17)

  console.log
    [StaticSpace.map] Adding field 'aircraft_count', isJoined: false

      at QueryInputSpace.get map [as map] (packages/malloy/src/lang/ast/field-space/static-space.ts:113:17)

  console.log
    [StaticSpace.map] Adding field 'airport_count', isJoined: false

      at QueryInputSpace.get map [as map] (packages/malloy/src/lang/ast/field-space/static-space.ts:113:17)

  console.log
    [StaticSpace.map] Adding field 'births', isJoined: false

      at QueryInputSpace.get map [as map] (packages/malloy/src/lang/ast/field-space/static-space.ts:113:17)

  console.log
    [StaticSpace.map] Adding field 'popular_name', isJoined: false

      at QueryInputSpace.get map [as map] (packages/malloy/src/lang/ast/field-space/static-space.ts:113:17)

  console.log
    [QueryInputSpace.parameterSpace] Called

      at QueryInputSpace.parameterSpace (packages/malloy/src/lang/ast/field-space/query-input-space.ts:84:13)

  console.log
    [ParameterSpace constructor] Created with parameters: [ 'p' ]

      at new ParameterSpace (packages/malloy/src/lang/ast/field-space/parameter-space.ts:29:13)

  console.log
    [QueryInputSpace.parameterSpace] Got from queryOutput: [ 'p' ]

      at QueryInputSpace.parameterSpace (packages/malloy/src/lang/ast/field-space/query-input-space.ts:88:15)

  console.log
    [QueryInputSpace.entry] Checking parameterSpace for 'i'

      at QueryInputSpace.entry (packages/malloy/src/lang/ast/field-space/query-input-space.ts:118:15)

  console.log
    [ParameterSpace.entry] Looking up 'i', available: [ 'p' ] found: false

      at ParameterSpace.entry (packages/malloy/src/lang/ast/field-space/parameter-space.ts:44:13)

  console.log
    [QueryInputSpace.entry] 'i' not found anywhere

      at QueryInputSpace.entry (packages/malloy/src/lang/ast/field-space/query-input-space.ts:129:13)

  console.log
    [StaticSpace.lookup] Looking up 'state'

      at QueryInputSpace.lookup (packages/malloy/src/lang/ast/field-space/static-space.ts:176:13)

  console.log
    [QueryInputSpace.entry] Looking up 'state'

      at QueryInputSpace.entry (packages/malloy/src/lang/ast/field-space/query-input-space.ts:108:13)

  console.log
    [QueryInputSpace.entry] Found 'state' in fields

      at QueryInputSpace.entry (packages/malloy/src/lang/ast/field-space/query-input-space.ts:112:15)

  console.log
    [StaticSpace.lookup] Found 'state'

      at QueryInputSpace.lookup (packages/malloy/src/lang/ast/field-space/static-space.ts:188:13)

  console.log
    [StaticSpace.lookup] Looking up 'p'

      at QueryInputSpace.lookup (packages/malloy/src/lang/ast/field-space/static-space.ts:176:13)

  console.log
    [QueryInputSpace.entry] Looking up 'p'

      at QueryInputSpace.entry (packages/malloy/src/lang/ast/field-space/query-input-space.ts:108:13)

  console.log
    [QueryInputSpace.entry] Found 'p' in fields

      at QueryInputSpace.entry (packages/malloy/src/lang/ast/field-space/query-input-space.ts:112:15)

  console.log
    [StaticSpace.lookup] Found 'p'

      at QueryInputSpace.lookup (packages/malloy/src/lang/ast/field-space/static-space.ts:188:13)

  console.log
    [StaticSpace.map] Building map for 'duckdb:malloytest.state_facts', is StaticSourceSpace: false, has parameterSpaceRef: N/A

      at ReduceFieldSpace.get map [as map] (packages/malloy/src/lang/ast/field-space/static-space.ts:102:15)

  console.log
    [StaticSpace.lookup] Looking up 'state'

      at QueryInputSpace.lookup (packages/malloy/src/lang/ast/field-space/static-space.ts:176:13)

  console.log
    [QueryInputSpace.entry] Looking up 'state'

      at QueryInputSpace.entry (packages/malloy/src/lang/ast/field-space/query-input-space.ts:108:13)

  console.log
    [QueryInputSpace.entry] Found 'state' in fields

      at QueryInputSpace.entry (packages/malloy/src/lang/ast/field-space/query-input-space.ts:112:15)

  console.log
    [StaticSpace.lookup] Found 'state'

      at QueryInputSpace.lookup (packages/malloy/src/lang/ast/field-space/static-space.ts:188:13)

  console.log
    [StaticSpace.lookup] Looking up 'state'

      at QueryInputSpace.lookup (packages/malloy/src/lang/ast/field-space/static-space.ts:176:13)

  console.log
    [QueryInputSpace.entry] Looking up 'state'

      at QueryInputSpace.entry (packages/malloy/src/lang/ast/field-space/query-input-space.ts:108:13)

  console.log
    [QueryInputSpace.entry] Found 'state' in fields

      at QueryInputSpace.entry (packages/malloy/src/lang/ast/field-space/query-input-space.ts:112:15)

  console.log
    [StaticSpace.lookup] Found 'state'

      at QueryInputSpace.lookup (packages/malloy/src/lang/ast/field-space/static-space.ts:188:13)

  console.log
    [StaticSpace.lookup] Looking up 'i'

      at QueryInputSpace.lookup (packages/malloy/src/lang/ast/field-space/static-space.ts:176:13)

  console.log
    [QueryInputSpace.entry] Looking up 'i'

      at QueryInputSpace.entry (packages/malloy/src/lang/ast/field-space/query-input-space.ts:108:13)

  console.log
    [QueryInputSpace.entry] Found 'i' in fields

      at QueryInputSpace.entry (packages/malloy/src/lang/ast/field-space/query-input-space.ts:112:15)

  console.log
    [StaticSpace.lookup] Found 'i'

      at QueryInputSpace.lookup (packages/malloy/src/lang/ast/field-space/static-space.ts:188:13)

  console.log
    [JoinSpaceField.fieldSpace] Getting fieldSpace, has parameterSpace: true

      at JoinSpaceField.get fieldSpace [as fieldSpace] (packages/malloy/src/lang/ast/field-space/join-space-field.ts:43:13)

  console.log
    [StructSpaceField.fieldSpace] Join 'i', isSourceDef: true, type: table, has parameterSpaceRef: false

      at JoinSpaceField.get fieldSpace (packages/malloy/src/lang/ast/field-space/static-space.ts:279:13)

  console.log
    [StaticSourceSpace constructor] Created with parameterSpaceRef: false source name: i

      at new StaticSourceSpace (packages/malloy/src/lang/ast/field-space/static-space.ts:312:13)

  console.log
    [JoinSpaceField.fieldSpace] Wrapping StaticSourceSpace with parameterSpace

      at JoinSpaceField.get fieldSpace [as fieldSpace] (packages/malloy/src/lang/ast/field-space/join-space-field.ts:49:15)

  console.log
    [StaticSourceSpace constructor] Created with parameterSpaceRef: true source name: i

      at new StaticSourceSpace (packages/malloy/src/lang/ast/field-space/static-space.ts:312:13)

  console.log
    [JoinSpaceField.fieldSpace] Getting fieldSpace, has parameterSpace: true

      at JoinSpaceField.get fieldSpace [as fieldSpace] (packages/malloy/src/lang/ast/field-space/join-space-field.ts:43:13)

  console.log
    [StructSpaceField.fieldSpace] Join 'i', isSourceDef: true, type: table, has parameterSpaceRef: false

      at JoinSpaceField.get fieldSpace (packages/malloy/src/lang/ast/field-space/static-space.ts:279:13)

  console.log
    [StaticSourceSpace constructor] Created with parameterSpaceRef: false source name: i

      at new StaticSourceSpace (packages/malloy/src/lang/ast/field-space/static-space.ts:312:13)

  console.log
    [JoinSpaceField.fieldSpace] Wrapping StaticSourceSpace with parameterSpace

      at JoinSpaceField.get fieldSpace [as fieldSpace] (packages/malloy/src/lang/ast/field-space/join-space-field.ts:49:15)

  console.log
    [StaticSourceSpace constructor] Created with parameterSpaceRef: true source name: i

      at new StaticSourceSpace (packages/malloy/src/lang/ast/field-space/static-space.ts:312:13)

  console.log
    [StaticSourceSpace.lookup] Looking up 'state'

      at StaticSourceSpace.lookup (packages/malloy/src/lang/ast/field-space/static-space.ts:403:13)

  console.log
    [StaticSourceSpace.entry] Looking up 'state', has parameterSpaceRef: true

      at StaticSourceSpace.entry (packages/malloy/src/lang/ast/field-space/static-space.ts:369:13)

  console.log
    [StaticSpace.map] Building map for 'i', is StaticSourceSpace: true, has parameterSpaceRef: true

      at StaticSourceSpace.get map [as map] (packages/malloy/src/lang/ast/field-space/static-space.ts:102:15)

  console.log
    [StaticSpace.map] Adding field 'state', isJoined: false

      at StaticSourceSpace.get map [as map] (packages/malloy/src/lang/ast/field-space/static-space.ts:113:17)

  console.log
    [StaticSourceSpace.defToSpaceField] Field 'state', isJoined: false, has parameterSpaceRef: true, creation #3

      at StaticSourceSpace.defToSpaceField (packages/malloy/src/lang/ast/field-space/static-space.ts:339:13)

  console.log
    [StaticSpace.map] Adding field 'aircraft_count', isJoined: false

      at StaticSourceSpace.get map [as map] (packages/malloy/src/lang/ast/field-space/static-space.ts:113:17)

  console.log
    [StaticSourceSpace.defToSpaceField] Field 'aircraft_count', isJoined: false, has parameterSpaceRef: true, creation #3

      at StaticSourceSpace.defToSpaceField (packages/malloy/src/lang/ast/field-space/static-space.ts:339:13)

  console.log
    [StaticSpace.map] Adding field 'airport_count', isJoined: false

      at StaticSourceSpace.get map [as map] (packages/malloy/src/lang/ast/field-space/static-space.ts:113:17)

  console.log
    [StaticSourceSpace.defToSpaceField] Field 'airport_count', isJoined: false, has parameterSpaceRef: true, creation #3

      at StaticSourceSpace.defToSpaceField (packages/malloy/src/lang/ast/field-space/static-space.ts:339:13)

  console.log
    [StaticSpace.map] Adding field 'births', isJoined: false

      at StaticSourceSpace.get map [as map] (packages/malloy/src/lang/ast/field-space/static-space.ts:113:17)

  console.log
    [StaticSourceSpace.defToSpaceField] Field 'births', isJoined: false, has parameterSpaceRef: true, creation #3

      at StaticSourceSpace.defToSpaceField (packages/malloy/src/lang/ast/field-space/static-space.ts:339:13)

  console.log
    [StaticSpace.map] Adding field 'popular_name', isJoined: false

      at StaticSourceSpace.get map [as map] (packages/malloy/src/lang/ast/field-space/static-space.ts:113:17)

  console.log
    [StaticSourceSpace.defToSpaceField] Field 'popular_name', isJoined: false, has parameterSpaceRef: true, creation #3

      at StaticSourceSpace.defToSpaceField (packages/malloy/src/lang/ast/field-space/static-space.ts:339:13)

  console.log
    [StaticSourceSpace.entry] Found 'state' in fields

      at StaticSourceSpace.entry (packages/malloy/src/lang/ast/field-space/static-space.ts:376:15)

  console.log
    [StaticSourceSpace.lookup] Found 'state'

      at StaticSourceSpace.lookup (packages/malloy/src/lang/ast/field-space/static-space.ts:415:13)

  console.log
    [QueryInputSpace.parameterSpace] Called

      at QueryInputSpace.parameterSpace (packages/malloy/src/lang/ast/field-space/query-input-space.ts:84:13)

  console.log
    [ParameterSpace constructor] Created with parameters: [ 'p' ]

      at new ParameterSpace (packages/malloy/src/lang/ast/field-space/parameter-space.ts:29:13)

  console.log
    [QueryInputSpace.parameterSpace] Got from queryOutput: [ 'p' ]

      at QueryInputSpace.parameterSpace (packages/malloy/src/lang/ast/field-space/query-input-space.ts:88:15)

  console.log
    [ExpressionJoin.getStructDef] Passing parameterSpace to namedSource with params: [ 'p' ]

      at ExpressionJoin.getStructDef (packages/malloy/src/lang/ast/source-properties/join.ts:266:15)

  console.log
    [ExpressionJoin.getStructDef] hasExistingArguments: false, sourceDef.arguments: []

      at ExpressionJoin.getStructDef (packages/malloy/src/lang/ast/source-properties/join.ts:284:13)

  console.log
    [ExpressionJoin.getStructDef] Merging outer arguments: [ 'p' ]

      at ExpressionJoin.getStructDef (packages/malloy/src/lang/ast/source-properties/join.ts:298:15)

  console.log
    [StaticSpace.lookup] Looking up 'i'

      at QueryInputSpace.lookup (packages/malloy/src/lang/ast/field-space/static-space.ts:176:13)

  console.log
    [QueryInputSpace.entry] Looking up 'i'

      at QueryInputSpace.entry (packages/malloy/src/lang/ast/field-space/query-input-space.ts:108:13)

  console.log
    [QueryInputSpace.entry] Found 'i' in fields

      at QueryInputSpace.entry (packages/malloy/src/lang/ast/field-space/query-input-space.ts:112:15)

  console.log
    [StaticSpace.lookup] Found 'i'

      at QueryInputSpace.lookup (packages/malloy/src/lang/ast/field-space/static-space.ts:188:13)

  console.log
    [JoinSpaceField.fieldSpace] Getting fieldSpace, has parameterSpace: true

      at JoinSpaceField.get fieldSpace [as fieldSpace] (packages/malloy/src/lang/ast/field-space/join-space-field.ts:43:13)

  console.log
    [StructSpaceField.fieldSpace] Join 'i', isSourceDef: true, type: table, has parameterSpaceRef: false

      at JoinSpaceField.get fieldSpace (packages/malloy/src/lang/ast/field-space/static-space.ts:279:13)

  console.log
    [StaticSourceSpace constructor] Created with parameterSpaceRef: false source name: i

      at new StaticSourceSpace (packages/malloy/src/lang/ast/field-space/static-space.ts:312:13)

  console.log
    [JoinSpaceField.fieldSpace] Wrapping StaticSourceSpace with parameterSpace

      at JoinSpaceField.get fieldSpace [as fieldSpace] (packages/malloy/src/lang/ast/field-space/join-space-field.ts:49:15)

  console.log
    [StaticSourceSpace constructor] Created with parameterSpaceRef: true source name: i

      at new StaticSourceSpace (packages/malloy/src/lang/ast/field-space/static-space.ts:312:13)

  console.log
    [JoinSpaceField.fieldSpace] Getting fieldSpace, has parameterSpace: true

      at JoinSpaceField.get fieldSpace [as fieldSpace] (packages/malloy/src/lang/ast/field-space/join-space-field.ts:43:13)

  console.log
    [StructSpaceField.fieldSpace] Join 'i', isSourceDef: true, type: table, has parameterSpaceRef: false

      at JoinSpaceField.get fieldSpace (packages/malloy/src/lang/ast/field-space/static-space.ts:279:13)

  console.log
    [StaticSourceSpace constructor] Created with parameterSpaceRef: false source name: i

      at new StaticSourceSpace (packages/malloy/src/lang/ast/field-space/static-space.ts:312:13)

  console.log
    [JoinSpaceField.fieldSpace] Wrapping StaticSourceSpace with parameterSpace

      at JoinSpaceField.get fieldSpace [as fieldSpace] (packages/malloy/src/lang/ast/field-space/join-space-field.ts:49:15)

  console.log
    [StaticSourceSpace constructor] Created with parameterSpaceRef: true source name: i

      at new StaticSourceSpace (packages/malloy/src/lang/ast/field-space/static-space.ts:312:13)

  console.log
    [StaticSourceSpace.lookup] Looking up 'state'

      at StaticSourceSpace.lookup (packages/malloy/src/lang/ast/field-space/static-space.ts:403:13)

  console.log
    [StaticSourceSpace.entry] Looking up 'state', has parameterSpaceRef: true

      at StaticSourceSpace.entry (packages/malloy/src/lang/ast/field-space/static-space.ts:369:13)

  console.log
    [StaticSpace.map] Building map for 'i', is StaticSourceSpace: true, has parameterSpaceRef: true

      at StaticSourceSpace.get map [as map] (packages/malloy/src/lang/ast/field-space/static-space.ts:102:15)

  console.log
    [StaticSpace.map] Adding field 'state', isJoined: false

      at StaticSourceSpace.get map [as map] (packages/malloy/src/lang/ast/field-space/static-space.ts:113:17)

  console.log
    [StaticSourceSpace.defToSpaceField] Field 'state', isJoined: false, has parameterSpaceRef: true, creation #4

      at StaticSourceSpace.defToSpaceField (packages/malloy/src/lang/ast/field-space/static-space.ts:339:13)

  console.log
    [StaticSpace.map] Adding field 'aircraft_count', isJoined: false

      at StaticSourceSpace.get map [as map] (packages/malloy/src/lang/ast/field-space/static-space.ts:113:17)

  console.log
    [StaticSourceSpace.defToSpaceField] Field 'aircraft_count', isJoined: false, has parameterSpaceRef: true, creation #4

      at StaticSourceSpace.defToSpaceField (packages/malloy/src/lang/ast/field-space/static-space.ts:339:13)

  console.log
    [StaticSpace.map] Adding field 'airport_count', isJoined: false

      at StaticSourceSpace.get map [as map] (packages/malloy/src/lang/ast/field-space/static-space.ts:113:17)

  console.log
    [StaticSourceSpace.defToSpaceField] Field 'airport_count', isJoined: false, has parameterSpaceRef: true, creation #4

      at StaticSourceSpace.defToSpaceField (packages/malloy/src/lang/ast/field-space/static-space.ts:339:13)

  console.log
    [StaticSpace.map] Adding field 'births', isJoined: false

      at StaticSourceSpace.get map [as map] (packages/malloy/src/lang/ast/field-space/static-space.ts:113:17)

  console.log
    [StaticSourceSpace.defToSpaceField] Field 'births', isJoined: false, has parameterSpaceRef: true, creation #4

      at StaticSourceSpace.defToSpaceField (packages/malloy/src/lang/ast/field-space/static-space.ts:339:13)

  console.log
    [StaticSpace.map] Adding field 'popular_name', isJoined: false

      at StaticSourceSpace.get map [as map] (packages/malloy/src/lang/ast/field-space/static-space.ts:113:17)

  console.log
    [StaticSourceSpace.defToSpaceField] Field 'popular_name', isJoined: false, has parameterSpaceRef: true, creation #4

      at StaticSourceSpace.defToSpaceField (packages/malloy/src/lang/ast/field-space/static-space.ts:339:13)

  console.log
    [StaticSourceSpace.entry] Found 'state' in fields

      at StaticSourceSpace.entry (packages/malloy/src/lang/ast/field-space/static-space.ts:376:15)

  console.log
    [StaticSourceSpace.lookup] Found 'state'

      at StaticSourceSpace.lookup (packages/malloy/src/lang/ast/field-space/static-space.ts:415:13)

  console.log
    [StaticSpace.lookup] Looking up 'p'

      at QueryInputSpace.lookup (packages/malloy/src/lang/ast/field-space/static-space.ts:176:13)

  console.log
    [QueryInputSpace.entry] Looking up 'p'

      at QueryInputSpace.entry (packages/malloy/src/lang/ast/field-space/query-input-space.ts:108:13)

  console.log
    [QueryInputSpace.entry] Found 'p' in fields

      at QueryInputSpace.entry (packages/malloy/src/lang/ast/field-space/query-input-space.ts:112:15)

  console.log
    [StaticSpace.lookup] Found 'p'

      at QueryInputSpace.lookup (packages/malloy/src/lang/ast/field-space/static-space.ts:188:13)

  console.log
    [StaticSpace.lookup] Looking up 'state'

      at QueryInputSpace.lookup (packages/malloy/src/lang/ast/field-space/static-space.ts:176:13)

  console.log
    [QueryInputSpace.entry] Looking up 'state'

      at QueryInputSpace.entry (packages/malloy/src/lang/ast/field-space/query-input-space.ts:108:13)

  console.log
    [QueryInputSpace.entry] Found 'state' in fields

      at QueryInputSpace.entry (packages/malloy/src/lang/ast/field-space/query-input-space.ts:112:15)

  console.log
    [StaticSpace.lookup] Found 'state'

      at QueryInputSpace.lookup (packages/malloy/src/lang/ast/field-space/static-space.ts:188:13)

  console.log
    [SQArrow.getQuery] Called

      at SQArrow.getQuery (packages/malloy/src/lang/ast/source-query-elements/sq-arrow.ts:53:13)

  console.log
    [SQArrow.getQuery] LHS is: namedSource, instanceof Source: true

      at SQArrow.getQuery (packages/malloy/src/lang/ast/source-query-elements/sq-arrow.ts:72:13)

  console.log
    [ParameterSpace constructor] Created with parameters: []

      at new ParameterSpace (packages/malloy/src/lang/ast/field-space/parameter-space.ts:29:13)

  console.log
    [SQArrow.getQuery] sourceDef.parameters: []

      at SQArrow.getQuery (packages/malloy/src/lang/ast/source-query-elements/sq-arrow.ts:80:15)

  console.log
    [SQArrow.getQuery] sourceDef.arguments: [ 'p' ]

      at SQArrow.getQuery (packages/malloy/src/lang/ast/source-query-elements/sq-arrow.ts:84:15)

  console.log
    [ParameterSpace constructor] Created with parameters: [ 'p' ]

      at new ParameterSpace (packages/malloy/src/lang/ast/field-space/parameter-space.ts:29:13)

  console.log
    [SQArrow.getQuery] Created parameterSpace from source arguments: [ 'p' ]

      at SQArrow.getQuery (packages/malloy/src/lang/ast/source-query-elements/sq-arrow.ts:103:17)

  console.log
    [QueryArrow constructor] Created with source: namedSource, parameterSpace: [ 'p' ]

      at new QueryArrow (packages/malloy/src/lang/ast/query-elements/query-arrow.ts:60:15)

  console.log
    [StaticSourceSpace constructor] Created with parameterSpaceRef: true source name: duckdb:malloytest.state_facts

      at new StaticSourceSpace (packages/malloy/src/lang/ast/field-space/static-space.ts:312:13)

  console.log
    [QueryArrow.queryComp] Source: namedSource, fieldSpace WITH parameterSpace: [ 'p' ]

      at QueryArrow.queryComp (packages/malloy/src/lang/ast/query-elements/query-arrow.ts:120:17)

  console.log
    [QueryArrow.queryComp] Calling view.pipelineComp with fieldSpace

      at QueryArrow.queryComp (packages/malloy/src/lang/ast/query-elements/query-arrow.ts:161:13)

  console.log
    [StaticSourceSpace.lookup] Looking up 'v'

      at StaticSourceSpace.lookup (packages/malloy/src/lang/ast/field-space/static-space.ts:403:13)

  console.log
    [StaticSourceSpace.entry] Looking up 'v', has parameterSpaceRef: true

      at StaticSourceSpace.entry (packages/malloy/src/lang/ast/field-space/static-space.ts:369:13)

  console.log
    [StaticSpace.map] Building map for 'duckdb:malloytest.state_facts', is StaticSourceSpace: true, has parameterSpaceRef: true

      at StaticSourceSpace.get map [as map] (packages/malloy/src/lang/ast/field-space/static-space.ts:102:15)

  console.log
    [StaticSpace.map] Adding field 'state', isJoined: false

      at StaticSourceSpace.get map [as map] (packages/malloy/src/lang/ast/field-space/static-space.ts:113:17)

  console.log
    [StaticSourceSpace.defToSpaceField] Field 'state', isJoined: false, has parameterSpaceRef: true, creation #14

      at StaticSourceSpace.defToSpaceField (packages/malloy/src/lang/ast/field-space/static-space.ts:339:13)

  console.error
    ⚠️⚠️⚠️  INFINITE LOOP DETECTED! Created 'duckdb:malloytest.state_facts.state' 14 times!

      345 |
      346 |     if (count > 10) {
    > 347 |       console.error(
          |               ^
      348 |         `⚠️⚠️⚠️  INFINITE LOOP DETECTED! Created '${key}' ${count} times!`
      349 |       );
      350 |       throw new Error(`Infinite loop detected creating join field '${key}'`);

      at StaticSourceSpace.defToSpaceField (packages/malloy/src/lang/ast/field-space/static-space.ts:347:15)
      at StaticSourceSpace.get map [as map] (packages/malloy/src/lang/ast/field-space/static-space.ts:116:35)
      at StaticSourceSpace.entry (packages/malloy/src/lang/ast/field-space/static-space.ts:147:17)
      at StaticSourceSpace.entry (packages/malloy/src/lang/ast/field-space/static-space.ts:374:30)
      at StaticSourceSpace.lookup (packages/malloy/src/lang/ast/field-space/static-space.ts:404:22)
      at ViewOrScalarFieldReference.getField (packages/malloy/src/lang/ast/query-items/field-references.ts:124:23)
      at ReferenceView._pipelineComp (packages/malloy/src/lang/ast/view-elements/reference-view.ts:79:35)
      at ReferenceView.pipelineComp (packages/malloy/src/lang/ast/view-elements/reference-view.ts:72:17)
      at QueryArrow.queryComp (packages/malloy/src/lang/ast/query-elements/query-arrow.ts:169:19)
      at QueryArrow.query (packages/malloy/src/lang/ast/query-elements/query-base.ts:85:25)
      at AnonymousQuery.execute (packages/malloy/src/lang/ast/query-elements/anonymous-query.ts:56:37)
      at DocStatementList.executeList (packages/malloy/src/lang/ast/types/malloy-element.ts:458:12)
      at Document.compile (packages/malloy/src/lang/ast/types/malloy-element.ts:540:35)
      at TranslateStep.step (packages/malloy/src/lang/parse-malloy.ts:599:32)
      at MalloyTranslator.translate (packages/malloy/src/lang/parse-malloy.ts:895:40)
      at Function.compile (packages/malloy/src/malloy.ts:368:33)
      at async QueryMaterializer.makeQueryMaterializer [as _materialize] (packages/malloy/src/malloy.ts:2800:17)
      at async runQuery (test/src/util/db-matcher-support.ts:63:24)
      at async Object.malloyResultMatches (test/src/util/db-jest-matchers.ts:165:49)
      at async Object.<anonymous> (test/src/core/parameters.spec.ts:654:5)

FAIL malloy-core test/src/core/parameters.spec.ts
  parameters
    ✓ number param used in dimension (501 ms)
    ✓ number param used in sql function (39 ms)
    ✓ can filter on filter expression param (60 ms)
    ✓ can pass param into joined source correctly (140 ms)
    ✓ can pass param into extended source (27 ms)
    ✓ can shadow field that is excepted (30 ms)
    ✓ default value propagates (26 ms)
    ✓ default value can be overridden (26 ms)
    ✓ default value passed through extension propagates (30 ms)
    ✕ default value modified through extension propagates (32 ms)
    ✓ use parameter in nested view (83 ms)
    ✕ can pass param into joined source from query (73 ms)
    ✓ can use param in join on (56 ms)
    ✓ can use param in join with (48 ms)
    ✕ source arguments in query propagate when turned into source (65 ms)
    ✓ date parameters keep granularity when passing in (34 ms)
    ✓ can use parameter in null check (34 ms)
    ✓ default value not passed through extension propagates (25 ms)
    ✓ propagates param through single-stage view (46 ms)
    ✓ uses param in aggregate expressions across stages (70 ms)
    ✓ works with param in join conditions across stages (71 ms)
    ✓ works with parameters in three pipeline stages (53 ms)
    ✓ works when parameter is only in last pipeline stage (64 ms)
    ✕ works with join_one parameterized source with pipeline (62 ms)
    ✕ join_one with pipeline where inner stage references param (55 ms)
    ✕ join_one simple source with pipeline referencing outer param (116 ms)
    ✕ refine uses in-scope parameter (44 ms)
    ✕ refine with missing parameter errors (40 ms)
    ✕ basic refine operation works (36 ms)
    ✓ filter expression parameters work (24 ms)
    ✕ multiple parameters in one source (30 ms)
    ✕ join-in-view: use param in ON clause (81 ms)
    ✕ minimal single-stage: view param resolves literal (25 ms)
    ✕ minimal join-on: param used in ON clause (69 ms)
    ○ skipped string param used in group_by
    ○ skipped reference field in source in argument
    ○ skipped can use dimension that uses field that is excepted
    ○ skipped can shadow field that is excepted, using dimension that uses field that is excepted
    ○ skipped default value modified through extension twice propagates
    ○ skipped can pass param into query definition
    ○ skipped join-in-view: pass param into joined source
    ○ skipped join-in-view: param used inside join pipeline
    ○ skipped default value not passed through extension propagates, with composite source

  ● parameters › default value modified through extension propagates

    SQL Generated:
      SELECT 
         11 as "param_value"
      FROM malloytest.state_facts as base
      GROUP BY 1
      ORDER BY 1 asc NULLS LAST
      
    Expected {param_value: 12} Got: 11

      203 |         run: ab_new_new -> { group_by: param_value }
      204 |       `
    > 205 |     ).malloyResultMatches(runtime, {param_value: 12});
          |       ^
      206 |   });
      207 |   // Fix this with namespaces!
      208 |   it.skip('default value modified through extension twice propagates', async () => {

      at Object.<anonymous> (test/src/core/parameters.spec.ts:205:7)

  ● parameters › can pass param into joined source from query

    Could not prepare query to run:
       1: 
       2:       ##! experimental.parameters
       3:       source: state_facts(
       4:         state_filter::string
       5:       ) is duckdb.table('malloytest.state_facts') extend {
       6:         where: state = state_filter
       7:       }
       8: 
       9:       source: state_facts2(
      10:         state_filter::string
      11:       ) is duckdb.table('malloytest.state_facts') extend {
      12:         where: state = state_filter
      13: 
      14:         join_many: state_facts is (state_facts(state_filter) -> { select: * }) on 1 = 1
      15:       }
      16: 
      17:       run: state_facts2(state_filter is "CA") -> {
      18:         group_by:
      19:           s1 is state,
      20:           s2 is state_facts.state
      21:         aggregate: c is count()
      22:       }
      23:     

    STACK: Error: Error(s) compiling model:
    FILE: internal://internal.malloy
    line 14: `state_filter` is not defined
      |         join_many: state_facts is (state_facts(state_filter) -> { select: * }) on 1 = 1
      |                                                ^

      399 |           const errors = result.problems || [];
      400 |           const errText = translator.prettyErrors();
    > 401 |           throw new MalloyError(
          |                 ^
      402 |             `Error(s) compiling model:\n${errText}`,
      403 |             errors
      404 |           );

      at Function.compile (packages/malloy/src/malloy.ts:401:17)
      at async QueryMaterializer.makeQueryMaterializer [as _materialize] (packages/malloy/src/malloy.ts:2800:17)
      at async runQuery (test/src/util/db-matcher-support.ts:63:24)
      at async Object.malloyResultMatches (test/src/util/db-jest-matchers.ts:165:49)
      at async Object.<anonymous> (test/src/core/parameters.spec.ts:246:5)
      at Object.<anonymous> (test/src/core/parameters.spec.ts:268:8)

  ● parameters › source arguments in query propagate when turned into source

    QUERY RUN FAILED:
          ##! experimental.parameters
          source: ab_new(param::number) is duckdb.table('malloytest.state_facts') extend {
            dimension: param_value is param
          }
          query: foo is ab_new(param is 1) -> { select: param_value }
          source: foo_ext is foo
          run: foo_ext -> { select: param_value }
    SQL FOR QUERY COULD NOT BE COMPUTED
    STACK: Error: Infinite recursion detected in SQL generation for: query_source:QuerySource-caa87831-c8a8-4cc0-bae0-ace71fd1ccad

      903 |       console.error(`⚠️⚠️⚠️  CYCLE DETECTED in getStructSourceSQL for: ${structKey}`);
      904 |       console.error('Call stack:', Array.from(structSQLCallStack));
    > 905 |       throw new Error(`Infinite recursion detected in SQL generation for: ${structKey}`);
          |             ^
      906 |     }
      907 |
      908 |     structSQLCallStack.add(structKey);

      at QueryQueryProject.getStructSourceSQL (packages/malloy/src/model/query_query.ts:905:13)
      at QueryQueryProject.generateSQLJoins (packages/malloy/src/model/query_query.ts:1442:26)
      at QueryQueryProject.generateSimpleSQL (packages/malloy/src/model/query_query.ts:1559:15)
      at QueryQueryProject.generateSQL (packages/malloy/src/model/query_query.ts:2465:19)
      at QueryQueryProject.generateSQLFromPipeline (packages/malloy/src/model/query_query.ts:2476:30)
      at QueryQueryProject._getStructSourceSQLImpl (packages/malloy/src/model/query_query.ts:1207:25)
      at QueryQueryProject.getStructSourceSQL (packages/malloy/src/model/query_query.ts:910:19)
      at QueryQueryProject.generateSQLJoins (packages/malloy/src/model/query_query.ts:1442:26)
      at QueryQueryProject.generateSimpleSQL (packages/malloy/src/model/query_query.ts:1559:15)
      at QueryQueryProject.generateSQL (packages/malloy/src/model/query_query.ts:2465:19)
      at QueryQueryProject.generateSQLFromPipeline (packages/malloy/src/model/query_query.ts:2476:30)
      at QueryModelImpl.loadQuery (packages/malloy/src/model/query_model_impl.ts:216:19)
      at QueryModelImpl.compileQuery (packages/malloy/src/model/query_model_impl.ts:299:19)
      at PreparedQuery.getPreparedResult (packages/malloy/src/malloy.ts:988:40)
      at PreparedResultMaterializer._materialize (packages/malloy/src/malloy.ts:3146:41)
      at async QueryMaterializer.run (packages/malloy/src/malloy.ts:3115:28)
      at async runQuery (test/src/util/db-matcher-support.ts:82:14)
      at async Object.malloyResultMatches (test/src/util/db-jest-matchers.ts:165:49)
      at async Object.<anonymous> (test/src/core/parameters.spec.ts:331:5)
      at Object.<anonymous> (test/src/core/parameters.spec.ts:339:8)

  ● parameters › works with join_one parameterized source with pipeline

    Could not prepare query to run:
       1: 
       2:       ##! experimental.parameters
       3:       source: state_facts(state_filter::string) is duckdb.table('malloytest.state_facts') extend {
       4:         primary_key: state
       5:         where: state = state_filter
       6:       }
       7: 
       8:       source: state_facts2(state_filter2::string) is duckdb.table('malloytest.state_facts') extend {
       9:         join_one: filtered_facts is state_facts(state_filter is state_filter2) -> { select: * }
      10:       }
      11: 
      12:       run: state_facts2(state_filter2 is 'CA') -> {
      13:         group_by:
      14:           s1 is state,
      15:           s2 is filtered_facts.state
      16:         aggregate: c is count()
      17:       }
      18:     

    STACK: Error: Error(s) compiling model:
    FILE: internal://internal.malloy
    line 9: `state_filter2` is not defined
      |         join_one: filtered_facts is state_facts(state_filter is state_filter2) -> { select: * }
      |                                                                 ^

      399 |           const errors = result.problems || [];
      400 |           const errText = translator.prettyErrors();
    > 401 |           throw new MalloyError(
          |                 ^
      402 |             `Error(s) compiling model:\n${errText}`,
      403 |             errors
      404 |           );

      at Function.compile (packages/malloy/src/malloy.ts:401:17)
      at async QueryMaterializer.makeQueryMaterializer [as _materialize] (packages/malloy/src/malloy.ts:2800:17)
      at async runQuery (test/src/util/db-matcher-support.ts:63:24)
      at async Object.malloyResultMatches (test/src/util/db-jest-matchers.ts:165:49)
      at async Object.<anonymous> (test/src/core/parameters.spec.ts:458:5)
      at Object.<anonymous> (test/src/core/parameters.spec.ts:475:8)

  ● parameters › join_one with pipeline where inner stage references param

    Could not prepare query to run:
       1: 
       2:       ##! experimental.parameters
       3:       source: state_facts(
       4:         state_filter::string
       5:       ) is duckdb.table('malloytest.state_facts') extend {
       6:         primary_key: state
       7:         where: state = state_filter
       8:       }
       9: 
      10:       source: state_facts3(state_filter3::string) is duckdb.table('malloytest.state_facts') extend {
      11:         join_one: filtered is state_facts(state_filter is state_filter3) -> {
      12:           select: *
      13:         }
      14:       }
      15: 
      16:       run: state_facts3(state_filter3 is 'CA') -> {
      17:         group_by:
      18:           s is filtered.state
      19:         aggregate: c is count()
      20:       }
      21:     

    STACK: Error: Error(s) compiling model:
    FILE: internal://internal.malloy
    line 11: `state_filter3` is not defined
      |         join_one: filtered is state_facts(state_filter is state_filter3) -> {
      |                                                           ^

      399 |           const errors = result.problems || [];
      400 |           const errText = translator.prettyErrors();
    > 401 |           throw new MalloyError(
          |                 ^
      402 |             `Error(s) compiling model:\n${errText}`,
      403 |             errors
      404 |           );

      at Function.compile (packages/malloy/src/malloy.ts:401:17)
      at async QueryMaterializer.makeQueryMaterializer [as _materialize] (packages/malloy/src/malloy.ts:2800:17)
      at async runQuery (test/src/util/db-matcher-support.ts:63:24)
      at async Object.malloyResultMatches (test/src/util/db-jest-matchers.ts:165:49)
      at async Object.<anonymous> (test/src/core/parameters.spec.ts:479:5)
      at Object.<anonymous> (test/src/core/parameters.spec.ts:499:8)

  ● parameters › join_one simple source with pipeline referencing outer param

    QUERY RUN FAILED:
          ##! experimental.parameters
          source: sf_outer(state_filter::string) is duckdb.table('malloytest.state_facts') extend {
            primary_key: state
            join_one: sf is duckdb.table('malloytest.state_facts') -> {
              select: *
              where: state = state_filter
            }
          }
          run: sf_outer(state_filter is "CA") -> {
            group_by: s is sf.state
            aggregate: c is count()
          }
    SQL FOR QUERY COULD NOT BE COMPUTED
    STACK: Error: Infinite recursion detected in SQL generation for: query_source:sf

      903 |       console.error(`⚠️⚠️⚠️  CYCLE DETECTED in getStructSourceSQL for: ${structKey}`);
      904 |       console.error('Call stack:', Array.from(structSQLCallStack));
    > 905 |       throw new Error(`Infinite recursion detected in SQL generation for: ${structKey}`);
          |             ^
      906 |     }
      907 |
      908 |     structSQLCallStack.add(structKey);

      at QueryQueryProject.getStructSourceSQL (packages/malloy/src/model/query_query.ts:905:13)
      at QueryQueryProject.generateSQLJoinBlock (packages/malloy/src/model/query_query.ts:1254:28)
      at QueryQueryProject.generateSQLJoins (packages/malloy/src/model/query_query.ts:1467:17)
      at QueryQueryProject.generateSimpleSQL (packages/malloy/src/model/query_query.ts:1559:15)
      at QueryQueryProject.generateSQL (packages/malloy/src/model/query_query.ts:2465:19)
      at QueryQueryProject.generateSQLFromPipeline (packages/malloy/src/model/query_query.ts:2476:30)
      at QueryQueryReduce._getStructSourceSQLImpl (packages/malloy/src/model/query_query.ts:1207:25)
      at QueryQueryReduce.getStructSourceSQL (packages/malloy/src/model/query_query.ts:910:19)
      at QueryQueryReduce.generateSQLJoinBlock (packages/malloy/src/model/query_query.ts:1254:28)
      at QueryQueryReduce.generateSQLJoins (packages/malloy/src/model/query_query.ts:1467:17)
      at QueryQueryReduce.generateSimpleSQL (packages/malloy/src/model/query_query.ts:1559:15)
      at QueryQueryReduce.generateSQL (packages/malloy/src/model/query_query.ts:2465:19)
      at QueryQueryReduce.generateSQLFromPipeline (packages/malloy/src/model/query_query.ts:2476:30)
      at QueryModelImpl.loadQuery (packages/malloy/src/model/query_model_impl.ts:216:19)
      at QueryModelImpl.compileQuery (packages/malloy/src/model/query_model_impl.ts:299:19)
      at PreparedQuery.getPreparedResult (packages/malloy/src/malloy.ts:988:40)
      at PreparedResultMaterializer._materialize (packages/malloy/src/malloy.ts:3146:41)
      at async QueryMaterializer.run (packages/malloy/src/malloy.ts:3115:28)
      at async runQuery (test/src/util/db-matcher-support.ts:82:14)
      at async Object.malloyResultMatches (test/src/util/db-jest-matchers.ts:165:49)
      at async Object.<anonymous> (test/src/core/parameters.spec.ts:506:5)
      at Object.<anonymous> (test/src/core/parameters.spec.ts:519:8)

  ● parameters › refine uses in-scope parameter

    Could not prepare query to run:
       1: 
       2:       ##! experimental.parameters
       3:       source: state_facts(state_filter::string) is duckdb.table('malloytest.state_facts') extend {
       4:         view: base is {
       5:           group_by: state
       6:           aggregate: c is count()
       7:         }
       8:       }
       9:       run: state_facts(state_filter is 'CA') -> base + { where: state = state_filter }
      10:     

    STACK: Error: Error(s) compiling model:
    FILE: internal://internal.malloy
    line 9: Can't determine view type (`group_by` / `aggregate` / `nest`, `project`, `index`)
      |       run: state_facts(state_filter is 'CA') -> base + { where: state = state_filter }
      |            ^

      399 |           const errors = result.problems || [];
      400 |           const errText = translator.prettyErrors();
    > 401 |           throw new MalloyError(
          |                 ^
      402 |             `Error(s) compiling model:\n${errText}`,
      403 |             errors
      404 |           );

      at Function.compile (packages/malloy/src/malloy.ts:401:17)
      at async QueryMaterializer.makeQueryMaterializer [as _materialize] (packages/malloy/src/malloy.ts:2800:17)
      at async runQuery (test/src/util/db-matcher-support.ts:63:24)
      at async Object.malloyResultMatches (test/src/util/db-jest-matchers.ts:165:49)
      at async Object.<anonymous> (test/src/core/parameters.spec.ts:523:5)
      at Object.<anonymous> (test/src/core/parameters.spec.ts:532:8)

  ● parameters › refine with missing parameter errors

    Could not prepare query to run:
       1: 
       2:       ##! experimental.parameters
       3:       source: state_facts(state_filter::string) is duckdb.table('malloytest.state_facts') extend {
       4:         view: base is {
       5:           group_by: state
       6:           where: state = state_filter
       7:         }
       8:       }
       9:       run: state_facts(state_filter is 'CA') -> base + { where: state = missing_param }
      10:     

    STACK: Error: Error(s) compiling model:
    FILE: internal://internal.malloy
    line 9: 'missing_param' is not defined
      |       run: state_facts(state_filter is 'CA') -> base + { where: state = missing_param }
      |                                                                         ^
    line 9: Can't determine view type (`group_by` / `aggregate` / `nest`, `project`, `index`)
      |       run: state_facts(state_filter is 'CA') -> base + { where: state = missing_param }
      |            ^

      399 |           const errors = result.problems || [];
      400 |           const errText = translator.prettyErrors();
    > 401 |           throw new MalloyError(
          |                 ^
      402 |             `Error(s) compiling model:\n${errText}`,
      403 |             errors
      404 |           );

      at Function.compile (packages/malloy/src/malloy.ts:401:17)
      at async QueryMaterializer.makeQueryMaterializer [as _materialize] (packages/malloy/src/malloy.ts:2800:17)
      at async runQuery (test/src/util/db-matcher-support.ts:63:24)
      at async Object.malloyResultMatches (test/src/util/db-jest-matchers.ts:165:49)
      at async Object.<anonymous> (test/src/core/parameters.spec.ts:536:5)
      at Object.<anonymous> (test/src/core/parameters.spec.ts:545:8)

  ● parameters › basic refine operation works

    Could not prepare query to run:
       1: 
       2:       ##! experimental.parameters
       3:       source: state_facts(state_filter::string) is duckdb.table('malloytest.state_facts') extend {
       4:         view: base is {
       5:           group_by: state
       6:           where: state = state_filter
       7:         }
       8:       }
       9:       run: state_facts(state_filter is 'CA') -> base + { limit: 1 }
      10:     

    STACK: Error: Error(s) compiling model:
    FILE: internal://internal.malloy
    line 9: Can't determine view type (`group_by` / `aggregate` / `nest`, `project`, `index`)
      |       run: state_facts(state_filter is 'CA') -> base + { limit: 1 }
      |            ^

      399 |           const errors = result.problems || [];
      400 |           const errText = translator.prettyErrors();
    > 401 |           throw new MalloyError(
          |                 ^
      402 |             `Error(s) compiling model:\n${errText}`,
      403 |             errors
      404 |           );

      at Function.compile (packages/malloy/src/malloy.ts:401:17)
      at async QueryMaterializer.makeQueryMaterializer [as _materialize] (packages/malloy/src/malloy.ts:2800:17)
      at async runQuery (test/src/util/db-matcher-support.ts:63:24)
      at async Object.malloyResultMatches (test/src/util/db-jest-matchers.ts:165:49)
      at async Object.<anonymous> (test/src/core/parameters.spec.ts:549:5)
      at Object.<anonymous> (test/src/core/parameters.spec.ts:558:8)

  ● parameters › multiple parameters in one source

    Could not prepare query to run:
       1: 
       2:       ##! experimental.parameters
       3:       source: state_facts(
       4:         state_filter::string,
       5:         min_count::number
       6:       ) is duckdb.table('malloytest.state_facts') extend {
       7:         where: state = state_filter
       8:         view: filtered is {
       9:           group_by: state
      10:           aggregate: c is count()
      11:           having: c >= min_count
      12:         }
      13:       }
      14:       run: state_facts(state_filter is 'CA', min_count is 1) -> filtered
      15:     

    STACK: Error: Infinite loop detected creating join field 'duckdb:malloytest.state_facts.state'

      348 |         `⚠️⚠️⚠️  INFINITE LOOP DETECTED! Created '${key}' ${count} times!`
      349 |       );
    > 350 |       throw new Error(`Infinite loop detected creating join field '${key}'`);
          |             ^
      351 |     }
      352 |
      353 |     if (isJoined(from)) {

      at StaticSourceSpace.defToSpaceField (packages/malloy/src/lang/ast/field-space/static-space.ts:350:13)
      at StaticSourceSpace.get map [as map] (packages/malloy/src/lang/ast/field-space/static-space.ts:116:35)
      at StaticSourceSpace.entry (packages/malloy/src/lang/ast/field-space/static-space.ts:147:17)
      at StaticSourceSpace.entry (packages/malloy/src/lang/ast/field-space/static-space.ts:374:30)
      at StaticSourceSpace.lookup (packages/malloy/src/lang/ast/field-space/static-space.ts:404:22)
      at ViewOrScalarFieldReference.getField (packages/malloy/src/lang/ast/query-items/field-references.ts:124:23)
      at ReferenceView._pipelineComp (packages/malloy/src/lang/ast/view-elements/reference-view.ts:79:35)
      at ReferenceView.pipelineComp (packages/malloy/src/lang/ast/view-elements/reference-view.ts:72:17)
      at QueryArrow.queryComp (packages/malloy/src/lang/ast/query-elements/query-arrow.ts:169:19)
      at QueryArrow.query (packages/malloy/src/lang/ast/query-elements/query-base.ts:85:25)
      at AnonymousQuery.execute (packages/malloy/src/lang/ast/query-elements/anonymous-query.ts:56:37)
      at DocStatementList.executeList (packages/malloy/src/lang/ast/types/malloy-element.ts:458:12)
      at Document.compile (packages/malloy/src/lang/ast/types/malloy-element.ts:540:35)
      at TranslateStep.step (packages/malloy/src/lang/parse-malloy.ts:599:32)
      at MalloyTranslator.translate (packages/malloy/src/lang/parse-malloy.ts:895:40)
      at Function.compile (packages/malloy/src/malloy.ts:368:33)
      at async QueryMaterializer.makeQueryMaterializer [as _materialize] (packages/malloy/src/malloy.ts:2800:17)
      at async runQuery (test/src/util/db-matcher-support.ts:63:24)
      at async Object.malloyResultMatches (test/src/util/db-jest-matchers.ts:165:49)
      at async Object.<anonymous> (test/src/core/parameters.spec.ts:572:5)
      at Object.<anonymous> (test/src/core/parameters.spec.ts:586:8)

  ● parameters › join-in-view: use param in ON clause

    Could not prepare query to run:
       1: 
       2:       ##! experimental.parameters
       3:       source: inner_source is duckdb.table('malloytest.state_facts')
       4:       source: outer(p::string) is duckdb.table('malloytest.state_facts') extend {
       5:         view: v is {
       6:           join_one: i is inner_source on i.state = p
       7:           where: state = p
       8:           group_by: state, i_state is i.state
       9:         }
      10:       }
      11:       run: outer(p is 'CA') -> v
      12:     

    STACK: Error: Infinite loop detected creating join field 'duckdb:malloytest.state_facts.state'

      348 |         `⚠️⚠️⚠️  INFINITE LOOP DETECTED! Created '${key}' ${count} times!`
      349 |       );
    > 350 |       throw new Error(`Infinite loop detected creating join field '${key}'`);
          |             ^
      351 |     }
      352 |
      353 |     if (isJoined(from)) {

      at StaticSourceSpace.defToSpaceField (packages/malloy/src/lang/ast/field-space/static-space.ts:350:13)
      at StaticSourceSpace.get map [as map] (packages/malloy/src/lang/ast/field-space/static-space.ts:116:35)
      at StaticSourceSpace.entry (packages/malloy/src/lang/ast/field-space/static-space.ts:147:17)
      at StaticSourceSpace.entry (packages/malloy/src/lang/ast/field-space/static-space.ts:374:30)
      at StaticSourceSpace.lookup (packages/malloy/src/lang/ast/field-space/static-space.ts:404:22)
      at ViewOrScalarFieldReference.getField (packages/malloy/src/lang/ast/query-items/field-references.ts:124:23)
      at ReferenceView._pipelineComp (packages/malloy/src/lang/ast/view-elements/reference-view.ts:79:35)
      at ReferenceView.pipelineComp (packages/malloy/src/lang/ast/view-elements/reference-view.ts:72:17)
      at QueryArrow.queryComp (packages/malloy/src/lang/ast/query-elements/query-arrow.ts:169:19)
      at QueryArrow.query (packages/malloy/src/lang/ast/query-elements/query-base.ts:85:25)
      at AnonymousQuery.execute (packages/malloy/src/lang/ast/query-elements/anonymous-query.ts:56:37)
      at DocStatementList.executeList (packages/malloy/src/lang/ast/types/malloy-element.ts:458:12)
      at Document.compile (packages/malloy/src/lang/ast/types/malloy-element.ts:540:35)
      at TranslateStep.step (packages/malloy/src/lang/parse-malloy.ts:599:32)
      at MalloyTranslator.translate (packages/malloy/src/lang/parse-malloy.ts:895:40)
      at Function.compile (packages/malloy/src/malloy.ts:368:33)
      at async QueryMaterializer.makeQueryMaterializer [as _materialize] (packages/malloy/src/malloy.ts:2800:17)
      at async runQuery (test/src/util/db-matcher-support.ts:63:24)
      at async Object.malloyResultMatches (test/src/util/db-jest-matchers.ts:165:49)
      at async Object.<anonymous> (test/src/core/parameters.spec.ts:612:5)
      at Object.<anonymous> (test/src/core/parameters.spec.ts:623:8)

  ● parameters › minimal single-stage: view param resolves literal

    Could not prepare query to run:
       1: 
       2:       ##! experimental.parameters
       3:       source: sf(p::string) is duckdb.table('malloytest.state_facts') extend {
       4:         view: v is { group_by: state; where: state = p }
       5:       }
       6:       run: sf(p is 'CA') -> v
       7:     

    STACK: Error: Infinite loop detected creating join field 'duckdb:malloytest.state_facts.state'

      348 |         `⚠️⚠️⚠️  INFINITE LOOP DETECTED! Created '${key}' ${count} times!`
      349 |       );
    > 350 |       throw new Error(`Infinite loop detected creating join field '${key}'`);
          |             ^
      351 |     }
      352 |
      353 |     if (isJoined(from)) {

      at StaticSourceSpace.defToSpaceField (packages/malloy/src/lang/ast/field-space/static-space.ts:350:13)
      at StaticSourceSpace.get map [as map] (packages/malloy/src/lang/ast/field-space/static-space.ts:116:35)
      at StaticSourceSpace.entry (packages/malloy/src/lang/ast/field-space/static-space.ts:147:17)
      at StaticSourceSpace.entry (packages/malloy/src/lang/ast/field-space/static-space.ts:374:30)
      at StaticSourceSpace.lookup (packages/malloy/src/lang/ast/field-space/static-space.ts:404:22)
      at ViewOrScalarFieldReference.getField (packages/malloy/src/lang/ast/query-items/field-references.ts:124:23)
      at ReferenceView._pipelineComp (packages/malloy/src/lang/ast/view-elements/reference-view.ts:79:35)
      at ReferenceView.pipelineComp (packages/malloy/src/lang/ast/view-elements/reference-view.ts:72:17)
      at QueryArrow.queryComp (packages/malloy/src/lang/ast/query-elements/query-arrow.ts:169:19)
      at QueryArrow.query (packages/malloy/src/lang/ast/query-elements/query-base.ts:85:25)
      at AnonymousQuery.execute (packages/malloy/src/lang/ast/query-elements/anonymous-query.ts:56:37)
      at DocStatementList.executeList (packages/malloy/src/lang/ast/types/malloy-element.ts:458:12)
      at Document.compile (packages/malloy/src/lang/ast/types/malloy-element.ts:540:35)
      at TranslateStep.step (packages/malloy/src/lang/parse-malloy.ts:599:32)
      at MalloyTranslator.translate (packages/malloy/src/lang/parse-malloy.ts:895:40)
      at Function.compile (packages/malloy/src/malloy.ts:368:33)
      at async QueryMaterializer.makeQueryMaterializer [as _materialize] (packages/malloy/src/malloy.ts:2800:17)
      at async runQuery (test/src/util/db-matcher-support.ts:63:24)
      at async Object.malloyResultMatches (test/src/util/db-jest-matchers.ts:165:49)
      at async Object.<anonymous> (test/src/core/parameters.spec.ts:644:5)
      at Object.<anonymous> (test/src/core/parameters.spec.ts:650:8)

  ● parameters › minimal join-on: param used in ON clause

    Could not prepare query to run:
       1: 
       2:       ##! experimental.parameters
       3:       source: inner_tbl is duckdb.table('malloytest.state_facts')
       4:       source: outer(p::string) is duckdb.table('malloytest.state_facts') extend {
       5:         view: v is {
       6:           join_one: i is inner_tbl on i.state = p
       7:           where: state = p
       8:           group_by: state, i_state is i.state
       9:         }
      10:       }
      11:       run: outer(p is 'CA') -> v
      12:     

    STACK: Error: Infinite loop detected creating join field 'duckdb:malloytest.state_facts.state'

      348 |         `⚠️⚠️⚠️  INFINITE LOOP DETECTED! Created '${key}' ${count} times!`
      349 |       );
    > 350 |       throw new Error(`Infinite loop detected creating join field '${key}'`);
          |             ^
      351 |     }
      352 |
      353 |     if (isJoined(from)) {

      at StaticSourceSpace.defToSpaceField (packages/malloy/src/lang/ast/field-space/static-space.ts:350:13)
      at StaticSourceSpace.get map [as map] (packages/malloy/src/lang/ast/field-space/static-space.ts:116:35)
      at StaticSourceSpace.entry (packages/malloy/src/lang/ast/field-space/static-space.ts:147:17)
      at StaticSourceSpace.entry (packages/malloy/src/lang/ast/field-space/static-space.ts:374:30)
      at StaticSourceSpace.lookup (packages/malloy/src/lang/ast/field-space/static-space.ts:404:22)
      at ViewOrScalarFieldReference.getField (packages/malloy/src/lang/ast/query-items/field-references.ts:124:23)
      at ReferenceView._pipelineComp (packages/malloy/src/lang/ast/view-elements/reference-view.ts:79:35)
      at ReferenceView.pipelineComp (packages/malloy/src/lang/ast/view-elements/reference-view.ts:72:17)
      at QueryArrow.queryComp (packages/malloy/src/lang/ast/query-elements/query-arrow.ts:169:19)
      at QueryArrow.query (packages/malloy/src/lang/ast/query-elements/query-base.ts:85:25)
      at AnonymousQuery.execute (packages/malloy/src/lang/ast/query-elements/anonymous-query.ts:56:37)
      at DocStatementList.executeList (packages/malloy/src/lang/ast/types/malloy-element.ts:458:12)
      at Document.compile (packages/malloy/src/lang/ast/types/malloy-element.ts:540:35)
      at TranslateStep.step (packages/malloy/src/lang/parse-malloy.ts:599:32)
      at MalloyTranslator.translate (packages/malloy/src/lang/parse-malloy.ts:895:40)
      at Function.compile (packages/malloy/src/malloy.ts:368:33)
      at async QueryMaterializer.makeQueryMaterializer [as _materialize] (packages/malloy/src/malloy.ts:2800:17)
      at async runQuery (test/src/util/db-matcher-support.ts:63:24)
      at async Object.malloyResultMatches (test/src/util/db-jest-matchers.ts:165:49)
      at async Object.<anonymous> (test/src/core/parameters.spec.ts:654:5)
      at Object.<anonymous> (test/src/core/parameters.spec.ts:665:8)

Test Suites: 1 failed, 1 total
Tests:       13 failed, 9 skipped, 21 passed, 43 total
Snapshots:   0 total
Time:        3.855 s, estimated 5 s
Ran all test suites matching /test\/src\/core\/parameters.spec.ts/i.
